Archive member included because of file (symbol)

C:/Users/Nick/workspace/FreeRTOS801/Release/libFreeRTOS801.a(i2cMultiMaster.o)
                              ./src/tempsensor.o (I2C_Master_Start_Transceiver_With_Data)
C:/Users/Nick/workspace/FreeRTOS801/Release/libFreeRTOS801.a(queue.o)
                              C:/Users/Nick/workspace/FreeRTOS801/Release/libFreeRTOS801.a(i2cMultiMaster.o) (xQueueGenericSend)
C:/Users/Nick/workspace/FreeRTOS801/Release/libFreeRTOS801.a(tasks.o)
                              C:/Users/Nick/workspace/FreeRTOS801/Release/libFreeRTOS801.a(queue.o) (vTaskSuspendAll)
C:/Users/Nick/workspace/FreeRTOS801/Release/libFreeRTOS801.a(port.o)
                              C:/Users/Nick/workspace/FreeRTOS801/Release/libFreeRTOS801.a(tasks.o) (pxPortInitialiseStack)
C:/Users/Nick/workspace/FreeRTOS801/Release/libFreeRTOS801.a(system_tick.o)
                              C:/Users/Nick/workspace/FreeRTOS801/Release/libFreeRTOS801.a(port.o) (system_tick)
C:/Users/Nick/workspace/FreeRTOS801/Release/libFreeRTOS801.a(system_time.o)
                              C:/Users/Nick/workspace/FreeRTOS801/Release/libFreeRTOS801.a(system_tick.o) (__system_time)
C:/Users/Nick/workspace/FreeRTOS801/Release/libFreeRTOS801.a(heap_4.o)
                              C:/Users/Nick/workspace/FreeRTOS801/Release/libFreeRTOS801.a(queue.o) (vPortFree)
C:/Users/Nick/workspace/FreeRTOS801/Release/libFreeRTOS801.a(list.o)
                              C:/Users/Nick/workspace/FreeRTOS801/Release/libFreeRTOS801.a(queue.o) (vListInitialise)
c:/arduino/hardware/tools/avr/bin/../lib/gcc/avr/4.3.2/../../../../avr/lib/avr6\libm.a(addsf3.o)
                              ./src/servo.o (__addsf3)
c:/arduino/hardware/tools/avr/bin/../lib/gcc/avr/4.3.2/../../../../avr/lib/avr6\libm.a(addsf3x.o)
                              c:/arduino/hardware/tools/avr/bin/../lib/gcc/avr/4.3.2/../../../../avr/lib/avr6\libm.a(addsf3.o) (__addsf3x)
c:/arduino/hardware/tools/avr/bin/../lib/gcc/avr/4.3.2/../../../../avr/lib/avr6\libm.a(divsf3.o)
                              ./src/servo.o (__divsf3)
c:/arduino/hardware/tools/avr/bin/../lib/gcc/avr/4.3.2/../../../../avr/lib/avr6\libm.a(divsf3x.o)
                              c:/arduino/hardware/tools/avr/bin/../lib/gcc/avr/4.3.2/../../../../avr/lib/avr6\libm.a(divsf3.o) (__divsf3x)
c:/arduino/hardware/tools/avr/bin/../lib/gcc/avr/4.3.2/../../../../avr/lib/avr6\libm.a(floatsisf.o)
                              ./src/servo.o (__floatunsisf)
c:/arduino/hardware/tools/avr/bin/../lib/gcc/avr/4.3.2/../../../../avr/lib/avr6\libm.a(fp_inf.o)
                              c:/arduino/hardware/tools/avr/bin/../lib/gcc/avr/4.3.2/../../../../avr/lib/avr6\libm.a(addsf3x.o) (__fp_inf)
c:/arduino/hardware/tools/avr/bin/../lib/gcc/avr/4.3.2/../../../../avr/lib/avr6\libm.a(fp_nan.o)
                              c:/arduino/hardware/tools/avr/bin/../lib/gcc/avr/4.3.2/../../../../avr/lib/avr6\libm.a(addsf3x.o) (__fp_nan)
c:/arduino/hardware/tools/avr/bin/../lib/gcc/avr/4.3.2/../../../../avr/lib/avr6\libm.a(fp_pscA.o)
                              c:/arduino/hardware/tools/avr/bin/../lib/gcc/avr/4.3.2/../../../../avr/lib/avr6\libm.a(addsf3x.o) (__fp_pscA)
c:/arduino/hardware/tools/avr/bin/../lib/gcc/avr/4.3.2/../../../../avr/lib/avr6\libm.a(fp_pscB.o)
                              c:/arduino/hardware/tools/avr/bin/../lib/gcc/avr/4.3.2/../../../../avr/lib/avr6\libm.a(addsf3x.o) (__fp_pscB)
c:/arduino/hardware/tools/avr/bin/../lib/gcc/avr/4.3.2/../../../../avr/lib/avr6\libm.a(fp_round.o)
                              c:/arduino/hardware/tools/avr/bin/../lib/gcc/avr/4.3.2/../../../../avr/lib/avr6\libm.a(addsf3.o) (__fp_round)
c:/arduino/hardware/tools/avr/bin/../lib/gcc/avr/4.3.2/../../../../avr/lib/avr6\libm.a(fp_split3.o)
                              c:/arduino/hardware/tools/avr/bin/../lib/gcc/avr/4.3.2/../../../../avr/lib/avr6\libm.a(addsf3x.o) (__fp_split3)
c:/arduino/hardware/tools/avr/bin/../lib/gcc/avr/4.3.2/../../../../avr/lib/avr6\libm.a(fp_zero.o)
                              c:/arduino/hardware/tools/avr/bin/../lib/gcc/avr/4.3.2/../../../../avr/lib/avr6\libm.a(addsf3x.o) (__fp_zero)
c:/arduino/hardware/tools/avr/bin/../lib/gcc/avr/4.3.2/../../../../avr/lib/avr6\libm.a(mulsf3.o)
                              ./src/servo.o (__mulsf3)
c:/arduino/hardware/tools/avr/bin/../lib/gcc/avr/4.3.2/../../../../avr/lib/avr6\libm.a(mulsf3x.o)
                              c:/arduino/hardware/tools/avr/bin/../lib/gcc/avr/4.3.2/../../../../avr/lib/avr6\libm.a(mulsf3.o) (__mulsf3x)
c:/arduino/hardware/tools/avr/bin/../lib/gcc/avr/4.3.2/../../../../avr/lib/avr6\libprintf_flt.a(vfprintf_flt.o)
                              (vfprintf)
C:\Users\Nick\workspace\CEG4166_RTS_Lib\Release\libCEG4166_RTS_Lib.a(usartSerial.o)
                              ./src/lcd.o (usartWrite)
c:/arduino/hardware/tools/avr/bin/../lib/gcc/avr/4.3.2/avr6\libgcc.a(_mulsi3.o)
                              ./src/motion.o (__mulsi3)
c:/arduino/hardware/tools/avr/bin/../lib/gcc/avr/4.3.2/avr6\libgcc.a(_udivmodsi4.o)
                              C:/Users/Nick/workspace/FreeRTOS801/Release/libFreeRTOS801.a(tasks.o) (__udivmodsi4)
c:/arduino/hardware/tools/avr/bin/../lib/gcc/avr/4.3.2/avr6\libgcc.a(_prologue.o)
                              ./src/behaviour.o (__prologue_saves__)
c:/arduino/hardware/tools/avr/bin/../lib/gcc/avr/4.3.2/avr6\libgcc.a(_epilogue.o)
                              ./src/behaviour.o (__epilogue_restores__)
c:/arduino/hardware/tools/avr/bin/../lib/gcc/avr/4.3.2/avr6\libgcc.a(_exit.o)
                              c:/arduino/hardware/tools/avr/bin/../lib/gcc/avr/4.3.2/../../../../avr/lib/avr6/crtm2560.o (exit)
c:/arduino/hardware/tools/avr/bin/../lib/gcc/avr/4.3.2/avr6\libgcc.a(_tablejump.o)
                              C:/Users/Nick/workspace/FreeRTOS801/Release/libFreeRTOS801.a(i2cMultiMaster.o) (__tablejump2__)
c:/arduino/hardware/tools/avr/bin/../lib/gcc/avr/4.3.2/avr6\libgcc.a(_clear_bss.o)
                              ./src/behaviour.o (__do_clear_bss)
c:/arduino/hardware/tools/avr/bin/../lib/gcc/avr/4.3.2/../../../../avr/lib/avr6\libc.a(ftoa_engine.o)
                              c:/arduino/hardware/tools/avr/bin/../lib/gcc/avr/4.3.2/../../../../avr/lib/avr6\libprintf_flt.a(vfprintf_flt.o) (__ftoa_engine)
c:/arduino/hardware/tools/avr/bin/../lib/gcc/avr/4.3.2/../../../../avr/lib/avr6\libc.a(strlen_P.o)
                              C:\Users\Nick\workspace\CEG4166_RTS_Lib\Release\libCEG4166_RTS_Lib.a(usartSerial.o) (strlen_P)
c:/arduino/hardware/tools/avr/bin/../lib/gcc/avr/4.3.2/../../../../avr/lib/avr6\libc.a(strnlen_P.o)
                              c:/arduino/hardware/tools/avr/bin/../lib/gcc/avr/4.3.2/../../../../avr/lib/avr6\libprintf_flt.a(vfprintf_flt.o) (strnlen_P)
c:/arduino/hardware/tools/avr/bin/../lib/gcc/avr/4.3.2/../../../../avr/lib/avr6\libc.a(memcpy.o)
                              C:/Users/Nick/workspace/FreeRTOS801/Release/libFreeRTOS801.a(queue.o) (memcpy)
c:/arduino/hardware/tools/avr/bin/../lib/gcc/avr/4.3.2/../../../../avr/lib/avr6\libc.a(memset.o)
                              C:/Users/Nick/workspace/FreeRTOS801/Release/libFreeRTOS801.a(tasks.o) (memset)
c:/arduino/hardware/tools/avr/bin/../lib/gcc/avr/4.3.2/../../../../avr/lib/avr6\libc.a(strnlen.o)
                              c:/arduino/hardware/tools/avr/bin/../lib/gcc/avr/4.3.2/../../../../avr/lib/avr6\libprintf_flt.a(vfprintf_flt.o) (strnlen)
c:/arduino/hardware/tools/avr/bin/../lib/gcc/avr/4.3.2/../../../../avr/lib/avr6\libc.a(fputc.o)
                              c:/arduino/hardware/tools/avr/bin/../lib/gcc/avr/4.3.2/../../../../avr/lib/avr6\libprintf_flt.a(vfprintf_flt.o) (fputc)
c:/arduino/hardware/tools/avr/bin/../lib/gcc/avr/4.3.2/../../../../avr/lib/avr6\libc.a(sprintf.o)
                              ./src/behaviour.o (sprintf)
c:/arduino/hardware/tools/avr/bin/../lib/gcc/avr/4.3.2/../../../../avr/lib/avr6\libc.a(vsnprintf.o)
                              C:\Users\Nick\workspace\CEG4166_RTS_Lib\Release\libCEG4166_RTS_Lib.a(usartSerial.o) (vsnprintf)
c:/arduino/hardware/tools/avr/bin/../lib/gcc/avr/4.3.2/../../../../avr/lib/avr6\libc.a(vsnprintf_p.o)
                              C:\Users\Nick\workspace\CEG4166_RTS_Lib\Release\libCEG4166_RTS_Lib.a(usartSerial.o) (vsnprintf_P)
c:/arduino/hardware/tools/avr/bin/../lib/gcc/avr/4.3.2/../../../../avr/lib/avr6\libc.a(ultoa_invert.o)
                              c:/arduino/hardware/tools/avr/bin/../lib/gcc/avr/4.3.2/../../../../avr/lib/avr6\libprintf_flt.a(vfprintf_flt.o) (__ultoa_invert)

Allocating common symbols
Common symbol       size              file

totalDistance       0x8               ./src/servo.o
temp_pixel_values   0x10              ./src/tempsensor.o
lastCenterServoDirection
                    0x1               ./src/behaviour.o
averageRightTemp    0x2               ./src/tempsensor.o
state               0x2               ./src/behaviour.o
direction           0x2               ./src/behaviour.o
usartComBuf         0x74              C:\Users\Nick\workspace\CEG4166_RTS_Lib\Release\libCEG4166_RTS_Lib.a(usartSerial.o)
averageLeftTemp     0x2               ./src/tempsensor.o
previousSpeed       0x4               ./src/servo.o
stateTime           0x2               ./src/behaviour.o
count               0x2               ./src/timer.o
wheelSpeed          0x4               ./src/servo.o
averageTemp         0x2               ./src/tempsensor.o
usartfd             0x2               ./src/main.o
__system_time       0x4               C:/Users/Nick/workspace/FreeRTOS801/Release/libFreeRTOS801.a(system_time.o)

Memory Configuration

Name             Origin             Length             Attributes
text             0x00000000         0x00100000         xr
data             0x00800200         0x0000fe00         rw !x
eeprom           0x00810000         0x00010000         rw !x
fuse             0x00820000         0x00000400         rw !x
lock             0x00830000         0x00000400         rw !x
signature        0x00840000         0x00000400         rw !x
*default*        0x00000000         0xffffffff

Linker script and memory map

Address of section .data set to 0x800200
LOAD c:/arduino/hardware/tools/avr/bin/../lib/gcc/avr/4.3.2/../../../../avr/lib/avr6/crtm2560.o
LOAD ./src/behaviour.o
LOAD ./src/lcd.o
LOAD ./src/lcdDisplay.o
LOAD ./src/led.o
LOAD ./src/main.o
LOAD ./src/motion.o
LOAD ./src/runtTimeStatsTimer.o
LOAD ./src/servo.o
LOAD ./src/tempsensor.o
LOAD ./src/timer.o
LOAD C:/Users/Nick/workspace/FreeRTOS801/Release/libFreeRTOS801.a
LOAD c:/arduino/hardware/tools/avr/bin/../lib/gcc/avr/4.3.2/../../../../avr/lib/avr6\libm.a
LOAD c:/arduino/hardware/tools/avr/bin/../lib/gcc/avr/4.3.2/../../../../avr/lib/avr6\libprintf_flt.a
LOAD C:\Users\Nick\workspace\FreeRTOS801\Release\libFreeRTOS801.a
LOAD C:\Users\Nick\workspace\CEG4166_RTS_Lib\Release\libCEG4166_RTS_Lib.a
LOAD c:/arduino/hardware/tools/avr/bin/../lib/gcc/avr/4.3.2/avr6\libgcc.a
LOAD c:/arduino/hardware/tools/avr/bin/../lib/gcc/avr/4.3.2/../../../../avr/lib/avr6\libc.a
LOAD c:/arduino/hardware/tools/avr/bin/../lib/gcc/avr/4.3.2/avr6\libgcc.a

.hash
 *(.hash)

.dynsym
 *(.dynsym)

.dynstr
 *(.dynstr)

.gnu.version
 *(.gnu.version)

.gnu.version_d
 *(.gnu.version_d)

.gnu.version_r
 *(.gnu.version_r)

.rel.init
 *(.rel.init)

.rela.init
 *(.rela.init)

.rel.text
 *(.rel.text)
 *(.rel.text.*)
 *(.rel.gnu.linkonce.t*)

.rela.text
 *(.rela.text)
 *(.rela.text.*)
 *(.rela.gnu.linkonce.t*)

.rel.fini
 *(.rel.fini)

.rela.fini
 *(.rela.fini)

.rel.rodata
 *(.rel.rodata)
 *(.rel.rodata.*)
 *(.rel.gnu.linkonce.r*)

.rela.rodata
 *(.rela.rodata)
 *(.rela.rodata.*)
 *(.rela.gnu.linkonce.r*)

.rel.data
 *(.rel.data)
 *(.rel.data.*)
 *(.rel.gnu.linkonce.d*)

.rela.data
 *(.rela.data)
 *(.rela.data.*)
 *(.rela.gnu.linkonce.d*)

.rel.ctors
 *(.rel.ctors)

.rela.ctors
 *(.rela.ctors)

.rel.dtors
 *(.rel.dtors)

.rela.dtors
 *(.rela.dtors)

.rel.got
 *(.rel.got)

.rela.got
 *(.rela.got)

.rel.bss
 *(.rel.bss)

.rela.bss
 *(.rela.bss)

.rel.plt
 *(.rel.plt)

.rela.plt
 *(.rela.plt)

.text           0x00000000     0x7b94
 *(.vectors)
 .vectors       0x00000000       0xe4 c:/arduino/hardware/tools/avr/bin/../lib/gcc/avr/4.3.2/../../../../avr/lib/avr6/crtm2560.o
                0x00000000                __vectors
                0x00000000                __vector_default
 *(.vectors)
 *(.progmem.gcc*)
 .progmem.gcc_sw_table
                0x000000e4      0x182 C:/Users/Nick/workspace/FreeRTOS801/Release/libFreeRTOS801.a(i2cMultiMaster.o)
 *(.progmem*)
 .progmem.data  0x00000266       0x3c ./src/main.o
 .progmem.data  0x000002a2        0x8 c:/arduino/hardware/tools/avr/bin/../lib/gcc/avr/4.3.2/../../../../avr/lib/avr6\libprintf_flt.a(vfprintf_flt.o)
 .progmem.data  0x000002aa       0xfa c:/arduino/hardware/tools/avr/bin/../lib/gcc/avr/4.3.2/../../../../avr/lib/avr6\libc.a(ftoa_engine.o)
                0x000003a4                . = ALIGN (0x2)
                0x000003a4                __trampolines_start = .
 *(.trampolines)
 .trampolines   0x000003a4        0x0 linker stubs
 *(.trampolines*)
                0x000003a4                __trampolines_end = .
 *(.jumptables)
 *(.jumptables*)
 *(.lowtext)
 .lowtext       0x000003a4      0x2e8 C:/Users/Nick/workspace/FreeRTOS801/Release/libFreeRTOS801.a(tasks.o)
 *(.lowtext*)
                0x0000068c                __ctors_start = .
 *(.ctors)
                0x0000068c                __ctors_end = .
                0x0000068c                __dtors_start = .
 *(.dtors)
                0x0000068c                __dtors_end = .
 SORT(*)(.ctors)
 SORT(*)(.dtors)
 *(.init0)
 .init0         0x0000068c        0x0 c:/arduino/hardware/tools/avr/bin/../lib/gcc/avr/4.3.2/../../../../avr/lib/avr6/crtm2560.o
                0x0000068c                __init
 *(.init0)
 *(.init1)
 *(.init1)
 *(.init2)
 .init2         0x0000068c       0x10 c:/arduino/hardware/tools/avr/bin/../lib/gcc/avr/4.3.2/../../../../avr/lib/avr6/crtm2560.o
 *(.init2)
 *(.init3)
 *(.init3)
 *(.init4)
 .init4         0x0000069c       0x1c c:/arduino/hardware/tools/avr/bin/../lib/gcc/avr/4.3.2/../../../../avr/lib/avr6/crtm2560.o
                0x0000069c                __do_copy_data
 .init4         0x000006b8       0x10 c:/arduino/hardware/tools/avr/bin/../lib/gcc/avr/4.3.2/avr6\libgcc.a(_clear_bss.o)
                0x000006b8                __do_clear_bss
 *(.init4)
 *(.init5)
 *(.init5)
 *(.init6)
 *(.init6)
 *(.init7)
 *(.init7)
 *(.init8)
 *(.init8)
 *(.init9)
 .init9         0x000006c8        0x8 c:/arduino/hardware/tools/avr/bin/../lib/gcc/avr/4.3.2/../../../../avr/lib/avr6/crtm2560.o
 *(.init9)
 *(.text)
 .text          0x000006d0        0x4 c:/arduino/hardware/tools/avr/bin/../lib/gcc/avr/4.3.2/../../../../avr/lib/avr6/crtm2560.o
                0x000006d0                __vector_38
                0x000006d0                __vector_22
                0x000006d0                __vector_28
                0x000006d0                __vector_1
                0x000006d0                __vector_34
                0x000006d0                __vector_24
                0x000006d0                __vector_12
                0x000006d0                __bad_interrupt
                0x000006d0                __vector_6
                0x000006d0                __vector_31
                0x000006d0                __vector_35
                0x000006d0                __vector_3
                0x000006d0                __vector_23
                0x000006d0                __vector_30
                0x000006d0                __vector_11
                0x000006d0                __vector_13
                0x000006d0                __vector_17
                0x000006d0                __vector_19
                0x000006d0                __vector_56
                0x000006d0                __vector_7
                0x000006d0                __vector_49
                0x000006d0                __vector_43
                0x000006d0                __vector_27
                0x000006d0                __vector_5
                0x000006d0                __vector_33
                0x000006d0                __vector_47
                0x000006d0                __vector_4
                0x000006d0                __vector_44
                0x000006d0                __vector_9
                0x000006d0                __vector_2
                0x000006d0                __vector_21
                0x000006d0                __vector_15
                0x000006d0                __vector_29
                0x000006d0                __vector_40
                0x000006d0                __vector_8
                0x000006d0                __vector_48
                0x000006d0                __vector_14
                0x000006d0                __vector_53
                0x000006d0                __vector_10
                0x000006d0                __vector_16
                0x000006d0                __vector_18
                0x000006d0                __vector_20
                0x000006d0                __vector_42
 .text          0x000006d4        0x0 ./src/behaviour.o
 .text          0x000006d4        0x0 ./src/lcd.o
 .text          0x000006d4        0x0 ./src/lcdDisplay.o
 .text          0x000006d4        0x0 ./src/led.o
 .text          0x000006d4        0x0 ./src/main.o
 .text          0x000006d4        0x0 ./src/motion.o
 .text          0x000006d4        0x0 ./src/runtTimeStatsTimer.o
 .text          0x000006d4        0x0 ./src/servo.o
 .text          0x000006d4        0x0 ./src/tempsensor.o
 .text          0x000006d4        0x0 ./src/timer.o
 .text          0x000006d4        0x0 C:/Users/Nick/workspace/FreeRTOS801/Release/libFreeRTOS801.a(i2cMultiMaster.o)
 .text          0x000006d4        0x0 C:/Users/Nick/workspace/FreeRTOS801/Release/libFreeRTOS801.a(queue.o)
 .text          0x000006d4        0x0 C:/Users/Nick/workspace/FreeRTOS801/Release/libFreeRTOS801.a(tasks.o)
 .text          0x000006d4        0x0 C:/Users/Nick/workspace/FreeRTOS801/Release/libFreeRTOS801.a(port.o)
 .text          0x000006d4       0x38 C:/Users/Nick/workspace/FreeRTOS801/Release/libFreeRTOS801.a(system_tick.o)
                0x000006d4                system_tick
 .text          0x0000070c        0x0 C:/Users/Nick/workspace/FreeRTOS801/Release/libFreeRTOS801.a(system_time.o)
 .text          0x0000070c        0x0 C:/Users/Nick/workspace/FreeRTOS801/Release/libFreeRTOS801.a(heap_4.o)
 .text          0x0000070c        0x0 C:/Users/Nick/workspace/FreeRTOS801/Release/libFreeRTOS801.a(list.o)
 .text          0x0000070c        0x0 c:/arduino/hardware/tools/avr/bin/../lib/gcc/avr/4.3.2/../../../../avr/lib/avr6\libm.a(addsf3.o)
 .text          0x0000070c        0x0 c:/arduino/hardware/tools/avr/bin/../lib/gcc/avr/4.3.2/../../../../avr/lib/avr6\libm.a(addsf3x.o)
 .text          0x0000070c        0x0 c:/arduino/hardware/tools/avr/bin/../lib/gcc/avr/4.3.2/../../../../avr/lib/avr6\libm.a(divsf3.o)
 .text          0x0000070c        0x0 c:/arduino/hardware/tools/avr/bin/../lib/gcc/avr/4.3.2/../../../../avr/lib/avr6\libm.a(divsf3x.o)
 .text          0x0000070c        0x0 c:/arduino/hardware/tools/avr/bin/../lib/gcc/avr/4.3.2/../../../../avr/lib/avr6\libm.a(floatsisf.o)
 .text          0x0000070c        0x0 c:/arduino/hardware/tools/avr/bin/../lib/gcc/avr/4.3.2/../../../../avr/lib/avr6\libm.a(fp_inf.o)
 .text          0x0000070c        0x0 c:/arduino/hardware/tools/avr/bin/../lib/gcc/avr/4.3.2/../../../../avr/lib/avr6\libm.a(fp_nan.o)
 .text          0x0000070c        0x0 c:/arduino/hardware/tools/avr/bin/../lib/gcc/avr/4.3.2/../../../../avr/lib/avr6\libm.a(fp_pscA.o)
 .text          0x0000070c        0x0 c:/arduino/hardware/tools/avr/bin/../lib/gcc/avr/4.3.2/../../../../avr/lib/avr6\libm.a(fp_pscB.o)
 .text          0x0000070c        0x0 c:/arduino/hardware/tools/avr/bin/../lib/gcc/avr/4.3.2/../../../../avr/lib/avr6\libm.a(fp_round.o)
 .text          0x0000070c        0x0 c:/arduino/hardware/tools/avr/bin/../lib/gcc/avr/4.3.2/../../../../avr/lib/avr6\libm.a(fp_split3.o)
 .text          0x0000070c        0x0 c:/arduino/hardware/tools/avr/bin/../lib/gcc/avr/4.3.2/../../../../avr/lib/avr6\libm.a(fp_zero.o)
 .text          0x0000070c        0x0 c:/arduino/hardware/tools/avr/bin/../lib/gcc/avr/4.3.2/../../../../avr/lib/avr6\libm.a(mulsf3.o)
 .text          0x0000070c        0x0 c:/arduino/hardware/tools/avr/bin/../lib/gcc/avr/4.3.2/../../../../avr/lib/avr6\libm.a(mulsf3x.o)
 .text          0x0000070c      0x712 c:/arduino/hardware/tools/avr/bin/../lib/gcc/avr/4.3.2/../../../../avr/lib/avr6\libprintf_flt.a(vfprintf_flt.o)
                0x0000070c                vfprintf
 .text          0x00000e1e        0x0 C:\Users\Nick\workspace\CEG4166_RTS_Lib\Release\libCEG4166_RTS_Lib.a(usartSerial.o)
 .text          0x00000e1e        0x0 c:/arduino/hardware/tools/avr/bin/../lib/gcc/avr/4.3.2/avr6\libgcc.a(_mulsi3.o)
 .text          0x00000e1e        0x0 c:/arduino/hardware/tools/avr/bin/../lib/gcc/avr/4.3.2/avr6\libgcc.a(_udivmodsi4.o)
 .text          0x00000e1e        0x0 c:/arduino/hardware/tools/avr/bin/../lib/gcc/avr/4.3.2/avr6\libgcc.a(_prologue.o)
 .text          0x00000e1e        0x0 c:/arduino/hardware/tools/avr/bin/../lib/gcc/avr/4.3.2/avr6\libgcc.a(_epilogue.o)
 .text          0x00000e1e        0x0 c:/arduino/hardware/tools/avr/bin/../lib/gcc/avr/4.3.2/avr6\libgcc.a(_exit.o)
 .text          0x00000e1e        0x0 c:/arduino/hardware/tools/avr/bin/../lib/gcc/avr/4.3.2/avr6\libgcc.a(_tablejump.o)
 .text          0x00000e1e        0x0 c:/arduino/hardware/tools/avr/bin/../lib/gcc/avr/4.3.2/avr6\libgcc.a(_clear_bss.o)
 .text          0x00000e1e      0x1b0 c:/arduino/hardware/tools/avr/bin/../lib/gcc/avr/4.3.2/../../../../avr/lib/avr6\libc.a(ftoa_engine.o)
                0x00000e1e                __ftoa_engine
 .text          0x00000fce       0x12 c:/arduino/hardware/tools/avr/bin/../lib/gcc/avr/4.3.2/../../../../avr/lib/avr6\libc.a(strlen_P.o)
                0x00000fce                strlen_P
 .text          0x00000fe0       0x16 c:/arduino/hardware/tools/avr/bin/../lib/gcc/avr/4.3.2/../../../../avr/lib/avr6\libc.a(strnlen_P.o)
                0x00000fe0                strnlen_P
 .text          0x00000ff6       0x12 c:/arduino/hardware/tools/avr/bin/../lib/gcc/avr/4.3.2/../../../../avr/lib/avr6\libc.a(memcpy.o)
                0x00000ff6                memcpy
 .text          0x00001008        0xe c:/arduino/hardware/tools/avr/bin/../lib/gcc/avr/4.3.2/../../../../avr/lib/avr6\libc.a(memset.o)
                0x00001008                memset
 .text          0x00001016       0x16 c:/arduino/hardware/tools/avr/bin/../lib/gcc/avr/4.3.2/../../../../avr/lib/avr6\libc.a(strnlen.o)
                0x00001016                strnlen
 .text          0x0000102c       0x58 c:/arduino/hardware/tools/avr/bin/../lib/gcc/avr/4.3.2/../../../../avr/lib/avr6\libc.a(fputc.o)
                0x0000102c                fputc
 .text          0x00001084       0x48 c:/arduino/hardware/tools/avr/bin/../lib/gcc/avr/4.3.2/../../../../avr/lib/avr6\libc.a(sprintf.o)
                0x00001084                sprintf
 .text          0x000010cc       0x54 c:/arduino/hardware/tools/avr/bin/../lib/gcc/avr/4.3.2/../../../../avr/lib/avr6\libc.a(vsnprintf.o)
                0x000010cc                vsnprintf
 .text          0x00001120       0x54 c:/arduino/hardware/tools/avr/bin/../lib/gcc/avr/4.3.2/../../../../avr/lib/avr6\libc.a(vsnprintf_p.o)
                0x00001120                vsnprintf_P
 .text          0x00001174       0xbc c:/arduino/hardware/tools/avr/bin/../lib/gcc/avr/4.3.2/../../../../avr/lib/avr6\libc.a(ultoa_invert.o)
                0x00001174                __ultoa_invert
                0x00001230                . = ALIGN (0x2)
 *(.text.*)
 .text.updateLED
                0x00001230       0x48 ./src/behaviour.o
                0x00001230                updateLED
 .text.updateLCD
                0x00001278      0x10e ./src/behaviour.o
                0x00001278                updateLCD
 .text.updateCenterServo
                0x00001386       0x4a ./src/behaviour.o
                0x00001386                updateCenterServo
 .text.updateWheels
                0x000013d0       0x4e ./src/behaviour.o
                0x000013d0                updateWheels
 .text.testUpdateWheels
                0x0000141e       0x20 ./src/behaviour.o
                0x0000141e                testUpdateWheels
 .text.updateState
                0x0000143e       0x2a ./src/behaviour.o
                0x0000143e                updateState
 .text.TaskMoveAndScan
                0x00001468       0x42 ./src/behaviour.o
                0x00001468                TaskMoveAndScan
 .text.initBehaviour
                0x000014aa       0x2e ./src/behaviour.o
                0x000014aa                initBehaviour
 .text.sendLCDCommand
                0x000014d8       0x1c ./src/lcd.o
                0x000014d8                sendLCDCommand
 .text.LCDPrint
                0x000014f4       0x42 ./src/lcd.o
                0x000014f4                LCDPrint
 .text.LCDInit  0x00001536       0x36 ./src/lcd.o
                0x00001536                LCDInit
 .text.lcdCommand
                0x0000156c       0x1c ./src/lcdDisplay.o
                0x0000156c                lcdCommand
 .text.printLCD
                0x00001588       0x42 ./src/lcdDisplay.o
                0x00001588                printLCD
 .text.initLCD  0x000015ca       0x36 ./src/lcdDisplay.o
                0x000015ca                initLCD
 .text.initLED  0x00001600       0x1e ./src/led.o
                0x00001600                initLED
 .text.setColor
                0x0000161e       0x34 ./src/led.o
                0x0000161e                setColor
 .text.vApplicationStackOverflowHook
                0x00001652        0x2 ./src/main.o
                0x00001652                vApplicationStackOverflowHook
 .text.main     0x00001654       0x80 ./src/main.o
                0x00001654                main
 .text.motion_servo_start
                0x000016d4       0xc4 ./src/motion.o
                0x000016d4                motion_servo_start
 .text.motion_servo_stop
                0x00001798       0x9e ./src/motion.o
                0x00001798                motion_servo_stop
 .text.motion_servo_set_pulse_width
                0x00001836       0x36 ./src/motion.o
                0x00001836                motion_servo_set_pulse_width
 .text.motion_servo_get_pulse_width
                0x0000186c       0x2a ./src/motion.o
                0x0000186c                motion_servo_get_pulse_width
 .text.motion_enc_read
                0x00001896       0x5a ./src/motion.o
                0x00001896                motion_enc_read
 .text.__vector_45
                0x000018f0       0x4a ./src/motion.o
                0x000018f0                __vector_45
 .text.__vector_50
                0x0000193a       0x4a ./src/motion.o
                0x0000193a                __vector_50
 .text.__vector_41
                0x00001984      0x116 ./src/motion.o
                0x00001984                __vector_41
 .text.__vector_46
                0x00001a9a      0x11c ./src/motion.o
                0x00001a9a                __vector_46
 .text.motion_init
                0x00001bb6      0x13e ./src/motion.o
                0x00001bb6                motion_init
 .text.xconfigTimerForRunTimeStats
                0x00001cf4       0x18 ./src/runtTimeStatsTimer.o
                0x00001cf4                xconfigTimerForRunTimeStats
 .text.getTotalDistance
                0x00001d0c       0x32 ./src/servo.o
                0x00001d0c                getTotalDistance
 .text.getSpeed
                0x00001d3e       0xd8 ./src/servo.o
                0x00001d3e                getSpeed
 .text.getAverageSpeed
                0x00001e16       0x3e ./src/servo.o
                0x00001e16                getAverageSpeed
 .text.moveCenterServo
                0x00001e54       0x64 ./src/servo.o
                0x00001e54                moveCenterServo
 .text.moveWheels
                0x00001eb8       0xc2 ./src/servo.o
                0x00001eb8                moveWheels
 .text.servoInit
                0x00001f7a       0x4e ./src/servo.o
                0x00001f7a                servoInit
 .text.getAmbient
                0x00001fc8        0xa ./src/tempsensor.o
                0x00001fc8                getAmbient
 .text.getAverageLeft
                0x00001fd2        0xa ./src/tempsensor.o
                0x00001fd2                getAverageLeft
 .text.getAverageRight
                0x00001fdc        0xa ./src/tempsensor.o
                0x00001fdc                getAverageRight
 .text.readTemperatureValues
                0x00001fe6       0xd0 ./src/tempsensor.o
                0x00001fe6                readTemperatureValues
 .text.initTPA81
                0x000020b6        0x8 ./src/tempsensor.o
                0x000020b6                initTPA81
 .text.initTimer
                0x000020be        0xa ./src/timer.o
                0x000020be                initTimer
 .text.getTime  0x000020c8        0xa ./src/timer.o
                0x000020c8                getTime
 .text.incrementTimer
                0x000020d2       0x14 ./src/timer.o
                0x000020d2                incrementTimer
 .text.I2C_Slave_Start_Transceiver
                0x000020e6       0x1a C:/Users/Nick/workspace/FreeRTOS801/Release/libFreeRTOS801.a(i2cMultiMaster.o)
                0x000020e6                I2C_Slave_Start_Transceiver
 .text.I2C_Master_Start_Transceiver
                0x00002100       0x1a C:/Users/Nick/workspace/FreeRTOS801/Release/libFreeRTOS801.a(i2cMultiMaster.o)
                0x00002100                I2C_Master_Start_Transceiver
 .text.I2C_Slave_Start_Transceiver_With_Data
                0x0000211a       0x40 C:/Users/Nick/workspace/FreeRTOS801/Release/libFreeRTOS801.a(i2cMultiMaster.o)
                0x0000211a                I2C_Slave_Start_Transceiver_With_Data
 .text.I2C_Master_Start_Transceiver_With_Data
                0x0000215a       0x4e C:/Users/Nick/workspace/FreeRTOS801/Release/libFreeRTOS801.a(i2cMultiMaster.o)
                0x0000215a                I2C_Master_Start_Transceiver_With_Data
 .text.I2C_Slave_Get_Data_From_Transceiver
                0x000021a8       0x48 C:/Users/Nick/workspace/FreeRTOS801/Release/libFreeRTOS801.a(i2cMultiMaster.o)
                0x000021a8                I2C_Slave_Get_Data_From_Transceiver
 .text.I2C_Master_Get_Data_From_Transceiver
                0x000021f0       0x40 C:/Users/Nick/workspace/FreeRTOS801/Release/libFreeRTOS801.a(i2cMultiMaster.o)
                0x000021f0                I2C_Master_Get_Data_From_Transceiver
 .text.I2C_Check_Free_After_Stop
                0x00002230       0x12 C:/Users/Nick/workspace/FreeRTOS801/Release/libFreeRTOS801.a(i2cMultiMaster.o)
                0x00002230                I2C_Check_Free_After_Stop
 .text.I2C_Get_State_Info
                0x00002242        0xe C:/Users/Nick/workspace/FreeRTOS801/Release/libFreeRTOS801.a(i2cMultiMaster.o)
                0x00002242                I2C_Get_State_Info
 .text.__vector_39
                0x00002250      0x1b2 C:/Users/Nick/workspace/FreeRTOS801/Release/libFreeRTOS801.a(i2cMultiMaster.o)
                0x00002250                __vector_39
 .text.I2C_Master_Initialise
                0x00002402       0x60 C:/Users/Nick/workspace/FreeRTOS801/Release/libFreeRTOS801.a(i2cMultiMaster.o)
                0x00002402                I2C_Master_Initialise
 .text.I2C_Slave_Initialise
                0x00002462       0x50 C:/Users/Nick/workspace/FreeRTOS801/Release/libFreeRTOS801.a(i2cMultiMaster.o)
                0x00002462                I2C_Slave_Initialise
 .text.hot      0x000024b2      0xc06 C:/Users/Nick/workspace/FreeRTOS801/Release/libFreeRTOS801.a(queue.o)
                0x000029a4                xQueueGenericSendFromISR
                0x00002532                xQueuePeekFromISR
                0x000024dc                uxQueueGetQueueNumber
                0x00002514                vQueueDelete
                0x00002ab6                xQueueGenericSend
                0x000024e8                ucQueueGetQueueType
                0x0000258c                xQueueReceiveFromISR
                0x00002fdc                xQueueGenericCreate
                0x000024e2                vQueueSetQueueNumber
                0x000024c2                uxQueueSpacesAvailable
                0x000024fe                xQueueIsQueueFullFromISR
                0x0000261c                xQueueGenericReceive
                0x000024b2                uxQueueMessagesWaiting
                0x00002f4c                xQueueGenericReset
                0x000024d6                uxQueueMessagesWaitingFromISR
                0x000024ee                xQueueIsQueueEmptyFromISR
                0x00002e6a                xQueueCreateMutex
 .text.hot      0x000030b8     0x3098 C:/Users/Nick/workspace/FreeRTOS801/Release/libFreeRTOS801.a(tasks.o)
                0x000037e2                vTaskPlaceOnUnorderedEventList
                0x00003d66                vTaskGetRunTimeStats
                0x00005d6e                vTaskEndScheduler
                0x000038c0                vTaskPlaceOnEventList
                0x00005d7a                xTaskGenericCreate
                0x000032fe                uxTaskGetStackHighWaterMark
                0x00003734                xTaskResumeFromISR
                0x000030c4                xTaskGetTickCount
                0x000034ec                xTaskRemoveFromEventList
                0x00005ca4                vTaskDelete
                0x00003102                xTaskCheckForTimeOut
                0x000030b8                vTaskSuspendAll
                0x000030da                xTaskGetTickCountFromISR
                0x00003378                vTaskPriorityDisinherit
                0x000033dc                vTaskPriorityInherit
                0x000053a6                vTaskResume
                0x00003990                vTaskSwitchContext
                0x00003196                vTaskSetTaskNumber
                0x00005432                vTaskSuspend
                0x000030e6                uxTaskGetNumberOfTasks
                0x000048b4                vTaskList
                0x00003188                uxTaskGetTaskNumber
                0x00005964                vTaskDelayUntil
                0x0000333c                xTaskGetCurrentTaskHandle
                0x0000347c                xTaskRemoveFromUnorderedEventList
                0x00003aec                xTaskResumeAll
                0x00005f84                vTaskStartScheduler
                0x00003180                vTaskMissedYield
                0x0000357e                xTaskIncrementTick
                0x00005654                vTaskDelay
                0x000030ec                vTaskSetTimeOutState
                0x00003348                uxTaskResetEventItemValue
 .text.uxTaskGetSystemState
                0x00006150      0x102 C:/Users/Nick/workspace/FreeRTOS801/Release/libFreeRTOS801.a(tasks.o)
                0x00006150                uxTaskGetSystemState
 .text.hot      0x00006252      0x12a C:/Users/Nick/workspace/FreeRTOS801/Release/libFreeRTOS801.a(port.o)
                0x000062e8                xPortStartScheduler
                0x0000637a                vPortEndScheduler
                0x00006252                pxPortInitialiseStack
 .text.vPortYieldFromTick
                0x0000637c       0xf8 C:/Users/Nick/workspace/FreeRTOS801/Release/libFreeRTOS801.a(port.o)
                0x0000637c                vPortYieldFromTick
 .text.__vector_32
                0x00006474        0x6 C:/Users/Nick/workspace/FreeRTOS801/Release/libFreeRTOS801.a(port.o)
                0x00006474                __vector_32
 .text.vPortYield
                0x0000647a       0xc2 C:/Users/Nick/workspace/FreeRTOS801/Release/libFreeRTOS801.a(port.o)
                0x0000647a                vPortYield
 .text.hot      0x0000653c      0x2f8 C:/Users/Nick/workspace/FreeRTOS801/Release/libFreeRTOS801.a(heap_4.o)
                0x0000653c                xPortGetFreeHeapSize
                0x00006552                vPortFree
                0x00006638                pvPortMalloc
                0x00006550                vPortInitialiseBlocks
                0x00006546                xPortGetMinimumEverFreeHeapSize
 .text.vListInitialise
                0x00006834       0x20 C:/Users/Nick/workspace/FreeRTOS801/Release/libFreeRTOS801.a(list.o)
                0x00006834                vListInitialise
 .text.vListInitialiseItem
                0x00006854        0x8 C:/Users/Nick/workspace/FreeRTOS801/Release/libFreeRTOS801.a(list.o)
                0x00006854                vListInitialiseItem
 .text.vListInsertEnd
                0x0000685c       0x3e C:/Users/Nick/workspace/FreeRTOS801/Release/libFreeRTOS801.a(list.o)
                0x0000685c                vListInsertEnd
 .text.vListInsert
                0x0000689a       0x64 C:/Users/Nick/workspace/FreeRTOS801/Release/libFreeRTOS801.a(list.o)
                0x0000689a                vListInsert
 .text.uxListRemove
                0x000068fe       0x56 C:/Users/Nick/workspace/FreeRTOS801/Release/libFreeRTOS801.a(list.o)
                0x000068fe                uxListRemove
 .text.fplib    0x00006954        0xa c:/arduino/hardware/tools/avr/bin/../lib/gcc/avr/4.3.2/../../../../avr/lib/avr6\libm.a(addsf3.o)
                0x00006954                __subsf3
                0x00006956                __addsf3
 .text.fplib    0x0000695e       0xc0 c:/arduino/hardware/tools/avr/bin/../lib/gcc/avr/4.3.2/../../../../avr/lib/avr6\libm.a(addsf3x.o)
                0x00006978                __addsf3x
 .text.fplib    0x00006a1e        0x4 c:/arduino/hardware/tools/avr/bin/../lib/gcc/avr/4.3.2/../../../../avr/lib/avr6\libm.a(divsf3.o)
                0x00006a1e                __divsf3
 .text.fplib    0x00006a22       0xcc c:/arduino/hardware/tools/avr/bin/../lib/gcc/avr/4.3.2/../../../../avr/lib/avr6\libm.a(divsf3x.o)
                0x00006a38                __divsf3x
                0x00006a3c                __divsf3_pse
 .text.fplib    0x00006aee       0x7a c:/arduino/hardware/tools/avr/bin/../lib/gcc/avr/4.3.2/../../../../avr/lib/avr6\libm.a(floatsisf.o)
                0x00006af2                __floatsisf
                0x00006aee                __floatunsisf
 .text.fplib    0x00006b68        0xc c:/arduino/hardware/tools/avr/bin/../lib/gcc/avr/4.3.2/../../../../avr/lib/avr6\libm.a(fp_inf.o)
                0x00006b68                __fp_inf
 .text.fplib    0x00006b74        0x6 c:/arduino/hardware/tools/avr/bin/../lib/gcc/avr/4.3.2/../../../../avr/lib/avr6\libm.a(fp_nan.o)
                0x00006b74                __fp_nan
 .text.fplib    0x00006b7a        0xe c:/arduino/hardware/tools/avr/bin/../lib/gcc/avr/4.3.2/../../../../avr/lib/avr6\libm.a(fp_pscA.o)
                0x00006b7a                __fp_pscA
 .text.fplib    0x00006b88        0xe c:/arduino/hardware/tools/avr/bin/../lib/gcc/avr/4.3.2/../../../../avr/lib/avr6\libm.a(fp_pscB.o)
                0x00006b88                __fp_pscB
 .text.fplib    0x00006b96       0x22 c:/arduino/hardware/tools/avr/bin/../lib/gcc/avr/4.3.2/../../../../avr/lib/avr6\libm.a(fp_round.o)
                0x00006b96                __fp_round
 .text.fplib    0x00006bb8       0x44 c:/arduino/hardware/tools/avr/bin/../lib/gcc/avr/4.3.2/../../../../avr/lib/avr6\libm.a(fp_split3.o)
                0x00006bb8                __fp_split3
                0x00006bc8                __fp_splitA
 .text.fplib    0x00006bfc        0xe c:/arduino/hardware/tools/avr/bin/../lib/gcc/avr/4.3.2/../../../../avr/lib/avr6\libm.a(fp_zero.o)
                0x00006bfc                __fp_zero
                0x00006bfe                __fp_szero
 .text.fplib    0x00006c0a        0x4 c:/arduino/hardware/tools/avr/bin/../lib/gcc/avr/4.3.2/../../../../avr/lib/avr6\libm.a(mulsf3.o)
                0x00006c0a                __mulsf3
 .text.fplib    0x00006c0e       0xc2 c:/arduino/hardware/tools/avr/bin/../lib/gcc/avr/4.3.2/../../../../avr/lib/avr6\libm.a(mulsf3x.o)
                0x00006c26                __mulsf3_pse
                0x00006c22                __mulsf3x
 .text.setDefaultUSART
                0x00006cd0        0x6 C:\Users\Nick\workspace\CEG4166_RTS_Lib\Release\libCEG4166_RTS_Lib.a(usartSerial.o)
                0x00006cd0                setDefaultUSART
 .text.usartWrite
                0x00006cd6       0x52 C:\Users\Nick\workspace\CEG4166_RTS_Lib\Release\libCEG4166_RTS_Lib.a(usartSerial.o)
                0x00006cd6                usartWrite
 .text.usartRead
                0x00006d28       0x5c C:\Users\Nick\workspace\CEG4166_RTS_Lib\Release\libCEG4166_RTS_Lib.a(usartSerial.o)
                0x00006d28                usartRead
 .text.usart_xflushRx
                0x00006d84       0x82 C:\Users\Nick\workspace\CEG4166_RTS_Lib\Release\libCEG4166_RTS_Lib.a(usartSerial.o)
                0x00006d84                usart_xflushRx
 .text.usart_AvailableCharRx
                0x00006e06       0x2a C:\Users\Nick\workspace\CEG4166_RTS_Lib\Release\libCEG4166_RTS_Lib.a(usartSerial.o)
                0x00006e06                usart_AvailableCharRx
 .text.usart_xgetChar
                0x00006e30       0x8a C:\Users\Nick\workspace\CEG4166_RTS_Lib\Release\libCEG4166_RTS_Lib.a(usartSerial.o)
                0x00006e30                usart_xgetChar
 .text.usart_xputChar
                0x00006eba      0x116 C:\Users\Nick\workspace\CEG4166_RTS_Lib\Release\libCEG4166_RTS_Lib.a(usartSerial.o)
                0x00006eba                usart_xputChar
 .text.usartCheckRxComplete
                0x00006fd0       0x24 C:\Users\Nick\workspace\CEG4166_RTS_Lib\Release\libCEG4166_RTS_Lib.a(usartSerial.o)
                0x00006fd0                usartCheckRxComplete
 .text.usart_rx_isr
                0x00006ff4       0xd0 C:\Users\Nick\workspace\CEG4166_RTS_Lib\Release\libCEG4166_RTS_Lib.a(usartSerial.o)
                0x00006ff4                usart_rx_isr
 .text.__vector_54
                0x000070c4       0x52 C:\Users\Nick\workspace\CEG4166_RTS_Lib\Release\libCEG4166_RTS_Lib.a(usartSerial.o)
                0x000070c4                __vector_54
 .text.__vector_51
                0x00007116       0x52 C:\Users\Nick\workspace\CEG4166_RTS_Lib\Release\libCEG4166_RTS_Lib.a(usartSerial.o)
                0x00007116                __vector_51
 .text.__vector_36
                0x00007168       0x52 C:\Users\Nick\workspace\CEG4166_RTS_Lib\Release\libCEG4166_RTS_Lib.a(usartSerial.o)
                0x00007168                __vector_36
 .text.__vector_25
                0x000071ba       0x52 C:\Users\Nick\workspace\CEG4166_RTS_Lib\Release\libCEG4166_RTS_Lib.a(usartSerial.o)
                0x000071ba                __vector_25
 .text.usart_tx_isr
                0x0000720c       0xb6 C:\Users\Nick\workspace\CEG4166_RTS_Lib\Release\libCEG4166_RTS_Lib.a(usartSerial.o)
                0x0000720c                usart_tx_isr
 .text.__vector_55
                0x000072c2       0x52 C:\Users\Nick\workspace\CEG4166_RTS_Lib\Release\libCEG4166_RTS_Lib.a(usartSerial.o)
                0x000072c2                __vector_55
 .text.__vector_52
                0x00007314       0x52 C:\Users\Nick\workspace\CEG4166_RTS_Lib\Release\libCEG4166_RTS_Lib.a(usartSerial.o)
                0x00007314                __vector_52
 .text.__vector_37
                0x00007366       0x52 C:\Users\Nick\workspace\CEG4166_RTS_Lib\Release\libCEG4166_RTS_Lib.a(usartSerial.o)
                0x00007366                __vector_37
 .text.__vector_26
                0x000073b8       0x52 C:\Users\Nick\workspace\CEG4166_RTS_Lib\Release\libCEG4166_RTS_Lib.a(usartSerial.o)
                0x000073b8                __vector_26
 .text.usart_xfprint_P
                0x0000740a       0x48 C:\Users\Nick\workspace\CEG4166_RTS_Lib\Release\libCEG4166_RTS_Lib.a(usartSerial.o)
                0x0000740a                usart_xfprint_P
 .text.usart_xprint_P
                0x00007452        0xc C:\Users\Nick\workspace\CEG4166_RTS_Lib\Release\libCEG4166_RTS_Lib.a(usartSerial.o)
                0x00007452                usart_xprint_P
 .text.usart_fprint_P
                0x0000745e       0x8a C:\Users\Nick\workspace\CEG4166_RTS_Lib\Release\libCEG4166_RTS_Lib.a(usartSerial.o)
                0x0000745e                usart_fprint_P
 .text.usart_print_P
                0x000074e8        0xc C:\Users\Nick\workspace\CEG4166_RTS_Lib\Release\libCEG4166_RTS_Lib.a(usartSerial.o)
                0x000074e8                usart_print_P
 .text.usart_xfprint
                0x000074f4       0x50 C:\Users\Nick\workspace\CEG4166_RTS_Lib\Release\libCEG4166_RTS_Lib.a(usartSerial.o)
                0x000074f4                usart_xfprint
 .text.usart_xfprintf_P_arg
                0x00007544       0x7a C:\Users\Nick\workspace\CEG4166_RTS_Lib\Release\libCEG4166_RTS_Lib.a(usartSerial.o)
                0x00007544                usart_xfprintf_P_arg
 .text.usart_xfprintf_arg
                0x000075be       0x7a C:\Users\Nick\workspace\CEG4166_RTS_Lib\Release\libCEG4166_RTS_Lib.a(usartSerial.o)
                0x000075be                usart_xfprintf_arg
 .text.usart_xprint
                0x00007638        0xc C:\Users\Nick\workspace\CEG4166_RTS_Lib\Release\libCEG4166_RTS_Lib.a(usartSerial.o)
                0x00007638                usart_xprint
 .text.usart_fprint
                0x00007644       0x84 C:\Users\Nick\workspace\CEG4166_RTS_Lib\Release\libCEG4166_RTS_Lib.a(usartSerial.o)
                0x00007644                usart_fprint
 .text.usart_fprintf_P_arg
                0x000076c8       0x5c C:\Users\Nick\workspace\CEG4166_RTS_Lib\Release\libCEG4166_RTS_Lib.a(usartSerial.o)
                0x000076c8                usart_fprintf_P_arg
 .text.usart_fprintf_arg
                0x00007724       0x58 C:\Users\Nick\workspace\CEG4166_RTS_Lib\Release\libCEG4166_RTS_Lib.a(usartSerial.o)
                0x00007724                usart_fprintf_arg
 .text.usart_print
                0x0000777c        0xc C:\Users\Nick\workspace\CEG4166_RTS_Lib\Release\libCEG4166_RTS_Lib.a(usartSerial.o)
                0x0000777c                usart_print
 .text.usart_xfprintf_P
                0x00007788       0x20 C:\Users\Nick\workspace\CEG4166_RTS_Lib\Release\libCEG4166_RTS_Lib.a(usartSerial.o)
                0x00007788                usart_xfprintf_P
 .text.usart_xfprintf
                0x000077a8       0x20 C:\Users\Nick\workspace\CEG4166_RTS_Lib\Release\libCEG4166_RTS_Lib.a(usartSerial.o)
                0x000077a8                usart_xfprintf
 .text.usart_xprintf_P
                0x000077c8       0x20 C:\Users\Nick\workspace\CEG4166_RTS_Lib\Release\libCEG4166_RTS_Lib.a(usartSerial.o)
                0x000077c8                usart_xprintf_P
 .text.usart_xprintf
                0x000077e8       0x20 C:\Users\Nick\workspace\CEG4166_RTS_Lib\Release\libCEG4166_RTS_Lib.a(usartSerial.o)
                0x000077e8                usart_xprintf
 .text.usart_fprintf_P
                0x00007808       0x20 C:\Users\Nick\workspace\CEG4166_RTS_Lib\Release\libCEG4166_RTS_Lib.a(usartSerial.o)
                0x00007808                usart_fprintf_P
 .text.usart_fprintf
                0x00007828       0x20 C:\Users\Nick\workspace\CEG4166_RTS_Lib\Release\libCEG4166_RTS_Lib.a(usartSerial.o)
                0x00007828                usart_fprintf
 .text.usart_printf_P
                0x00007848       0x20 C:\Users\Nick\workspace\CEG4166_RTS_Lib\Release\libCEG4166_RTS_Lib.a(usartSerial.o)
                0x00007848                usart_printf_P
 .text.usart_printf
                0x00007868       0x20 C:\Users\Nick\workspace\CEG4166_RTS_Lib\Release\libCEG4166_RTS_Lib.a(usartSerial.o)
                0x00007868                usart_printf
 .text.usartClose
                0x00007888       0x82 C:\Users\Nick\workspace\CEG4166_RTS_Lib\Release\libCEG4166_RTS_Lib.a(usartSerial.o)
                0x00007888                usartClose
 .text.usartOpen
                0x0000790a      0x18a C:\Users\Nick\workspace\CEG4166_RTS_Lib\Release\libCEG4166_RTS_Lib.a(usartSerial.o)
                0x0000790a                usartOpen
 .text.libgcc   0x00007a94       0x3e c:/arduino/hardware/tools/avr/bin/../lib/gcc/avr/4.3.2/avr6\libgcc.a(_mulsi3.o)
                0x00007a94                __mulsi3
 .text.libgcc   0x00007ad2       0x44 c:/arduino/hardware/tools/avr/bin/../lib/gcc/avr/4.3.2/avr6\libgcc.a(_udivmodsi4.o)
                0x00007ad2                __udivmodsi4
 .text.libgcc   0x00007b16       0x38 c:/arduino/hardware/tools/avr/bin/../lib/gcc/avr/4.3.2/avr6\libgcc.a(_prologue.o)
                0x00007b16                __prologue_saves__
 .text.libgcc   0x00007b4e       0x36 c:/arduino/hardware/tools/avr/bin/../lib/gcc/avr/4.3.2/avr6\libgcc.a(_epilogue.o)
                0x00007b4e                __epilogue_restores__
 .text.libgcc   0x00007b84        0x0 c:/arduino/hardware/tools/avr/bin/../lib/gcc/avr/4.3.2/avr6\libgcc.a(_exit.o)
 .text.libgcc   0x00007b84        0xc c:/arduino/hardware/tools/avr/bin/../lib/gcc/avr/4.3.2/avr6\libgcc.a(_tablejump.o)
                0x00007b88                __tablejump__
                0x00007b84                __tablejump2__
 .text.libgcc   0x00007b90        0x0 c:/arduino/hardware/tools/avr/bin/../lib/gcc/avr/4.3.2/avr6\libgcc.a(_clear_bss.o)
                0x00007b90                . = ALIGN (0x2)
 *(.fini9)
 .fini9         0x00007b90        0x0 c:/arduino/hardware/tools/avr/bin/../lib/gcc/avr/4.3.2/avr6\libgcc.a(_exit.o)
                0x00007b90                exit
                0x00007b90                _exit
 *(.fini9)
 *(.fini8)
 *(.fini8)
 *(.fini7)
 *(.fini7)
 *(.fini6)
 *(.fini6)
 *(.fini5)
 *(.fini5)
 *(.fini4)
 *(.fini4)
 *(.fini3)
 *(.fini3)
 *(.fini2)
 *(.fini2)
 *(.fini1)
 *(.fini1)
 *(.fini0)
 .fini0         0x00007b90        0x4 c:/arduino/hardware/tools/avr/bin/../lib/gcc/avr/4.3.2/avr6\libgcc.a(_exit.o)
 *(.fini0)
                0x00007b94                _etext = .

.data           0x00800200       0xd6 load address 0x00007b94
                0x00800200                PROVIDE (__data_start, .)
 *(.data)
 .data          0x00800200        0x0 c:/arduino/hardware/tools/avr/bin/../lib/gcc/avr/4.3.2/../../../../avr/lib/avr6/crtm2560.o
 .data          0x00800200       0x1f ./src/behaviour.o
 .data          0x0080021f        0x0 ./src/lcd.o
 .data          0x0080021f        0x0 ./src/lcdDisplay.o
 .data          0x0080021f        0x0 ./src/led.o
 .data          0x0080021f        0x7 ./src/main.o
 .data          0x00800226        0x0 ./src/motion.o
 .data          0x00800226        0x0 ./src/runtTimeStatsTimer.o
 .data          0x00800226        0x0 ./src/servo.o
 .data          0x00800226        0x0 ./src/tempsensor.o
 .data          0x00800226        0x0 ./src/timer.o
 .data          0x00800226        0x0 C:/Users/Nick/workspace/FreeRTOS801/Release/libFreeRTOS801.a(i2cMultiMaster.o)
 .data          0x00800226        0x0 C:/Users/Nick/workspace/FreeRTOS801/Release/libFreeRTOS801.a(queue.o)
 .data          0x00800226       0x35 C:/Users/Nick/workspace/FreeRTOS801/Release/libFreeRTOS801.a(tasks.o)
 .data          0x0080025b        0x0 C:/Users/Nick/workspace/FreeRTOS801/Release/libFreeRTOS801.a(port.o)
 .data          0x0080025b        0x0 C:/Users/Nick/workspace/FreeRTOS801/Release/libFreeRTOS801.a(system_tick.o)
 .data          0x0080025b        0x0 C:/Users/Nick/workspace/FreeRTOS801/Release/libFreeRTOS801.a(system_time.o)
 .data          0x0080025b        0x0 C:/Users/Nick/workspace/FreeRTOS801/Release/libFreeRTOS801.a(heap_4.o)
 .data          0x0080025b        0x0 C:/Users/Nick/workspace/FreeRTOS801/Release/libFreeRTOS801.a(list.o)
 .data          0x0080025b        0x0 c:/arduino/hardware/tools/avr/bin/../lib/gcc/avr/4.3.2/../../../../avr/lib/avr6\libm.a(addsf3.o)
 .data          0x0080025b        0x0 c:/arduino/hardware/tools/avr/bin/../lib/gcc/avr/4.3.2/../../../../avr/lib/avr6\libm.a(addsf3x.o)
 .data          0x0080025b        0x0 c:/arduino/hardware/tools/avr/bin/../lib/gcc/avr/4.3.2/../../../../avr/lib/avr6\libm.a(divsf3.o)
 .data          0x0080025b        0x0 c:/arduino/hardware/tools/avr/bin/../lib/gcc/avr/4.3.2/../../../../avr/lib/avr6\libm.a(divsf3x.o)
 .data          0x0080025b        0x0 c:/arduino/hardware/tools/avr/bin/../lib/gcc/avr/4.3.2/../../../../avr/lib/avr6\libm.a(floatsisf.o)
 .data          0x0080025b        0x0 c:/arduino/hardware/tools/avr/bin/../lib/gcc/avr/4.3.2/../../../../avr/lib/avr6\libm.a(fp_inf.o)
 .data          0x0080025b        0x0 c:/arduino/hardware/tools/avr/bin/../lib/gcc/avr/4.3.2/../../../../avr/lib/avr6\libm.a(fp_nan.o)
 .data          0x0080025b        0x0 c:/arduino/hardware/tools/avr/bin/../lib/gcc/avr/4.3.2/../../../../avr/lib/avr6\libm.a(fp_pscA.o)
 .data          0x0080025b        0x0 c:/arduino/hardware/tools/avr/bin/../lib/gcc/avr/4.3.2/../../../../avr/lib/avr6\libm.a(fp_pscB.o)
 .data          0x0080025b        0x0 c:/arduino/hardware/tools/avr/bin/../lib/gcc/avr/4.3.2/../../../../avr/lib/avr6\libm.a(fp_round.o)
 .data          0x0080025b        0x0 c:/arduino/hardware/tools/avr/bin/../lib/gcc/avr/4.3.2/../../../../avr/lib/avr6\libm.a(fp_split3.o)
 .data          0x0080025b        0x0 c:/arduino/hardware/tools/avr/bin/../lib/gcc/avr/4.3.2/../../../../avr/lib/avr6\libm.a(fp_zero.o)
 .data          0x0080025b        0x0 c:/arduino/hardware/tools/avr/bin/../lib/gcc/avr/4.3.2/../../../../avr/lib/avr6\libm.a(mulsf3.o)
 .data          0x0080025b        0x0 c:/arduino/hardware/tools/avr/bin/../lib/gcc/avr/4.3.2/../../../../avr/lib/avr6\libm.a(mulsf3x.o)
 .data          0x0080025b        0x0 c:/arduino/hardware/tools/avr/bin/../lib/gcc/avr/4.3.2/../../../../avr/lib/avr6\libprintf_flt.a(vfprintf_flt.o)
 .data          0x0080025b        0x0 C:\Users\Nick\workspace\CEG4166_RTS_Lib\Release\libCEG4166_RTS_Lib.a(usartSerial.o)
 .data          0x0080025b        0x0 c:/arduino/hardware/tools/avr/bin/../lib/gcc/avr/4.3.2/avr6\libgcc.a(_mulsi3.o)
 .data          0x0080025b        0x0 c:/arduino/hardware/tools/avr/bin/../lib/gcc/avr/4.3.2/avr6\libgcc.a(_udivmodsi4.o)
 .data          0x0080025b        0x0 c:/arduino/hardware/tools/avr/bin/../lib/gcc/avr/4.3.2/avr6\libgcc.a(_prologue.o)
 .data          0x0080025b        0x0 c:/arduino/hardware/tools/avr/bin/../lib/gcc/avr/4.3.2/avr6\libgcc.a(_epilogue.o)
 .data          0x0080025b        0x0 c:/arduino/hardware/tools/avr/bin/../lib/gcc/avr/4.3.2/avr6\libgcc.a(_exit.o)
 .data          0x0080025b        0x0 c:/arduino/hardware/tools/avr/bin/../lib/gcc/avr/4.3.2/avr6\libgcc.a(_tablejump.o)
 .data          0x0080025b        0x0 c:/arduino/hardware/tools/avr/bin/../lib/gcc/avr/4.3.2/avr6\libgcc.a(_clear_bss.o)
 .data          0x0080025b        0x0 c:/arduino/hardware/tools/avr/bin/../lib/gcc/avr/4.3.2/../../../../avr/lib/avr6\libc.a(ftoa_engine.o)
 .data          0x0080025b        0x0 c:/arduino/hardware/tools/avr/bin/../lib/gcc/avr/4.3.2/../../../../avr/lib/avr6\libc.a(strlen_P.o)
 .data          0x0080025b        0x0 c:/arduino/hardware/tools/avr/bin/../lib/gcc/avr/4.3.2/../../../../avr/lib/avr6\libc.a(strnlen_P.o)
 .data          0x0080025b        0x0 c:/arduino/hardware/tools/avr/bin/../lib/gcc/avr/4.3.2/../../../../avr/lib/avr6\libc.a(memcpy.o)
 .data          0x0080025b        0x0 c:/arduino/hardware/tools/avr/bin/../lib/gcc/avr/4.3.2/../../../../avr/lib/avr6\libc.a(memset.o)
 .data          0x0080025b        0x0 c:/arduino/hardware/tools/avr/bin/../lib/gcc/avr/4.3.2/../../../../avr/lib/avr6\libc.a(strnlen.o)
 .data          0x0080025b        0x0 c:/arduino/hardware/tools/avr/bin/../lib/gcc/avr/4.3.2/../../../../avr/lib/avr6\libc.a(fputc.o)
 .data          0x0080025b        0x0 c:/arduino/hardware/tools/avr/bin/../lib/gcc/avr/4.3.2/../../../../avr/lib/avr6\libc.a(sprintf.o)
 .data          0x0080025b        0x0 c:/arduino/hardware/tools/avr/bin/../lib/gcc/avr/4.3.2/../../../../avr/lib/avr6\libc.a(vsnprintf.o)
 .data          0x0080025b        0x0 c:/arduino/hardware/tools/avr/bin/../lib/gcc/avr/4.3.2/../../../../avr/lib/avr6\libc.a(vsnprintf_p.o)
 .data          0x0080025b        0x0 c:/arduino/hardware/tools/avr/bin/../lib/gcc/avr/4.3.2/../../../../avr/lib/avr6\libc.a(ultoa_invert.o)
 *(.data*)
 .data.I2C_state
                0x0080025b        0x1 C:/Users/Nick/workspace/FreeRTOS801/Release/libFreeRTOS801.a(i2cMultiMaster.o)
 .data.xNextTaskUnblockTime
                0x0080025c        0x2 C:/Users/Nick/workspace/FreeRTOS801/Release/libFreeRTOS801.a(tasks.o)
 .data.xMinimumEverFreeBytesRemaining
                0x0080025e        0x2 C:/Users/Nick/workspace/FreeRTOS801/Release/libFreeRTOS801.a(heap_4.o)
 .data.xFreeBytesRemaining
                0x00800260        0x2 C:/Users/Nick/workspace/FreeRTOS801/Release/libFreeRTOS801.a(heap_4.o)
 .data.usartReg
                0x00800262       0x28 C:\Users\Nick\workspace\CEG4166_RTS_Lib\Release\libCEG4166_RTS_Lib.a(usartSerial.o)
                0x00800262                usartReg
 *(.rodata)
 *(.rodata*)
 .rodata.encoders
                0x0080028a        0xe ./src/motion.o
 .rodata.tc_module_s
                0x00800298       0x20 ./src/motion.o
 .rodata.motors
                0x008002b8       0x1e ./src/motion.o
 *(.gnu.linkonce.d*)
                0x008002d6                . = ALIGN (0x2)
                0x008002d6                _edata = .
                0x008002d6                PROVIDE (__data_end, .)

.bss            0x008002d6     0x1356
                0x008002d6                PROVIDE (__bss_start, .)
 *(.bss)
 .bss           0x008002d6        0x0 c:/arduino/hardware/tools/avr/bin/../lib/gcc/avr/4.3.2/../../../../avr/lib/avr6/crtm2560.o
 .bss           0x008002d6        0x0 ./src/behaviour.o
 .bss           0x008002d6        0x0 ./src/lcd.o
 .bss           0x008002d6        0x0 ./src/lcdDisplay.o
 .bss           0x008002d6        0x0 ./src/led.o
 .bss           0x008002d6        0x0 ./src/main.o
 .bss           0x008002d6        0x0 ./src/motion.o
 .bss           0x008002d6        0x0 ./src/runtTimeStatsTimer.o
 .bss           0x008002d6        0x0 ./src/servo.o
 .bss           0x008002d6        0x0 ./src/tempsensor.o
 .bss           0x008002d6        0x0 ./src/timer.o
 .bss           0x008002d6        0x0 C:/Users/Nick/workspace/FreeRTOS801/Release/libFreeRTOS801.a(i2cMultiMaster.o)
 .bss           0x008002d6        0x0 C:/Users/Nick/workspace/FreeRTOS801/Release/libFreeRTOS801.a(queue.o)
 .bss           0x008002d6        0x0 C:/Users/Nick/workspace/FreeRTOS801/Release/libFreeRTOS801.a(tasks.o)
 .bss           0x008002d6        0x0 C:/Users/Nick/workspace/FreeRTOS801/Release/libFreeRTOS801.a(port.o)
 .bss           0x008002d6        0x0 C:/Users/Nick/workspace/FreeRTOS801/Release/libFreeRTOS801.a(system_tick.o)
 .bss           0x008002d6        0x0 C:/Users/Nick/workspace/FreeRTOS801/Release/libFreeRTOS801.a(system_time.o)
 .bss           0x008002d6        0x0 C:/Users/Nick/workspace/FreeRTOS801/Release/libFreeRTOS801.a(heap_4.o)
 .bss           0x008002d6        0x0 C:/Users/Nick/workspace/FreeRTOS801/Release/libFreeRTOS801.a(list.o)
 .bss           0x008002d6        0x0 c:/arduino/hardware/tools/avr/bin/../lib/gcc/avr/4.3.2/../../../../avr/lib/avr6\libm.a(addsf3.o)
 .bss           0x008002d6        0x0 c:/arduino/hardware/tools/avr/bin/../lib/gcc/avr/4.3.2/../../../../avr/lib/avr6\libm.a(addsf3x.o)
 .bss           0x008002d6        0x0 c:/arduino/hardware/tools/avr/bin/../lib/gcc/avr/4.3.2/../../../../avr/lib/avr6\libm.a(divsf3.o)
 .bss           0x008002d6        0x0 c:/arduino/hardware/tools/avr/bin/../lib/gcc/avr/4.3.2/../../../../avr/lib/avr6\libm.a(divsf3x.o)
 .bss           0x008002d6        0x0 c:/arduino/hardware/tools/avr/bin/../lib/gcc/avr/4.3.2/../../../../avr/lib/avr6\libm.a(floatsisf.o)
 .bss           0x008002d6        0x0 c:/arduino/hardware/tools/avr/bin/../lib/gcc/avr/4.3.2/../../../../avr/lib/avr6\libm.a(fp_inf.o)
 .bss           0x008002d6        0x0 c:/arduino/hardware/tools/avr/bin/../lib/gcc/avr/4.3.2/../../../../avr/lib/avr6\libm.a(fp_nan.o)
 .bss           0x008002d6        0x0 c:/arduino/hardware/tools/avr/bin/../lib/gcc/avr/4.3.2/../../../../avr/lib/avr6\libm.a(fp_pscA.o)
 .bss           0x008002d6        0x0 c:/arduino/hardware/tools/avr/bin/../lib/gcc/avr/4.3.2/../../../../avr/lib/avr6\libm.a(fp_pscB.o)
 .bss           0x008002d6        0x0 c:/arduino/hardware/tools/avr/bin/../lib/gcc/avr/4.3.2/../../../../avr/lib/avr6\libm.a(fp_round.o)
 .bss           0x008002d6        0x0 c:/arduino/hardware/tools/avr/bin/../lib/gcc/avr/4.3.2/../../../../avr/lib/avr6\libm.a(fp_split3.o)
 .bss           0x008002d6        0x0 c:/arduino/hardware/tools/avr/bin/../lib/gcc/avr/4.3.2/../../../../avr/lib/avr6\libm.a(fp_zero.o)
 .bss           0x008002d6        0x0 c:/arduino/hardware/tools/avr/bin/../lib/gcc/avr/4.3.2/../../../../avr/lib/avr6\libm.a(mulsf3.o)
 .bss           0x008002d6        0x0 c:/arduino/hardware/tools/avr/bin/../lib/gcc/avr/4.3.2/../../../../avr/lib/avr6\libm.a(mulsf3x.o)
 .bss           0x008002d6        0x0 c:/arduino/hardware/tools/avr/bin/../lib/gcc/avr/4.3.2/../../../../avr/lib/avr6\libprintf_flt.a(vfprintf_flt.o)
 .bss           0x008002d6        0x0 C:\Users\Nick\workspace\CEG4166_RTS_Lib\Release\libCEG4166_RTS_Lib.a(usartSerial.o)
 .bss           0x008002d6        0x0 c:/arduino/hardware/tools/avr/bin/../lib/gcc/avr/4.3.2/avr6\libgcc.a(_mulsi3.o)
 .bss           0x008002d6        0x0 c:/arduino/hardware/tools/avr/bin/../lib/gcc/avr/4.3.2/avr6\libgcc.a(_udivmodsi4.o)
 .bss           0x008002d6        0x0 c:/arduino/hardware/tools/avr/bin/../lib/gcc/avr/4.3.2/avr6\libgcc.a(_prologue.o)
 .bss           0x008002d6        0x0 c:/arduino/hardware/tools/avr/bin/../lib/gcc/avr/4.3.2/avr6\libgcc.a(_epilogue.o)
 .bss           0x008002d6        0x0 c:/arduino/hardware/tools/avr/bin/../lib/gcc/avr/4.3.2/avr6\libgcc.a(_exit.o)
 .bss           0x008002d6        0x0 c:/arduino/hardware/tools/avr/bin/../lib/gcc/avr/4.3.2/avr6\libgcc.a(_tablejump.o)
 .bss           0x008002d6        0x0 c:/arduino/hardware/tools/avr/bin/../lib/gcc/avr/4.3.2/avr6\libgcc.a(_clear_bss.o)
 .bss           0x008002d6        0x0 c:/arduino/hardware/tools/avr/bin/../lib/gcc/avr/4.3.2/../../../../avr/lib/avr6\libc.a(ftoa_engine.o)
 .bss           0x008002d6        0x0 c:/arduino/hardware/tools/avr/bin/../lib/gcc/avr/4.3.2/../../../../avr/lib/avr6\libc.a(strlen_P.o)
 .bss           0x008002d6        0x0 c:/arduino/hardware/tools/avr/bin/../lib/gcc/avr/4.3.2/../../../../avr/lib/avr6\libc.a(strnlen_P.o)
 .bss           0x008002d6        0x0 c:/arduino/hardware/tools/avr/bin/../lib/gcc/avr/4.3.2/../../../../avr/lib/avr6\libc.a(memcpy.o)
 .bss           0x008002d6        0x0 c:/arduino/hardware/tools/avr/bin/../lib/gcc/avr/4.3.2/../../../../avr/lib/avr6\libc.a(memset.o)
 .bss           0x008002d6        0x0 c:/arduino/hardware/tools/avr/bin/../lib/gcc/avr/4.3.2/../../../../avr/lib/avr6\libc.a(strnlen.o)
 .bss           0x008002d6        0x0 c:/arduino/hardware/tools/avr/bin/../lib/gcc/avr/4.3.2/../../../../avr/lib/avr6\libc.a(fputc.o)
 .bss           0x008002d6        0x0 c:/arduino/hardware/tools/avr/bin/../lib/gcc/avr/4.3.2/../../../../avr/lib/avr6\libc.a(sprintf.o)
 .bss           0x008002d6        0x0 c:/arduino/hardware/tools/avr/bin/../lib/gcc/avr/4.3.2/../../../../avr/lib/avr6\libc.a(vsnprintf.o)
 .bss           0x008002d6        0x0 c:/arduino/hardware/tools/avr/bin/../lib/gcc/avr/4.3.2/../../../../avr/lib/avr6\libc.a(vsnprintf_p.o)
 .bss           0x008002d6        0x0 c:/arduino/hardware/tools/avr/bin/../lib/gcc/avr/4.3.2/../../../../avr/lib/avr6\libc.a(ultoa_invert.o)
 *(.bss*)
 .bss.tov_cntr  0x008002d6        0x8 ./src/motion.o
 .bss.last_icr  0x008002de        0x4 ./src/motion.o
 .bss.new_data  0x008002e2        0x8 ./src/motion.o
 .bss.new_data_available
                0x008002ea        0x4 ./src/motion.o
 .bss.xI2CSemaphore
                0x008002ee        0x2 C:/Users/Nick/workspace/FreeRTOS801/Release/libFreeRTOS801.a(i2cMultiMaster.o)
                0x008002ee                xI2CSemaphore
 .bss.I2C_statusReg
                0x008002f0        0x1 C:/Users/Nick/workspace/FreeRTOS801/Release/libFreeRTOS801.a(i2cMultiMaster.o)
                0x008002f0                I2C_statusReg
 .bss.I2C_checkBusyAfterStop
                0x008002f1        0x1 C:/Users/Nick/workspace/FreeRTOS801/Release/libFreeRTOS801.a(i2cMultiMaster.o)
 .bss.I2C_bufPtr.1873
                0x008002f2        0x1 C:/Users/Nick/workspace/FreeRTOS801/Release/libFreeRTOS801.a(i2cMultiMaster.o)
 .bss.I2C_buf   0x008002f3       0x18 C:/Users/Nick/workspace/FreeRTOS801/Release/libFreeRTOS801.a(i2cMultiMaster.o)
 .bss.I2C_msgSize
                0x0080030b        0x1 C:/Users/Nick/workspace/FreeRTOS801/Release/libFreeRTOS801.a(i2cMultiMaster.o)
 .bss.pxCurrentTCB
                0x0080030c        0x2 C:/Users/Nick/workspace/FreeRTOS801/Release/libFreeRTOS801.a(tasks.o)
                0x0080030c                pxCurrentTCB
 .bss.uxCurrentNumberOfTasks
                0x0080030e        0x1 C:/Users/Nick/workspace/FreeRTOS801/Release/libFreeRTOS801.a(tasks.o)
 .bss.uxTopReadyPriority
                0x0080030f        0x1 C:/Users/Nick/workspace/FreeRTOS801/Release/libFreeRTOS801.a(tasks.o)
 .bss.xYieldPending
                0x00800310        0x1 C:/Users/Nick/workspace/FreeRTOS801/Release/libFreeRTOS801.a(tasks.o)
 .bss.xTickCount
                0x00800311        0x2 C:/Users/Nick/workspace/FreeRTOS801/Release/libFreeRTOS801.a(tasks.o)
 .bss.xNumOfOverflows
                0x00800313        0x1 C:/Users/Nick/workspace/FreeRTOS801/Release/libFreeRTOS801.a(tasks.o)
 .bss.uxSchedulerSuspended
                0x00800314        0x1 C:/Users/Nick/workspace/FreeRTOS801/Release/libFreeRTOS801.a(tasks.o)
 .bss.ulTotalRunTime
                0x00800315        0x4 C:/Users/Nick/workspace/FreeRTOS801/Release/libFreeRTOS801.a(tasks.o)
 .bss.ulTaskSwitchedInTime
                0x00800319        0x4 C:/Users/Nick/workspace/FreeRTOS801/Release/libFreeRTOS801.a(tasks.o)
 .bss.uxPendedTicks
                0x0080031d        0x1 C:/Users/Nick/workspace/FreeRTOS801/Release/libFreeRTOS801.a(tasks.o)
 .bss.xSchedulerRunning
                0x0080031e        0x1 C:/Users/Nick/workspace/FreeRTOS801/Release/libFreeRTOS801.a(tasks.o)
 .bss.uxTasksDeleted
                0x0080031f        0x1 C:/Users/Nick/workspace/FreeRTOS801/Release/libFreeRTOS801.a(tasks.o)
 .bss.uxTaskNumber
                0x00800320        0x1 C:/Users/Nick/workspace/FreeRTOS801/Release/libFreeRTOS801.a(tasks.o)
 .bss.pxReadyTasksLists
                0x00800321       0x24 C:/Users/Nick/workspace/FreeRTOS801/Release/libFreeRTOS801.a(tasks.o)
 .bss.xDelayedTaskList1
                0x00800345        0x9 C:/Users/Nick/workspace/FreeRTOS801/Release/libFreeRTOS801.a(tasks.o)
 .bss.xDelayedTaskList2
                0x0080034e        0x9 C:/Users/Nick/workspace/FreeRTOS801/Release/libFreeRTOS801.a(tasks.o)
 .bss.pxDelayedTaskList
                0x00800357        0x2 C:/Users/Nick/workspace/FreeRTOS801/Release/libFreeRTOS801.a(tasks.o)
 .bss.pxOverflowDelayedTaskList
                0x00800359        0x2 C:/Users/Nick/workspace/FreeRTOS801/Release/libFreeRTOS801.a(tasks.o)
 .bss.xPendingReadyList
                0x0080035b        0x9 C:/Users/Nick/workspace/FreeRTOS801/Release/libFreeRTOS801.a(tasks.o)
 .bss.xTasksWaitingTermination
                0x00800364        0x9 C:/Users/Nick/workspace/FreeRTOS801/Release/libFreeRTOS801.a(tasks.o)
 .bss.xSuspendedTaskList
                0x0080036d        0x9 C:/Users/Nick/workspace/FreeRTOS801/Release/libFreeRTOS801.a(tasks.o)
 .bss.portTickRateHz
                0x00800376        0x2 C:/Users/Nick/workspace/FreeRTOS801/Release/libFreeRTOS801.a(port.o)
 .bss.ticksRemainingInSec
                0x00800378        0x2 C:/Users/Nick/workspace/FreeRTOS801/Release/libFreeRTOS801.a(port.o)
 .bss.xBlockAllocatedBit
                0x0080037a        0x2 C:/Users/Nick/workspace/FreeRTOS801/Release/libFreeRTOS801.a(heap_4.o)
 .bss.pxEnd     0x0080037c        0x2 C:/Users/Nick/workspace/FreeRTOS801/Release/libFreeRTOS801.a(heap_4.o)
 .bss.ucHeap    0x0080037e     0x1200 C:/Users/Nick/workspace/FreeRTOS801/Release/libFreeRTOS801.a(heap_4.o)
 .bss.xStart    0x0080157e        0x4 C:/Users/Nick/workspace/FreeRTOS801/Release/libFreeRTOS801.a(heap_4.o)
 .bss.defaultUSART
                0x00801582        0x1 C:\Users\Nick\workspace\CEG4166_RTS_Lib\Release\libCEG4166_RTS_Lib.a(usartSerial.o)
                0x00801582                defaultUSART
 *(COMMON)
 COMMON         0x00801583        0x7 ./src/behaviour.o
                0x00801583                lastCenterServoDirection
                0x00801584                state
                0x00801586                direction
                0x00801588                stateTime
 COMMON         0x0080158a        0x2 ./src/main.o
                0x0080158a                usartfd
 COMMON         0x0080158c       0x10 ./src/servo.o
                0x0080158c                totalDistance
                0x00801594                previousSpeed
                0x00801598                wheelSpeed
 COMMON         0x0080159c       0x16 ./src/tempsensor.o
                0x0080159c                temp_pixel_values
                0x008015ac                averageRightTemp
                0x008015ae                averageLeftTemp
                0x008015b0                averageTemp
 COMMON         0x008015b2        0x2 ./src/timer.o
                0x008015b2                count
 COMMON         0x008015b4        0x4 C:/Users/Nick/workspace/FreeRTOS801/Release/libFreeRTOS801.a(system_time.o)
                0x008015b4                __system_time
 COMMON         0x008015b8       0x74 C:\Users\Nick\workspace\CEG4166_RTS_Lib\Release\libCEG4166_RTS_Lib.a(usartSerial.o)
                0x008015b8                usartComBuf
                0x0080162c                PROVIDE (__bss_end, .)
                0x00007b94                __data_load_start = LOADADDR (.data)
                0x00007c6a                __data_load_end = (__data_load_start + SIZEOF (.data))

.noinit         0x0080162c        0x0
                0x0080162c                PROVIDE (__noinit_start, .)
 *(.noinit*)
                0x0080162c                PROVIDE (__noinit_end, .)
                0x0080162c                _end = .
                0x0080162c                PROVIDE (__heap_start, .)

.eeprom         0x00810000        0x0
 *(.eeprom*)
                0x00810000                __eeprom_end = .

.fuse
 *(.fuse)
 *(.lfuse)
 *(.hfuse)
 *(.efuse)

.lock
 *(.lock*)

.signature
 *(.signature*)

.stab
 *(.stab)

.stabstr
 *(.stabstr)

.stab.excl
 *(.stab.excl)

.stab.exclstr
 *(.stab.exclstr)

.stab.index
 *(.stab.index)

.stab.indexstr
 *(.stab.indexstr)

.comment
 *(.comment)

.debug
 *(.debug)

.line
 *(.line)

.debug_srcinfo
 *(.debug_srcinfo)

.debug_sfnames
 *(.debug_sfnames)

.debug_aranges
 *(.debug_aranges)

.debug_pubnames
 *(.debug_pubnames)

.debug_info
 *(.debug_info)
 *(.gnu.linkonce.wi.*)

.debug_abbrev
 *(.debug_abbrev)

.debug_line
 *(.debug_line)

.debug_frame
 *(.debug_frame)

.debug_str
 *(.debug_str)

.debug_loc
 *(.debug_loc)

.debug_macinfo
 *(.debug_macinfo)
OUTPUT(EmptyProject.elf elf32-avr)
LOAD linker stubs
