Archive member included because of file (symbol)

C:/Users/Nick/workspace/FreeRTOS801/Release/libFreeRTOS801.a(port.o)
                              ./src/usart_serial.o (vPortYield)
C:/Users/Nick/workspace/FreeRTOS801/Release/libFreeRTOS801.a(system_tick.o)
                              C:/Users/Nick/workspace/FreeRTOS801/Release/libFreeRTOS801.a(port.o) (system_tick)
C:/Users/Nick/workspace/FreeRTOS801/Release/libFreeRTOS801.a(system_time.o)
                              C:/Users/Nick/workspace/FreeRTOS801/Release/libFreeRTOS801.a(system_tick.o) (__system_time)
C:/Users/Nick/workspace/FreeRTOS801/Release/libFreeRTOS801.a(i2cMultiMaster.o)
                              ./src/tempsensor.o (I2C_Master_Start_Transceiver_With_Data)
C:/Users/Nick/workspace/FreeRTOS801/Release/libFreeRTOS801.a(heap_4.o)
                              ./src/usart_serial.o (vPortFree)
C:/Users/Nick/workspace/FreeRTOS801/Release/libFreeRTOS801.a(queue.o)
                              C:/Users/Nick/workspace/FreeRTOS801/Release/libFreeRTOS801.a(i2cMultiMaster.o) (xQueueGenericSend)
C:/Users/Nick/workspace/FreeRTOS801/Release/libFreeRTOS801.a(tasks.o)
                              C:/Users/Nick/workspace/FreeRTOS801/Release/libFreeRTOS801.a(heap_4.o) (vTaskSuspendAll)
C:/Users/Nick/workspace/FreeRTOS801/Release/libFreeRTOS801.a(list.o)
                              C:/Users/Nick/workspace/FreeRTOS801/Release/libFreeRTOS801.a(queue.o) (vListInitialise)
C:/Users/Nick/workspace/FreeRTOS801/Release/libFreeRTOS801.a(runtTimeStatsTimer.o)
                              C:/Users/Nick/workspace/FreeRTOS801/Release/libFreeRTOS801.a(tasks.o) (xconfigTimerForRunTimeStats)
c:/arduino/hardware/tools/avr/bin/../lib/gcc/avr/4.3.2/../../../../avr/lib/avr6\libm.a(addsf3.o)
                              ./src/servo.o (__addsf3)
c:/arduino/hardware/tools/avr/bin/../lib/gcc/avr/4.3.2/../../../../avr/lib/avr6\libm.a(addsf3x.o)
                              c:/arduino/hardware/tools/avr/bin/../lib/gcc/avr/4.3.2/../../../../avr/lib/avr6\libm.a(addsf3.o) (__addsf3x)
c:/arduino/hardware/tools/avr/bin/../lib/gcc/avr/4.3.2/../../../../avr/lib/avr6\libm.a(cmpsf2.o)
                              ./src/servo.o (__nesf2)
c:/arduino/hardware/tools/avr/bin/../lib/gcc/avr/4.3.2/../../../../avr/lib/avr6\libm.a(divsf3.o)
                              ./src/servo.o (__divsf3)
c:/arduino/hardware/tools/avr/bin/../lib/gcc/avr/4.3.2/../../../../avr/lib/avr6\libm.a(divsf3x.o)
                              c:/arduino/hardware/tools/avr/bin/../lib/gcc/avr/4.3.2/../../../../avr/lib/avr6\libm.a(divsf3.o) (__divsf3x)
c:/arduino/hardware/tools/avr/bin/../lib/gcc/avr/4.3.2/../../../../avr/lib/avr6\libm.a(fixsfsi.o)
                              ./src/ping.o (__fixsfsi)
c:/arduino/hardware/tools/avr/bin/../lib/gcc/avr/4.3.2/../../../../avr/lib/avr6\libm.a(fixunssfsi.o)
                              c:/arduino/hardware/tools/avr/bin/../lib/gcc/avr/4.3.2/../../../../avr/lib/avr6\libm.a(fixsfsi.o) (__fixunssfsi)
c:/arduino/hardware/tools/avr/bin/../lib/gcc/avr/4.3.2/../../../../avr/lib/avr6\libm.a(floatsisf.o)
                              ./src/ping.o (__floatunsisf)
c:/arduino/hardware/tools/avr/bin/../lib/gcc/avr/4.3.2/../../../../avr/lib/avr6\libm.a(fp_cmp.o)
                              c:/arduino/hardware/tools/avr/bin/../lib/gcc/avr/4.3.2/../../../../avr/lib/avr6\libm.a(cmpsf2.o) (__fp_cmp)
c:/arduino/hardware/tools/avr/bin/../lib/gcc/avr/4.3.2/../../../../avr/lib/avr6\libm.a(fp_inf.o)
                              c:/arduino/hardware/tools/avr/bin/../lib/gcc/avr/4.3.2/../../../../avr/lib/avr6\libm.a(addsf3x.o) (__fp_inf)
c:/arduino/hardware/tools/avr/bin/../lib/gcc/avr/4.3.2/../../../../avr/lib/avr6\libm.a(fp_nan.o)
                              c:/arduino/hardware/tools/avr/bin/../lib/gcc/avr/4.3.2/../../../../avr/lib/avr6\libm.a(addsf3x.o) (__fp_nan)
c:/arduino/hardware/tools/avr/bin/../lib/gcc/avr/4.3.2/../../../../avr/lib/avr6\libm.a(fp_pscA.o)
                              c:/arduino/hardware/tools/avr/bin/../lib/gcc/avr/4.3.2/../../../../avr/lib/avr6\libm.a(addsf3x.o) (__fp_pscA)
c:/arduino/hardware/tools/avr/bin/../lib/gcc/avr/4.3.2/../../../../avr/lib/avr6\libm.a(fp_pscB.o)
                              c:/arduino/hardware/tools/avr/bin/../lib/gcc/avr/4.3.2/../../../../avr/lib/avr6\libm.a(addsf3x.o) (__fp_pscB)
c:/arduino/hardware/tools/avr/bin/../lib/gcc/avr/4.3.2/../../../../avr/lib/avr6\libm.a(fp_round.o)
                              c:/arduino/hardware/tools/avr/bin/../lib/gcc/avr/4.3.2/../../../../avr/lib/avr6\libm.a(addsf3.o) (__fp_round)
c:/arduino/hardware/tools/avr/bin/../lib/gcc/avr/4.3.2/../../../../avr/lib/avr6\libm.a(fp_split3.o)
                              c:/arduino/hardware/tools/avr/bin/../lib/gcc/avr/4.3.2/../../../../avr/lib/avr6\libm.a(addsf3x.o) (__fp_split3)
c:/arduino/hardware/tools/avr/bin/../lib/gcc/avr/4.3.2/../../../../avr/lib/avr6\libm.a(fp_zero.o)
                              c:/arduino/hardware/tools/avr/bin/../lib/gcc/avr/4.3.2/../../../../avr/lib/avr6\libm.a(addsf3x.o) (__fp_zero)
c:/arduino/hardware/tools/avr/bin/../lib/gcc/avr/4.3.2/../../../../avr/lib/avr6\libm.a(gesf2.o)
                              ./src/servo.o (__gtsf2)
c:/arduino/hardware/tools/avr/bin/../lib/gcc/avr/4.3.2/../../../../avr/lib/avr6\libm.a(mulsf3.o)
                              ./src/ping.o (__mulsf3)
c:/arduino/hardware/tools/avr/bin/../lib/gcc/avr/4.3.2/../../../../avr/lib/avr6\libm.a(mulsf3x.o)
                              c:/arduino/hardware/tools/avr/bin/../lib/gcc/avr/4.3.2/../../../../avr/lib/avr6\libm.a(mulsf3.o) (__mulsf3x)
c:/arduino/hardware/tools/avr/bin/../lib/gcc/avr/4.3.2/../../../../avr/lib/avr6\libprintf_flt.a(vfprintf_flt.o)
                              (vfprintf)
c:/arduino/hardware/tools/avr/bin/../lib/gcc/avr/4.3.2/avr6\libgcc.a(_mulsi3.o)
                              ./src/motion.o (__mulsi3)
c:/arduino/hardware/tools/avr/bin/../lib/gcc/avr/4.3.2/avr6\libgcc.a(_udivmodhi4.o)
                              ./src/wireless_interface.o (__udivmodhi4)
c:/arduino/hardware/tools/avr/bin/../lib/gcc/avr/4.3.2/avr6\libgcc.a(_divmodhi4.o)
                              ./src/attached_mode.o (__divmodhi4)
c:/arduino/hardware/tools/avr/bin/../lib/gcc/avr/4.3.2/avr6\libgcc.a(_udivmodsi4.o)
                              ./src/usart_serial.o (__udivmodsi4)
c:/arduino/hardware/tools/avr/bin/../lib/gcc/avr/4.3.2/avr6\libgcc.a(_prologue.o)
                              ./src/behaviour.o (__prologue_saves__)
c:/arduino/hardware/tools/avr/bin/../lib/gcc/avr/4.3.2/avr6\libgcc.a(_epilogue.o)
                              ./src/behaviour.o (__epilogue_restores__)
c:/arduino/hardware/tools/avr/bin/../lib/gcc/avr/4.3.2/avr6\libgcc.a(_exit.o)
                              c:/arduino/hardware/tools/avr/bin/../lib/gcc/avr/4.3.2/../../../../avr/lib/avr6/crtm2560.o (exit)
c:/arduino/hardware/tools/avr/bin/../lib/gcc/avr/4.3.2/avr6\libgcc.a(_tablejump.o)
                              ./src/wireless_interface.o (__tablejump2__)
c:/arduino/hardware/tools/avr/bin/../lib/gcc/avr/4.3.2/avr6\libgcc.a(_clear_bss.o)
                              ./src/attached_mode.o (__do_clear_bss)
c:/arduino/hardware/tools/avr/bin/../lib/gcc/avr/4.3.2/../../../../avr/lib/avr6\libc.a(ftoa_engine.o)
                              c:/arduino/hardware/tools/avr/bin/../lib/gcc/avr/4.3.2/../../../../avr/lib/avr6\libprintf_flt.a(vfprintf_flt.o) (__ftoa_engine)
c:/arduino/hardware/tools/avr/bin/../lib/gcc/avr/4.3.2/../../../../avr/lib/avr6\libc.a(strnlen_P.o)
                              c:/arduino/hardware/tools/avr/bin/../lib/gcc/avr/4.3.2/../../../../avr/lib/avr6\libprintf_flt.a(vfprintf_flt.o) (strnlen_P)
c:/arduino/hardware/tools/avr/bin/../lib/gcc/avr/4.3.2/../../../../avr/lib/avr6\libc.a(memcpy.o)
                              C:/Users/Nick/workspace/FreeRTOS801/Release/libFreeRTOS801.a(queue.o) (memcpy)
c:/arduino/hardware/tools/avr/bin/../lib/gcc/avr/4.3.2/../../../../avr/lib/avr6\libc.a(memset.o)
                              ./src/wireless_interface.o (memset)
c:/arduino/hardware/tools/avr/bin/../lib/gcc/avr/4.3.2/../../../../avr/lib/avr6\libc.a(strcat.o)
                              ./src/wireless_interface.o (strcat)
c:/arduino/hardware/tools/avr/bin/../lib/gcc/avr/4.3.2/../../../../avr/lib/avr6\libc.a(strcpy.o)
                              ./src/wireless_interface.o (strcpy)
c:/arduino/hardware/tools/avr/bin/../lib/gcc/avr/4.3.2/../../../../avr/lib/avr6\libc.a(strncat.o)
                              ./src/wireless_interface.o (strncat)
c:/arduino/hardware/tools/avr/bin/../lib/gcc/avr/4.3.2/../../../../avr/lib/avr6\libc.a(strncmp.o)
                              ./src/wireless_interface.o (strncmp)
c:/arduino/hardware/tools/avr/bin/../lib/gcc/avr/4.3.2/../../../../avr/lib/avr6\libc.a(strncpy.o)
                              ./src/wireless_interface.o (strncpy)
c:/arduino/hardware/tools/avr/bin/../lib/gcc/avr/4.3.2/../../../../avr/lib/avr6\libc.a(strnlen.o)
                              c:/arduino/hardware/tools/avr/bin/../lib/gcc/avr/4.3.2/../../../../avr/lib/avr6\libprintf_flt.a(vfprintf_flt.o) (strnlen)
c:/arduino/hardware/tools/avr/bin/../lib/gcc/avr/4.3.2/../../../../avr/lib/avr6\libc.a(strstr.o)
                              ./src/wireless_interface.o (strstr)
c:/arduino/hardware/tools/avr/bin/../lib/gcc/avr/4.3.2/../../../../avr/lib/avr6\libc.a(fputc.o)
                              c:/arduino/hardware/tools/avr/bin/../lib/gcc/avr/4.3.2/../../../../avr/lib/avr6\libprintf_flt.a(vfprintf_flt.o) (fputc)
c:/arduino/hardware/tools/avr/bin/../lib/gcc/avr/4.3.2/../../../../avr/lib/avr6\libc.a(sprintf.o)
                              ./src/behaviour.o (sprintf)
c:/arduino/hardware/tools/avr/bin/../lib/gcc/avr/4.3.2/../../../../avr/lib/avr6\libc.a(vsnprintf.o)
                              ./src/usart_serial.o (vsnprintf)
c:/arduino/hardware/tools/avr/bin/../lib/gcc/avr/4.3.2/../../../../avr/lib/avr6\libc.a(vsnprintf_p.o)
                              ./src/usart_serial.o (vsnprintf_P)
c:/arduino/hardware/tools/avr/bin/../lib/gcc/avr/4.3.2/../../../../avr/lib/avr6\libc.a(ultoa_invert.o)
                              c:/arduino/hardware/tools/avr/bin/../lib/gcc/avr/4.3.2/../../../../avr/lib/avr6\libprintf_flt.a(vfprintf_flt.o) (__ultoa_invert)

Allocating common symbols
Common symbol       size              file

totalDistance       0x8               ./src/servo.o
client_web_page     0x25              ./src/wireless_interface.o
lastTrackedDirection
                    0x2               ./src/attached_mode.o
timerTickCount      0x2               ./src/timer.o
register_values     0x14              ./src/tempsensor.o
previousSpeedLeft   0x4               ./src/servo.o
distance            0x4               ./src/ping.o
state               0x2               ./src/behaviour.o
wheelsUpdated       0x1               ./src/behaviour.o
wifi_client         0x1               ./src/wireless_interface.o
lcdUpdated          0x1               ./src/behaviour.o
usartComBuf         0x78              ./src/usart_serial.o
centerServoDirection
                    0x2               ./src/behaviour.o
wheelSpeedUpdated   0x1               ./src/behaviour.o
previousSpeedRight  0x4               ./src/servo.o
wheelSpeedLeft      0x4               ./src/servo.o
currentCenterServoDirection
                    0x2               ./src/attached_mode.o
isrCallback         0x2               ./src/timer.o
gainspan            0x57              ./src/wireless_interface.o
currentMode         0x2               ./src/attached_mode.o
targetFound         0x1               ./src/attached_mode.o
client_response_buffer
                    0x2               ./src/wireless_interface.o
wheelSpeedRight     0x4               ./src/servo.o
__system_time       0x4               C:/Users/Nick/workspace/FreeRTOS801/Release/libFreeRTOS801.a(system_time.o)
wifi_server         0x3               ./src/wireless_interface.o
centerServoUpdated  0x1               ./src/behaviour.o

Memory Configuration

Name             Origin             Length             Attributes
text             0x00000000         0x00100000         xr
data             0x00800200         0x0000fe00         rw !x
eeprom           0x00810000         0x00010000         rw !x
fuse             0x00820000         0x00000400         rw !x
lock             0x00830000         0x00000400         rw !x
signature        0x00840000         0x00000400         rw !x
*default*        0x00000000         0xffffffff

Linker script and memory map

Address of section .data set to 0x800200
LOAD c:/arduino/hardware/tools/avr/bin/../lib/gcc/avr/4.3.2/../../../../avr/lib/avr6/crtm2560.o
LOAD ./src/attached_mode.o
LOAD ./src/behaviour.o
LOAD ./src/custom_timer.o
LOAD ./src/lcd.o
LOAD ./src/led.o
LOAD ./src/main.o
LOAD ./src/motion.o
LOAD ./src/ping.o
LOAD ./src/servo.o
LOAD ./src/tempsensor.o
LOAD ./src/timer.o
LOAD ./src/usart_serial.o
LOAD ./src/wireless_interface.o
LOAD C:/Users/Nick/workspace/FreeRTOS801/Release/libFreeRTOS801.a
LOAD c:/arduino/hardware/tools/avr/bin/../lib/gcc/avr/4.3.2/../../../../avr/lib/avr6\libm.a
LOAD c:/arduino/hardware/tools/avr/bin/../lib/gcc/avr/4.3.2/../../../../avr/lib/avr6\libprintf_flt.a
LOAD C:\Users\Nick\workspace\FreeRTOS801\Release\libFreeRTOS801.a
LOAD C:\Users\Nick\workspace\CEG4166_RTS_Lib\Release\libCEG4166_RTS_Lib.a
LOAD c:/arduino/hardware/tools/avr/bin/../lib/gcc/avr/4.3.2/avr6\libgcc.a
LOAD c:/arduino/hardware/tools/avr/bin/../lib/gcc/avr/4.3.2/../../../../avr/lib/avr6\libc.a
LOAD c:/arduino/hardware/tools/avr/bin/../lib/gcc/avr/4.3.2/avr6\libgcc.a

.hash
 *(.hash)

.dynsym
 *(.dynsym)

.dynstr
 *(.dynstr)

.gnu.version
 *(.gnu.version)

.gnu.version_d
 *(.gnu.version_d)

.gnu.version_r
 *(.gnu.version_r)

.rel.init
 *(.rel.init)

.rela.init
 *(.rela.init)

.rel.text
 *(.rel.text)
 *(.rel.text.*)
 *(.rel.gnu.linkonce.t*)

.rela.text
 *(.rela.text)
 *(.rela.text.*)
 *(.rela.gnu.linkonce.t*)

.rel.fini
 *(.rel.fini)

.rela.fini
 *(.rela.fini)

.rel.rodata
 *(.rel.rodata)
 *(.rel.rodata.*)
 *(.rel.gnu.linkonce.r*)

.rela.rodata
 *(.rela.rodata)
 *(.rela.rodata.*)
 *(.rela.gnu.linkonce.r*)

.rel.data
 *(.rel.data)
 *(.rel.data.*)
 *(.rel.gnu.linkonce.d*)

.rela.data
 *(.rela.data)
 *(.rela.data.*)
 *(.rela.gnu.linkonce.d*)

.rel.ctors
 *(.rel.ctors)

.rela.ctors
 *(.rela.ctors)

.rel.dtors
 *(.rel.dtors)

.rela.dtors
 *(.rela.dtors)

.rel.got
 *(.rel.got)

.rela.got
 *(.rela.got)

.rel.bss
 *(.rel.bss)

.rela.bss
 *(.rela.bss)

.rel.plt
 *(.rel.plt)

.rela.plt
 *(.rela.plt)

.text           0x00000000     0xb11c
 *(.vectors)
 .vectors       0x00000000       0xe4 c:/arduino/hardware/tools/avr/bin/../lib/gcc/avr/4.3.2/../../../../avr/lib/avr6/crtm2560.o
                0x00000000                __vectors
                0x00000000                __vector_default
 *(.vectors)
 *(.progmem.gcc*)
 .progmem.gcc_sw_table
                0x000000e4       0x54 ./src/wireless_interface.o
 .progmem.gcc_sw_table
                0x00000138      0x182 C:/Users/Nick/workspace/FreeRTOS801/Release/libFreeRTOS801.a(i2cMultiMaster.o)
 *(.progmem*)
 .progmem.data  0x000002ba       0x3c ./src/main.o
 .progmem.data  0x000002f6        0x8 c:/arduino/hardware/tools/avr/bin/../lib/gcc/avr/4.3.2/../../../../avr/lib/avr6\libprintf_flt.a(vfprintf_flt.o)
 .progmem.data  0x000002fe       0xfa c:/arduino/hardware/tools/avr/bin/../lib/gcc/avr/4.3.2/../../../../avr/lib/avr6\libc.a(ftoa_engine.o)
                0x000003f8                . = ALIGN (0x2)
                0x000003f8                __trampolines_start = .
 *(.trampolines)
 .trampolines   0x000003f8        0x0 linker stubs
 *(.trampolines*)
                0x000003f8                __trampolines_end = .
 *(.jumptables)
 *(.jumptables*)
 *(.lowtext)
 .lowtext       0x000003f8      0x2e8 C:/Users/Nick/workspace/FreeRTOS801/Release/libFreeRTOS801.a(tasks.o)
 *(.lowtext*)
                0x000006e0                __ctors_start = .
 *(.ctors)
                0x000006e0                __ctors_end = .
                0x000006e0                __dtors_start = .
 *(.dtors)
                0x000006e0                __dtors_end = .
 SORT(*)(.ctors)
 SORT(*)(.dtors)
 *(.init0)
 .init0         0x000006e0        0x0 c:/arduino/hardware/tools/avr/bin/../lib/gcc/avr/4.3.2/../../../../avr/lib/avr6/crtm2560.o
                0x000006e0                __init
 *(.init0)
 *(.init1)
 *(.init1)
 *(.init2)
 .init2         0x000006e0       0x10 c:/arduino/hardware/tools/avr/bin/../lib/gcc/avr/4.3.2/../../../../avr/lib/avr6/crtm2560.o
 *(.init2)
 *(.init3)
 *(.init3)
 *(.init4)
 .init4         0x000006f0       0x1c c:/arduino/hardware/tools/avr/bin/../lib/gcc/avr/4.3.2/../../../../avr/lib/avr6/crtm2560.o
                0x000006f0                __do_copy_data
 .init4         0x0000070c       0x10 c:/arduino/hardware/tools/avr/bin/../lib/gcc/avr/4.3.2/avr6\libgcc.a(_clear_bss.o)
                0x0000070c                __do_clear_bss
 *(.init4)
 *(.init5)
 *(.init5)
 *(.init6)
 *(.init6)
 *(.init7)
 *(.init7)
 *(.init8)
 *(.init8)
 *(.init9)
 .init9         0x0000071c        0x8 c:/arduino/hardware/tools/avr/bin/../lib/gcc/avr/4.3.2/../../../../avr/lib/avr6/crtm2560.o
 *(.init9)
 *(.text)
 .text          0x00000724        0x4 c:/arduino/hardware/tools/avr/bin/../lib/gcc/avr/4.3.2/../../../../avr/lib/avr6/crtm2560.o
                0x00000724                __vector_38
                0x00000724                __vector_22
                0x00000724                __vector_28
                0x00000724                __vector_1
                0x00000724                __vector_34
                0x00000724                __vector_24
                0x00000724                __vector_12
                0x00000724                __bad_interrupt
                0x00000724                __vector_6
                0x00000724                __vector_31
                0x00000724                __vector_3
                0x00000724                __vector_30
                0x00000724                __vector_11
                0x00000724                __vector_13
                0x00000724                __vector_17
                0x00000724                __vector_19
                0x00000724                __vector_56
                0x00000724                __vector_7
                0x00000724                __vector_49
                0x00000724                __vector_43
                0x00000724                __vector_27
                0x00000724                __vector_5
                0x00000724                __vector_33
                0x00000724                __vector_47
                0x00000724                __vector_4
                0x00000724                __vector_44
                0x00000724                __vector_9
                0x00000724                __vector_2
                0x00000724                __vector_21
                0x00000724                __vector_15
                0x00000724                __vector_29
                0x00000724                __vector_40
                0x00000724                __vector_8
                0x00000724                __vector_48
                0x00000724                __vector_14
                0x00000724                __vector_53
                0x00000724                __vector_10
                0x00000724                __vector_16
                0x00000724                __vector_18
                0x00000724                __vector_20
                0x00000724                __vector_42
 .text          0x00000728        0x0 ./src/attached_mode.o
 .text          0x00000728        0x0 ./src/behaviour.o
 .text          0x00000728        0x0 ./src/custom_timer.o
 .text          0x00000728        0x0 ./src/lcd.o
 .text          0x00000728        0x0 ./src/led.o
 .text          0x00000728        0x0 ./src/main.o
 .text          0x00000728        0x0 ./src/motion.o
 .text          0x00000728        0x0 ./src/ping.o
 .text          0x00000728        0x0 ./src/servo.o
 .text          0x00000728        0x0 ./src/tempsensor.o
 .text          0x00000728        0x0 ./src/timer.o
 .text          0x00000728        0x0 ./src/usart_serial.o
 .text          0x00000728        0x0 ./src/wireless_interface.o
 .text          0x00000728        0x0 C:/Users/Nick/workspace/FreeRTOS801/Release/libFreeRTOS801.a(port.o)
 .text          0x00000728       0x38 C:/Users/Nick/workspace/FreeRTOS801/Release/libFreeRTOS801.a(system_tick.o)
                0x00000728                system_tick
 .text          0x00000760        0x0 C:/Users/Nick/workspace/FreeRTOS801/Release/libFreeRTOS801.a(system_time.o)
 .text          0x00000760        0x0 C:/Users/Nick/workspace/FreeRTOS801/Release/libFreeRTOS801.a(i2cMultiMaster.o)
 .text          0x00000760        0x0 C:/Users/Nick/workspace/FreeRTOS801/Release/libFreeRTOS801.a(heap_4.o)
 .text          0x00000760        0x0 C:/Users/Nick/workspace/FreeRTOS801/Release/libFreeRTOS801.a(queue.o)
 .text          0x00000760        0x0 C:/Users/Nick/workspace/FreeRTOS801/Release/libFreeRTOS801.a(tasks.o)
 .text          0x00000760        0x0 C:/Users/Nick/workspace/FreeRTOS801/Release/libFreeRTOS801.a(list.o)
 .text          0x00000760        0x0 C:/Users/Nick/workspace/FreeRTOS801/Release/libFreeRTOS801.a(runtTimeStatsTimer.o)
 .text          0x00000760        0x0 c:/arduino/hardware/tools/avr/bin/../lib/gcc/avr/4.3.2/../../../../avr/lib/avr6\libm.a(addsf3.o)
 .text          0x00000760        0x0 c:/arduino/hardware/tools/avr/bin/../lib/gcc/avr/4.3.2/../../../../avr/lib/avr6\libm.a(addsf3x.o)
 .text          0x00000760        0x0 c:/arduino/hardware/tools/avr/bin/../lib/gcc/avr/4.3.2/../../../../avr/lib/avr6\libm.a(cmpsf2.o)
 .text          0x00000760        0x0 c:/arduino/hardware/tools/avr/bin/../lib/gcc/avr/4.3.2/../../../../avr/lib/avr6\libm.a(divsf3.o)
 .text          0x00000760        0x0 c:/arduino/hardware/tools/avr/bin/../lib/gcc/avr/4.3.2/../../../../avr/lib/avr6\libm.a(divsf3x.o)
 .text          0x00000760        0x0 c:/arduino/hardware/tools/avr/bin/../lib/gcc/avr/4.3.2/../../../../avr/lib/avr6\libm.a(fixsfsi.o)
 .text          0x00000760        0x0 c:/arduino/hardware/tools/avr/bin/../lib/gcc/avr/4.3.2/../../../../avr/lib/avr6\libm.a(fixunssfsi.o)
 .text          0x00000760        0x0 c:/arduino/hardware/tools/avr/bin/../lib/gcc/avr/4.3.2/../../../../avr/lib/avr6\libm.a(floatsisf.o)
 .text          0x00000760        0x0 c:/arduino/hardware/tools/avr/bin/../lib/gcc/avr/4.3.2/../../../../avr/lib/avr6\libm.a(fp_cmp.o)
 .text          0x00000760        0x0 c:/arduino/hardware/tools/avr/bin/../lib/gcc/avr/4.3.2/../../../../avr/lib/avr6\libm.a(fp_inf.o)
 .text          0x00000760        0x0 c:/arduino/hardware/tools/avr/bin/../lib/gcc/avr/4.3.2/../../../../avr/lib/avr6\libm.a(fp_nan.o)
 .text          0x00000760        0x0 c:/arduino/hardware/tools/avr/bin/../lib/gcc/avr/4.3.2/../../../../avr/lib/avr6\libm.a(fp_pscA.o)
 .text          0x00000760        0x0 c:/arduino/hardware/tools/avr/bin/../lib/gcc/avr/4.3.2/../../../../avr/lib/avr6\libm.a(fp_pscB.o)
 .text          0x00000760        0x0 c:/arduino/hardware/tools/avr/bin/../lib/gcc/avr/4.3.2/../../../../avr/lib/avr6\libm.a(fp_round.o)
 .text          0x00000760        0x0 c:/arduino/hardware/tools/avr/bin/../lib/gcc/avr/4.3.2/../../../../avr/lib/avr6\libm.a(fp_split3.o)
 .text          0x00000760        0x0 c:/arduino/hardware/tools/avr/bin/../lib/gcc/avr/4.3.2/../../../../avr/lib/avr6\libm.a(fp_zero.o)
 .text          0x00000760        0x0 c:/arduino/hardware/tools/avr/bin/../lib/gcc/avr/4.3.2/../../../../avr/lib/avr6\libm.a(gesf2.o)
 .text          0x00000760        0x0 c:/arduino/hardware/tools/avr/bin/../lib/gcc/avr/4.3.2/../../../../avr/lib/avr6\libm.a(mulsf3.o)
 .text          0x00000760        0x0 c:/arduino/hardware/tools/avr/bin/../lib/gcc/avr/4.3.2/../../../../avr/lib/avr6\libm.a(mulsf3x.o)
 .text          0x00000760      0x712 c:/arduino/hardware/tools/avr/bin/../lib/gcc/avr/4.3.2/../../../../avr/lib/avr6\libprintf_flt.a(vfprintf_flt.o)
                0x00000760                vfprintf
 .text          0x00000e72        0x0 c:/arduino/hardware/tools/avr/bin/../lib/gcc/avr/4.3.2/avr6\libgcc.a(_mulsi3.o)
 .text          0x00000e72        0x0 c:/arduino/hardware/tools/avr/bin/../lib/gcc/avr/4.3.2/avr6\libgcc.a(_udivmodhi4.o)
 .text          0x00000e72        0x0 c:/arduino/hardware/tools/avr/bin/../lib/gcc/avr/4.3.2/avr6\libgcc.a(_divmodhi4.o)
 .text          0x00000e72        0x0 c:/arduino/hardware/tools/avr/bin/../lib/gcc/avr/4.3.2/avr6\libgcc.a(_udivmodsi4.o)
 .text          0x00000e72        0x0 c:/arduino/hardware/tools/avr/bin/../lib/gcc/avr/4.3.2/avr6\libgcc.a(_prologue.o)
 .text          0x00000e72        0x0 c:/arduino/hardware/tools/avr/bin/../lib/gcc/avr/4.3.2/avr6\libgcc.a(_epilogue.o)
 .text          0x00000e72        0x0 c:/arduino/hardware/tools/avr/bin/../lib/gcc/avr/4.3.2/avr6\libgcc.a(_exit.o)
 .text          0x00000e72        0x0 c:/arduino/hardware/tools/avr/bin/../lib/gcc/avr/4.3.2/avr6\libgcc.a(_tablejump.o)
 .text          0x00000e72        0x0 c:/arduino/hardware/tools/avr/bin/../lib/gcc/avr/4.3.2/avr6\libgcc.a(_clear_bss.o)
 .text          0x00000e72      0x1b0 c:/arduino/hardware/tools/avr/bin/../lib/gcc/avr/4.3.2/../../../../avr/lib/avr6\libc.a(ftoa_engine.o)
                0x00000e72                __ftoa_engine
 .text          0x00001022       0x16 c:/arduino/hardware/tools/avr/bin/../lib/gcc/avr/4.3.2/../../../../avr/lib/avr6\libc.a(strnlen_P.o)
                0x00001022                strnlen_P
 .text          0x00001038       0x12 c:/arduino/hardware/tools/avr/bin/../lib/gcc/avr/4.3.2/../../../../avr/lib/avr6\libc.a(memcpy.o)
                0x00001038                memcpy
 .text          0x0000104a        0xe c:/arduino/hardware/tools/avr/bin/../lib/gcc/avr/4.3.2/../../../../avr/lib/avr6\libc.a(memset.o)
                0x0000104a                memset
 .text          0x00001058       0x16 c:/arduino/hardware/tools/avr/bin/../lib/gcc/avr/4.3.2/../../../../avr/lib/avr6\libc.a(strcat.o)
                0x00001058                strcat
 .text          0x0000106e        0xe c:/arduino/hardware/tools/avr/bin/../lib/gcc/avr/4.3.2/../../../../avr/lib/avr6\libc.a(strcpy.o)
                0x0000106e                strcpy
 .text          0x0000107c       0x20 c:/arduino/hardware/tools/avr/bin/../lib/gcc/avr/4.3.2/../../../../avr/lib/avr6\libc.a(strncat.o)
                0x0000107c                strncat
 .text          0x0000109c       0x1c c:/arduino/hardware/tools/avr/bin/../lib/gcc/avr/4.3.2/../../../../avr/lib/avr6\libc.a(strncmp.o)
                0x0000109c                strncmp
 .text          0x000010b8       0x1e c:/arduino/hardware/tools/avr/bin/../lib/gcc/avr/4.3.2/../../../../avr/lib/avr6\libc.a(strncpy.o)
                0x000010b8                strncpy
 .text          0x000010d6       0x16 c:/arduino/hardware/tools/avr/bin/../lib/gcc/avr/4.3.2/../../../../avr/lib/avr6\libc.a(strnlen.o)
                0x000010d6                strnlen
 .text          0x000010ec       0x34 c:/arduino/hardware/tools/avr/bin/../lib/gcc/avr/4.3.2/../../../../avr/lib/avr6\libc.a(strstr.o)
                0x000010ec                strstr
 .text          0x00001120       0x58 c:/arduino/hardware/tools/avr/bin/../lib/gcc/avr/4.3.2/../../../../avr/lib/avr6\libc.a(fputc.o)
                0x00001120                fputc
 .text          0x00001178       0x48 c:/arduino/hardware/tools/avr/bin/../lib/gcc/avr/4.3.2/../../../../avr/lib/avr6\libc.a(sprintf.o)
                0x00001178                sprintf
 .text          0x000011c0       0x54 c:/arduino/hardware/tools/avr/bin/../lib/gcc/avr/4.3.2/../../../../avr/lib/avr6\libc.a(vsnprintf.o)
                0x000011c0                vsnprintf
 .text          0x00001214       0x54 c:/arduino/hardware/tools/avr/bin/../lib/gcc/avr/4.3.2/../../../../avr/lib/avr6\libc.a(vsnprintf_p.o)
                0x00001214                vsnprintf_P
 .text          0x00001268       0xbc c:/arduino/hardware/tools/avr/bin/../lib/gcc/avr/4.3.2/../../../../avr/lib/avr6\libc.a(ultoa_invert.o)
                0x00001268                __ultoa_invert
                0x00001324                . = ALIGN (0x2)
 *(.text.*)
 .text.initAttachedMode
                0x00001324       0x1a ./src/attached_mode.o
                0x00001324                initAttachedMode
 .text.updateWheelsAttachedMode
                0x0000133e       0x5c ./src/attached_mode.o
                0x0000133e                updateWheelsAttachedMode
 .text.trackHeat
                0x0000139a       0xb8 ./src/attached_mode.o
                0x0000139a                trackHeat
 .text.readHeat
                0x00001452       0x1c ./src/attached_mode.o
                0x00001452                readHeat
 .text.updateCenterServoAttachedMode
                0x0000146e       0x62 ./src/attached_mode.o
                0x0000146e                updateCenterServoAttachedMode
 .text.updateWheels
                0x000014d0        0x2 ./src/behaviour.o
                0x000014d0                updateWheels
 .text.updateCenterServo
                0x000014d2        0x2 ./src/behaviour.o
                0x000014d2                updateCenterServo
 .text.updateLED
                0x000014d4       0x48 ./src/behaviour.o
                0x000014d4                updateLED
 .text.updateLCD
                0x0000151c      0x122 ./src/behaviour.o
                0x0000151c                updateLCD
 .text.updateWheelSpeed
                0x0000163e       0x14 ./src/behaviour.o
                0x0000163e                updateWheelSpeed
 .text.TaskMoveAndScan
                0x00001652        0xe ./src/behaviour.o
                0x00001652                TaskMoveAndScan
 .text.updateState
                0x00001660       0x70 ./src/behaviour.o
                0x00001660                updateState
 .text.timerCallback
                0x000016d0        0x6 ./src/behaviour.o
                0x000016d0                timerCallback
 .text.initBehaviour
                0x000016d6       0x4e ./src/behaviour.o
                0x000016d6                initBehaviour
 .text.initialize_module_timer0
                0x00001724       0x3e ./src/custom_timer.o
                0x00001724                initialize_module_timer0
 .text.time_in_microseconds
                0x00001762       0x4e ./src/custom_timer.o
                0x00001762                time_in_microseconds
 .text.time_in_milliseconds
                0x000017b0       0x1c ./src/custom_timer.o
                0x000017b0                time_in_milliseconds
 .text.delay_milliseconds
                0x000017cc       0xd4 ./src/custom_timer.o
                0x000017cc                delay_milliseconds
 .text.__vector_23
                0x000018a0       0x90 ./src/custom_timer.o
                0x000018a0                __vector_23
 .text.sendLCDCommand
                0x00001930       0x1c ./src/lcd.o
                0x00001930                sendLCDCommand
 .text.LCDPrint
                0x0000194c       0x42 ./src/lcd.o
                0x0000194c                LCDPrint
 .text.LCDInit  0x0000198e       0x36 ./src/lcd.o
                0x0000198e                LCDInit
 .text.initLED  0x000019c4       0x1e ./src/led.o
                0x000019c4                initLED
 .text.setColor
                0x000019e2       0x34 ./src/led.o
                0x000019e2                setColor
 .text.vApplicationStackOverflowHook
                0x00001a16        0x2 ./src/main.o
                0x00001a16                vApplicationStackOverflowHook
 .text.TaskWheels
                0x00001a18       0x88 ./src/main.o
                0x00001a18                TaskWheels
 .text.TaskLED  0x00001aa0       0x70 ./src/main.o
                0x00001aa0                TaskLED
 .text.TaskWIFI
                0x00001b10       0xa0 ./src/main.o
                0x00001b10                TaskWIFI
 .text.TaskLCD  0x00001bb0      0x154 ./src/main.o
                0x00001bb0                TaskLCD
 .text.TaskWheelSpeed
                0x00001d04       0x12 ./src/main.o
                0x00001d04                TaskWheelSpeed
 .text.TaskSonar
                0x00001d16       0x16 ./src/main.o
                0x00001d16                TaskSonar
 .text.TaskThermoSensor
                0x00001d2c       0x12 ./src/main.o
                0x00001d2c                TaskThermoSensor
 .text.TaskCenterServo
                0x00001d3e       0x3c ./src/main.o
                0x00001d3e                TaskCenterServo
 .text.initWifi
                0x00001d7a       0xbc ./src/main.o
                0x00001d7a                initWifi
 .text.initModules
                0x00001e36       0x22 ./src/main.o
                0x00001e36                initModules
 .text.createTasks
                0x00001e58       0x84 ./src/main.o
                0x00001e58                createTasks
 .text.main     0x00001edc       0x22 ./src/main.o
                0x00001edc                main
 .text.motion_servo_start
                0x00001efe       0xc4 ./src/motion.o
                0x00001efe                motion_servo_start
 .text.motion_servo_stop
                0x00001fc2       0x9e ./src/motion.o
                0x00001fc2                motion_servo_stop
 .text.motion_servo_set_pulse_width
                0x00002060       0x36 ./src/motion.o
                0x00002060                motion_servo_set_pulse_width
 .text.motion_servo_get_pulse_width
                0x00002096       0x2a ./src/motion.o
                0x00002096                motion_servo_get_pulse_width
 .text.motion_enc_read
                0x000020c0       0x5a ./src/motion.o
                0x000020c0                motion_enc_read
 .text.__vector_45
                0x0000211a       0x4a ./src/motion.o
                0x0000211a                __vector_45
 .text.__vector_50
                0x00002164       0x4a ./src/motion.o
                0x00002164                __vector_50
 .text.__vector_41
                0x000021ae      0x116 ./src/motion.o
                0x000021ae                __vector_41
 .text.__vector_46
                0x000022c4      0x11c ./src/motion.o
                0x000022c4                __vector_46
 .text.motion_init
                0x000023e0      0x13e ./src/motion.o
                0x000023e0                motion_init
 .text.initPing
                0x0000251e       0x1e ./src/ping.o
                0x0000251e                initPing
 .text.getDistance
                0x0000253c       0x16 ./src/ping.o
                0x0000253c                getDistance
 .text.pulse_out
                0x00002552       0x16 ./src/ping.o
                0x00002552                pulse_out
 .text.pulse_in
                0x00002568       0x70 ./src/ping.o
                0x00002568                pulse_in
 .text.ping     0x000025d8       0x28 ./src/ping.o
                0x000025d8                ping
 .text.readDistance
                0x00002600       0x3e ./src/ping.o
                0x00002600                readDistance
 .text.getPulseWidth
                0x0000263e       0x4c ./src/servo.o
                0x0000263e                getPulseWidth
 .text.getAverageSpeed
                0x0000268a       0x32 ./src/servo.o
                0x0000268a                getAverageSpeed
 .text.getTotalDistance
                0x000026bc       0x32 ./src/servo.o
                0x000026bc                getTotalDistance
 .text.getSpeedById
                0x000026ee       0xb2 ./src/servo.o
                0x000026ee                getSpeedById
 .text.getSpeed
                0x000027a0       0x82 ./src/servo.o
                0x000027a0                getSpeed
 .text.moveCenterServo
                0x00002822       0xdc ./src/servo.o
                0x00002822                moveCenterServo
 .text.moveWheels
                0x000028fe      0x228 ./src/servo.o
                0x000028fe                moveWheels
 .text.servoInit
                0x00002b26       0x7a ./src/servo.o
                0x00002b26                servoInit
 .text.getAmbient
                0x00002ba0        0x8 ./src/tempsensor.o
                0x00002ba0                getAmbient
 .text.getAverageLeft
                0x00002ba8       0x22 ./src/tempsensor.o
                0x00002ba8                getAverageLeft
 .text.getAverageMiddle
                0x00002bca       0x16 ./src/tempsensor.o
                0x00002bca                getAverageMiddle
 .text.getAverageRight
                0x00002be0       0x22 ./src/tempsensor.o
                0x00002be0                getAverageRight
 .text.readTemperatureValues
                0x00002c02       0x64 ./src/tempsensor.o
                0x00002c02                readTemperatureValues
 .text.getTemperatureValues
                0x00002c66       0x20 ./src/tempsensor.o
                0x00002c66                getTemperatureValues
 .text.initTPA81
                0x00002c86        0x8 ./src/tempsensor.o
                0x00002c86                initTPA81
 .text.initTimer
                0x00002c8e       0x3e ./src/timer.o
                0x00002c8e                initTimer
 .text.getTime  0x00002ccc        0xa ./src/timer.o
                0x00002ccc                getTime
 .text.isTimerRepeatMultiple
                0x00002cd6       0x24 ./src/timer.o
                0x00002cd6                isTimerRepeatMultiple
 .text.__vector_35
                0x00002cfa       0x74 ./src/timer.o
                0x00002cfa                __vector_35
 .text.setDefaultUSART
                0x00002d6e        0xa ./src/usart_serial.o
                0x00002d6e                setDefaultUSART
 .text.usartWrite
                0x00002d78       0x56 ./src/usart_serial.o
                0x00002d78                usartWrite
 .text.usartRead
                0x00002dce       0x60 ./src/usart_serial.o
                0x00002dce                usartRead
 .text.usart_xflushRx
                0x00002e2e       0x9c ./src/usart_serial.o
                0x00002e2e                usart_xflushRx
 .text.usart_AvailableCharRx
                0x00002eca       0x32 ./src/usart_serial.o
                0x00002eca                usart_AvailableCharRx
 .text.usart_xgetChar
                0x00002efc       0x9e ./src/usart_serial.o
                0x00002efc                usart_xgetChar
 .text.usart_xputChar
                0x00002f9a      0x136 ./src/usart_serial.o
                0x00002f9a                usart_xputChar
 .text.usartCheckRxComplete
                0x000030d0       0x22 ./src/usart_serial.o
                0x000030d0                usartCheckRxComplete
 .text.usartCheckTxReady
                0x000030f2       0x22 ./src/usart_serial.o
                0x000030f2                usartCheckTxReady
 .text.xmitInterrupt_On
                0x00003114       0x2a ./src/usart_serial.o
                0x00003114                xmitInterrupt_On
 .text.xmitInterrupt_Off
                0x0000313e       0x2a ./src/usart_serial.o
                0x0000313e                xmitInterrupt_Off
 .text.usart_rx_isr
                0x00003168       0xe6 ./src/usart_serial.o
                0x00003168                usart_rx_isr
 .text.__vector_54
                0x0000324e       0x54 ./src/usart_serial.o
                0x0000324e                __vector_54
 .text.__vector_51
                0x000032a2       0x54 ./src/usart_serial.o
                0x000032a2                __vector_51
 .text.__vector_36
                0x000032f6       0x54 ./src/usart_serial.o
                0x000032f6                __vector_36
 .text.__vector_25
                0x0000334a       0x54 ./src/usart_serial.o
                0x0000334a                __vector_25
 .text.usart_tx_isr
                0x0000339e       0xd6 ./src/usart_serial.o
                0x0000339e                usart_tx_isr
 .text.__vector_55
                0x00003474       0x54 ./src/usart_serial.o
                0x00003474                __vector_55
 .text.__vector_52
                0x000034c8       0x54 ./src/usart_serial.o
                0x000034c8                __vector_52
 .text.__vector_37
                0x0000351c       0x54 ./src/usart_serial.o
                0x0000351c                __vector_37
 .text.__vector_26
                0x00003570       0x54 ./src/usart_serial.o
                0x00003570                __vector_26
 .text.usart_xfprint_P
                0x000035c4       0x4a ./src/usart_serial.o
                0x000035c4                usart_xfprint_P
 .text.usart_xprint_P
                0x0000360e       0x10 ./src/usart_serial.o
                0x0000360e                usart_xprint_P
 .text.usart_xfprint
                0x0000361e       0x4c ./src/usart_serial.o
                0x0000361e                usart_xfprint
 .text.usart_xfprintf_P_arg
                0x0000366a       0xa2 ./src/usart_serial.o
                0x0000366a                usart_xfprintf_P_arg
 .text.usart_xfprintf_arg
                0x0000370c       0xa2 ./src/usart_serial.o
                0x0000370c                usart_xfprintf_arg
 .text.usart_xprint
                0x000037ae       0x10 ./src/usart_serial.o
                0x000037ae                usart_xprint
 .text.usart_fprint_P
                0x000037be       0x8e ./src/usart_serial.o
                0x000037be                usart_fprint_P
 .text.usart_print_P
                0x0000384c       0x10 ./src/usart_serial.o
                0x0000384c                usart_print_P
 .text.usart_fprint
                0x0000385c       0x8e ./src/usart_serial.o
                0x0000385c                usart_fprint
 .text.usart_fprintf_P_arg
                0x000038ea       0x72 ./src/usart_serial.o
                0x000038ea                usart_fprintf_P_arg
 .text.usart_fprintf_arg
                0x0000395c       0x72 ./src/usart_serial.o
                0x0000395c                usart_fprintf_arg
 .text.usart_print
                0x000039ce       0x10 ./src/usart_serial.o
                0x000039ce                usart_print
 .text.usart_xfprintf_P
                0x000039de       0x28 ./src/usart_serial.o
                0x000039de                usart_xfprintf_P
 .text.usart_xfprintf
                0x00003a06       0x28 ./src/usart_serial.o
                0x00003a06                usart_xfprintf
 .text.usart_xprintf_P
                0x00003a2e       0x2a ./src/usart_serial.o
                0x00003a2e                usart_xprintf_P
 .text.usart_xprintf
                0x00003a58       0x2a ./src/usart_serial.o
                0x00003a58                usart_xprintf
 .text.usart_fprintf_P
                0x00003a82       0x28 ./src/usart_serial.o
                0x00003a82                usart_fprintf_P
 .text.usart_fprintf
                0x00003aaa       0x28 ./src/usart_serial.o
                0x00003aaa                usart_fprintf
 .text.usart_printf_P
                0x00003ad2       0x2a ./src/usart_serial.o
                0x00003ad2                usart_printf_P
 .text.usart_printf
                0x00003afc       0x2a ./src/usart_serial.o
                0x00003afc                usart_printf
 .text.usartClose
                0x00003b26       0x8a ./src/usart_serial.o
                0x00003b26                usartClose
 .text.usartOpen
                0x00003bb0      0x1ac ./src/usart_serial.o
                0x00003bb0                usartOpen
 .text.gs_set_usart
                0x00003d5c       0x42 ./src/wireless_interface.o
                0x00003d5c                gs_set_usart
 .text.gs_get_socket_status
                0x00003d9e       0x2c ./src/wireless_interface.o
                0x00003d9e                gs_get_socket_status
 .text.gs_activate_socket
                0x00003dca       0x42 ./src/wireless_interface.o
                0x00003dca                gs_activate_socket
 .text.gs_get_active_socket
                0x00003e0c        0x6 ./src/wireless_interface.o
                0x00003e0c                gs_get_active_socket
 .text.gs_get_socket_protocol
                0x00003e12       0x1e ./src/wireless_interface.o
                0x00003e12                gs_get_socket_protocol
 .text.gs_get_socket_port
                0x00003e30       0x1e ./src/wireless_interface.o
                0x00003e30                gs_get_socket_port
 .text.gs_get_data_on_socket_status
                0x00003e4e       0x18 ./src/wireless_interface.o
                0x00003e4e                gs_get_data_on_socket_status
 .text.gs_configure_socket
                0x00003e66       0x2e ./src/wireless_interface.o
                0x00003e66                gs_configure_socket
 .text.gs_get_socket_having_active_connection_and_data
                0x00003e94       0x26 ./src/wireless_interface.o
                0x00003e94                gs_get_socket_having_active_connection_and_data
 .text.gs_get_socket_connection_status
                0x00003eba       0x30 ./src/wireless_interface.o
                0x00003eba                gs_get_socket_connection_status
 .text.get_next_client_response
                0x00003eea       0x2c ./src/wireless_interface.o
                0x00003eea                get_next_client_response
 .text.hex_to_int
                0x00003f16       0x24 ./src/wireless_interface.o
                0x00003f16                hex_to_int
 .text.int_to_hex
                0x00003f3a       0x1a ./src/wireless_interface.o
                0x00003f3a                int_to_hex
 .text.initialize_web_server
                0x00003f54       0x20 ./src/wireless_interface.o
                0x00003f54                initialize_web_server
 .text.gs_send_activation_status_to_serial_terminal
                0x00003f74      0x106 ./src/wireless_interface.o
                0x00003f74                gs_send_activation_status_to_serial_terminal
 .text.gs_send_command_response_to_serial_terminal
                0x0000407a      0x12c ./src/wireless_interface.o
                0x0000407a                gs_send_command_response_to_serial_terminal
 .text.gs_reset_socket
                0x000041a6      0x162 ./src/wireless_interface.o
                0x000041a6                gs_reset_socket
 .text.gs_parse_command_response_tcp
                0x00004308      0x398 ./src/wireless_interface.o
                0x00004308                gs_parse_command_response_tcp
 .text.gs_parse_command_response
                0x000046a0       0xd8 ./src/wireless_interface.o
                0x000046a0                gs_parse_command_response
 .text.gs_flush
                0x00004778       0x3e ./src/wireless_interface.o
                0x00004778                gs_flush
 .text.gs_send_command
                0x000047b6      0x6fa ./src/wireless_interface.o
                0x000047b6                gs_send_command
 .text.gs_get_command_response
                0x00004eb0       0xcc ./src/wireless_interface.o
                0x00004eb0                gs_get_command_response
 .text.gs_read_data_from_socket
                0x00004f7c      0x23c ./src/wireless_interface.o
                0x00004f7c                gs_read_data_from_socket
 .text.gs_disconnect_deactivate_socket
                0x000051b8      0x17e ./src/wireless_interface.o
                0x000051b8                gs_disconnect_deactivate_socket
 .text.gs_enable_activate_socket
                0x00005336       0xaa ./src/wireless_interface.o
                0x00005336                gs_enable_activate_socket
 .text.start_web_server
                0x000053e0       0xc6 ./src/wireless_interface.o
                0x000053e0                start_web_server
 .text.gs_activate_wireless_connection
                0x000054a6      0x256 ./src/wireless_interface.o
                0x000054a6                gs_activate_wireless_connection
 .text.gs_initialize_gainspan
                0x000056fc      0x1c8 ./src/wireless_interface.o
                0x000056fc                gs_initialize_gainspan
 .text.gs_initialize_module
                0x000058c4       0x6e ./src/wireless_interface.o
                0x000058c4                gs_initialize_module
 .text.gs_set_webserver_authentication
                0x00005932       0x32 ./src/wireless_interface.o
                0x00005932                gs_set_webserver_authentication
 .text.gs_set_wireless_ssid
                0x00005964       0x10 ./src/wireless_interface.o
                0x00005964                gs_set_wireless_ssid
 .text.gs_set_wireless_configuration
                0x00005974       0x8e ./src/wireless_interface.o
                0x00005974                gs_set_wireless_configuration
 .text.gs_set_network_configuration
                0x00005a02       0x54 ./src/wireless_interface.o
                0x00005a02                gs_set_network_configuration
 .text.add_element_choice
                0x00005a56      0x112 ./src/wireless_interface.o
                0x00005a56                add_element_choice
 .text.configure_web_page
                0x00005b68      0x1ae ./src/wireless_interface.o
                0x00005b68                configure_web_page
 .text.gs_write_data_to_socket
                0x00005d16      0x1a8 ./src/wireless_interface.o
                0x00005d16                gs_write_data_to_socket
 .text.process_client_request
                0x00005ebe      0x454 ./src/wireless_interface.o
                0x00005ebe                process_client_request
 .text.hot      0x00006312      0x12a C:/Users/Nick/workspace/FreeRTOS801/Release/libFreeRTOS801.a(port.o)
                0x000063a8                xPortStartScheduler
                0x0000643a                vPortEndScheduler
                0x00006312                pxPortInitialiseStack
 .text.vPortYieldFromTick
                0x0000643c       0xf8 C:/Users/Nick/workspace/FreeRTOS801/Release/libFreeRTOS801.a(port.o)
                0x0000643c                vPortYieldFromTick
 .text.__vector_32
                0x00006534        0x6 C:/Users/Nick/workspace/FreeRTOS801/Release/libFreeRTOS801.a(port.o)
                0x00006534                __vector_32
 .text.vPortYield
                0x0000653a       0xc2 C:/Users/Nick/workspace/FreeRTOS801/Release/libFreeRTOS801.a(port.o)
                0x0000653a                vPortYield
 .text.I2C_Slave_Start_Transceiver
                0x000065fc       0x1a C:/Users/Nick/workspace/FreeRTOS801/Release/libFreeRTOS801.a(i2cMultiMaster.o)
                0x000065fc                I2C_Slave_Start_Transceiver
 .text.I2C_Master_Start_Transceiver
                0x00006616       0x1a C:/Users/Nick/workspace/FreeRTOS801/Release/libFreeRTOS801.a(i2cMultiMaster.o)
                0x00006616                I2C_Master_Start_Transceiver
 .text.I2C_Slave_Start_Transceiver_With_Data
                0x00006630       0x40 C:/Users/Nick/workspace/FreeRTOS801/Release/libFreeRTOS801.a(i2cMultiMaster.o)
                0x00006630                I2C_Slave_Start_Transceiver_With_Data
 .text.I2C_Master_Start_Transceiver_With_Data
                0x00006670       0x4e C:/Users/Nick/workspace/FreeRTOS801/Release/libFreeRTOS801.a(i2cMultiMaster.o)
                0x00006670                I2C_Master_Start_Transceiver_With_Data
 .text.I2C_Slave_Get_Data_From_Transceiver
                0x000066be       0x48 C:/Users/Nick/workspace/FreeRTOS801/Release/libFreeRTOS801.a(i2cMultiMaster.o)
                0x000066be                I2C_Slave_Get_Data_From_Transceiver
 .text.I2C_Master_Get_Data_From_Transceiver
                0x00006706       0x40 C:/Users/Nick/workspace/FreeRTOS801/Release/libFreeRTOS801.a(i2cMultiMaster.o)
                0x00006706                I2C_Master_Get_Data_From_Transceiver
 .text.I2C_Check_Free_After_Stop
                0x00006746       0x12 C:/Users/Nick/workspace/FreeRTOS801/Release/libFreeRTOS801.a(i2cMultiMaster.o)
                0x00006746                I2C_Check_Free_After_Stop
 .text.I2C_Get_State_Info
                0x00006758        0xe C:/Users/Nick/workspace/FreeRTOS801/Release/libFreeRTOS801.a(i2cMultiMaster.o)
                0x00006758                I2C_Get_State_Info
 .text.__vector_39
                0x00006766      0x1b2 C:/Users/Nick/workspace/FreeRTOS801/Release/libFreeRTOS801.a(i2cMultiMaster.o)
                0x00006766                __vector_39
 .text.I2C_Master_Initialise
                0x00006918       0x60 C:/Users/Nick/workspace/FreeRTOS801/Release/libFreeRTOS801.a(i2cMultiMaster.o)
                0x00006918                I2C_Master_Initialise
 .text.I2C_Slave_Initialise
                0x00006978       0x50 C:/Users/Nick/workspace/FreeRTOS801/Release/libFreeRTOS801.a(i2cMultiMaster.o)
                0x00006978                I2C_Slave_Initialise
 .text.hot      0x000069c8      0x2f8 C:/Users/Nick/workspace/FreeRTOS801/Release/libFreeRTOS801.a(heap_4.o)
                0x000069c8                xPortGetFreeHeapSize
                0x000069de                vPortFree
                0x00006ac4                pvPortMalloc
                0x000069dc                vPortInitialiseBlocks
                0x000069d2                xPortGetMinimumEverFreeHeapSize
 .text.hot      0x00006cc0      0xc06 C:/Users/Nick/workspace/FreeRTOS801/Release/libFreeRTOS801.a(queue.o)
                0x000071b2                xQueueGenericSendFromISR
                0x00006d40                xQueuePeekFromISR
                0x00006cea                uxQueueGetQueueNumber
                0x00006d22                vQueueDelete
                0x000072c4                xQueueGenericSend
                0x00006cf6                ucQueueGetQueueType
                0x00006d9a                xQueueReceiveFromISR
                0x000077ea                xQueueGenericCreate
                0x00006cf0                vQueueSetQueueNumber
                0x00006cd0                uxQueueSpacesAvailable
                0x00006d0c                xQueueIsQueueFullFromISR
                0x00006e2a                xQueueGenericReceive
                0x00006cc0                uxQueueMessagesWaiting
                0x0000775a                xQueueGenericReset
                0x00006ce4                uxQueueMessagesWaitingFromISR
                0x00006cfc                xQueueIsQueueEmptyFromISR
                0x00007678                xQueueCreateMutex
 .text.hot      0x000078c6     0x3098 C:/Users/Nick/workspace/FreeRTOS801/Release/libFreeRTOS801.a(tasks.o)
                0x00007ff0                vTaskPlaceOnUnorderedEventList
                0x00008574                vTaskGetRunTimeStats
                0x0000a57c                vTaskEndScheduler
                0x000080ce                vTaskPlaceOnEventList
                0x0000a588                xTaskGenericCreate
                0x00007b0c                uxTaskGetStackHighWaterMark
                0x00007f42                xTaskResumeFromISR
                0x000078d2                xTaskGetTickCount
                0x00007cfa                xTaskRemoveFromEventList
                0x0000a4b2                vTaskDelete
                0x00007910                xTaskCheckForTimeOut
                0x000078c6                vTaskSuspendAll
                0x000078e8                xTaskGetTickCountFromISR
                0x00007b86                vTaskPriorityDisinherit
                0x00007bea                vTaskPriorityInherit
                0x00009bb4                vTaskResume
                0x0000819e                vTaskSwitchContext
                0x000079a4                vTaskSetTaskNumber
                0x00009c40                vTaskSuspend
                0x000078f4                uxTaskGetNumberOfTasks
                0x000090c2                vTaskList
                0x00007996                uxTaskGetTaskNumber
                0x0000a172                vTaskDelayUntil
                0x00007b4a                xTaskGetCurrentTaskHandle
                0x00007c8a                xTaskRemoveFromUnorderedEventList
                0x000082fa                xTaskResumeAll
                0x0000a792                vTaskStartScheduler
                0x0000798e                vTaskMissedYield
                0x00007d8c                xTaskIncrementTick
                0x00009e62                vTaskDelay
                0x000078fa                vTaskSetTimeOutState
                0x00007b56                uxTaskResetEventItemValue
 .text.uxTaskGetSystemState
                0x0000a95e      0x102 C:/Users/Nick/workspace/FreeRTOS801/Release/libFreeRTOS801.a(tasks.o)
                0x0000a95e                uxTaskGetSystemState
 .text.vListInitialise
                0x0000aa60       0x20 C:/Users/Nick/workspace/FreeRTOS801/Release/libFreeRTOS801.a(list.o)
                0x0000aa60                vListInitialise
 .text.vListInitialiseItem
                0x0000aa80        0x8 C:/Users/Nick/workspace/FreeRTOS801/Release/libFreeRTOS801.a(list.o)
                0x0000aa80                vListInitialiseItem
 .text.vListInsertEnd
                0x0000aa88       0x3e C:/Users/Nick/workspace/FreeRTOS801/Release/libFreeRTOS801.a(list.o)
                0x0000aa88                vListInsertEnd
 .text.vListInsert
                0x0000aac6       0x64 C:/Users/Nick/workspace/FreeRTOS801/Release/libFreeRTOS801.a(list.o)
                0x0000aac6                vListInsert
 .text.uxListRemove
                0x0000ab2a       0x56 C:/Users/Nick/workspace/FreeRTOS801/Release/libFreeRTOS801.a(list.o)
                0x0000ab2a                uxListRemove
 .text.xconfigTimerForRunTimeStats
                0x0000ab80       0x18 C:/Users/Nick/workspace/FreeRTOS801/Release/libFreeRTOS801.a(runtTimeStatsTimer.o)
                0x0000ab80                xconfigTimerForRunTimeStats
 .text.fplib    0x0000ab98        0xa c:/arduino/hardware/tools/avr/bin/../lib/gcc/avr/4.3.2/../../../../avr/lib/avr6\libm.a(addsf3.o)
                0x0000ab98                __subsf3
                0x0000ab9a                __addsf3
 .text.fplib    0x0000aba2       0xc0 c:/arduino/hardware/tools/avr/bin/../lib/gcc/avr/4.3.2/../../../../avr/lib/avr6\libm.a(addsf3x.o)
                0x0000abbc                __addsf3x
 .text.fplib    0x0000ac62        0x8 c:/arduino/hardware/tools/avr/bin/../lib/gcc/avr/4.3.2/../../../../avr/lib/avr6\libm.a(cmpsf2.o)
                0x0000ac62                __lesf2
                0x0000ac62                __nesf2
                0x0000ac62                __eqsf2
                0x0000ac62                __cmpsf2
                0x0000ac62                __ltsf2
 .text.fplib    0x0000ac6a        0x4 c:/arduino/hardware/tools/avr/bin/../lib/gcc/avr/4.3.2/../../../../avr/lib/avr6\libm.a(divsf3.o)
                0x0000ac6a                __divsf3
 .text.fplib    0x0000ac6e       0xcc c:/arduino/hardware/tools/avr/bin/../lib/gcc/avr/4.3.2/../../../../avr/lib/avr6\libm.a(divsf3x.o)
                0x0000ac84                __divsf3x
                0x0000ac88                __divsf3_pse
 .text.fplib    0x0000ad3a        0xa c:/arduino/hardware/tools/avr/bin/../lib/gcc/avr/4.3.2/../../../../avr/lib/avr6\libm.a(fixsfsi.o)
                0x0000ad3a                __fixsfsi
 .text.fplib    0x0000ad44       0x58 c:/arduino/hardware/tools/avr/bin/../lib/gcc/avr/4.3.2/../../../../avr/lib/avr6\libm.a(fixunssfsi.o)
                0x0000ad44                __fixunssfsi
 .text.fplib    0x0000ad9c       0x7a c:/arduino/hardware/tools/avr/bin/../lib/gcc/avr/4.3.2/../../../../avr/lib/avr6\libm.a(floatsisf.o)
                0x0000ada0                __floatsisf
                0x0000ad9c                __floatunsisf
 .text.fplib    0x0000ae16       0x48 c:/arduino/hardware/tools/avr/bin/../lib/gcc/avr/4.3.2/../../../../avr/lib/avr6\libm.a(fp_cmp.o)
                0x0000ae16                __fp_cmp
 .text.fplib    0x0000ae5e        0xc c:/arduino/hardware/tools/avr/bin/../lib/gcc/avr/4.3.2/../../../../avr/lib/avr6\libm.a(fp_inf.o)
                0x0000ae5e                __fp_inf
 .text.fplib    0x0000ae6a        0x6 c:/arduino/hardware/tools/avr/bin/../lib/gcc/avr/4.3.2/../../../../avr/lib/avr6\libm.a(fp_nan.o)
                0x0000ae6a                __fp_nan
 .text.fplib    0x0000ae70        0xe c:/arduino/hardware/tools/avr/bin/../lib/gcc/avr/4.3.2/../../../../avr/lib/avr6\libm.a(fp_pscA.o)
                0x0000ae70                __fp_pscA
 .text.fplib    0x0000ae7e        0xe c:/arduino/hardware/tools/avr/bin/../lib/gcc/avr/4.3.2/../../../../avr/lib/avr6\libm.a(fp_pscB.o)
                0x0000ae7e                __fp_pscB
 .text.fplib    0x0000ae8c       0x22 c:/arduino/hardware/tools/avr/bin/../lib/gcc/avr/4.3.2/../../../../avr/lib/avr6\libm.a(fp_round.o)
                0x0000ae8c                __fp_round
 .text.fplib    0x0000aeae       0x44 c:/arduino/hardware/tools/avr/bin/../lib/gcc/avr/4.3.2/../../../../avr/lib/avr6\libm.a(fp_split3.o)
                0x0000aeae                __fp_split3
                0x0000aebe                __fp_splitA
 .text.fplib    0x0000aef2        0xe c:/arduino/hardware/tools/avr/bin/../lib/gcc/avr/4.3.2/../../../../avr/lib/avr6\libm.a(fp_zero.o)
                0x0000aef2                __fp_zero
                0x0000aef4                __fp_szero
 .text.fplib    0x0000af00        0x8 c:/arduino/hardware/tools/avr/bin/../lib/gcc/avr/4.3.2/../../../../avr/lib/avr6\libm.a(gesf2.o)
                0x0000af00                __gtsf2
                0x0000af00                __gesf2
 .text.fplib    0x0000af08        0x4 c:/arduino/hardware/tools/avr/bin/../lib/gcc/avr/4.3.2/../../../../avr/lib/avr6\libm.a(mulsf3.o)
                0x0000af08                __mulsf3
 .text.fplib    0x0000af0c       0xc2 c:/arduino/hardware/tools/avr/bin/../lib/gcc/avr/4.3.2/../../../../avr/lib/avr6\libm.a(mulsf3x.o)
                0x0000af24                __mulsf3_pse
                0x0000af20                __mulsf3x
 .text.libgcc   0x0000afce       0x3e c:/arduino/hardware/tools/avr/bin/../lib/gcc/avr/4.3.2/avr6\libgcc.a(_mulsi3.o)
                0x0000afce                __mulsi3
 .text.libgcc   0x0000b00c       0x28 c:/arduino/hardware/tools/avr/bin/../lib/gcc/avr/4.3.2/avr6\libgcc.a(_udivmodhi4.o)
                0x0000b00c                __udivmodhi4
 .text.libgcc   0x0000b034       0x26 c:/arduino/hardware/tools/avr/bin/../lib/gcc/avr/4.3.2/avr6\libgcc.a(_divmodhi4.o)
                0x0000b034                __divmodhi4
                0x0000b034                _div
 .text.libgcc   0x0000b05a       0x44 c:/arduino/hardware/tools/avr/bin/../lib/gcc/avr/4.3.2/avr6\libgcc.a(_udivmodsi4.o)
                0x0000b05a                __udivmodsi4
 .text.libgcc   0x0000b09e       0x38 c:/arduino/hardware/tools/avr/bin/../lib/gcc/avr/4.3.2/avr6\libgcc.a(_prologue.o)
                0x0000b09e                __prologue_saves__
 .text.libgcc   0x0000b0d6       0x36 c:/arduino/hardware/tools/avr/bin/../lib/gcc/avr/4.3.2/avr6\libgcc.a(_epilogue.o)
                0x0000b0d6                __epilogue_restores__
 .text.libgcc   0x0000b10c        0x0 c:/arduino/hardware/tools/avr/bin/../lib/gcc/avr/4.3.2/avr6\libgcc.a(_exit.o)
 .text.libgcc   0x0000b10c        0xc c:/arduino/hardware/tools/avr/bin/../lib/gcc/avr/4.3.2/avr6\libgcc.a(_tablejump.o)
                0x0000b110                __tablejump__
                0x0000b10c                __tablejump2__
 .text.libgcc   0x0000b118        0x0 c:/arduino/hardware/tools/avr/bin/../lib/gcc/avr/4.3.2/avr6\libgcc.a(_clear_bss.o)
                0x0000b118                . = ALIGN (0x2)
 *(.fini9)
 .fini9         0x0000b118        0x0 c:/arduino/hardware/tools/avr/bin/../lib/gcc/avr/4.3.2/avr6\libgcc.a(_exit.o)
                0x0000b118                exit
                0x0000b118                _exit
 *(.fini9)
 *(.fini8)
 *(.fini8)
 *(.fini7)
 *(.fini7)
 *(.fini6)
 *(.fini6)
 *(.fini5)
 *(.fini5)
 *(.fini4)
 *(.fini4)
 *(.fini3)
 *(.fini3)
 *(.fini2)
 *(.fini2)
 *(.fini1)
 *(.fini1)
 *(.fini0)
 .fini0         0x0000b118        0x4 c:/arduino/hardware/tools/avr/bin/../lib/gcc/avr/4.3.2/avr6\libgcc.a(_exit.o)
 *(.fini0)
                0x0000b11c                _etext = .

.data           0x00800200      0x82c load address 0x0000b11c
                0x00800200                PROVIDE (__data_start, .)
 *(.data)
 .data          0x00800200        0x0 c:/arduino/hardware/tools/avr/bin/../lib/gcc/avr/4.3.2/../../../../avr/lib/avr6/crtm2560.o
 .data          0x00800200        0x0 ./src/attached_mode.o
 .data          0x00800200       0x1f ./src/behaviour.o
 .data          0x0080021f        0x0 ./src/custom_timer.o
 .data          0x0080021f        0x0 ./src/lcd.o
 .data          0x0080021f        0x0 ./src/led.o
 .data          0x0080021f       0x6c ./src/main.o
 .data          0x0080028b        0x0 ./src/motion.o
 .data          0x0080028b        0x0 ./src/ping.o
 .data          0x0080028b        0x0 ./src/servo.o
 .data          0x0080028b        0x0 ./src/tempsensor.o
 .data          0x0080028b        0x0 ./src/timer.o
 .data          0x0080028b        0x0 ./src/usart_serial.o
 .data          0x0080028b      0x697 ./src/wireless_interface.o
 .data          0x00800922        0x0 C:/Users/Nick/workspace/FreeRTOS801/Release/libFreeRTOS801.a(port.o)
 .data          0x00800922        0x0 C:/Users/Nick/workspace/FreeRTOS801/Release/libFreeRTOS801.a(system_tick.o)
 .data          0x00800922        0x0 C:/Users/Nick/workspace/FreeRTOS801/Release/libFreeRTOS801.a(system_time.o)
 .data          0x00800922        0x0 C:/Users/Nick/workspace/FreeRTOS801/Release/libFreeRTOS801.a(i2cMultiMaster.o)
 .data          0x00800922        0x0 C:/Users/Nick/workspace/FreeRTOS801/Release/libFreeRTOS801.a(heap_4.o)
 .data          0x00800922        0x0 C:/Users/Nick/workspace/FreeRTOS801/Release/libFreeRTOS801.a(queue.o)
 .data          0x00800922       0x35 C:/Users/Nick/workspace/FreeRTOS801/Release/libFreeRTOS801.a(tasks.o)
 .data          0x00800957        0x0 C:/Users/Nick/workspace/FreeRTOS801/Release/libFreeRTOS801.a(list.o)
 .data          0x00800957        0x0 C:/Users/Nick/workspace/FreeRTOS801/Release/libFreeRTOS801.a(runtTimeStatsTimer.o)
 .data          0x00800957        0x0 c:/arduino/hardware/tools/avr/bin/../lib/gcc/avr/4.3.2/../../../../avr/lib/avr6\libm.a(addsf3.o)
 .data          0x00800957        0x0 c:/arduino/hardware/tools/avr/bin/../lib/gcc/avr/4.3.2/../../../../avr/lib/avr6\libm.a(addsf3x.o)
 .data          0x00800957        0x0 c:/arduino/hardware/tools/avr/bin/../lib/gcc/avr/4.3.2/../../../../avr/lib/avr6\libm.a(cmpsf2.o)
 .data          0x00800957        0x0 c:/arduino/hardware/tools/avr/bin/../lib/gcc/avr/4.3.2/../../../../avr/lib/avr6\libm.a(divsf3.o)
 .data          0x00800957        0x0 c:/arduino/hardware/tools/avr/bin/../lib/gcc/avr/4.3.2/../../../../avr/lib/avr6\libm.a(divsf3x.o)
 .data          0x00800957        0x0 c:/arduino/hardware/tools/avr/bin/../lib/gcc/avr/4.3.2/../../../../avr/lib/avr6\libm.a(fixsfsi.o)
 .data          0x00800957        0x0 c:/arduino/hardware/tools/avr/bin/../lib/gcc/avr/4.3.2/../../../../avr/lib/avr6\libm.a(fixunssfsi.o)
 .data          0x00800957        0x0 c:/arduino/hardware/tools/avr/bin/../lib/gcc/avr/4.3.2/../../../../avr/lib/avr6\libm.a(floatsisf.o)
 .data          0x00800957        0x0 c:/arduino/hardware/tools/avr/bin/../lib/gcc/avr/4.3.2/../../../../avr/lib/avr6\libm.a(fp_cmp.o)
 .data          0x00800957        0x0 c:/arduino/hardware/tools/avr/bin/../lib/gcc/avr/4.3.2/../../../../avr/lib/avr6\libm.a(fp_inf.o)
 .data          0x00800957        0x0 c:/arduino/hardware/tools/avr/bin/../lib/gcc/avr/4.3.2/../../../../avr/lib/avr6\libm.a(fp_nan.o)
 .data          0x00800957        0x0 c:/arduino/hardware/tools/avr/bin/../lib/gcc/avr/4.3.2/../../../../avr/lib/avr6\libm.a(fp_pscA.o)
 .data          0x00800957        0x0 c:/arduino/hardware/tools/avr/bin/../lib/gcc/avr/4.3.2/../../../../avr/lib/avr6\libm.a(fp_pscB.o)
 .data          0x00800957        0x0 c:/arduino/hardware/tools/avr/bin/../lib/gcc/avr/4.3.2/../../../../avr/lib/avr6\libm.a(fp_round.o)
 .data          0x00800957        0x0 c:/arduino/hardware/tools/avr/bin/../lib/gcc/avr/4.3.2/../../../../avr/lib/avr6\libm.a(fp_split3.o)
 .data          0x00800957        0x0 c:/arduino/hardware/tools/avr/bin/../lib/gcc/avr/4.3.2/../../../../avr/lib/avr6\libm.a(fp_zero.o)
 .data          0x00800957        0x0 c:/arduino/hardware/tools/avr/bin/../lib/gcc/avr/4.3.2/../../../../avr/lib/avr6\libm.a(gesf2.o)
 .data          0x00800957        0x0 c:/arduino/hardware/tools/avr/bin/../lib/gcc/avr/4.3.2/../../../../avr/lib/avr6\libm.a(mulsf3.o)
 .data          0x00800957        0x0 c:/arduino/hardware/tools/avr/bin/../lib/gcc/avr/4.3.2/../../../../avr/lib/avr6\libm.a(mulsf3x.o)
 .data          0x00800957        0x0 c:/arduino/hardware/tools/avr/bin/../lib/gcc/avr/4.3.2/../../../../avr/lib/avr6\libprintf_flt.a(vfprintf_flt.o)
 .data          0x00800957        0x0 c:/arduino/hardware/tools/avr/bin/../lib/gcc/avr/4.3.2/avr6\libgcc.a(_mulsi3.o)
 .data          0x00800957        0x0 c:/arduino/hardware/tools/avr/bin/../lib/gcc/avr/4.3.2/avr6\libgcc.a(_udivmodhi4.o)
 .data          0x00800957        0x0 c:/arduino/hardware/tools/avr/bin/../lib/gcc/avr/4.3.2/avr6\libgcc.a(_divmodhi4.o)
 .data          0x00800957        0x0 c:/arduino/hardware/tools/avr/bin/../lib/gcc/avr/4.3.2/avr6\libgcc.a(_udivmodsi4.o)
 .data          0x00800957        0x0 c:/arduino/hardware/tools/avr/bin/../lib/gcc/avr/4.3.2/avr6\libgcc.a(_prologue.o)
 .data          0x00800957        0x0 c:/arduino/hardware/tools/avr/bin/../lib/gcc/avr/4.3.2/avr6\libgcc.a(_epilogue.o)
 .data          0x00800957        0x0 c:/arduino/hardware/tools/avr/bin/../lib/gcc/avr/4.3.2/avr6\libgcc.a(_exit.o)
 .data          0x00800957        0x0 c:/arduino/hardware/tools/avr/bin/../lib/gcc/avr/4.3.2/avr6\libgcc.a(_tablejump.o)
 .data          0x00800957        0x0 c:/arduino/hardware/tools/avr/bin/../lib/gcc/avr/4.3.2/avr6\libgcc.a(_clear_bss.o)
 .data          0x00800957        0x0 c:/arduino/hardware/tools/avr/bin/../lib/gcc/avr/4.3.2/../../../../avr/lib/avr6\libc.a(ftoa_engine.o)
 .data          0x00800957        0x0 c:/arduino/hardware/tools/avr/bin/../lib/gcc/avr/4.3.2/../../../../avr/lib/avr6\libc.a(strnlen_P.o)
 .data          0x00800957        0x0 c:/arduino/hardware/tools/avr/bin/../lib/gcc/avr/4.3.2/../../../../avr/lib/avr6\libc.a(memcpy.o)
 .data          0x00800957        0x0 c:/arduino/hardware/tools/avr/bin/../lib/gcc/avr/4.3.2/../../../../avr/lib/avr6\libc.a(memset.o)
 .data          0x00800957        0x0 c:/arduino/hardware/tools/avr/bin/../lib/gcc/avr/4.3.2/../../../../avr/lib/avr6\libc.a(strcat.o)
 .data          0x00800957        0x0 c:/arduino/hardware/tools/avr/bin/../lib/gcc/avr/4.3.2/../../../../avr/lib/avr6\libc.a(strcpy.o)
 .data          0x00800957        0x0 c:/arduino/hardware/tools/avr/bin/../lib/gcc/avr/4.3.2/../../../../avr/lib/avr6\libc.a(strncat.o)
 .data          0x00800957        0x0 c:/arduino/hardware/tools/avr/bin/../lib/gcc/avr/4.3.2/../../../../avr/lib/avr6\libc.a(strncmp.o)
 .data          0x00800957        0x0 c:/arduino/hardware/tools/avr/bin/../lib/gcc/avr/4.3.2/../../../../avr/lib/avr6\libc.a(strncpy.o)
 .data          0x00800957        0x0 c:/arduino/hardware/tools/avr/bin/../lib/gcc/avr/4.3.2/../../../../avr/lib/avr6\libc.a(strnlen.o)
 .data          0x00800957        0x0 c:/arduino/hardware/tools/avr/bin/../lib/gcc/avr/4.3.2/../../../../avr/lib/avr6\libc.a(strstr.o)
 .data          0x00800957        0x0 c:/arduino/hardware/tools/avr/bin/../lib/gcc/avr/4.3.2/../../../../avr/lib/avr6\libc.a(fputc.o)
 .data          0x00800957        0x0 c:/arduino/hardware/tools/avr/bin/../lib/gcc/avr/4.3.2/../../../../avr/lib/avr6\libc.a(sprintf.o)
 .data          0x00800957        0x0 c:/arduino/hardware/tools/avr/bin/../lib/gcc/avr/4.3.2/../../../../avr/lib/avr6\libc.a(vsnprintf.o)
 .data          0x00800957        0x0 c:/arduino/hardware/tools/avr/bin/../lib/gcc/avr/4.3.2/../../../../avr/lib/avr6\libc.a(vsnprintf_p.o)
 .data          0x00800957        0x0 c:/arduino/hardware/tools/avr/bin/../lib/gcc/avr/4.3.2/../../../../avr/lib/avr6\libc.a(ultoa_invert.o)
 *(.data*)
 .data.currentState
                0x00800957        0x2 ./src/main.o
                0x00800957                currentState
 .data.clientRequest
                0x00800959        0x1 ./src/main.o
                0x00800959                clientRequest
 .data.usartReg
                0x0080095a       0x28 ./src/usart_serial.o
                0x0080095a                usartReg
 .data.gs_at_commands
                0x00800982       0x56 ./src/wireless_interface.o
                0x00800982                gs_at_commands
 .data.I2C_state
                0x008009d8        0x1 C:/Users/Nick/workspace/FreeRTOS801/Release/libFreeRTOS801.a(i2cMultiMaster.o)
 .data.xMinimumEverFreeBytesRemaining
                0x008009d9        0x2 C:/Users/Nick/workspace/FreeRTOS801/Release/libFreeRTOS801.a(heap_4.o)
 .data.xFreeBytesRemaining
                0x008009db        0x2 C:/Users/Nick/workspace/FreeRTOS801/Release/libFreeRTOS801.a(heap_4.o)
 .data.xNextTaskUnblockTime
                0x008009dd        0x2 C:/Users/Nick/workspace/FreeRTOS801/Release/libFreeRTOS801.a(tasks.o)
 *(.rodata)
 *(.rodata*)
 .rodata.encoders
                0x008009df        0xe ./src/motion.o
 .rodata.tc_module_s
                0x008009ed       0x20 ./src/motion.o
 .rodata.motors
                0x00800a0d       0x1e ./src/motion.o
 *(.gnu.linkonce.d*)
                0x00800a2c                . = ALIGN (0x2)
 *fill*         0x00800a2b        0x1 00
                0x00800a2c                _edata = .
                0x00800a2c                PROVIDE (__data_end, .)

.bss            0x00800a2c     0x1404
                0x00800a2c                PROVIDE (__bss_start, .)
 *(.bss)
 .bss           0x00800a2c        0x0 c:/arduino/hardware/tools/avr/bin/../lib/gcc/avr/4.3.2/../../../../avr/lib/avr6/crtm2560.o
 .bss           0x00800a2c        0x0 ./src/attached_mode.o
 .bss           0x00800a2c        0x0 ./src/behaviour.o
 .bss           0x00800a2c        0x0 ./src/custom_timer.o
 .bss           0x00800a2c        0x0 ./src/lcd.o
 .bss           0x00800a2c        0x0 ./src/led.o
 .bss           0x00800a2c        0x0 ./src/main.o
 .bss           0x00800a2c        0x0 ./src/motion.o
 .bss           0x00800a2c        0x0 ./src/ping.o
 .bss           0x00800a2c        0x0 ./src/servo.o
 .bss           0x00800a2c        0x0 ./src/tempsensor.o
 .bss           0x00800a2c        0x0 ./src/timer.o
 .bss           0x00800a2c        0x0 ./src/usart_serial.o
 .bss           0x00800a2c        0x0 ./src/wireless_interface.o
 .bss           0x00800a2c        0x0 C:/Users/Nick/workspace/FreeRTOS801/Release/libFreeRTOS801.a(port.o)
 .bss           0x00800a2c        0x0 C:/Users/Nick/workspace/FreeRTOS801/Release/libFreeRTOS801.a(system_tick.o)
 .bss           0x00800a2c        0x0 C:/Users/Nick/workspace/FreeRTOS801/Release/libFreeRTOS801.a(system_time.o)
 .bss           0x00800a2c        0x0 C:/Users/Nick/workspace/FreeRTOS801/Release/libFreeRTOS801.a(i2cMultiMaster.o)
 .bss           0x00800a2c        0x0 C:/Users/Nick/workspace/FreeRTOS801/Release/libFreeRTOS801.a(heap_4.o)
 .bss           0x00800a2c        0x0 C:/Users/Nick/workspace/FreeRTOS801/Release/libFreeRTOS801.a(queue.o)
 .bss           0x00800a2c        0x0 C:/Users/Nick/workspace/FreeRTOS801/Release/libFreeRTOS801.a(tasks.o)
 .bss           0x00800a2c        0x0 C:/Users/Nick/workspace/FreeRTOS801/Release/libFreeRTOS801.a(list.o)
 .bss           0x00800a2c        0x0 C:/Users/Nick/workspace/FreeRTOS801/Release/libFreeRTOS801.a(runtTimeStatsTimer.o)
 .bss           0x00800a2c        0x0 c:/arduino/hardware/tools/avr/bin/../lib/gcc/avr/4.3.2/../../../../avr/lib/avr6\libm.a(addsf3.o)
 .bss           0x00800a2c        0x0 c:/arduino/hardware/tools/avr/bin/../lib/gcc/avr/4.3.2/../../../../avr/lib/avr6\libm.a(addsf3x.o)
 .bss           0x00800a2c        0x0 c:/arduino/hardware/tools/avr/bin/../lib/gcc/avr/4.3.2/../../../../avr/lib/avr6\libm.a(cmpsf2.o)
 .bss           0x00800a2c        0x0 c:/arduino/hardware/tools/avr/bin/../lib/gcc/avr/4.3.2/../../../../avr/lib/avr6\libm.a(divsf3.o)
 .bss           0x00800a2c        0x0 c:/arduino/hardware/tools/avr/bin/../lib/gcc/avr/4.3.2/../../../../avr/lib/avr6\libm.a(divsf3x.o)
 .bss           0x00800a2c        0x0 c:/arduino/hardware/tools/avr/bin/../lib/gcc/avr/4.3.2/../../../../avr/lib/avr6\libm.a(fixsfsi.o)
 .bss           0x00800a2c        0x0 c:/arduino/hardware/tools/avr/bin/../lib/gcc/avr/4.3.2/../../../../avr/lib/avr6\libm.a(fixunssfsi.o)
 .bss           0x00800a2c        0x0 c:/arduino/hardware/tools/avr/bin/../lib/gcc/avr/4.3.2/../../../../avr/lib/avr6\libm.a(floatsisf.o)
 .bss           0x00800a2c        0x0 c:/arduino/hardware/tools/avr/bin/../lib/gcc/avr/4.3.2/../../../../avr/lib/avr6\libm.a(fp_cmp.o)
 .bss           0x00800a2c        0x0 c:/arduino/hardware/tools/avr/bin/../lib/gcc/avr/4.3.2/../../../../avr/lib/avr6\libm.a(fp_inf.o)
 .bss           0x00800a2c        0x0 c:/arduino/hardware/tools/avr/bin/../lib/gcc/avr/4.3.2/../../../../avr/lib/avr6\libm.a(fp_nan.o)
 .bss           0x00800a2c        0x0 c:/arduino/hardware/tools/avr/bin/../lib/gcc/avr/4.3.2/../../../../avr/lib/avr6\libm.a(fp_pscA.o)
 .bss           0x00800a2c        0x0 c:/arduino/hardware/tools/avr/bin/../lib/gcc/avr/4.3.2/../../../../avr/lib/avr6\libm.a(fp_pscB.o)
 .bss           0x00800a2c        0x0 c:/arduino/hardware/tools/avr/bin/../lib/gcc/avr/4.3.2/../../../../avr/lib/avr6\libm.a(fp_round.o)
 .bss           0x00800a2c        0x0 c:/arduino/hardware/tools/avr/bin/../lib/gcc/avr/4.3.2/../../../../avr/lib/avr6\libm.a(fp_split3.o)
 .bss           0x00800a2c        0x0 c:/arduino/hardware/tools/avr/bin/../lib/gcc/avr/4.3.2/../../../../avr/lib/avr6\libm.a(fp_zero.o)
 .bss           0x00800a2c        0x0 c:/arduino/hardware/tools/avr/bin/../lib/gcc/avr/4.3.2/../../../../avr/lib/avr6\libm.a(gesf2.o)
 .bss           0x00800a2c        0x0 c:/arduino/hardware/tools/avr/bin/../lib/gcc/avr/4.3.2/../../../../avr/lib/avr6\libm.a(mulsf3.o)
 .bss           0x00800a2c        0x0 c:/arduino/hardware/tools/avr/bin/../lib/gcc/avr/4.3.2/../../../../avr/lib/avr6\libm.a(mulsf3x.o)
 .bss           0x00800a2c        0x0 c:/arduino/hardware/tools/avr/bin/../lib/gcc/avr/4.3.2/../../../../avr/lib/avr6\libprintf_flt.a(vfprintf_flt.o)
 .bss           0x00800a2c        0x0 c:/arduino/hardware/tools/avr/bin/../lib/gcc/avr/4.3.2/avr6\libgcc.a(_mulsi3.o)
 .bss           0x00800a2c        0x0 c:/arduino/hardware/tools/avr/bin/../lib/gcc/avr/4.3.2/avr6\libgcc.a(_udivmodhi4.o)
 .bss           0x00800a2c        0x0 c:/arduino/hardware/tools/avr/bin/../lib/gcc/avr/4.3.2/avr6\libgcc.a(_divmodhi4.o)
 .bss           0x00800a2c        0x0 c:/arduino/hardware/tools/avr/bin/../lib/gcc/avr/4.3.2/avr6\libgcc.a(_udivmodsi4.o)
 .bss           0x00800a2c        0x0 c:/arduino/hardware/tools/avr/bin/../lib/gcc/avr/4.3.2/avr6\libgcc.a(_prologue.o)
 .bss           0x00800a2c        0x0 c:/arduino/hardware/tools/avr/bin/../lib/gcc/avr/4.3.2/avr6\libgcc.a(_epilogue.o)
 .bss           0x00800a2c        0x0 c:/arduino/hardware/tools/avr/bin/../lib/gcc/avr/4.3.2/avr6\libgcc.a(_exit.o)
 .bss           0x00800a2c        0x0 c:/arduino/hardware/tools/avr/bin/../lib/gcc/avr/4.3.2/avr6\libgcc.a(_tablejump.o)
 .bss           0x00800a2c        0x0 c:/arduino/hardware/tools/avr/bin/../lib/gcc/avr/4.3.2/avr6\libgcc.a(_clear_bss.o)
 .bss           0x00800a2c        0x0 c:/arduino/hardware/tools/avr/bin/../lib/gcc/avr/4.3.2/../../../../avr/lib/avr6\libc.a(ftoa_engine.o)
 .bss           0x00800a2c        0x0 c:/arduino/hardware/tools/avr/bin/../lib/gcc/avr/4.3.2/../../../../avr/lib/avr6\libc.a(strnlen_P.o)
 .bss           0x00800a2c        0x0 c:/arduino/hardware/tools/avr/bin/../lib/gcc/avr/4.3.2/../../../../avr/lib/avr6\libc.a(memcpy.o)
 .bss           0x00800a2c        0x0 c:/arduino/hardware/tools/avr/bin/../lib/gcc/avr/4.3.2/../../../../avr/lib/avr6\libc.a(memset.o)
 .bss           0x00800a2c        0x0 c:/arduino/hardware/tools/avr/bin/../lib/gcc/avr/4.3.2/../../../../avr/lib/avr6\libc.a(strcat.o)
 .bss           0x00800a2c        0x0 c:/arduino/hardware/tools/avr/bin/../lib/gcc/avr/4.3.2/../../../../avr/lib/avr6\libc.a(strcpy.o)
 .bss           0x00800a2c        0x0 c:/arduino/hardware/tools/avr/bin/../lib/gcc/avr/4.3.2/../../../../avr/lib/avr6\libc.a(strncat.o)
 .bss           0x00800a2c        0x0 c:/arduino/hardware/tools/avr/bin/../lib/gcc/avr/4.3.2/../../../../avr/lib/avr6\libc.a(strncmp.o)
 .bss           0x00800a2c        0x0 c:/arduino/hardware/tools/avr/bin/../lib/gcc/avr/4.3.2/../../../../avr/lib/avr6\libc.a(strncpy.o)
 .bss           0x00800a2c        0x0 c:/arduino/hardware/tools/avr/bin/../lib/gcc/avr/4.3.2/../../../../avr/lib/avr6\libc.a(strnlen.o)
 .bss           0x00800a2c        0x0 c:/arduino/hardware/tools/avr/bin/../lib/gcc/avr/4.3.2/../../../../avr/lib/avr6\libc.a(strstr.o)
 .bss           0x00800a2c        0x0 c:/arduino/hardware/tools/avr/bin/../lib/gcc/avr/4.3.2/../../../../avr/lib/avr6\libc.a(fputc.o)
 .bss           0x00800a2c        0x0 c:/arduino/hardware/tools/avr/bin/../lib/gcc/avr/4.3.2/../../../../avr/lib/avr6\libc.a(sprintf.o)
 .bss           0x00800a2c        0x0 c:/arduino/hardware/tools/avr/bin/../lib/gcc/avr/4.3.2/../../../../avr/lib/avr6\libc.a(vsnprintf.o)
 .bss           0x00800a2c        0x0 c:/arduino/hardware/tools/avr/bin/../lib/gcc/avr/4.3.2/../../../../avr/lib/avr6\libc.a(vsnprintf_p.o)
 .bss           0x00800a2c        0x0 c:/arduino/hardware/tools/avr/bin/../lib/gcc/avr/4.3.2/../../../../avr/lib/avr6\libc.a(ultoa_invert.o)
 *(.bss*)
 .bss.timer_counter_timer0
                0x00800a2c        0x9 ./src/custom_timer.o
 .bss.tov_cntr  0x00800a35        0x8 ./src/motion.o
 .bss.last_icr  0x00800a3d        0x4 ./src/motion.o
 .bss.new_data  0x00800a41        0x8 ./src/motion.o
 .bss.new_data_available
                0x00800a49        0x4 ./src/motion.o
 .bss.tempValues.1587
                0x00800a4d        0x8 ./src/tempsensor.o
 .bss.defaultUSART
                0x00800a55        0x2 ./src/usart_serial.o
                0x00800a55                defaultUSART
 .bss.client_response_buffer_write_pointer
                0x00800a57        0x1 ./src/wireless_interface.o
                0x00800a57                client_response_buffer_write_pointer
 .bss.client_response_buffer_read_pointer
                0x00800a58        0x1 ./src/wireless_interface.o
                0x00800a58                client_response_buffer_read_pointer
 .bss.web_server_status
                0x00800a59        0x2 ./src/wireless_interface.o
                0x00800a59                web_server_status
 .bss.portTickRateHz
                0x00800a5b        0x2 C:/Users/Nick/workspace/FreeRTOS801/Release/libFreeRTOS801.a(port.o)
 .bss.ticksRemainingInSec
                0x00800a5d        0x2 C:/Users/Nick/workspace/FreeRTOS801/Release/libFreeRTOS801.a(port.o)
 .bss.xI2CSemaphore
                0x00800a5f        0x2 C:/Users/Nick/workspace/FreeRTOS801/Release/libFreeRTOS801.a(i2cMultiMaster.o)
                0x00800a5f                xI2CSemaphore
 .bss.I2C_statusReg
                0x00800a61        0x1 C:/Users/Nick/workspace/FreeRTOS801/Release/libFreeRTOS801.a(i2cMultiMaster.o)
                0x00800a61                I2C_statusReg
 .bss.I2C_checkBusyAfterStop
                0x00800a62        0x1 C:/Users/Nick/workspace/FreeRTOS801/Release/libFreeRTOS801.a(i2cMultiMaster.o)
 .bss.I2C_bufPtr.1873
                0x00800a63        0x1 C:/Users/Nick/workspace/FreeRTOS801/Release/libFreeRTOS801.a(i2cMultiMaster.o)
 .bss.I2C_buf   0x00800a64       0x18 C:/Users/Nick/workspace/FreeRTOS801/Release/libFreeRTOS801.a(i2cMultiMaster.o)
 .bss.I2C_msgSize
                0x00800a7c        0x1 C:/Users/Nick/workspace/FreeRTOS801/Release/libFreeRTOS801.a(i2cMultiMaster.o)
 .bss.xBlockAllocatedBit
                0x00800a7d        0x2 C:/Users/Nick/workspace/FreeRTOS801/Release/libFreeRTOS801.a(heap_4.o)
 .bss.pxEnd     0x00800a7f        0x2 C:/Users/Nick/workspace/FreeRTOS801/Release/libFreeRTOS801.a(heap_4.o)
 .bss.ucHeap    0x00800a81     0x1200 C:/Users/Nick/workspace/FreeRTOS801/Release/libFreeRTOS801.a(heap_4.o)
 .bss.xStart    0x00801c81        0x4 C:/Users/Nick/workspace/FreeRTOS801/Release/libFreeRTOS801.a(heap_4.o)
 .bss.pxCurrentTCB
                0x00801c85        0x2 C:/Users/Nick/workspace/FreeRTOS801/Release/libFreeRTOS801.a(tasks.o)
                0x00801c85                pxCurrentTCB
 .bss.uxCurrentNumberOfTasks
                0x00801c87        0x1 C:/Users/Nick/workspace/FreeRTOS801/Release/libFreeRTOS801.a(tasks.o)
 .bss.uxTopReadyPriority
                0x00801c88        0x1 C:/Users/Nick/workspace/FreeRTOS801/Release/libFreeRTOS801.a(tasks.o)
 .bss.xYieldPending
                0x00801c89        0x1 C:/Users/Nick/workspace/FreeRTOS801/Release/libFreeRTOS801.a(tasks.o)
 .bss.xTickCount
                0x00801c8a        0x2 C:/Users/Nick/workspace/FreeRTOS801/Release/libFreeRTOS801.a(tasks.o)
 .bss.xNumOfOverflows
                0x00801c8c        0x1 C:/Users/Nick/workspace/FreeRTOS801/Release/libFreeRTOS801.a(tasks.o)
 .bss.uxSchedulerSuspended
                0x00801c8d        0x1 C:/Users/Nick/workspace/FreeRTOS801/Release/libFreeRTOS801.a(tasks.o)
 .bss.ulTotalRunTime
                0x00801c8e        0x4 C:/Users/Nick/workspace/FreeRTOS801/Release/libFreeRTOS801.a(tasks.o)
 .bss.ulTaskSwitchedInTime
                0x00801c92        0x4 C:/Users/Nick/workspace/FreeRTOS801/Release/libFreeRTOS801.a(tasks.o)
 .bss.uxPendedTicks
                0x00801c96        0x1 C:/Users/Nick/workspace/FreeRTOS801/Release/libFreeRTOS801.a(tasks.o)
 .bss.xSchedulerRunning
                0x00801c97        0x1 C:/Users/Nick/workspace/FreeRTOS801/Release/libFreeRTOS801.a(tasks.o)
 .bss.uxTasksDeleted
                0x00801c98        0x1 C:/Users/Nick/workspace/FreeRTOS801/Release/libFreeRTOS801.a(tasks.o)
 .bss.uxTaskNumber
                0x00801c99        0x1 C:/Users/Nick/workspace/FreeRTOS801/Release/libFreeRTOS801.a(tasks.o)
 .bss.pxReadyTasksLists
                0x00801c9a       0x24 C:/Users/Nick/workspace/FreeRTOS801/Release/libFreeRTOS801.a(tasks.o)
 .bss.xDelayedTaskList1
                0x00801cbe        0x9 C:/Users/Nick/workspace/FreeRTOS801/Release/libFreeRTOS801.a(tasks.o)
 .bss.xDelayedTaskList2
                0x00801cc7        0x9 C:/Users/Nick/workspace/FreeRTOS801/Release/libFreeRTOS801.a(tasks.o)
 .bss.pxDelayedTaskList
                0x00801cd0        0x2 C:/Users/Nick/workspace/FreeRTOS801/Release/libFreeRTOS801.a(tasks.o)
 .bss.pxOverflowDelayedTaskList
                0x00801cd2        0x2 C:/Users/Nick/workspace/FreeRTOS801/Release/libFreeRTOS801.a(tasks.o)
 .bss.xPendingReadyList
                0x00801cd4        0x9 C:/Users/Nick/workspace/FreeRTOS801/Release/libFreeRTOS801.a(tasks.o)
 .bss.xTasksWaitingTermination
                0x00801cdd        0x9 C:/Users/Nick/workspace/FreeRTOS801/Release/libFreeRTOS801.a(tasks.o)
 .bss.xSuspendedTaskList
                0x00801ce6        0x9 C:/Users/Nick/workspace/FreeRTOS801/Release/libFreeRTOS801.a(tasks.o)
 *(COMMON)
 COMMON         0x00801cef        0x7 ./src/attached_mode.o
                0x00801cef                lastTrackedDirection
                0x00801cf1                currentCenterServoDirection
                0x00801cf3                currentMode
                0x00801cf5                targetFound
 COMMON         0x00801cf6        0x8 ./src/behaviour.o
                0x00801cf6                state
                0x00801cf8                wheelsUpdated
                0x00801cf9                lcdUpdated
                0x00801cfa                centerServoDirection
                0x00801cfc                wheelSpeedUpdated
                0x00801cfd                centerServoUpdated
 COMMON         0x00801cfe        0x4 ./src/ping.o
                0x00801cfe                distance
 COMMON         0x00801d02       0x18 ./src/servo.o
                0x00801d02                totalDistance
                0x00801d0a                previousSpeedLeft
                0x00801d0e                previousSpeedRight
                0x00801d12                wheelSpeedLeft
                0x00801d16                wheelSpeedRight
 COMMON         0x00801d1a       0x14 ./src/tempsensor.o
                0x00801d1a                register_values
 COMMON         0x00801d2e        0x4 ./src/timer.o
                0x00801d2e                timerTickCount
                0x00801d30                isrCallback
 COMMON         0x00801d32       0x78 ./src/usart_serial.o
                0x00801d32                usartComBuf
 COMMON         0x00801daa       0x82 ./src/wireless_interface.o
                0x00801daa                client_web_page
                0x00801dcf                wifi_client
                0x00801dd0                gainspan
                0x00801e27                client_response_buffer
                0x00801e29                wifi_server
 COMMON         0x00801e2c        0x4 C:/Users/Nick/workspace/FreeRTOS801/Release/libFreeRTOS801.a(system_time.o)
                0x00801e2c                __system_time
                0x00801e30                PROVIDE (__bss_end, .)
                0x0000b11c                __data_load_start = LOADADDR (.data)
                0x0000b948                __data_load_end = (__data_load_start + SIZEOF (.data))

.noinit         0x00801e30        0x0
                0x00801e30                PROVIDE (__noinit_start, .)
 *(.noinit*)
                0x00801e30                PROVIDE (__noinit_end, .)
                0x00801e30                _end = .
                0x00801e30                PROVIDE (__heap_start, .)

.eeprom         0x00810000        0x0
 *(.eeprom*)
                0x00810000                __eeprom_end = .

.fuse
 *(.fuse)
 *(.lfuse)
 *(.hfuse)
 *(.efuse)

.lock
 *(.lock*)

.signature
 *(.signature*)

.stab
 *(.stab)

.stabstr
 *(.stabstr)

.stab.excl
 *(.stab.excl)

.stab.exclstr
 *(.stab.exclstr)

.stab.index
 *(.stab.index)

.stab.indexstr
 *(.stab.indexstr)

.comment
 *(.comment)

.debug
 *(.debug)

.line
 *(.line)

.debug_srcinfo
 *(.debug_srcinfo)

.debug_sfnames
 *(.debug_sfnames)

.debug_aranges
 *(.debug_aranges)

.debug_pubnames
 *(.debug_pubnames)

.debug_info
 *(.debug_info)
 *(.gnu.linkonce.wi.*)

.debug_abbrev
 *(.debug_abbrev)

.debug_line
 *(.debug_line)

.debug_frame
 *(.debug_frame)

.debug_str
 *(.debug_str)

.debug_loc
 *(.debug_loc)

.debug_macinfo
 *(.debug_macinfo)
OUTPUT(EmptyProject.elf elf32-avr)
LOAD linker stubs
