Archive member included because of file (symbol)

C:/Users/Nick/workspace/FreeRTOS801/Release/libFreeRTOS801.a(port.o)
                              ./src/usart_serial.o (vPortYield)
C:/Users/Nick/workspace/FreeRTOS801/Release/libFreeRTOS801.a(system_tick.o)
                              C:/Users/Nick/workspace/FreeRTOS801/Release/libFreeRTOS801.a(port.o) (system_tick)
C:/Users/Nick/workspace/FreeRTOS801/Release/libFreeRTOS801.a(system_time.o)
                              C:/Users/Nick/workspace/FreeRTOS801/Release/libFreeRTOS801.a(system_tick.o) (__system_time)
C:/Users/Nick/workspace/FreeRTOS801/Release/libFreeRTOS801.a(i2cMultiMaster.o)
                              ./src/tempsensor.o (I2C_Master_Start_Transceiver_With_Data)
C:/Users/Nick/workspace/FreeRTOS801/Release/libFreeRTOS801.a(heap_4.o)
                              ./src/usart_serial.o (vPortFree)
C:/Users/Nick/workspace/FreeRTOS801/Release/libFreeRTOS801.a(queue.o)
                              C:/Users/Nick/workspace/FreeRTOS801/Release/libFreeRTOS801.a(i2cMultiMaster.o) (xQueueGenericSend)
C:/Users/Nick/workspace/FreeRTOS801/Release/libFreeRTOS801.a(tasks.o)
                              C:/Users/Nick/workspace/FreeRTOS801/Release/libFreeRTOS801.a(heap_4.o) (vTaskSuspendAll)
C:/Users/Nick/workspace/FreeRTOS801/Release/libFreeRTOS801.a(list.o)
                              C:/Users/Nick/workspace/FreeRTOS801/Release/libFreeRTOS801.a(queue.o) (vListInitialise)
C:/Users/Nick/workspace/FreeRTOS801/Release/libFreeRTOS801.a(runtTimeStatsTimer.o)
                              C:/Users/Nick/workspace/FreeRTOS801/Release/libFreeRTOS801.a(tasks.o) (xconfigTimerForRunTimeStats)
c:/arduino/hardware/tools/avr/bin/../lib/gcc/avr/4.3.2/../../../../avr/lib/avr6\libm.a(addsf3.o)
                              ./src/servo.o (__addsf3)
c:/arduino/hardware/tools/avr/bin/../lib/gcc/avr/4.3.2/../../../../avr/lib/avr6\libm.a(addsf3x.o)
                              c:/arduino/hardware/tools/avr/bin/../lib/gcc/avr/4.3.2/../../../../avr/lib/avr6\libm.a(addsf3.o) (__addsf3x)
c:/arduino/hardware/tools/avr/bin/../lib/gcc/avr/4.3.2/../../../../avr/lib/avr6\libm.a(cmpsf2.o)
                              ./src/servo.o (__nesf2)
c:/arduino/hardware/tools/avr/bin/../lib/gcc/avr/4.3.2/../../../../avr/lib/avr6\libm.a(divsf3.o)
                              ./src/servo.o (__divsf3)
c:/arduino/hardware/tools/avr/bin/../lib/gcc/avr/4.3.2/../../../../avr/lib/avr6\libm.a(divsf3x.o)
                              c:/arduino/hardware/tools/avr/bin/../lib/gcc/avr/4.3.2/../../../../avr/lib/avr6\libm.a(divsf3.o) (__divsf3x)
c:/arduino/hardware/tools/avr/bin/../lib/gcc/avr/4.3.2/../../../../avr/lib/avr6\libm.a(fixsfsi.o)
                              ./src/ping.o (__fixsfsi)
c:/arduino/hardware/tools/avr/bin/../lib/gcc/avr/4.3.2/../../../../avr/lib/avr6\libm.a(fixunssfsi.o)
                              c:/arduino/hardware/tools/avr/bin/../lib/gcc/avr/4.3.2/../../../../avr/lib/avr6\libm.a(fixsfsi.o) (__fixunssfsi)
c:/arduino/hardware/tools/avr/bin/../lib/gcc/avr/4.3.2/../../../../avr/lib/avr6\libm.a(floatsisf.o)
                              ./src/ping.o (__floatunsisf)
c:/arduino/hardware/tools/avr/bin/../lib/gcc/avr/4.3.2/../../../../avr/lib/avr6\libm.a(fp_cmp.o)
                              c:/arduino/hardware/tools/avr/bin/../lib/gcc/avr/4.3.2/../../../../avr/lib/avr6\libm.a(cmpsf2.o) (__fp_cmp)
c:/arduino/hardware/tools/avr/bin/../lib/gcc/avr/4.3.2/../../../../avr/lib/avr6\libm.a(fp_inf.o)
                              c:/arduino/hardware/tools/avr/bin/../lib/gcc/avr/4.3.2/../../../../avr/lib/avr6\libm.a(addsf3x.o) (__fp_inf)
c:/arduino/hardware/tools/avr/bin/../lib/gcc/avr/4.3.2/../../../../avr/lib/avr6\libm.a(fp_nan.o)
                              c:/arduino/hardware/tools/avr/bin/../lib/gcc/avr/4.3.2/../../../../avr/lib/avr6\libm.a(addsf3x.o) (__fp_nan)
c:/arduino/hardware/tools/avr/bin/../lib/gcc/avr/4.3.2/../../../../avr/lib/avr6\libm.a(fp_pscA.o)
                              c:/arduino/hardware/tools/avr/bin/../lib/gcc/avr/4.3.2/../../../../avr/lib/avr6\libm.a(addsf3x.o) (__fp_pscA)
c:/arduino/hardware/tools/avr/bin/../lib/gcc/avr/4.3.2/../../../../avr/lib/avr6\libm.a(fp_pscB.o)
                              c:/arduino/hardware/tools/avr/bin/../lib/gcc/avr/4.3.2/../../../../avr/lib/avr6\libm.a(addsf3x.o) (__fp_pscB)
c:/arduino/hardware/tools/avr/bin/../lib/gcc/avr/4.3.2/../../../../avr/lib/avr6\libm.a(fp_round.o)
                              c:/arduino/hardware/tools/avr/bin/../lib/gcc/avr/4.3.2/../../../../avr/lib/avr6\libm.a(addsf3.o) (__fp_round)
c:/arduino/hardware/tools/avr/bin/../lib/gcc/avr/4.3.2/../../../../avr/lib/avr6\libm.a(fp_split3.o)
                              c:/arduino/hardware/tools/avr/bin/../lib/gcc/avr/4.3.2/../../../../avr/lib/avr6\libm.a(addsf3x.o) (__fp_split3)
c:/arduino/hardware/tools/avr/bin/../lib/gcc/avr/4.3.2/../../../../avr/lib/avr6\libm.a(fp_zero.o)
                              c:/arduino/hardware/tools/avr/bin/../lib/gcc/avr/4.3.2/../../../../avr/lib/avr6\libm.a(addsf3x.o) (__fp_zero)
c:/arduino/hardware/tools/avr/bin/../lib/gcc/avr/4.3.2/../../../../avr/lib/avr6\libm.a(gesf2.o)
                              ./src/attached_mode.o (__gtsf2)
c:/arduino/hardware/tools/avr/bin/../lib/gcc/avr/4.3.2/../../../../avr/lib/avr6\libm.a(mulsf3.o)
                              ./src/ping.o (__mulsf3)
c:/arduino/hardware/tools/avr/bin/../lib/gcc/avr/4.3.2/../../../../avr/lib/avr6\libm.a(mulsf3x.o)
                              c:/arduino/hardware/tools/avr/bin/../lib/gcc/avr/4.3.2/../../../../avr/lib/avr6\libm.a(mulsf3.o) (__mulsf3x)
c:/arduino/hardware/tools/avr/bin/../lib/gcc/avr/4.3.2/../../../../avr/lib/avr6\libprintf_flt.a(vfprintf_flt.o)
                              (vfprintf)
c:/arduino/hardware/tools/avr/bin/../lib/gcc/avr/4.3.2/avr6\libgcc.a(_mulsi3.o)
                              ./src/motion.o (__mulsi3)
c:/arduino/hardware/tools/avr/bin/../lib/gcc/avr/4.3.2/avr6\libgcc.a(_udivmodhi4.o)
                              ./src/wireless_interface.o (__udivmodhi4)
c:/arduino/hardware/tools/avr/bin/../lib/gcc/avr/4.3.2/avr6\libgcc.a(_divmodhi4.o)
                              ./src/tempsensor.o (__divmodhi4)
c:/arduino/hardware/tools/avr/bin/../lib/gcc/avr/4.3.2/avr6\libgcc.a(_udivmodsi4.o)
                              ./src/usart_serial.o (__udivmodsi4)
c:/arduino/hardware/tools/avr/bin/../lib/gcc/avr/4.3.2/avr6\libgcc.a(_prologue.o)
                              ./src/main.o (__prologue_saves__)
c:/arduino/hardware/tools/avr/bin/../lib/gcc/avr/4.3.2/avr6\libgcc.a(_epilogue.o)
                              ./src/servo.o (__epilogue_restores__)
c:/arduino/hardware/tools/avr/bin/../lib/gcc/avr/4.3.2/avr6\libgcc.a(_exit.o)
                              c:/arduino/hardware/tools/avr/bin/../lib/gcc/avr/4.3.2/../../../../avr/lib/avr6/crtm2560.o (exit)
c:/arduino/hardware/tools/avr/bin/../lib/gcc/avr/4.3.2/avr6\libgcc.a(_tablejump.o)
                              ./src/wireless_interface.o (__tablejump2__)
c:/arduino/hardware/tools/avr/bin/../lib/gcc/avr/4.3.2/avr6\libgcc.a(_clear_bss.o)
                              ./src/attached_mode.o (__do_clear_bss)
c:/arduino/hardware/tools/avr/bin/../lib/gcc/avr/4.3.2/../../../../avr/lib/avr6\libc.a(ftoa_engine.o)
                              c:/arduino/hardware/tools/avr/bin/../lib/gcc/avr/4.3.2/../../../../avr/lib/avr6\libprintf_flt.a(vfprintf_flt.o) (__ftoa_engine)
c:/arduino/hardware/tools/avr/bin/../lib/gcc/avr/4.3.2/../../../../avr/lib/avr6\libc.a(strnlen_P.o)
                              c:/arduino/hardware/tools/avr/bin/../lib/gcc/avr/4.3.2/../../../../avr/lib/avr6\libprintf_flt.a(vfprintf_flt.o) (strnlen_P)
c:/arduino/hardware/tools/avr/bin/../lib/gcc/avr/4.3.2/../../../../avr/lib/avr6\libc.a(memcpy.o)
                              C:/Users/Nick/workspace/FreeRTOS801/Release/libFreeRTOS801.a(queue.o) (memcpy)
c:/arduino/hardware/tools/avr/bin/../lib/gcc/avr/4.3.2/../../../../avr/lib/avr6\libc.a(memset.o)
                              ./src/wireless_interface.o (memset)
c:/arduino/hardware/tools/avr/bin/../lib/gcc/avr/4.3.2/../../../../avr/lib/avr6\libc.a(strcat.o)
                              ./src/wireless_interface.o (strcat)
c:/arduino/hardware/tools/avr/bin/../lib/gcc/avr/4.3.2/../../../../avr/lib/avr6\libc.a(strcpy.o)
                              ./src/wireless_interface.o (strcpy)
c:/arduino/hardware/tools/avr/bin/../lib/gcc/avr/4.3.2/../../../../avr/lib/avr6\libc.a(strncat.o)
                              ./src/wireless_interface.o (strncat)
c:/arduino/hardware/tools/avr/bin/../lib/gcc/avr/4.3.2/../../../../avr/lib/avr6\libc.a(strncmp.o)
                              ./src/wireless_interface.o (strncmp)
c:/arduino/hardware/tools/avr/bin/../lib/gcc/avr/4.3.2/../../../../avr/lib/avr6\libc.a(strncpy.o)
                              ./src/wireless_interface.o (strncpy)
c:/arduino/hardware/tools/avr/bin/../lib/gcc/avr/4.3.2/../../../../avr/lib/avr6\libc.a(strnlen.o)
                              c:/arduino/hardware/tools/avr/bin/../lib/gcc/avr/4.3.2/../../../../avr/lib/avr6\libprintf_flt.a(vfprintf_flt.o) (strnlen)
c:/arduino/hardware/tools/avr/bin/../lib/gcc/avr/4.3.2/../../../../avr/lib/avr6\libc.a(strstr.o)
                              ./src/wireless_interface.o (strstr)
c:/arduino/hardware/tools/avr/bin/../lib/gcc/avr/4.3.2/../../../../avr/lib/avr6\libc.a(fputc.o)
                              c:/arduino/hardware/tools/avr/bin/../lib/gcc/avr/4.3.2/../../../../avr/lib/avr6\libprintf_flt.a(vfprintf_flt.o) (fputc)
c:/arduino/hardware/tools/avr/bin/../lib/gcc/avr/4.3.2/../../../../avr/lib/avr6\libc.a(sprintf.o)
                              ./src/main.o (sprintf)
c:/arduino/hardware/tools/avr/bin/../lib/gcc/avr/4.3.2/../../../../avr/lib/avr6\libc.a(vsnprintf.o)
                              ./src/usart_serial.o (vsnprintf)
c:/arduino/hardware/tools/avr/bin/../lib/gcc/avr/4.3.2/../../../../avr/lib/avr6\libc.a(vsnprintf_p.o)
                              ./src/usart_serial.o (vsnprintf_P)
c:/arduino/hardware/tools/avr/bin/../lib/gcc/avr/4.3.2/../../../../avr/lib/avr6\libc.a(ultoa_invert.o)
                              c:/arduino/hardware/tools/avr/bin/../lib/gcc/avr/4.3.2/../../../../avr/lib/avr6\libprintf_flt.a(vfprintf_flt.o) (__ultoa_invert)

Allocating common symbols
Common symbol       size              file

totalDistance       0x8               ./src/servo.o
initialAttachTime   0x4               ./src/attached_mode.o
client_web_page     0x25              ./src/wireless_interface.o
lastTrackedDirection
                    0x2               ./src/attached_mode.o
currentState        0x2               ./src/attached_mode.o
timerTickCount      0x2               ./src/timer.o
register_values     0x14              ./src/tempsensor.o
previousSpeedLeft   0x4               ./src/servo.o
distance            0x4               ./src/ping.o
wifi_client         0x1               ./src/wireless_interface.o
usartComBuf         0x78              ./src/usart_serial.o
previousSpeedRight  0x4               ./src/servo.o
wheelSpeedLeft      0x4               ./src/servo.o
currentCenterServoDirection
                    0x2               ./src/attached_mode.o
isrCallback         0x2               ./src/timer.o
gainspan            0x57              ./src/wireless_interface.o
client_response_buffer
                    0x2               ./src/wireless_interface.o
wheelSpeedRight     0x4               ./src/servo.o
currentTime         0x4               ./src/attached_mode.o
__system_time       0x4               C:/Users/Nick/workspace/FreeRTOS801/Release/libFreeRTOS801.a(system_time.o)
wifi_server         0x3               ./src/wireless_interface.o

Memory Configuration

Name             Origin             Length             Attributes
text             0x00000000         0x00100000         xr
data             0x00800200         0x0000fe00         rw !x
eeprom           0x00810000         0x00010000         rw !x
fuse             0x00820000         0x00000400         rw !x
lock             0x00830000         0x00000400         rw !x
signature        0x00840000         0x00000400         rw !x
*default*        0x00000000         0xffffffff

Linker script and memory map

Address of section .data set to 0x800200
LOAD c:/arduino/hardware/tools/avr/bin/../lib/gcc/avr/4.3.2/../../../../avr/lib/avr6/crtm2560.o
LOAD ./src/attached_mode.o
LOAD ./src/behaviour.o
LOAD ./src/custom_timer.o
LOAD ./src/lcd.o
LOAD ./src/led.o
LOAD ./src/main.o
LOAD ./src/motion.o
LOAD ./src/ping.o
LOAD ./src/servo.o
LOAD ./src/tempsensor.o
LOAD ./src/timer.o
LOAD ./src/usart_serial.o
LOAD ./src/wireless_interface.o
LOAD C:/Users/Nick/workspace/FreeRTOS801/Release/libFreeRTOS801.a
LOAD c:/arduino/hardware/tools/avr/bin/../lib/gcc/avr/4.3.2/../../../../avr/lib/avr6\libm.a
LOAD c:/arduino/hardware/tools/avr/bin/../lib/gcc/avr/4.3.2/../../../../avr/lib/avr6\libprintf_flt.a
LOAD C:\Users\Nick\workspace\FreeRTOS801\Release\libFreeRTOS801.a
LOAD C:\Users\Nick\workspace\CEG4166_RTS_Lib\Release\libCEG4166_RTS_Lib.a
LOAD c:/arduino/hardware/tools/avr/bin/../lib/gcc/avr/4.3.2/avr6\libgcc.a
LOAD c:/arduino/hardware/tools/avr/bin/../lib/gcc/avr/4.3.2/../../../../avr/lib/avr6\libc.a
LOAD c:/arduino/hardware/tools/avr/bin/../lib/gcc/avr/4.3.2/avr6\libgcc.a

.hash
 *(.hash)

.dynsym
 *(.dynsym)

.dynstr
 *(.dynstr)

.gnu.version
 *(.gnu.version)

.gnu.version_d
 *(.gnu.version_d)

.gnu.version_r
 *(.gnu.version_r)

.rel.init
 *(.rel.init)

.rela.init
 *(.rela.init)

.rel.text
 *(.rel.text)
 *(.rel.text.*)
 *(.rel.gnu.linkonce.t*)

.rela.text
 *(.rela.text)
 *(.rela.text.*)
 *(.rela.gnu.linkonce.t*)

.rel.fini
 *(.rel.fini)

.rela.fini
 *(.rela.fini)

.rel.rodata
 *(.rel.rodata)
 *(.rel.rodata.*)
 *(.rel.gnu.linkonce.r*)

.rela.rodata
 *(.rela.rodata)
 *(.rela.rodata.*)
 *(.rela.gnu.linkonce.r*)

.rel.data
 *(.rel.data)
 *(.rel.data.*)
 *(.rel.gnu.linkonce.d*)

.rela.data
 *(.rela.data)
 *(.rela.data.*)
 *(.rela.gnu.linkonce.d*)

.rel.ctors
 *(.rel.ctors)

.rela.ctors
 *(.rela.ctors)

.rel.dtors
 *(.rel.dtors)

.rela.dtors
 *(.rela.dtors)

.rel.got
 *(.rel.got)

.rela.got
 *(.rela.got)

.rel.bss
 *(.rel.bss)

.rela.bss
 *(.rela.bss)

.rel.plt
 *(.rel.plt)

.rela.plt
 *(.rela.plt)

.text           0x00000000     0xaf68
 *(.vectors)
 .vectors       0x00000000       0xe4 c:/arduino/hardware/tools/avr/bin/../lib/gcc/avr/4.3.2/../../../../avr/lib/avr6/crtm2560.o
                0x00000000                __vectors
                0x00000000                __vector_default
 *(.vectors)
 *(.progmem.gcc*)
 .progmem.gcc_sw_table
                0x000000e4       0x54 ./src/wireless_interface.o
 .progmem.gcc_sw_table
                0x00000138      0x182 C:/Users/Nick/workspace/FreeRTOS801/Release/libFreeRTOS801.a(i2cMultiMaster.o)
 *(.progmem*)
 .progmem.data  0x000002ba       0x3c ./src/main.o
 .progmem.data  0x000002f6        0x8 c:/arduino/hardware/tools/avr/bin/../lib/gcc/avr/4.3.2/../../../../avr/lib/avr6\libprintf_flt.a(vfprintf_flt.o)
 .progmem.data  0x000002fe       0xfa c:/arduino/hardware/tools/avr/bin/../lib/gcc/avr/4.3.2/../../../../avr/lib/avr6\libc.a(ftoa_engine.o)
                0x000003f8                . = ALIGN (0x2)
                0x000003f8                __trampolines_start = .
 *(.trampolines)
 .trampolines   0x000003f8        0x0 linker stubs
 *(.trampolines*)
                0x000003f8                __trampolines_end = .
 *(.jumptables)
 *(.jumptables*)
 *(.lowtext)
 .lowtext       0x000003f8      0x2e8 C:/Users/Nick/workspace/FreeRTOS801/Release/libFreeRTOS801.a(tasks.o)
 *(.lowtext*)
                0x000006e0                __ctors_start = .
 *(.ctors)
                0x000006e0                __ctors_end = .
                0x000006e0                __dtors_start = .
 *(.dtors)
                0x000006e0                __dtors_end = .
 SORT(*)(.ctors)
 SORT(*)(.dtors)
 *(.init0)
 .init0         0x000006e0        0x0 c:/arduino/hardware/tools/avr/bin/../lib/gcc/avr/4.3.2/../../../../avr/lib/avr6/crtm2560.o
                0x000006e0                __init
 *(.init0)
 *(.init1)
 *(.init1)
 *(.init2)
 .init2         0x000006e0       0x10 c:/arduino/hardware/tools/avr/bin/../lib/gcc/avr/4.3.2/../../../../avr/lib/avr6/crtm2560.o
 *(.init2)
 *(.init3)
 *(.init3)
 *(.init4)
 .init4         0x000006f0       0x1c c:/arduino/hardware/tools/avr/bin/../lib/gcc/avr/4.3.2/../../../../avr/lib/avr6/crtm2560.o
                0x000006f0                __do_copy_data
 .init4         0x0000070c       0x10 c:/arduino/hardware/tools/avr/bin/../lib/gcc/avr/4.3.2/avr6\libgcc.a(_clear_bss.o)
                0x0000070c                __do_clear_bss
 *(.init4)
 *(.init5)
 *(.init5)
 *(.init6)
 *(.init6)
 *(.init7)
 *(.init7)
 *(.init8)
 *(.init8)
 *(.init9)
 .init9         0x0000071c        0x8 c:/arduino/hardware/tools/avr/bin/../lib/gcc/avr/4.3.2/../../../../avr/lib/avr6/crtm2560.o
 *(.init9)
 *(.text)
 .text          0x00000724        0x4 c:/arduino/hardware/tools/avr/bin/../lib/gcc/avr/4.3.2/../../../../avr/lib/avr6/crtm2560.o
                0x00000724                __vector_38
                0x00000724                __vector_22
                0x00000724                __vector_28
                0x00000724                __vector_1
                0x00000724                __vector_34
                0x00000724                __vector_24
                0x00000724                __vector_12
                0x00000724                __bad_interrupt
                0x00000724                __vector_6
                0x00000724                __vector_31
                0x00000724                __vector_3
                0x00000724                __vector_30
                0x00000724                __vector_11
                0x00000724                __vector_13
                0x00000724                __vector_17
                0x00000724                __vector_19
                0x00000724                __vector_56
                0x00000724                __vector_7
                0x00000724                __vector_49
                0x00000724                __vector_43
                0x00000724                __vector_27
                0x00000724                __vector_5
                0x00000724                __vector_33
                0x00000724                __vector_47
                0x00000724                __vector_4
                0x00000724                __vector_44
                0x00000724                __vector_9
                0x00000724                __vector_2
                0x00000724                __vector_21
                0x00000724                __vector_15
                0x00000724                __vector_29
                0x00000724                __vector_40
                0x00000724                __vector_8
                0x00000724                __vector_48
                0x00000724                __vector_14
                0x00000724                __vector_53
                0x00000724                __vector_10
                0x00000724                __vector_16
                0x00000724                __vector_18
                0x00000724                __vector_20
                0x00000724                __vector_42
 .text          0x00000728        0x0 ./src/attached_mode.o
 .text          0x00000728        0x0 ./src/behaviour.o
 .text          0x00000728        0x0 ./src/custom_timer.o
 .text          0x00000728        0x0 ./src/lcd.o
 .text          0x00000728        0x0 ./src/led.o
 .text          0x00000728        0x0 ./src/main.o
 .text          0x00000728        0x0 ./src/motion.o
 .text          0x00000728        0x0 ./src/ping.o
 .text          0x00000728        0x0 ./src/servo.o
 .text          0x00000728        0x0 ./src/tempsensor.o
 .text          0x00000728        0x0 ./src/timer.o
 .text          0x00000728        0x0 ./src/usart_serial.o
 .text          0x00000728        0x0 ./src/wireless_interface.o
 .text          0x00000728        0x0 C:/Users/Nick/workspace/FreeRTOS801/Release/libFreeRTOS801.a(port.o)
 .text          0x00000728       0x38 C:/Users/Nick/workspace/FreeRTOS801/Release/libFreeRTOS801.a(system_tick.o)
                0x00000728                system_tick
 .text          0x00000760        0x0 C:/Users/Nick/workspace/FreeRTOS801/Release/libFreeRTOS801.a(system_time.o)
 .text          0x00000760        0x0 C:/Users/Nick/workspace/FreeRTOS801/Release/libFreeRTOS801.a(i2cMultiMaster.o)
 .text          0x00000760        0x0 C:/Users/Nick/workspace/FreeRTOS801/Release/libFreeRTOS801.a(heap_4.o)
 .text          0x00000760        0x0 C:/Users/Nick/workspace/FreeRTOS801/Release/libFreeRTOS801.a(queue.o)
 .text          0x00000760        0x0 C:/Users/Nick/workspace/FreeRTOS801/Release/libFreeRTOS801.a(tasks.o)
 .text          0x00000760        0x0 C:/Users/Nick/workspace/FreeRTOS801/Release/libFreeRTOS801.a(list.o)
 .text          0x00000760        0x0 C:/Users/Nick/workspace/FreeRTOS801/Release/libFreeRTOS801.a(runtTimeStatsTimer.o)
 .text          0x00000760        0x0 c:/arduino/hardware/tools/avr/bin/../lib/gcc/avr/4.3.2/../../../../avr/lib/avr6\libm.a(addsf3.o)
 .text          0x00000760        0x0 c:/arduino/hardware/tools/avr/bin/../lib/gcc/avr/4.3.2/../../../../avr/lib/avr6\libm.a(addsf3x.o)
 .text          0x00000760        0x0 c:/arduino/hardware/tools/avr/bin/../lib/gcc/avr/4.3.2/../../../../avr/lib/avr6\libm.a(cmpsf2.o)
 .text          0x00000760        0x0 c:/arduino/hardware/tools/avr/bin/../lib/gcc/avr/4.3.2/../../../../avr/lib/avr6\libm.a(divsf3.o)
 .text          0x00000760        0x0 c:/arduino/hardware/tools/avr/bin/../lib/gcc/avr/4.3.2/../../../../avr/lib/avr6\libm.a(divsf3x.o)
 .text          0x00000760        0x0 c:/arduino/hardware/tools/avr/bin/../lib/gcc/avr/4.3.2/../../../../avr/lib/avr6\libm.a(fixsfsi.o)
 .text          0x00000760        0x0 c:/arduino/hardware/tools/avr/bin/../lib/gcc/avr/4.3.2/../../../../avr/lib/avr6\libm.a(fixunssfsi.o)
 .text          0x00000760        0x0 c:/arduino/hardware/tools/avr/bin/../lib/gcc/avr/4.3.2/../../../../avr/lib/avr6\libm.a(floatsisf.o)
 .text          0x00000760        0x0 c:/arduino/hardware/tools/avr/bin/../lib/gcc/avr/4.3.2/../../../../avr/lib/avr6\libm.a(fp_cmp.o)
 .text          0x00000760        0x0 c:/arduino/hardware/tools/avr/bin/../lib/gcc/avr/4.3.2/../../../../avr/lib/avr6\libm.a(fp_inf.o)
 .text          0x00000760        0x0 c:/arduino/hardware/tools/avr/bin/../lib/gcc/avr/4.3.2/../../../../avr/lib/avr6\libm.a(fp_nan.o)
 .text          0x00000760        0x0 c:/arduino/hardware/tools/avr/bin/../lib/gcc/avr/4.3.2/../../../../avr/lib/avr6\libm.a(fp_pscA.o)
 .text          0x00000760        0x0 c:/arduino/hardware/tools/avr/bin/../lib/gcc/avr/4.3.2/../../../../avr/lib/avr6\libm.a(fp_pscB.o)
 .text          0x00000760        0x0 c:/arduino/hardware/tools/avr/bin/../lib/gcc/avr/4.3.2/../../../../avr/lib/avr6\libm.a(fp_round.o)
 .text          0x00000760        0x0 c:/arduino/hardware/tools/avr/bin/../lib/gcc/avr/4.3.2/../../../../avr/lib/avr6\libm.a(fp_split3.o)
 .text          0x00000760        0x0 c:/arduino/hardware/tools/avr/bin/../lib/gcc/avr/4.3.2/../../../../avr/lib/avr6\libm.a(fp_zero.o)
 .text          0x00000760        0x0 c:/arduino/hardware/tools/avr/bin/../lib/gcc/avr/4.3.2/../../../../avr/lib/avr6\libm.a(gesf2.o)
 .text          0x00000760        0x0 c:/arduino/hardware/tools/avr/bin/../lib/gcc/avr/4.3.2/../../../../avr/lib/avr6\libm.a(mulsf3.o)
 .text          0x00000760        0x0 c:/arduino/hardware/tools/avr/bin/../lib/gcc/avr/4.3.2/../../../../avr/lib/avr6\libm.a(mulsf3x.o)
 .text          0x00000760      0x712 c:/arduino/hardware/tools/avr/bin/../lib/gcc/avr/4.3.2/../../../../avr/lib/avr6\libprintf_flt.a(vfprintf_flt.o)
                0x00000760                vfprintf
 .text          0x00000e72        0x0 c:/arduino/hardware/tools/avr/bin/../lib/gcc/avr/4.3.2/avr6\libgcc.a(_mulsi3.o)
 .text          0x00000e72        0x0 c:/arduino/hardware/tools/avr/bin/../lib/gcc/avr/4.3.2/avr6\libgcc.a(_udivmodhi4.o)
 .text          0x00000e72        0x0 c:/arduino/hardware/tools/avr/bin/../lib/gcc/avr/4.3.2/avr6\libgcc.a(_divmodhi4.o)
 .text          0x00000e72        0x0 c:/arduino/hardware/tools/avr/bin/../lib/gcc/avr/4.3.2/avr6\libgcc.a(_udivmodsi4.o)
 .text          0x00000e72        0x0 c:/arduino/hardware/tools/avr/bin/../lib/gcc/avr/4.3.2/avr6\libgcc.a(_prologue.o)
 .text          0x00000e72        0x0 c:/arduino/hardware/tools/avr/bin/../lib/gcc/avr/4.3.2/avr6\libgcc.a(_epilogue.o)
 .text          0x00000e72        0x0 c:/arduino/hardware/tools/avr/bin/../lib/gcc/avr/4.3.2/avr6\libgcc.a(_exit.o)
 .text          0x00000e72        0x0 c:/arduino/hardware/tools/avr/bin/../lib/gcc/avr/4.3.2/avr6\libgcc.a(_tablejump.o)
 .text          0x00000e72        0x0 c:/arduino/hardware/tools/avr/bin/../lib/gcc/avr/4.3.2/avr6\libgcc.a(_clear_bss.o)
 .text          0x00000e72      0x1b0 c:/arduino/hardware/tools/avr/bin/../lib/gcc/avr/4.3.2/../../../../avr/lib/avr6\libc.a(ftoa_engine.o)
                0x00000e72                __ftoa_engine
 .text          0x00001022       0x16 c:/arduino/hardware/tools/avr/bin/../lib/gcc/avr/4.3.2/../../../../avr/lib/avr6\libc.a(strnlen_P.o)
                0x00001022                strnlen_P
 .text          0x00001038       0x12 c:/arduino/hardware/tools/avr/bin/../lib/gcc/avr/4.3.2/../../../../avr/lib/avr6\libc.a(memcpy.o)
                0x00001038                memcpy
 .text          0x0000104a        0xe c:/arduino/hardware/tools/avr/bin/../lib/gcc/avr/4.3.2/../../../../avr/lib/avr6\libc.a(memset.o)
                0x0000104a                memset
 .text          0x00001058       0x16 c:/arduino/hardware/tools/avr/bin/../lib/gcc/avr/4.3.2/../../../../avr/lib/avr6\libc.a(strcat.o)
                0x00001058                strcat
 .text          0x0000106e        0xe c:/arduino/hardware/tools/avr/bin/../lib/gcc/avr/4.3.2/../../../../avr/lib/avr6\libc.a(strcpy.o)
                0x0000106e                strcpy
 .text          0x0000107c       0x20 c:/arduino/hardware/tools/avr/bin/../lib/gcc/avr/4.3.2/../../../../avr/lib/avr6\libc.a(strncat.o)
                0x0000107c                strncat
 .text          0x0000109c       0x1c c:/arduino/hardware/tools/avr/bin/../lib/gcc/avr/4.3.2/../../../../avr/lib/avr6\libc.a(strncmp.o)
                0x0000109c                strncmp
 .text          0x000010b8       0x1e c:/arduino/hardware/tools/avr/bin/../lib/gcc/avr/4.3.2/../../../../avr/lib/avr6\libc.a(strncpy.o)
                0x000010b8                strncpy
 .text          0x000010d6       0x16 c:/arduino/hardware/tools/avr/bin/../lib/gcc/avr/4.3.2/../../../../avr/lib/avr6\libc.a(strnlen.o)
                0x000010d6                strnlen
 .text          0x000010ec       0x34 c:/arduino/hardware/tools/avr/bin/../lib/gcc/avr/4.3.2/../../../../avr/lib/avr6\libc.a(strstr.o)
                0x000010ec                strstr
 .text          0x00001120       0x58 c:/arduino/hardware/tools/avr/bin/../lib/gcc/avr/4.3.2/../../../../avr/lib/avr6\libc.a(fputc.o)
                0x00001120                fputc
 .text          0x00001178       0x48 c:/arduino/hardware/tools/avr/bin/../lib/gcc/avr/4.3.2/../../../../avr/lib/avr6\libc.a(sprintf.o)
                0x00001178                sprintf
 .text          0x000011c0       0x54 c:/arduino/hardware/tools/avr/bin/../lib/gcc/avr/4.3.2/../../../../avr/lib/avr6\libc.a(vsnprintf.o)
                0x000011c0                vsnprintf
 .text          0x00001214       0x54 c:/arduino/hardware/tools/avr/bin/../lib/gcc/avr/4.3.2/../../../../avr/lib/avr6\libc.a(vsnprintf_p.o)
                0x00001214                vsnprintf_P
 .text          0x00001268       0xbc c:/arduino/hardware/tools/avr/bin/../lib/gcc/avr/4.3.2/../../../../avr/lib/avr6\libc.a(ultoa_invert.o)
                0x00001268                __ultoa_invert
                0x00001324                . = ALIGN (0x2)
 *(.text.*)
 .text.initAttachedMode
                0x00001324       0x36 ./src/attached_mode.o
                0x00001324                initAttachedMode
 .text.updateWheelsAttachedMode
                0x0000135a       0xe6 ./src/attached_mode.o
                0x0000135a                updateWheelsAttachedMode
 .text.readHeat
                0x00001440       0x1c ./src/attached_mode.o
                0x00001440                readHeat
 .text.updateCenterServoAttachedMode
                0x0000145c       0xbe ./src/attached_mode.o
                0x0000145c                updateCenterServoAttachedMode
 .text.initialize_module_timer0
                0x0000151a       0x3e ./src/custom_timer.o
                0x0000151a                initialize_module_timer0
 .text.time_in_microseconds
                0x00001558       0x4e ./src/custom_timer.o
                0x00001558                time_in_microseconds
 .text.time_in_milliseconds
                0x000015a6       0x1c ./src/custom_timer.o
                0x000015a6                time_in_milliseconds
 .text.delay_milliseconds
                0x000015c2       0xd4 ./src/custom_timer.o
                0x000015c2                delay_milliseconds
 .text.__vector_23
                0x00001696       0x90 ./src/custom_timer.o
                0x00001696                __vector_23
 .text.sendLCDCommand
                0x00001726       0x1c ./src/lcd.o
                0x00001726                sendLCDCommand
 .text.LCDPrint
                0x00001742       0x42 ./src/lcd.o
                0x00001742                LCDPrint
 .text.LCDInit  0x00001784       0x36 ./src/lcd.o
                0x00001784                LCDInit
 .text.initLED  0x000017ba       0x1e ./src/led.o
                0x000017ba                initLED
 .text.setColor
                0x000017d8       0x34 ./src/led.o
                0x000017d8                setColor
 .text.vApplicationStackOverflowHook
                0x0000180c        0x2 ./src/main.o
                0x0000180c                vApplicationStackOverflowHook
 .text.TaskWheels
                0x0000180e       0xa6 ./src/main.o
                0x0000180e                TaskWheels
 .text.TaskWIFI
                0x000018b4       0xd2 ./src/main.o
                0x000018b4                TaskWIFI
 .text.TaskLCD  0x00001986      0x1ee ./src/main.o
                0x00001986                TaskLCD
 .text.TaskCenterServo
                0x00001b74       0x42 ./src/main.o
                0x00001b74                TaskCenterServo
 .text.initWifi
                0x00001bb6       0xbc ./src/main.o
                0x00001bb6                initWifi
 .text.initModules
                0x00001c72       0x22 ./src/main.o
                0x00001c72                initModules
 .text.createTasks
                0x00001c94       0x8a ./src/main.o
                0x00001c94                createTasks
 .text.main     0x00001d1e       0x2c ./src/main.o
                0x00001d1e                main
 .text.motion_servo_start
                0x00001d4a       0xc4 ./src/motion.o
                0x00001d4a                motion_servo_start
 .text.motion_servo_stop
                0x00001e0e       0x9e ./src/motion.o
                0x00001e0e                motion_servo_stop
 .text.motion_servo_set_pulse_width
                0x00001eac       0x36 ./src/motion.o
                0x00001eac                motion_servo_set_pulse_width
 .text.motion_servo_get_pulse_width
                0x00001ee2       0x2a ./src/motion.o
                0x00001ee2                motion_servo_get_pulse_width
 .text.motion_enc_read
                0x00001f0c       0x5a ./src/motion.o
                0x00001f0c                motion_enc_read
 .text.__vector_45
                0x00001f66       0x4a ./src/motion.o
                0x00001f66                __vector_45
 .text.__vector_50
                0x00001fb0       0x4a ./src/motion.o
                0x00001fb0                __vector_50
 .text.__vector_41
                0x00001ffa      0x116 ./src/motion.o
                0x00001ffa                __vector_41
 .text.__vector_46
                0x00002110      0x11c ./src/motion.o
                0x00002110                __vector_46
 .text.motion_init
                0x0000222c      0x13e ./src/motion.o
                0x0000222c                motion_init
 .text.initPing
                0x0000236a       0x1e ./src/ping.o
                0x0000236a                initPing
 .text.getDistance
                0x00002388       0x16 ./src/ping.o
                0x00002388                getDistance
 .text.pulse_out
                0x0000239e       0x16 ./src/ping.o
                0x0000239e                pulse_out
 .text.pulse_in
                0x000023b4       0x70 ./src/ping.o
                0x000023b4                pulse_in
 .text.ping     0x00002424       0x28 ./src/ping.o
                0x00002424                ping
 .text.readDistance
                0x0000244c       0x3e ./src/ping.o
                0x0000244c                readDistance
 .text.getPulseWidth
                0x0000248a       0x4c ./src/servo.o
                0x0000248a                getPulseWidth
 .text.getAverageSpeed
                0x000024d6       0x32 ./src/servo.o
                0x000024d6                getAverageSpeed
 .text.getTotalDistance
                0x00002508       0x32 ./src/servo.o
                0x00002508                getTotalDistance
 .text.getSpeedById
                0x0000253a       0xb2 ./src/servo.o
                0x0000253a                getSpeedById
 .text.getSpeed
                0x000025ec       0x82 ./src/servo.o
                0x000025ec                getSpeed
 .text.moveCenterServo
                0x0000266e       0xdc ./src/servo.o
                0x0000266e                moveCenterServo
 .text.moveWheels
                0x0000274a      0x228 ./src/servo.o
                0x0000274a                moveWheels
 .text.servoInit
                0x00002972       0x7a ./src/servo.o
                0x00002972                servoInit
 .text.getAmbient
                0x000029ec        0x8 ./src/tempsensor.o
                0x000029ec                getAmbient
 .text.getAverageLeft
                0x000029f4       0x22 ./src/tempsensor.o
                0x000029f4                getAverageLeft
 .text.getAverageMiddle
                0x00002a16       0x16 ./src/tempsensor.o
                0x00002a16                getAverageMiddle
 .text.getAverageRight
                0x00002a2c       0x22 ./src/tempsensor.o
                0x00002a2c                getAverageRight
 .text.readTemperatureValues
                0x00002a4e       0x64 ./src/tempsensor.o
                0x00002a4e                readTemperatureValues
 .text.getTemperatureValues
                0x00002ab2       0x20 ./src/tempsensor.o
                0x00002ab2                getTemperatureValues
 .text.initTPA81
                0x00002ad2        0x8 ./src/tempsensor.o
                0x00002ad2                initTPA81
 .text.initTimer
                0x00002ada       0x3e ./src/timer.o
                0x00002ada                initTimer
 .text.getTime  0x00002b18        0xa ./src/timer.o
                0x00002b18                getTime
 .text.isTimerRepeatMultiple
                0x00002b22       0x24 ./src/timer.o
                0x00002b22                isTimerRepeatMultiple
 .text.__vector_35
                0x00002b46       0x74 ./src/timer.o
                0x00002b46                __vector_35
 .text.setDefaultUSART
                0x00002bba        0xa ./src/usart_serial.o
                0x00002bba                setDefaultUSART
 .text.usartWrite
                0x00002bc4       0x56 ./src/usart_serial.o
                0x00002bc4                usartWrite
 .text.usartRead
                0x00002c1a       0x60 ./src/usart_serial.o
                0x00002c1a                usartRead
 .text.usart_xflushRx
                0x00002c7a       0x9c ./src/usart_serial.o
                0x00002c7a                usart_xflushRx
 .text.usart_AvailableCharRx
                0x00002d16       0x32 ./src/usart_serial.o
                0x00002d16                usart_AvailableCharRx
 .text.usart_xgetChar
                0x00002d48       0x9e ./src/usart_serial.o
                0x00002d48                usart_xgetChar
 .text.usart_xputChar
                0x00002de6      0x136 ./src/usart_serial.o
                0x00002de6                usart_xputChar
 .text.usartCheckRxComplete
                0x00002f1c       0x22 ./src/usart_serial.o
                0x00002f1c                usartCheckRxComplete
 .text.usartCheckTxReady
                0x00002f3e       0x22 ./src/usart_serial.o
                0x00002f3e                usartCheckTxReady
 .text.xmitInterrupt_On
                0x00002f60       0x2a ./src/usart_serial.o
                0x00002f60                xmitInterrupt_On
 .text.xmitInterrupt_Off
                0x00002f8a       0x2a ./src/usart_serial.o
                0x00002f8a                xmitInterrupt_Off
 .text.usart_rx_isr
                0x00002fb4       0xe6 ./src/usart_serial.o
                0x00002fb4                usart_rx_isr
 .text.__vector_54
                0x0000309a       0x54 ./src/usart_serial.o
                0x0000309a                __vector_54
 .text.__vector_51
                0x000030ee       0x54 ./src/usart_serial.o
                0x000030ee                __vector_51
 .text.__vector_36
                0x00003142       0x54 ./src/usart_serial.o
                0x00003142                __vector_36
 .text.__vector_25
                0x00003196       0x54 ./src/usart_serial.o
                0x00003196                __vector_25
 .text.usart_tx_isr
                0x000031ea       0xd6 ./src/usart_serial.o
                0x000031ea                usart_tx_isr
 .text.__vector_55
                0x000032c0       0x54 ./src/usart_serial.o
                0x000032c0                __vector_55
 .text.__vector_52
                0x00003314       0x54 ./src/usart_serial.o
                0x00003314                __vector_52
 .text.__vector_37
                0x00003368       0x54 ./src/usart_serial.o
                0x00003368                __vector_37
 .text.__vector_26
                0x000033bc       0x54 ./src/usart_serial.o
                0x000033bc                __vector_26
 .text.usart_xfprint_P
                0x00003410       0x4a ./src/usart_serial.o
                0x00003410                usart_xfprint_P
 .text.usart_xprint_P
                0x0000345a       0x10 ./src/usart_serial.o
                0x0000345a                usart_xprint_P
 .text.usart_xfprint
                0x0000346a       0x4c ./src/usart_serial.o
                0x0000346a                usart_xfprint
 .text.usart_xfprintf_P_arg
                0x000034b6       0xa2 ./src/usart_serial.o
                0x000034b6                usart_xfprintf_P_arg
 .text.usart_xfprintf_arg
                0x00003558       0xa2 ./src/usart_serial.o
                0x00003558                usart_xfprintf_arg
 .text.usart_xprint
                0x000035fa       0x10 ./src/usart_serial.o
                0x000035fa                usart_xprint
 .text.usart_fprint_P
                0x0000360a       0x8e ./src/usart_serial.o
                0x0000360a                usart_fprint_P
 .text.usart_print_P
                0x00003698       0x10 ./src/usart_serial.o
                0x00003698                usart_print_P
 .text.usart_fprint
                0x000036a8       0x8e ./src/usart_serial.o
                0x000036a8                usart_fprint
 .text.usart_fprintf_P_arg
                0x00003736       0x72 ./src/usart_serial.o
                0x00003736                usart_fprintf_P_arg
 .text.usart_fprintf_arg
                0x000037a8       0x72 ./src/usart_serial.o
                0x000037a8                usart_fprintf_arg
 .text.usart_print
                0x0000381a       0x10 ./src/usart_serial.o
                0x0000381a                usart_print
 .text.usart_xfprintf_P
                0x0000382a       0x28 ./src/usart_serial.o
                0x0000382a                usart_xfprintf_P
 .text.usart_xfprintf
                0x00003852       0x28 ./src/usart_serial.o
                0x00003852                usart_xfprintf
 .text.usart_xprintf_P
                0x0000387a       0x2a ./src/usart_serial.o
                0x0000387a                usart_xprintf_P
 .text.usart_xprintf
                0x000038a4       0x2a ./src/usart_serial.o
                0x000038a4                usart_xprintf
 .text.usart_fprintf_P
                0x000038ce       0x28 ./src/usart_serial.o
                0x000038ce                usart_fprintf_P
 .text.usart_fprintf
                0x000038f6       0x28 ./src/usart_serial.o
                0x000038f6                usart_fprintf
 .text.usart_printf_P
                0x0000391e       0x2a ./src/usart_serial.o
                0x0000391e                usart_printf_P
 .text.usart_printf
                0x00003948       0x2a ./src/usart_serial.o
                0x00003948                usart_printf
 .text.usartClose
                0x00003972       0x8a ./src/usart_serial.o
                0x00003972                usartClose
 .text.usartOpen
                0x000039fc      0x1ac ./src/usart_serial.o
                0x000039fc                usartOpen
 .text.gs_set_usart
                0x00003ba8       0x42 ./src/wireless_interface.o
                0x00003ba8                gs_set_usart
 .text.gs_get_socket_status
                0x00003bea       0x2c ./src/wireless_interface.o
                0x00003bea                gs_get_socket_status
 .text.gs_activate_socket
                0x00003c16       0x42 ./src/wireless_interface.o
                0x00003c16                gs_activate_socket
 .text.gs_get_active_socket
                0x00003c58        0x6 ./src/wireless_interface.o
                0x00003c58                gs_get_active_socket
 .text.gs_get_socket_protocol
                0x00003c5e       0x1e ./src/wireless_interface.o
                0x00003c5e                gs_get_socket_protocol
 .text.gs_get_socket_port
                0x00003c7c       0x1e ./src/wireless_interface.o
                0x00003c7c                gs_get_socket_port
 .text.gs_get_data_on_socket_status
                0x00003c9a       0x18 ./src/wireless_interface.o
                0x00003c9a                gs_get_data_on_socket_status
 .text.gs_configure_socket
                0x00003cb2       0x2e ./src/wireless_interface.o
                0x00003cb2                gs_configure_socket
 .text.gs_get_socket_having_active_connection_and_data
                0x00003ce0       0x26 ./src/wireless_interface.o
                0x00003ce0                gs_get_socket_having_active_connection_and_data
 .text.gs_get_socket_connection_status
                0x00003d06       0x30 ./src/wireless_interface.o
                0x00003d06                gs_get_socket_connection_status
 .text.get_next_client_response
                0x00003d36       0x2c ./src/wireless_interface.o
                0x00003d36                get_next_client_response
 .text.hex_to_int
                0x00003d62       0x24 ./src/wireless_interface.o
                0x00003d62                hex_to_int
 .text.int_to_hex
                0x00003d86       0x1a ./src/wireless_interface.o
                0x00003d86                int_to_hex
 .text.initialize_web_server
                0x00003da0       0x20 ./src/wireless_interface.o
                0x00003da0                initialize_web_server
 .text.gs_send_activation_status_to_serial_terminal
                0x00003dc0      0x106 ./src/wireless_interface.o
                0x00003dc0                gs_send_activation_status_to_serial_terminal
 .text.gs_send_command_response_to_serial_terminal
                0x00003ec6      0x12c ./src/wireless_interface.o
                0x00003ec6                gs_send_command_response_to_serial_terminal
 .text.gs_reset_socket
                0x00003ff2      0x162 ./src/wireless_interface.o
                0x00003ff2                gs_reset_socket
 .text.gs_parse_command_response_tcp
                0x00004154      0x398 ./src/wireless_interface.o
                0x00004154                gs_parse_command_response_tcp
 .text.gs_parse_command_response
                0x000044ec       0xd8 ./src/wireless_interface.o
                0x000044ec                gs_parse_command_response
 .text.gs_flush
                0x000045c4       0x3e ./src/wireless_interface.o
                0x000045c4                gs_flush
 .text.gs_send_command
                0x00004602      0x6fa ./src/wireless_interface.o
                0x00004602                gs_send_command
 .text.gs_get_command_response
                0x00004cfc       0xcc ./src/wireless_interface.o
                0x00004cfc                gs_get_command_response
 .text.gs_read_data_from_socket
                0x00004dc8      0x23c ./src/wireless_interface.o
                0x00004dc8                gs_read_data_from_socket
 .text.gs_disconnect_deactivate_socket
                0x00005004      0x17e ./src/wireless_interface.o
                0x00005004                gs_disconnect_deactivate_socket
 .text.gs_enable_activate_socket
                0x00005182       0xaa ./src/wireless_interface.o
                0x00005182                gs_enable_activate_socket
 .text.start_web_server
                0x0000522c       0xc6 ./src/wireless_interface.o
                0x0000522c                start_web_server
 .text.gs_activate_wireless_connection
                0x000052f2      0x256 ./src/wireless_interface.o
                0x000052f2                gs_activate_wireless_connection
 .text.gs_initialize_gainspan
                0x00005548      0x1c8 ./src/wireless_interface.o
                0x00005548                gs_initialize_gainspan
 .text.gs_initialize_module
                0x00005710       0x6e ./src/wireless_interface.o
                0x00005710                gs_initialize_module
 .text.gs_set_webserver_authentication
                0x0000577e       0x32 ./src/wireless_interface.o
                0x0000577e                gs_set_webserver_authentication
 .text.gs_set_wireless_ssid
                0x000057b0       0x10 ./src/wireless_interface.o
                0x000057b0                gs_set_wireless_ssid
 .text.gs_set_wireless_configuration
                0x000057c0       0x8e ./src/wireless_interface.o
                0x000057c0                gs_set_wireless_configuration
 .text.gs_set_network_configuration
                0x0000584e       0x54 ./src/wireless_interface.o
                0x0000584e                gs_set_network_configuration
 .text.add_element_choice
                0x000058a2      0x112 ./src/wireless_interface.o
                0x000058a2                add_element_choice
 .text.configure_web_page
                0x000059b4      0x1ae ./src/wireless_interface.o
                0x000059b4                configure_web_page
 .text.gs_write_data_to_socket
                0x00005b62      0x1a8 ./src/wireless_interface.o
                0x00005b62                gs_write_data_to_socket
 .text.process_client_request
                0x00005d0a      0x454 ./src/wireless_interface.o
                0x00005d0a                process_client_request
 .text.hot      0x0000615e      0x12a C:/Users/Nick/workspace/FreeRTOS801/Release/libFreeRTOS801.a(port.o)
                0x000061f4                xPortStartScheduler
                0x00006286                vPortEndScheduler
                0x0000615e                pxPortInitialiseStack
 .text.vPortYieldFromTick
                0x00006288       0xf8 C:/Users/Nick/workspace/FreeRTOS801/Release/libFreeRTOS801.a(port.o)
                0x00006288                vPortYieldFromTick
 .text.__vector_32
                0x00006380        0x6 C:/Users/Nick/workspace/FreeRTOS801/Release/libFreeRTOS801.a(port.o)
                0x00006380                __vector_32
 .text.vPortYield
                0x00006386       0xc2 C:/Users/Nick/workspace/FreeRTOS801/Release/libFreeRTOS801.a(port.o)
                0x00006386                vPortYield
 .text.I2C_Slave_Start_Transceiver
                0x00006448       0x1a C:/Users/Nick/workspace/FreeRTOS801/Release/libFreeRTOS801.a(i2cMultiMaster.o)
                0x00006448                I2C_Slave_Start_Transceiver
 .text.I2C_Master_Start_Transceiver
                0x00006462       0x1a C:/Users/Nick/workspace/FreeRTOS801/Release/libFreeRTOS801.a(i2cMultiMaster.o)
                0x00006462                I2C_Master_Start_Transceiver
 .text.I2C_Slave_Start_Transceiver_With_Data
                0x0000647c       0x40 C:/Users/Nick/workspace/FreeRTOS801/Release/libFreeRTOS801.a(i2cMultiMaster.o)
                0x0000647c                I2C_Slave_Start_Transceiver_With_Data
 .text.I2C_Master_Start_Transceiver_With_Data
                0x000064bc       0x4e C:/Users/Nick/workspace/FreeRTOS801/Release/libFreeRTOS801.a(i2cMultiMaster.o)
                0x000064bc                I2C_Master_Start_Transceiver_With_Data
 .text.I2C_Slave_Get_Data_From_Transceiver
                0x0000650a       0x48 C:/Users/Nick/workspace/FreeRTOS801/Release/libFreeRTOS801.a(i2cMultiMaster.o)
                0x0000650a                I2C_Slave_Get_Data_From_Transceiver
 .text.I2C_Master_Get_Data_From_Transceiver
                0x00006552       0x40 C:/Users/Nick/workspace/FreeRTOS801/Release/libFreeRTOS801.a(i2cMultiMaster.o)
                0x00006552                I2C_Master_Get_Data_From_Transceiver
 .text.I2C_Check_Free_After_Stop
                0x00006592       0x12 C:/Users/Nick/workspace/FreeRTOS801/Release/libFreeRTOS801.a(i2cMultiMaster.o)
                0x00006592                I2C_Check_Free_After_Stop
 .text.I2C_Get_State_Info
                0x000065a4        0xe C:/Users/Nick/workspace/FreeRTOS801/Release/libFreeRTOS801.a(i2cMultiMaster.o)
                0x000065a4                I2C_Get_State_Info
 .text.__vector_39
                0x000065b2      0x1b2 C:/Users/Nick/workspace/FreeRTOS801/Release/libFreeRTOS801.a(i2cMultiMaster.o)
                0x000065b2                __vector_39
 .text.I2C_Master_Initialise
                0x00006764       0x60 C:/Users/Nick/workspace/FreeRTOS801/Release/libFreeRTOS801.a(i2cMultiMaster.o)
                0x00006764                I2C_Master_Initialise
 .text.I2C_Slave_Initialise
                0x000067c4       0x50 C:/Users/Nick/workspace/FreeRTOS801/Release/libFreeRTOS801.a(i2cMultiMaster.o)
                0x000067c4                I2C_Slave_Initialise
 .text.hot      0x00006814      0x2f8 C:/Users/Nick/workspace/FreeRTOS801/Release/libFreeRTOS801.a(heap_4.o)
                0x00006814                xPortGetFreeHeapSize
                0x0000682a                vPortFree
                0x00006910                pvPortMalloc
                0x00006828                vPortInitialiseBlocks
                0x0000681e                xPortGetMinimumEverFreeHeapSize
 .text.hot      0x00006b0c      0xc06 C:/Users/Nick/workspace/FreeRTOS801/Release/libFreeRTOS801.a(queue.o)
                0x00006ffe                xQueueGenericSendFromISR
                0x00006b8c                xQueuePeekFromISR
                0x00006b36                uxQueueGetQueueNumber
                0x00006b6e                vQueueDelete
                0x00007110                xQueueGenericSend
                0x00006b42                ucQueueGetQueueType
                0x00006be6                xQueueReceiveFromISR
                0x00007636                xQueueGenericCreate
                0x00006b3c                vQueueSetQueueNumber
                0x00006b1c                uxQueueSpacesAvailable
                0x00006b58                xQueueIsQueueFullFromISR
                0x00006c76                xQueueGenericReceive
                0x00006b0c                uxQueueMessagesWaiting
                0x000075a6                xQueueGenericReset
                0x00006b30                uxQueueMessagesWaitingFromISR
                0x00006b48                xQueueIsQueueEmptyFromISR
                0x000074c4                xQueueCreateMutex
 .text.hot      0x00007712     0x3098 C:/Users/Nick/workspace/FreeRTOS801/Release/libFreeRTOS801.a(tasks.o)
                0x00007e3c                vTaskPlaceOnUnorderedEventList
                0x000083c0                vTaskGetRunTimeStats
                0x0000a3c8                vTaskEndScheduler
                0x00007f1a                vTaskPlaceOnEventList
                0x0000a3d4                xTaskGenericCreate
                0x00007958                uxTaskGetStackHighWaterMark
                0x00007d8e                xTaskResumeFromISR
                0x0000771e                xTaskGetTickCount
                0x00007b46                xTaskRemoveFromEventList
                0x0000a2fe                vTaskDelete
                0x0000775c                xTaskCheckForTimeOut
                0x00007712                vTaskSuspendAll
                0x00007734                xTaskGetTickCountFromISR
                0x000079d2                vTaskPriorityDisinherit
                0x00007a36                vTaskPriorityInherit
                0x00009a00                vTaskResume
                0x00007fea                vTaskSwitchContext
                0x000077f0                vTaskSetTaskNumber
                0x00009a8c                vTaskSuspend
                0x00007740                uxTaskGetNumberOfTasks
                0x00008f0e                vTaskList
                0x000077e2                uxTaskGetTaskNumber
                0x00009fbe                vTaskDelayUntil
                0x00007996                xTaskGetCurrentTaskHandle
                0x00007ad6                xTaskRemoveFromUnorderedEventList
                0x00008146                xTaskResumeAll
                0x0000a5de                vTaskStartScheduler
                0x000077da                vTaskMissedYield
                0x00007bd8                xTaskIncrementTick
                0x00009cae                vTaskDelay
                0x00007746                vTaskSetTimeOutState
                0x000079a2                uxTaskResetEventItemValue
 .text.uxTaskGetSystemState
                0x0000a7aa      0x102 C:/Users/Nick/workspace/FreeRTOS801/Release/libFreeRTOS801.a(tasks.o)
                0x0000a7aa                uxTaskGetSystemState
 .text.vListInitialise
                0x0000a8ac       0x20 C:/Users/Nick/workspace/FreeRTOS801/Release/libFreeRTOS801.a(list.o)
                0x0000a8ac                vListInitialise
 .text.vListInitialiseItem
                0x0000a8cc        0x8 C:/Users/Nick/workspace/FreeRTOS801/Release/libFreeRTOS801.a(list.o)
                0x0000a8cc                vListInitialiseItem
 .text.vListInsertEnd
                0x0000a8d4       0x3e C:/Users/Nick/workspace/FreeRTOS801/Release/libFreeRTOS801.a(list.o)
                0x0000a8d4                vListInsertEnd
 .text.vListInsert
                0x0000a912       0x64 C:/Users/Nick/workspace/FreeRTOS801/Release/libFreeRTOS801.a(list.o)
                0x0000a912                vListInsert
 .text.uxListRemove
                0x0000a976       0x56 C:/Users/Nick/workspace/FreeRTOS801/Release/libFreeRTOS801.a(list.o)
                0x0000a976                uxListRemove
 .text.xconfigTimerForRunTimeStats
                0x0000a9cc       0x18 C:/Users/Nick/workspace/FreeRTOS801/Release/libFreeRTOS801.a(runtTimeStatsTimer.o)
                0x0000a9cc                xconfigTimerForRunTimeStats
 .text.fplib    0x0000a9e4        0xa c:/arduino/hardware/tools/avr/bin/../lib/gcc/avr/4.3.2/../../../../avr/lib/avr6\libm.a(addsf3.o)
                0x0000a9e4                __subsf3
                0x0000a9e6                __addsf3
 .text.fplib    0x0000a9ee       0xc0 c:/arduino/hardware/tools/avr/bin/../lib/gcc/avr/4.3.2/../../../../avr/lib/avr6\libm.a(addsf3x.o)
                0x0000aa08                __addsf3x
 .text.fplib    0x0000aaae        0x8 c:/arduino/hardware/tools/avr/bin/../lib/gcc/avr/4.3.2/../../../../avr/lib/avr6\libm.a(cmpsf2.o)
                0x0000aaae                __lesf2
                0x0000aaae                __nesf2
                0x0000aaae                __eqsf2
                0x0000aaae                __cmpsf2
                0x0000aaae                __ltsf2
 .text.fplib    0x0000aab6        0x4 c:/arduino/hardware/tools/avr/bin/../lib/gcc/avr/4.3.2/../../../../avr/lib/avr6\libm.a(divsf3.o)
                0x0000aab6                __divsf3
 .text.fplib    0x0000aaba       0xcc c:/arduino/hardware/tools/avr/bin/../lib/gcc/avr/4.3.2/../../../../avr/lib/avr6\libm.a(divsf3x.o)
                0x0000aad0                __divsf3x
                0x0000aad4                __divsf3_pse
 .text.fplib    0x0000ab86        0xa c:/arduino/hardware/tools/avr/bin/../lib/gcc/avr/4.3.2/../../../../avr/lib/avr6\libm.a(fixsfsi.o)
                0x0000ab86                __fixsfsi
 .text.fplib    0x0000ab90       0x58 c:/arduino/hardware/tools/avr/bin/../lib/gcc/avr/4.3.2/../../../../avr/lib/avr6\libm.a(fixunssfsi.o)
                0x0000ab90                __fixunssfsi
 .text.fplib    0x0000abe8       0x7a c:/arduino/hardware/tools/avr/bin/../lib/gcc/avr/4.3.2/../../../../avr/lib/avr6\libm.a(floatsisf.o)
                0x0000abec                __floatsisf
                0x0000abe8                __floatunsisf
 .text.fplib    0x0000ac62       0x48 c:/arduino/hardware/tools/avr/bin/../lib/gcc/avr/4.3.2/../../../../avr/lib/avr6\libm.a(fp_cmp.o)
                0x0000ac62                __fp_cmp
 .text.fplib    0x0000acaa        0xc c:/arduino/hardware/tools/avr/bin/../lib/gcc/avr/4.3.2/../../../../avr/lib/avr6\libm.a(fp_inf.o)
                0x0000acaa                __fp_inf
 .text.fplib    0x0000acb6        0x6 c:/arduino/hardware/tools/avr/bin/../lib/gcc/avr/4.3.2/../../../../avr/lib/avr6\libm.a(fp_nan.o)
                0x0000acb6                __fp_nan
 .text.fplib    0x0000acbc        0xe c:/arduino/hardware/tools/avr/bin/../lib/gcc/avr/4.3.2/../../../../avr/lib/avr6\libm.a(fp_pscA.o)
                0x0000acbc                __fp_pscA
 .text.fplib    0x0000acca        0xe c:/arduino/hardware/tools/avr/bin/../lib/gcc/avr/4.3.2/../../../../avr/lib/avr6\libm.a(fp_pscB.o)
                0x0000acca                __fp_pscB
 .text.fplib    0x0000acd8       0x22 c:/arduino/hardware/tools/avr/bin/../lib/gcc/avr/4.3.2/../../../../avr/lib/avr6\libm.a(fp_round.o)
                0x0000acd8                __fp_round
 .text.fplib    0x0000acfa       0x44 c:/arduino/hardware/tools/avr/bin/../lib/gcc/avr/4.3.2/../../../../avr/lib/avr6\libm.a(fp_split3.o)
                0x0000acfa                __fp_split3
                0x0000ad0a                __fp_splitA
 .text.fplib    0x0000ad3e        0xe c:/arduino/hardware/tools/avr/bin/../lib/gcc/avr/4.3.2/../../../../avr/lib/avr6\libm.a(fp_zero.o)
                0x0000ad3e                __fp_zero
                0x0000ad40                __fp_szero
 .text.fplib    0x0000ad4c        0x8 c:/arduino/hardware/tools/avr/bin/../lib/gcc/avr/4.3.2/../../../../avr/lib/avr6\libm.a(gesf2.o)
                0x0000ad4c                __gtsf2
                0x0000ad4c                __gesf2
 .text.fplib    0x0000ad54        0x4 c:/arduino/hardware/tools/avr/bin/../lib/gcc/avr/4.3.2/../../../../avr/lib/avr6\libm.a(mulsf3.o)
                0x0000ad54                __mulsf3
 .text.fplib    0x0000ad58       0xc2 c:/arduino/hardware/tools/avr/bin/../lib/gcc/avr/4.3.2/../../../../avr/lib/avr6\libm.a(mulsf3x.o)
                0x0000ad70                __mulsf3_pse
                0x0000ad6c                __mulsf3x
 .text.libgcc   0x0000ae1a       0x3e c:/arduino/hardware/tools/avr/bin/../lib/gcc/avr/4.3.2/avr6\libgcc.a(_mulsi3.o)
                0x0000ae1a                __mulsi3
 .text.libgcc   0x0000ae58       0x28 c:/arduino/hardware/tools/avr/bin/../lib/gcc/avr/4.3.2/avr6\libgcc.a(_udivmodhi4.o)
                0x0000ae58                __udivmodhi4
 .text.libgcc   0x0000ae80       0x26 c:/arduino/hardware/tools/avr/bin/../lib/gcc/avr/4.3.2/avr6\libgcc.a(_divmodhi4.o)
                0x0000ae80                __divmodhi4
                0x0000ae80                _div
 .text.libgcc   0x0000aea6       0x44 c:/arduino/hardware/tools/avr/bin/../lib/gcc/avr/4.3.2/avr6\libgcc.a(_udivmodsi4.o)
                0x0000aea6                __udivmodsi4
 .text.libgcc   0x0000aeea       0x38 c:/arduino/hardware/tools/avr/bin/../lib/gcc/avr/4.3.2/avr6\libgcc.a(_prologue.o)
                0x0000aeea                __prologue_saves__
 .text.libgcc   0x0000af22       0x36 c:/arduino/hardware/tools/avr/bin/../lib/gcc/avr/4.3.2/avr6\libgcc.a(_epilogue.o)
                0x0000af22                __epilogue_restores__
 .text.libgcc   0x0000af58        0x0 c:/arduino/hardware/tools/avr/bin/../lib/gcc/avr/4.3.2/avr6\libgcc.a(_exit.o)
 .text.libgcc   0x0000af58        0xc c:/arduino/hardware/tools/avr/bin/../lib/gcc/avr/4.3.2/avr6\libgcc.a(_tablejump.o)
                0x0000af5c                __tablejump__
                0x0000af58                __tablejump2__
 .text.libgcc   0x0000af64        0x0 c:/arduino/hardware/tools/avr/bin/../lib/gcc/avr/4.3.2/avr6\libgcc.a(_clear_bss.o)
                0x0000af64                . = ALIGN (0x2)
 *(.fini9)
 .fini9         0x0000af64        0x0 c:/arduino/hardware/tools/avr/bin/../lib/gcc/avr/4.3.2/avr6\libgcc.a(_exit.o)
                0x0000af64                exit
                0x0000af64                _exit
 *(.fini9)
 *(.fini8)
 *(.fini8)
 *(.fini7)
 *(.fini7)
 *(.fini6)
 *(.fini6)
 *(.fini5)
 *(.fini5)
 *(.fini4)
 *(.fini4)
 *(.fini3)
 *(.fini3)
 *(.fini2)
 *(.fini2)
 *(.fini1)
 *(.fini1)
 *(.fini0)
 .fini0         0x0000af64        0x4 c:/arduino/hardware/tools/avr/bin/../lib/gcc/avr/4.3.2/avr6\libgcc.a(_exit.o)
 *(.fini0)
                0x0000af68                _etext = .

.data           0x00800200      0x828 load address 0x0000af68
                0x00800200                PROVIDE (__data_start, .)
 *(.data)
 .data          0x00800200        0x0 c:/arduino/hardware/tools/avr/bin/../lib/gcc/avr/4.3.2/../../../../avr/lib/avr6/crtm2560.o
 .data          0x00800200        0x0 ./src/attached_mode.o
 .data          0x00800200        0x0 ./src/behaviour.o
 .data          0x00800200        0x0 ./src/custom_timer.o
 .data          0x00800200        0x0 ./src/lcd.o
 .data          0x00800200        0x0 ./src/led.o
 .data          0x00800200       0x8a ./src/main.o
 .data          0x0080028a        0x0 ./src/motion.o
 .data          0x0080028a        0x0 ./src/ping.o
 .data          0x0080028a        0x0 ./src/servo.o
 .data          0x0080028a        0x0 ./src/tempsensor.o
 .data          0x0080028a        0x0 ./src/timer.o
 .data          0x0080028a        0x0 ./src/usart_serial.o
 .data          0x0080028a      0x697 ./src/wireless_interface.o
 .data          0x00800921        0x0 C:/Users/Nick/workspace/FreeRTOS801/Release/libFreeRTOS801.a(port.o)
 .data          0x00800921        0x0 C:/Users/Nick/workspace/FreeRTOS801/Release/libFreeRTOS801.a(system_tick.o)
 .data          0x00800921        0x0 C:/Users/Nick/workspace/FreeRTOS801/Release/libFreeRTOS801.a(system_time.o)
 .data          0x00800921        0x0 C:/Users/Nick/workspace/FreeRTOS801/Release/libFreeRTOS801.a(i2cMultiMaster.o)
 .data          0x00800921        0x0 C:/Users/Nick/workspace/FreeRTOS801/Release/libFreeRTOS801.a(heap_4.o)
 .data          0x00800921        0x0 C:/Users/Nick/workspace/FreeRTOS801/Release/libFreeRTOS801.a(queue.o)
 .data          0x00800921       0x35 C:/Users/Nick/workspace/FreeRTOS801/Release/libFreeRTOS801.a(tasks.o)
 .data          0x00800956        0x0 C:/Users/Nick/workspace/FreeRTOS801/Release/libFreeRTOS801.a(list.o)
 .data          0x00800956        0x0 C:/Users/Nick/workspace/FreeRTOS801/Release/libFreeRTOS801.a(runtTimeStatsTimer.o)
 .data          0x00800956        0x0 c:/arduino/hardware/tools/avr/bin/../lib/gcc/avr/4.3.2/../../../../avr/lib/avr6\libm.a(addsf3.o)
 .data          0x00800956        0x0 c:/arduino/hardware/tools/avr/bin/../lib/gcc/avr/4.3.2/../../../../avr/lib/avr6\libm.a(addsf3x.o)
 .data          0x00800956        0x0 c:/arduino/hardware/tools/avr/bin/../lib/gcc/avr/4.3.2/../../../../avr/lib/avr6\libm.a(cmpsf2.o)
 .data          0x00800956        0x0 c:/arduino/hardware/tools/avr/bin/../lib/gcc/avr/4.3.2/../../../../avr/lib/avr6\libm.a(divsf3.o)
 .data          0x00800956        0x0 c:/arduino/hardware/tools/avr/bin/../lib/gcc/avr/4.3.2/../../../../avr/lib/avr6\libm.a(divsf3x.o)
 .data          0x00800956        0x0 c:/arduino/hardware/tools/avr/bin/../lib/gcc/avr/4.3.2/../../../../avr/lib/avr6\libm.a(fixsfsi.o)
 .data          0x00800956        0x0 c:/arduino/hardware/tools/avr/bin/../lib/gcc/avr/4.3.2/../../../../avr/lib/avr6\libm.a(fixunssfsi.o)
 .data          0x00800956        0x0 c:/arduino/hardware/tools/avr/bin/../lib/gcc/avr/4.3.2/../../../../avr/lib/avr6\libm.a(floatsisf.o)
 .data          0x00800956        0x0 c:/arduino/hardware/tools/avr/bin/../lib/gcc/avr/4.3.2/../../../../avr/lib/avr6\libm.a(fp_cmp.o)
 .data          0x00800956        0x0 c:/arduino/hardware/tools/avr/bin/../lib/gcc/avr/4.3.2/../../../../avr/lib/avr6\libm.a(fp_inf.o)
 .data          0x00800956        0x0 c:/arduino/hardware/tools/avr/bin/../lib/gcc/avr/4.3.2/../../../../avr/lib/avr6\libm.a(fp_nan.o)
 .data          0x00800956        0x0 c:/arduino/hardware/tools/avr/bin/../lib/gcc/avr/4.3.2/../../../../avr/lib/avr6\libm.a(fp_pscA.o)
 .data          0x00800956        0x0 c:/arduino/hardware/tools/avr/bin/../lib/gcc/avr/4.3.2/../../../../avr/lib/avr6\libm.a(fp_pscB.o)
 .data          0x00800956        0x0 c:/arduino/hardware/tools/avr/bin/../lib/gcc/avr/4.3.2/../../../../avr/lib/avr6\libm.a(fp_round.o)
 .data          0x00800956        0x0 c:/arduino/hardware/tools/avr/bin/../lib/gcc/avr/4.3.2/../../../../avr/lib/avr6\libm.a(fp_split3.o)
 .data          0x00800956        0x0 c:/arduino/hardware/tools/avr/bin/../lib/gcc/avr/4.3.2/../../../../avr/lib/avr6\libm.a(fp_zero.o)
 .data          0x00800956        0x0 c:/arduino/hardware/tools/avr/bin/../lib/gcc/avr/4.3.2/../../../../avr/lib/avr6\libm.a(gesf2.o)
 .data          0x00800956        0x0 c:/arduino/hardware/tools/avr/bin/../lib/gcc/avr/4.3.2/../../../../avr/lib/avr6\libm.a(mulsf3.o)
 .data          0x00800956        0x0 c:/arduino/hardware/tools/avr/bin/../lib/gcc/avr/4.3.2/../../../../avr/lib/avr6\libm.a(mulsf3x.o)
 .data          0x00800956        0x0 c:/arduino/hardware/tools/avr/bin/../lib/gcc/avr/4.3.2/../../../../avr/lib/avr6\libprintf_flt.a(vfprintf_flt.o)
 .data          0x00800956        0x0 c:/arduino/hardware/tools/avr/bin/../lib/gcc/avr/4.3.2/avr6\libgcc.a(_mulsi3.o)
 .data          0x00800956        0x0 c:/arduino/hardware/tools/avr/bin/../lib/gcc/avr/4.3.2/avr6\libgcc.a(_udivmodhi4.o)
 .data          0x00800956        0x0 c:/arduino/hardware/tools/avr/bin/../lib/gcc/avr/4.3.2/avr6\libgcc.a(_divmodhi4.o)
 .data          0x00800956        0x0 c:/arduino/hardware/tools/avr/bin/../lib/gcc/avr/4.3.2/avr6\libgcc.a(_udivmodsi4.o)
 .data          0x00800956        0x0 c:/arduino/hardware/tools/avr/bin/../lib/gcc/avr/4.3.2/avr6\libgcc.a(_prologue.o)
 .data          0x00800956        0x0 c:/arduino/hardware/tools/avr/bin/../lib/gcc/avr/4.3.2/avr6\libgcc.a(_epilogue.o)
 .data          0x00800956        0x0 c:/arduino/hardware/tools/avr/bin/../lib/gcc/avr/4.3.2/avr6\libgcc.a(_exit.o)
 .data          0x00800956        0x0 c:/arduino/hardware/tools/avr/bin/../lib/gcc/avr/4.3.2/avr6\libgcc.a(_tablejump.o)
 .data          0x00800956        0x0 c:/arduino/hardware/tools/avr/bin/../lib/gcc/avr/4.3.2/avr6\libgcc.a(_clear_bss.o)
 .data          0x00800956        0x0 c:/arduino/hardware/tools/avr/bin/../lib/gcc/avr/4.3.2/../../../../avr/lib/avr6\libc.a(ftoa_engine.o)
 .data          0x00800956        0x0 c:/arduino/hardware/tools/avr/bin/../lib/gcc/avr/4.3.2/../../../../avr/lib/avr6\libc.a(strnlen_P.o)
 .data          0x00800956        0x0 c:/arduino/hardware/tools/avr/bin/../lib/gcc/avr/4.3.2/../../../../avr/lib/avr6\libc.a(memcpy.o)
 .data          0x00800956        0x0 c:/arduino/hardware/tools/avr/bin/../lib/gcc/avr/4.3.2/../../../../avr/lib/avr6\libc.a(memset.o)
 .data          0x00800956        0x0 c:/arduino/hardware/tools/avr/bin/../lib/gcc/avr/4.3.2/../../../../avr/lib/avr6\libc.a(strcat.o)
 .data          0x00800956        0x0 c:/arduino/hardware/tools/avr/bin/../lib/gcc/avr/4.3.2/../../../../avr/lib/avr6\libc.a(strcpy.o)
 .data          0x00800956        0x0 c:/arduino/hardware/tools/avr/bin/../lib/gcc/avr/4.3.2/../../../../avr/lib/avr6\libc.a(strncat.o)
 .data          0x00800956        0x0 c:/arduino/hardware/tools/avr/bin/../lib/gcc/avr/4.3.2/../../../../avr/lib/avr6\libc.a(strncmp.o)
 .data          0x00800956        0x0 c:/arduino/hardware/tools/avr/bin/../lib/gcc/avr/4.3.2/../../../../avr/lib/avr6\libc.a(strncpy.o)
 .data          0x00800956        0x0 c:/arduino/hardware/tools/avr/bin/../lib/gcc/avr/4.3.2/../../../../avr/lib/avr6\libc.a(strnlen.o)
 .data          0x00800956        0x0 c:/arduino/hardware/tools/avr/bin/../lib/gcc/avr/4.3.2/../../../../avr/lib/avr6\libc.a(strstr.o)
 .data          0x00800956        0x0 c:/arduino/hardware/tools/avr/bin/../lib/gcc/avr/4.3.2/../../../../avr/lib/avr6\libc.a(fputc.o)
 .data          0x00800956        0x0 c:/arduino/hardware/tools/avr/bin/../lib/gcc/avr/4.3.2/../../../../avr/lib/avr6\libc.a(sprintf.o)
 .data          0x00800956        0x0 c:/arduino/hardware/tools/avr/bin/../lib/gcc/avr/4.3.2/../../../../avr/lib/avr6\libc.a(vsnprintf.o)
 .data          0x00800956        0x0 c:/arduino/hardware/tools/avr/bin/../lib/gcc/avr/4.3.2/../../../../avr/lib/avr6\libc.a(vsnprintf_p.o)
 .data          0x00800956        0x0 c:/arduino/hardware/tools/avr/bin/../lib/gcc/avr/4.3.2/../../../../avr/lib/avr6\libc.a(ultoa_invert.o)
 *(.data*)
 .data.clientRequest
                0x00800956        0x1 ./src/main.o
                0x00800956                clientRequest
 .data.usartReg
                0x00800957       0x28 ./src/usart_serial.o
                0x00800957                usartReg
 .data.gs_at_commands
                0x0080097f       0x56 ./src/wireless_interface.o
                0x0080097f                gs_at_commands
 .data.I2C_state
                0x008009d5        0x1 C:/Users/Nick/workspace/FreeRTOS801/Release/libFreeRTOS801.a(i2cMultiMaster.o)
 .data.xMinimumEverFreeBytesRemaining
                0x008009d6        0x2 C:/Users/Nick/workspace/FreeRTOS801/Release/libFreeRTOS801.a(heap_4.o)
 .data.xFreeBytesRemaining
                0x008009d8        0x2 C:/Users/Nick/workspace/FreeRTOS801/Release/libFreeRTOS801.a(heap_4.o)
 .data.xNextTaskUnblockTime
                0x008009da        0x2 C:/Users/Nick/workspace/FreeRTOS801/Release/libFreeRTOS801.a(tasks.o)
 *(.rodata)
 *(.rodata*)
 .rodata.encoders
                0x008009dc        0xe ./src/motion.o
 .rodata.tc_module_s
                0x008009ea       0x20 ./src/motion.o
 .rodata.motors
                0x00800a0a       0x1e ./src/motion.o
 *(.gnu.linkonce.d*)
                0x00800a28                . = ALIGN (0x2)
                0x00800a28                _edata = .
                0x00800a28                PROVIDE (__data_end, .)

.bss            0x00800a28     0x1403
                0x00800a28                PROVIDE (__bss_start, .)
 *(.bss)
 .bss           0x00800a28        0x0 c:/arduino/hardware/tools/avr/bin/../lib/gcc/avr/4.3.2/../../../../avr/lib/avr6/crtm2560.o
 .bss           0x00800a28        0x0 ./src/attached_mode.o
 .bss           0x00800a28        0x0 ./src/behaviour.o
 .bss           0x00800a28        0x0 ./src/custom_timer.o
 .bss           0x00800a28        0x0 ./src/lcd.o
 .bss           0x00800a28        0x0 ./src/led.o
 .bss           0x00800a28        0x0 ./src/main.o
 .bss           0x00800a28        0x0 ./src/motion.o
 .bss           0x00800a28        0x0 ./src/ping.o
 .bss           0x00800a28        0x0 ./src/servo.o
 .bss           0x00800a28        0x0 ./src/tempsensor.o
 .bss           0x00800a28        0x0 ./src/timer.o
 .bss           0x00800a28        0x0 ./src/usart_serial.o
 .bss           0x00800a28        0x0 ./src/wireless_interface.o
 .bss           0x00800a28        0x0 C:/Users/Nick/workspace/FreeRTOS801/Release/libFreeRTOS801.a(port.o)
 .bss           0x00800a28        0x0 C:/Users/Nick/workspace/FreeRTOS801/Release/libFreeRTOS801.a(system_tick.o)
 .bss           0x00800a28        0x0 C:/Users/Nick/workspace/FreeRTOS801/Release/libFreeRTOS801.a(system_time.o)
 .bss           0x00800a28        0x0 C:/Users/Nick/workspace/FreeRTOS801/Release/libFreeRTOS801.a(i2cMultiMaster.o)
 .bss           0x00800a28        0x0 C:/Users/Nick/workspace/FreeRTOS801/Release/libFreeRTOS801.a(heap_4.o)
 .bss           0x00800a28        0x0 C:/Users/Nick/workspace/FreeRTOS801/Release/libFreeRTOS801.a(queue.o)
 .bss           0x00800a28        0x0 C:/Users/Nick/workspace/FreeRTOS801/Release/libFreeRTOS801.a(tasks.o)
 .bss           0x00800a28        0x0 C:/Users/Nick/workspace/FreeRTOS801/Release/libFreeRTOS801.a(list.o)
 .bss           0x00800a28        0x0 C:/Users/Nick/workspace/FreeRTOS801/Release/libFreeRTOS801.a(runtTimeStatsTimer.o)
 .bss           0x00800a28        0x0 c:/arduino/hardware/tools/avr/bin/../lib/gcc/avr/4.3.2/../../../../avr/lib/avr6\libm.a(addsf3.o)
 .bss           0x00800a28        0x0 c:/arduino/hardware/tools/avr/bin/../lib/gcc/avr/4.3.2/../../../../avr/lib/avr6\libm.a(addsf3x.o)
 .bss           0x00800a28        0x0 c:/arduino/hardware/tools/avr/bin/../lib/gcc/avr/4.3.2/../../../../avr/lib/avr6\libm.a(cmpsf2.o)
 .bss           0x00800a28        0x0 c:/arduino/hardware/tools/avr/bin/../lib/gcc/avr/4.3.2/../../../../avr/lib/avr6\libm.a(divsf3.o)
 .bss           0x00800a28        0x0 c:/arduino/hardware/tools/avr/bin/../lib/gcc/avr/4.3.2/../../../../avr/lib/avr6\libm.a(divsf3x.o)
 .bss           0x00800a28        0x0 c:/arduino/hardware/tools/avr/bin/../lib/gcc/avr/4.3.2/../../../../avr/lib/avr6\libm.a(fixsfsi.o)
 .bss           0x00800a28        0x0 c:/arduino/hardware/tools/avr/bin/../lib/gcc/avr/4.3.2/../../../../avr/lib/avr6\libm.a(fixunssfsi.o)
 .bss           0x00800a28        0x0 c:/arduino/hardware/tools/avr/bin/../lib/gcc/avr/4.3.2/../../../../avr/lib/avr6\libm.a(floatsisf.o)
 .bss           0x00800a28        0x0 c:/arduino/hardware/tools/avr/bin/../lib/gcc/avr/4.3.2/../../../../avr/lib/avr6\libm.a(fp_cmp.o)
 .bss           0x00800a28        0x0 c:/arduino/hardware/tools/avr/bin/../lib/gcc/avr/4.3.2/../../../../avr/lib/avr6\libm.a(fp_inf.o)
 .bss           0x00800a28        0x0 c:/arduino/hardware/tools/avr/bin/../lib/gcc/avr/4.3.2/../../../../avr/lib/avr6\libm.a(fp_nan.o)
 .bss           0x00800a28        0x0 c:/arduino/hardware/tools/avr/bin/../lib/gcc/avr/4.3.2/../../../../avr/lib/avr6\libm.a(fp_pscA.o)
 .bss           0x00800a28        0x0 c:/arduino/hardware/tools/avr/bin/../lib/gcc/avr/4.3.2/../../../../avr/lib/avr6\libm.a(fp_pscB.o)
 .bss           0x00800a28        0x0 c:/arduino/hardware/tools/avr/bin/../lib/gcc/avr/4.3.2/../../../../avr/lib/avr6\libm.a(fp_round.o)
 .bss           0x00800a28        0x0 c:/arduino/hardware/tools/avr/bin/../lib/gcc/avr/4.3.2/../../../../avr/lib/avr6\libm.a(fp_split3.o)
 .bss           0x00800a28        0x0 c:/arduino/hardware/tools/avr/bin/../lib/gcc/avr/4.3.2/../../../../avr/lib/avr6\libm.a(fp_zero.o)
 .bss           0x00800a28        0x0 c:/arduino/hardware/tools/avr/bin/../lib/gcc/avr/4.3.2/../../../../avr/lib/avr6\libm.a(gesf2.o)
 .bss           0x00800a28        0x0 c:/arduino/hardware/tools/avr/bin/../lib/gcc/avr/4.3.2/../../../../avr/lib/avr6\libm.a(mulsf3.o)
 .bss           0x00800a28        0x0 c:/arduino/hardware/tools/avr/bin/../lib/gcc/avr/4.3.2/../../../../avr/lib/avr6\libm.a(mulsf3x.o)
 .bss           0x00800a28        0x0 c:/arduino/hardware/tools/avr/bin/../lib/gcc/avr/4.3.2/../../../../avr/lib/avr6\libprintf_flt.a(vfprintf_flt.o)
 .bss           0x00800a28        0x0 c:/arduino/hardware/tools/avr/bin/../lib/gcc/avr/4.3.2/avr6\libgcc.a(_mulsi3.o)
 .bss           0x00800a28        0x0 c:/arduino/hardware/tools/avr/bin/../lib/gcc/avr/4.3.2/avr6\libgcc.a(_udivmodhi4.o)
 .bss           0x00800a28        0x0 c:/arduino/hardware/tools/avr/bin/../lib/gcc/avr/4.3.2/avr6\libgcc.a(_divmodhi4.o)
 .bss           0x00800a28        0x0 c:/arduino/hardware/tools/avr/bin/../lib/gcc/avr/4.3.2/avr6\libgcc.a(_udivmodsi4.o)
 .bss           0x00800a28        0x0 c:/arduino/hardware/tools/avr/bin/../lib/gcc/avr/4.3.2/avr6\libgcc.a(_prologue.o)
 .bss           0x00800a28        0x0 c:/arduino/hardware/tools/avr/bin/../lib/gcc/avr/4.3.2/avr6\libgcc.a(_epilogue.o)
 .bss           0x00800a28        0x0 c:/arduino/hardware/tools/avr/bin/../lib/gcc/avr/4.3.2/avr6\libgcc.a(_exit.o)
 .bss           0x00800a28        0x0 c:/arduino/hardware/tools/avr/bin/../lib/gcc/avr/4.3.2/avr6\libgcc.a(_tablejump.o)
 .bss           0x00800a28        0x0 c:/arduino/hardware/tools/avr/bin/../lib/gcc/avr/4.3.2/avr6\libgcc.a(_clear_bss.o)
 .bss           0x00800a28        0x0 c:/arduino/hardware/tools/avr/bin/../lib/gcc/avr/4.3.2/../../../../avr/lib/avr6\libc.a(ftoa_engine.o)
 .bss           0x00800a28        0x0 c:/arduino/hardware/tools/avr/bin/../lib/gcc/avr/4.3.2/../../../../avr/lib/avr6\libc.a(strnlen_P.o)
 .bss           0x00800a28        0x0 c:/arduino/hardware/tools/avr/bin/../lib/gcc/avr/4.3.2/../../../../avr/lib/avr6\libc.a(memcpy.o)
 .bss           0x00800a28        0x0 c:/arduino/hardware/tools/avr/bin/../lib/gcc/avr/4.3.2/../../../../avr/lib/avr6\libc.a(memset.o)
 .bss           0x00800a28        0x0 c:/arduino/hardware/tools/avr/bin/../lib/gcc/avr/4.3.2/../../../../avr/lib/avr6\libc.a(strcat.o)
 .bss           0x00800a28        0x0 c:/arduino/hardware/tools/avr/bin/../lib/gcc/avr/4.3.2/../../../../avr/lib/avr6\libc.a(strcpy.o)
 .bss           0x00800a28        0x0 c:/arduino/hardware/tools/avr/bin/../lib/gcc/avr/4.3.2/../../../../avr/lib/avr6\libc.a(strncat.o)
 .bss           0x00800a28        0x0 c:/arduino/hardware/tools/avr/bin/../lib/gcc/avr/4.3.2/../../../../avr/lib/avr6\libc.a(strncmp.o)
 .bss           0x00800a28        0x0 c:/arduino/hardware/tools/avr/bin/../lib/gcc/avr/4.3.2/../../../../avr/lib/avr6\libc.a(strncpy.o)
 .bss           0x00800a28        0x0 c:/arduino/hardware/tools/avr/bin/../lib/gcc/avr/4.3.2/../../../../avr/lib/avr6\libc.a(strnlen.o)
 .bss           0x00800a28        0x0 c:/arduino/hardware/tools/avr/bin/../lib/gcc/avr/4.3.2/../../../../avr/lib/avr6\libc.a(strstr.o)
 .bss           0x00800a28        0x0 c:/arduino/hardware/tools/avr/bin/../lib/gcc/avr/4.3.2/../../../../avr/lib/avr6\libc.a(fputc.o)
 .bss           0x00800a28        0x0 c:/arduino/hardware/tools/avr/bin/../lib/gcc/avr/4.3.2/../../../../avr/lib/avr6\libc.a(sprintf.o)
 .bss           0x00800a28        0x0 c:/arduino/hardware/tools/avr/bin/../lib/gcc/avr/4.3.2/../../../../avr/lib/avr6\libc.a(vsnprintf.o)
 .bss           0x00800a28        0x0 c:/arduino/hardware/tools/avr/bin/../lib/gcc/avr/4.3.2/../../../../avr/lib/avr6\libc.a(vsnprintf_p.o)
 .bss           0x00800a28        0x0 c:/arduino/hardware/tools/avr/bin/../lib/gcc/avr/4.3.2/../../../../avr/lib/avr6\libc.a(ultoa_invert.o)
 *(.bss*)
 .bss.timer_counter_timer0
                0x00800a28        0x9 ./src/custom_timer.o
 .bss.tov_cntr  0x00800a31        0x8 ./src/motion.o
 .bss.last_icr  0x00800a39        0x4 ./src/motion.o
 .bss.new_data  0x00800a3d        0x8 ./src/motion.o
 .bss.new_data_available
                0x00800a45        0x4 ./src/motion.o
 .bss.tempValues.1587
                0x00800a49        0x8 ./src/tempsensor.o
 .bss.defaultUSART
                0x00800a51        0x2 ./src/usart_serial.o
                0x00800a51                defaultUSART
 .bss.client_response_buffer_write_pointer
                0x00800a53        0x1 ./src/wireless_interface.o
                0x00800a53                client_response_buffer_write_pointer
 .bss.client_response_buffer_read_pointer
                0x00800a54        0x1 ./src/wireless_interface.o
                0x00800a54                client_response_buffer_read_pointer
 .bss.web_server_status
                0x00800a55        0x2 ./src/wireless_interface.o
                0x00800a55                web_server_status
 .bss.portTickRateHz
                0x00800a57        0x2 C:/Users/Nick/workspace/FreeRTOS801/Release/libFreeRTOS801.a(port.o)
 .bss.ticksRemainingInSec
                0x00800a59        0x2 C:/Users/Nick/workspace/FreeRTOS801/Release/libFreeRTOS801.a(port.o)
 .bss.xI2CSemaphore
                0x00800a5b        0x2 C:/Users/Nick/workspace/FreeRTOS801/Release/libFreeRTOS801.a(i2cMultiMaster.o)
                0x00800a5b                xI2CSemaphore
 .bss.I2C_statusReg
                0x00800a5d        0x1 C:/Users/Nick/workspace/FreeRTOS801/Release/libFreeRTOS801.a(i2cMultiMaster.o)
                0x00800a5d                I2C_statusReg
 .bss.I2C_checkBusyAfterStop
                0x00800a5e        0x1 C:/Users/Nick/workspace/FreeRTOS801/Release/libFreeRTOS801.a(i2cMultiMaster.o)
 .bss.I2C_bufPtr.1873
                0x00800a5f        0x1 C:/Users/Nick/workspace/FreeRTOS801/Release/libFreeRTOS801.a(i2cMultiMaster.o)
 .bss.I2C_buf   0x00800a60       0x18 C:/Users/Nick/workspace/FreeRTOS801/Release/libFreeRTOS801.a(i2cMultiMaster.o)
 .bss.I2C_msgSize
                0x00800a78        0x1 C:/Users/Nick/workspace/FreeRTOS801/Release/libFreeRTOS801.a(i2cMultiMaster.o)
 .bss.xBlockAllocatedBit
                0x00800a79        0x2 C:/Users/Nick/workspace/FreeRTOS801/Release/libFreeRTOS801.a(heap_4.o)
 .bss.pxEnd     0x00800a7b        0x2 C:/Users/Nick/workspace/FreeRTOS801/Release/libFreeRTOS801.a(heap_4.o)
 .bss.ucHeap    0x00800a7d     0x1200 C:/Users/Nick/workspace/FreeRTOS801/Release/libFreeRTOS801.a(heap_4.o)
 .bss.xStart    0x00801c7d        0x4 C:/Users/Nick/workspace/FreeRTOS801/Release/libFreeRTOS801.a(heap_4.o)
 .bss.pxCurrentTCB
                0x00801c81        0x2 C:/Users/Nick/workspace/FreeRTOS801/Release/libFreeRTOS801.a(tasks.o)
                0x00801c81                pxCurrentTCB
 .bss.uxCurrentNumberOfTasks
                0x00801c83        0x1 C:/Users/Nick/workspace/FreeRTOS801/Release/libFreeRTOS801.a(tasks.o)
 .bss.uxTopReadyPriority
                0x00801c84        0x1 C:/Users/Nick/workspace/FreeRTOS801/Release/libFreeRTOS801.a(tasks.o)
 .bss.xYieldPending
                0x00801c85        0x1 C:/Users/Nick/workspace/FreeRTOS801/Release/libFreeRTOS801.a(tasks.o)
 .bss.xTickCount
                0x00801c86        0x2 C:/Users/Nick/workspace/FreeRTOS801/Release/libFreeRTOS801.a(tasks.o)
 .bss.xNumOfOverflows
                0x00801c88        0x1 C:/Users/Nick/workspace/FreeRTOS801/Release/libFreeRTOS801.a(tasks.o)
 .bss.uxSchedulerSuspended
                0x00801c89        0x1 C:/Users/Nick/workspace/FreeRTOS801/Release/libFreeRTOS801.a(tasks.o)
 .bss.ulTotalRunTime
                0x00801c8a        0x4 C:/Users/Nick/workspace/FreeRTOS801/Release/libFreeRTOS801.a(tasks.o)
 .bss.ulTaskSwitchedInTime
                0x00801c8e        0x4 C:/Users/Nick/workspace/FreeRTOS801/Release/libFreeRTOS801.a(tasks.o)
 .bss.uxPendedTicks
                0x00801c92        0x1 C:/Users/Nick/workspace/FreeRTOS801/Release/libFreeRTOS801.a(tasks.o)
 .bss.xSchedulerRunning
                0x00801c93        0x1 C:/Users/Nick/workspace/FreeRTOS801/Release/libFreeRTOS801.a(tasks.o)
 .bss.uxTasksDeleted
                0x00801c94        0x1 C:/Users/Nick/workspace/FreeRTOS801/Release/libFreeRTOS801.a(tasks.o)
 .bss.uxTaskNumber
                0x00801c95        0x1 C:/Users/Nick/workspace/FreeRTOS801/Release/libFreeRTOS801.a(tasks.o)
 .bss.pxReadyTasksLists
                0x00801c96       0x24 C:/Users/Nick/workspace/FreeRTOS801/Release/libFreeRTOS801.a(tasks.o)
 .bss.xDelayedTaskList1
                0x00801cba        0x9 C:/Users/Nick/workspace/FreeRTOS801/Release/libFreeRTOS801.a(tasks.o)
 .bss.xDelayedTaskList2
                0x00801cc3        0x9 C:/Users/Nick/workspace/FreeRTOS801/Release/libFreeRTOS801.a(tasks.o)
 .bss.pxDelayedTaskList
                0x00801ccc        0x2 C:/Users/Nick/workspace/FreeRTOS801/Release/libFreeRTOS801.a(tasks.o)
 .bss.pxOverflowDelayedTaskList
                0x00801cce        0x2 C:/Users/Nick/workspace/FreeRTOS801/Release/libFreeRTOS801.a(tasks.o)
 .bss.xPendingReadyList
                0x00801cd0        0x9 C:/Users/Nick/workspace/FreeRTOS801/Release/libFreeRTOS801.a(tasks.o)
 .bss.xTasksWaitingTermination
                0x00801cd9        0x9 C:/Users/Nick/workspace/FreeRTOS801/Release/libFreeRTOS801.a(tasks.o)
 .bss.xSuspendedTaskList
                0x00801ce2        0x9 C:/Users/Nick/workspace/FreeRTOS801/Release/libFreeRTOS801.a(tasks.o)
 *(COMMON)
 COMMON         0x00801ceb        0xe ./src/attached_mode.o
                0x00801ceb                initialAttachTime
                0x00801cef                lastTrackedDirection
                0x00801cf1                currentState
                0x00801cf3                currentCenterServoDirection
                0x00801cf5                currentTime
 COMMON         0x00801cf9        0x4 ./src/ping.o
                0x00801cf9                distance
 COMMON         0x00801cfd       0x18 ./src/servo.o
                0x00801cfd                totalDistance
                0x00801d05                previousSpeedLeft
                0x00801d09                previousSpeedRight
                0x00801d0d                wheelSpeedLeft
                0x00801d11                wheelSpeedRight
 COMMON         0x00801d15       0x14 ./src/tempsensor.o
                0x00801d15                register_values
 COMMON         0x00801d29        0x4 ./src/timer.o
                0x00801d29                timerTickCount
                0x00801d2b                isrCallback
 COMMON         0x00801d2d       0x78 ./src/usart_serial.o
                0x00801d2d                usartComBuf
 COMMON         0x00801da5       0x82 ./src/wireless_interface.o
                0x00801da5                client_web_page
                0x00801dca                wifi_client
                0x00801dcb                gainspan
                0x00801e22                client_response_buffer
                0x00801e24                wifi_server
 COMMON         0x00801e27        0x4 C:/Users/Nick/workspace/FreeRTOS801/Release/libFreeRTOS801.a(system_time.o)
                0x00801e27                __system_time
                0x00801e2b                PROVIDE (__bss_end, .)
                0x0000af68                __data_load_start = LOADADDR (.data)
                0x0000b790                __data_load_end = (__data_load_start + SIZEOF (.data))

.noinit         0x00801e2b        0x0
                0x00801e2b                PROVIDE (__noinit_start, .)
 *(.noinit*)
                0x00801e2b                PROVIDE (__noinit_end, .)
                0x00801e2b                _end = .
                0x00801e2b                PROVIDE (__heap_start, .)

.eeprom         0x00810000        0x0
 *(.eeprom*)
                0x00810000                __eeprom_end = .

.fuse
 *(.fuse)
 *(.lfuse)
 *(.hfuse)
 *(.efuse)

.lock
 *(.lock*)

.signature
 *(.signature*)

.stab
 *(.stab)

.stabstr
 *(.stabstr)

.stab.excl
 *(.stab.excl)

.stab.exclstr
 *(.stab.exclstr)

.stab.index
 *(.stab.index)

.stab.indexstr
 *(.stab.indexstr)

.comment
 *(.comment)

.debug
 *(.debug)

.line
 *(.line)

.debug_srcinfo
 *(.debug_srcinfo)

.debug_sfnames
 *(.debug_sfnames)

.debug_aranges
 *(.debug_aranges)

.debug_pubnames
 *(.debug_pubnames)

.debug_info
 *(.debug_info)
 *(.gnu.linkonce.wi.*)

.debug_abbrev
 *(.debug_abbrev)

.debug_line
 *(.debug_line)

.debug_frame
 *(.debug_frame)

.debug_str
 *(.debug_str)

.debug_loc
 *(.debug_loc)

.debug_macinfo
 *(.debug_macinfo)
OUTPUT(EmptyProject.elf elf32-avr)
LOAD linker stubs
