Archive member included because of file (symbol)

C:/Users/Nick/workspace/FreeRTOS801/Release/libFreeRTOS801.a(port.o)
                              ./src/usart_serial.o (vPortYield)
C:/Users/Nick/workspace/FreeRTOS801/Release/libFreeRTOS801.a(system_tick.o)
                              C:/Users/Nick/workspace/FreeRTOS801/Release/libFreeRTOS801.a(port.o) (system_tick)
C:/Users/Nick/workspace/FreeRTOS801/Release/libFreeRTOS801.a(system_time.o)
                              C:/Users/Nick/workspace/FreeRTOS801/Release/libFreeRTOS801.a(system_tick.o) (__system_time)
C:/Users/Nick/workspace/FreeRTOS801/Release/libFreeRTOS801.a(i2cMultiMaster.o)
                              ./src/tempsensor.o (I2C_Master_Start_Transceiver_With_Data)
C:/Users/Nick/workspace/FreeRTOS801/Release/libFreeRTOS801.a(heap_4.o)
                              ./src/usart_serial.o (vPortFree)
C:/Users/Nick/workspace/FreeRTOS801/Release/libFreeRTOS801.a(queue.o)
                              C:/Users/Nick/workspace/FreeRTOS801/Release/libFreeRTOS801.a(i2cMultiMaster.o) (xQueueGenericSend)
C:/Users/Nick/workspace/FreeRTOS801/Release/libFreeRTOS801.a(tasks.o)
                              C:/Users/Nick/workspace/FreeRTOS801/Release/libFreeRTOS801.a(heap_4.o) (vTaskSuspendAll)
C:/Users/Nick/workspace/FreeRTOS801/Release/libFreeRTOS801.a(list.o)
                              C:/Users/Nick/workspace/FreeRTOS801/Release/libFreeRTOS801.a(queue.o) (vListInitialise)
C:/Users/Nick/workspace/FreeRTOS801/Release/libFreeRTOS801.a(runtTimeStatsTimer.o)
                              C:/Users/Nick/workspace/FreeRTOS801/Release/libFreeRTOS801.a(tasks.o) (xconfigTimerForRunTimeStats)
c:/arduino/hardware/tools/avr/bin/../lib/gcc/avr/4.3.2/../../../../avr/lib/avr6\libm.a(addsf3.o)
                              ./src/servo.o (__addsf3)
c:/arduino/hardware/tools/avr/bin/../lib/gcc/avr/4.3.2/../../../../avr/lib/avr6\libm.a(addsf3x.o)
                              c:/arduino/hardware/tools/avr/bin/../lib/gcc/avr/4.3.2/../../../../avr/lib/avr6\libm.a(addsf3.o) (__addsf3x)
c:/arduino/hardware/tools/avr/bin/../lib/gcc/avr/4.3.2/../../../../avr/lib/avr6\libm.a(cmpsf2.o)
                              ./src/servo.o (__nesf2)
c:/arduino/hardware/tools/avr/bin/../lib/gcc/avr/4.3.2/../../../../avr/lib/avr6\libm.a(divsf3.o)
                              ./src/servo.o (__divsf3)
c:/arduino/hardware/tools/avr/bin/../lib/gcc/avr/4.3.2/../../../../avr/lib/avr6\libm.a(divsf3x.o)
                              c:/arduino/hardware/tools/avr/bin/../lib/gcc/avr/4.3.2/../../../../avr/lib/avr6\libm.a(divsf3.o) (__divsf3x)
c:/arduino/hardware/tools/avr/bin/../lib/gcc/avr/4.3.2/../../../../avr/lib/avr6\libm.a(fixsfsi.o)
                              ./src/ping.o (__fixsfsi)
c:/arduino/hardware/tools/avr/bin/../lib/gcc/avr/4.3.2/../../../../avr/lib/avr6\libm.a(fixunssfsi.o)
                              c:/arduino/hardware/tools/avr/bin/../lib/gcc/avr/4.3.2/../../../../avr/lib/avr6\libm.a(fixsfsi.o) (__fixunssfsi)
c:/arduino/hardware/tools/avr/bin/../lib/gcc/avr/4.3.2/../../../../avr/lib/avr6\libm.a(floatsisf.o)
                              ./src/ping.o (__floatunsisf)
c:/arduino/hardware/tools/avr/bin/../lib/gcc/avr/4.3.2/../../../../avr/lib/avr6\libm.a(fp_cmp.o)
                              c:/arduino/hardware/tools/avr/bin/../lib/gcc/avr/4.3.2/../../../../avr/lib/avr6\libm.a(cmpsf2.o) (__fp_cmp)
c:/arduino/hardware/tools/avr/bin/../lib/gcc/avr/4.3.2/../../../../avr/lib/avr6\libm.a(fp_inf.o)
                              c:/arduino/hardware/tools/avr/bin/../lib/gcc/avr/4.3.2/../../../../avr/lib/avr6\libm.a(addsf3x.o) (__fp_inf)
c:/arduino/hardware/tools/avr/bin/../lib/gcc/avr/4.3.2/../../../../avr/lib/avr6\libm.a(fp_nan.o)
                              c:/arduino/hardware/tools/avr/bin/../lib/gcc/avr/4.3.2/../../../../avr/lib/avr6\libm.a(addsf3x.o) (__fp_nan)
c:/arduino/hardware/tools/avr/bin/../lib/gcc/avr/4.3.2/../../../../avr/lib/avr6\libm.a(fp_pscA.o)
                              c:/arduino/hardware/tools/avr/bin/../lib/gcc/avr/4.3.2/../../../../avr/lib/avr6\libm.a(addsf3x.o) (__fp_pscA)
c:/arduino/hardware/tools/avr/bin/../lib/gcc/avr/4.3.2/../../../../avr/lib/avr6\libm.a(fp_pscB.o)
                              c:/arduino/hardware/tools/avr/bin/../lib/gcc/avr/4.3.2/../../../../avr/lib/avr6\libm.a(addsf3x.o) (__fp_pscB)
c:/arduino/hardware/tools/avr/bin/../lib/gcc/avr/4.3.2/../../../../avr/lib/avr6\libm.a(fp_round.o)
                              c:/arduino/hardware/tools/avr/bin/../lib/gcc/avr/4.3.2/../../../../avr/lib/avr6\libm.a(addsf3.o) (__fp_round)
c:/arduino/hardware/tools/avr/bin/../lib/gcc/avr/4.3.2/../../../../avr/lib/avr6\libm.a(fp_split3.o)
                              c:/arduino/hardware/tools/avr/bin/../lib/gcc/avr/4.3.2/../../../../avr/lib/avr6\libm.a(addsf3x.o) (__fp_split3)
c:/arduino/hardware/tools/avr/bin/../lib/gcc/avr/4.3.2/../../../../avr/lib/avr6\libm.a(fp_zero.o)
                              c:/arduino/hardware/tools/avr/bin/../lib/gcc/avr/4.3.2/../../../../avr/lib/avr6\libm.a(addsf3x.o) (__fp_zero)
c:/arduino/hardware/tools/avr/bin/../lib/gcc/avr/4.3.2/../../../../avr/lib/avr6\libm.a(gesf2.o)
                              ./src/servo.o (__gtsf2)
c:/arduino/hardware/tools/avr/bin/../lib/gcc/avr/4.3.2/../../../../avr/lib/avr6\libm.a(mulsf3.o)
                              ./src/servo.o (__mulsf3)
c:/arduino/hardware/tools/avr/bin/../lib/gcc/avr/4.3.2/../../../../avr/lib/avr6\libm.a(mulsf3x.o)
                              c:/arduino/hardware/tools/avr/bin/../lib/gcc/avr/4.3.2/../../../../avr/lib/avr6\libm.a(mulsf3.o) (__mulsf3x)
c:/arduino/hardware/tools/avr/bin/../lib/gcc/avr/4.3.2/../../../../avr/lib/avr6\libprintf_flt.a(vfprintf_flt.o)
                              (vfprintf)
c:/arduino/hardware/tools/avr/bin/../lib/gcc/avr/4.3.2/avr6\libgcc.a(_mulsi3.o)
                              ./src/motion.o (__mulsi3)
c:/arduino/hardware/tools/avr/bin/../lib/gcc/avr/4.3.2/avr6\libgcc.a(_udivmodhi4.o)
                              ./src/wireless_interface.o (__udivmodhi4)
c:/arduino/hardware/tools/avr/bin/../lib/gcc/avr/4.3.2/avr6\libgcc.a(_divmodhi4.o)
                              ./src/attached_mode.o (__divmodhi4)
c:/arduino/hardware/tools/avr/bin/../lib/gcc/avr/4.3.2/avr6\libgcc.a(_udivmodsi4.o)
                              ./src/usart_serial.o (__udivmodsi4)
c:/arduino/hardware/tools/avr/bin/../lib/gcc/avr/4.3.2/avr6\libgcc.a(_prologue.o)
                              ./src/behaviour.o (__prologue_saves__)
c:/arduino/hardware/tools/avr/bin/../lib/gcc/avr/4.3.2/avr6\libgcc.a(_epilogue.o)
                              ./src/behaviour.o (__epilogue_restores__)
c:/arduino/hardware/tools/avr/bin/../lib/gcc/avr/4.3.2/avr6\libgcc.a(_exit.o)
                              c:/arduino/hardware/tools/avr/bin/../lib/gcc/avr/4.3.2/../../../../avr/lib/avr6/crtm2560.o (exit)
c:/arduino/hardware/tools/avr/bin/../lib/gcc/avr/4.3.2/avr6\libgcc.a(_tablejump.o)
                              ./src/wireless_interface.o (__tablejump2__)
c:/arduino/hardware/tools/avr/bin/../lib/gcc/avr/4.3.2/avr6\libgcc.a(_clear_bss.o)
                              ./src/attached_mode.o (__do_clear_bss)
c:/arduino/hardware/tools/avr/bin/../lib/gcc/avr/4.3.2/../../../../avr/lib/avr6\libc.a(ftoa_engine.o)
                              c:/arduino/hardware/tools/avr/bin/../lib/gcc/avr/4.3.2/../../../../avr/lib/avr6\libprintf_flt.a(vfprintf_flt.o) (__ftoa_engine)
c:/arduino/hardware/tools/avr/bin/../lib/gcc/avr/4.3.2/../../../../avr/lib/avr6\libc.a(strnlen_P.o)
                              c:/arduino/hardware/tools/avr/bin/../lib/gcc/avr/4.3.2/../../../../avr/lib/avr6\libprintf_flt.a(vfprintf_flt.o) (strnlen_P)
c:/arduino/hardware/tools/avr/bin/../lib/gcc/avr/4.3.2/../../../../avr/lib/avr6\libc.a(memcpy.o)
                              C:/Users/Nick/workspace/FreeRTOS801/Release/libFreeRTOS801.a(queue.o) (memcpy)
c:/arduino/hardware/tools/avr/bin/../lib/gcc/avr/4.3.2/../../../../avr/lib/avr6\libc.a(memset.o)
                              ./src/wireless_interface.o (memset)
c:/arduino/hardware/tools/avr/bin/../lib/gcc/avr/4.3.2/../../../../avr/lib/avr6\libc.a(strcat.o)
                              ./src/wireless_interface.o (strcat)
c:/arduino/hardware/tools/avr/bin/../lib/gcc/avr/4.3.2/../../../../avr/lib/avr6\libc.a(strcpy.o)
                              ./src/wireless_interface.o (strcpy)
c:/arduino/hardware/tools/avr/bin/../lib/gcc/avr/4.3.2/../../../../avr/lib/avr6\libc.a(strncat.o)
                              ./src/wireless_interface.o (strncat)
c:/arduino/hardware/tools/avr/bin/../lib/gcc/avr/4.3.2/../../../../avr/lib/avr6\libc.a(strncmp.o)
                              ./src/wireless_interface.o (strncmp)
c:/arduino/hardware/tools/avr/bin/../lib/gcc/avr/4.3.2/../../../../avr/lib/avr6\libc.a(strncpy.o)
                              ./src/wireless_interface.o (strncpy)
c:/arduino/hardware/tools/avr/bin/../lib/gcc/avr/4.3.2/../../../../avr/lib/avr6\libc.a(strnlen.o)
                              c:/arduino/hardware/tools/avr/bin/../lib/gcc/avr/4.3.2/../../../../avr/lib/avr6\libprintf_flt.a(vfprintf_flt.o) (strnlen)
c:/arduino/hardware/tools/avr/bin/../lib/gcc/avr/4.3.2/../../../../avr/lib/avr6\libc.a(strstr.o)
                              ./src/wireless_interface.o (strstr)
c:/arduino/hardware/tools/avr/bin/../lib/gcc/avr/4.3.2/../../../../avr/lib/avr6\libc.a(fputc.o)
                              c:/arduino/hardware/tools/avr/bin/../lib/gcc/avr/4.3.2/../../../../avr/lib/avr6\libprintf_flt.a(vfprintf_flt.o) (fputc)
c:/arduino/hardware/tools/avr/bin/../lib/gcc/avr/4.3.2/../../../../avr/lib/avr6\libc.a(sprintf.o)
                              ./src/behaviour.o (sprintf)
c:/arduino/hardware/tools/avr/bin/../lib/gcc/avr/4.3.2/../../../../avr/lib/avr6\libc.a(vsnprintf.o)
                              ./src/usart_serial.o (vsnprintf)
c:/arduino/hardware/tools/avr/bin/../lib/gcc/avr/4.3.2/../../../../avr/lib/avr6\libc.a(vsnprintf_p.o)
                              ./src/usart_serial.o (vsnprintf_P)
c:/arduino/hardware/tools/avr/bin/../lib/gcc/avr/4.3.2/../../../../avr/lib/avr6\libc.a(ultoa_invert.o)
                              c:/arduino/hardware/tools/avr/bin/../lib/gcc/avr/4.3.2/../../../../avr/lib/avr6\libprintf_flt.a(vfprintf_flt.o) (__ultoa_invert)

Allocating common symbols
Common symbol       size              file

totalDistance       0x8               ./src/servo.o
client_web_page     0x25              ./src/wireless_interface.o
lastTrackedDirection
                    0x2               ./src/attached_mode.o
timerTickCount      0x2               ./src/timer.o
register_values     0x14              ./src/tempsensor.o
previousSpeedLeft   0x4               ./src/servo.o
distance            0x4               ./src/ping.o
state               0x2               ./src/behaviour.o
wheelsUpdated       0x1               ./src/behaviour.o
wifi_client         0x1               ./src/wireless_interface.o
lcdUpdated          0x1               ./src/behaviour.o
usartComBuf         0x78              ./src/usart_serial.o
centerServoDirection
                    0x2               ./src/behaviour.o
wheelSpeedUpdated   0x1               ./src/behaviour.o
previousSpeedRight  0x4               ./src/servo.o
wheelSpeedLeft      0x4               ./src/servo.o
currentCenterServoDirection
                    0x2               ./src/attached_mode.o
isrCallback         0x2               ./src/timer.o
gainspan            0x57              ./src/wireless_interface.o
currentMode         0x2               ./src/attached_mode.o
targetFound         0x1               ./src/attached_mode.o
client_response_buffer
                    0x2               ./src/wireless_interface.o
wheelSpeedRight     0x4               ./src/servo.o
__system_time       0x4               C:/Users/Nick/workspace/FreeRTOS801/Release/libFreeRTOS801.a(system_time.o)
wifi_server         0x3               ./src/wireless_interface.o
centerServoUpdated  0x1               ./src/behaviour.o

Memory Configuration

Name             Origin             Length             Attributes
text             0x00000000         0x00100000         xr
data             0x00800200         0x0000fe00         rw !x
eeprom           0x00810000         0x00010000         rw !x
fuse             0x00820000         0x00000400         rw !x
lock             0x00830000         0x00000400         rw !x
signature        0x00840000         0x00000400         rw !x
*default*        0x00000000         0xffffffff

Linker script and memory map

Address of section .data set to 0x800200
LOAD c:/arduino/hardware/tools/avr/bin/../lib/gcc/avr/4.3.2/../../../../avr/lib/avr6/crtm2560.o
LOAD ./src/attached_mode.o
LOAD ./src/behaviour.o
LOAD ./src/custom_timer.o
LOAD ./src/lcd.o
LOAD ./src/led.o
LOAD ./src/main.o
LOAD ./src/motion.o
LOAD ./src/ping.o
LOAD ./src/servo.o
LOAD ./src/tempsensor.o
LOAD ./src/timer.o
LOAD ./src/usart_serial.o
LOAD ./src/wireless_interface.o
LOAD C:/Users/Nick/workspace/FreeRTOS801/Release/libFreeRTOS801.a
LOAD c:/arduino/hardware/tools/avr/bin/../lib/gcc/avr/4.3.2/../../../../avr/lib/avr6\libm.a
LOAD c:/arduino/hardware/tools/avr/bin/../lib/gcc/avr/4.3.2/../../../../avr/lib/avr6\libprintf_flt.a
LOAD C:\Users\Nick\workspace\FreeRTOS801\Release\libFreeRTOS801.a
LOAD C:\Users\Nick\workspace\CEG4166_RTS_Lib\Release\libCEG4166_RTS_Lib.a
LOAD c:/arduino/hardware/tools/avr/bin/../lib/gcc/avr/4.3.2/avr6\libgcc.a
LOAD c:/arduino/hardware/tools/avr/bin/../lib/gcc/avr/4.3.2/../../../../avr/lib/avr6\libc.a
LOAD c:/arduino/hardware/tools/avr/bin/../lib/gcc/avr/4.3.2/avr6\libgcc.a

.hash
 *(.hash)

.dynsym
 *(.dynsym)

.dynstr
 *(.dynstr)

.gnu.version
 *(.gnu.version)

.gnu.version_d
 *(.gnu.version_d)

.gnu.version_r
 *(.gnu.version_r)

.rel.init
 *(.rel.init)

.rela.init
 *(.rela.init)

.rel.text
 *(.rel.text)
 *(.rel.text.*)
 *(.rel.gnu.linkonce.t*)

.rela.text
 *(.rela.text)
 *(.rela.text.*)
 *(.rela.gnu.linkonce.t*)

.rel.fini
 *(.rel.fini)

.rela.fini
 *(.rela.fini)

.rel.rodata
 *(.rel.rodata)
 *(.rel.rodata.*)
 *(.rel.gnu.linkonce.r*)

.rela.rodata
 *(.rela.rodata)
 *(.rela.rodata.*)
 *(.rela.gnu.linkonce.r*)

.rel.data
 *(.rel.data)
 *(.rel.data.*)
 *(.rel.gnu.linkonce.d*)

.rela.data
 *(.rela.data)
 *(.rela.data.*)
 *(.rela.gnu.linkonce.d*)

.rel.ctors
 *(.rel.ctors)

.rela.ctors
 *(.rela.ctors)

.rel.dtors
 *(.rel.dtors)

.rela.dtors
 *(.rela.dtors)

.rel.got
 *(.rel.got)

.rela.got
 *(.rela.got)

.rel.bss
 *(.rel.bss)

.rela.bss
 *(.rela.bss)

.rel.plt
 *(.rel.plt)

.rela.plt
 *(.rela.plt)

.text           0x00000000     0xb04c
 *(.vectors)
 .vectors       0x00000000       0xe4 c:/arduino/hardware/tools/avr/bin/../lib/gcc/avr/4.3.2/../../../../avr/lib/avr6/crtm2560.o
                0x00000000                __vectors
                0x00000000                __vector_default
 *(.vectors)
 *(.progmem.gcc*)
 .progmem.gcc_sw_table
                0x000000e4       0x54 ./src/wireless_interface.o
 .progmem.gcc_sw_table
                0x00000138      0x182 C:/Users/Nick/workspace/FreeRTOS801/Release/libFreeRTOS801.a(i2cMultiMaster.o)
 *(.progmem*)
 .progmem.data  0x000002ba       0x3c ./src/main.o
 .progmem.data  0x000002f6        0x8 c:/arduino/hardware/tools/avr/bin/../lib/gcc/avr/4.3.2/../../../../avr/lib/avr6\libprintf_flt.a(vfprintf_flt.o)
 .progmem.data  0x000002fe       0xfa c:/arduino/hardware/tools/avr/bin/../lib/gcc/avr/4.3.2/../../../../avr/lib/avr6\libc.a(ftoa_engine.o)
                0x000003f8                . = ALIGN (0x2)
                0x000003f8                __trampolines_start = .
 *(.trampolines)
 .trampolines   0x000003f8        0x0 linker stubs
 *(.trampolines*)
                0x000003f8                __trampolines_end = .
 *(.jumptables)
 *(.jumptables*)
 *(.lowtext)
 .lowtext       0x000003f8      0x2e8 C:/Users/Nick/workspace/FreeRTOS801/Release/libFreeRTOS801.a(tasks.o)
 *(.lowtext*)
                0x000006e0                __ctors_start = .
 *(.ctors)
                0x000006e0                __ctors_end = .
                0x000006e0                __dtors_start = .
 *(.dtors)
                0x000006e0                __dtors_end = .
 SORT(*)(.ctors)
 SORT(*)(.dtors)
 *(.init0)
 .init0         0x000006e0        0x0 c:/arduino/hardware/tools/avr/bin/../lib/gcc/avr/4.3.2/../../../../avr/lib/avr6/crtm2560.o
                0x000006e0                __init
 *(.init0)
 *(.init1)
 *(.init1)
 *(.init2)
 .init2         0x000006e0       0x10 c:/arduino/hardware/tools/avr/bin/../lib/gcc/avr/4.3.2/../../../../avr/lib/avr6/crtm2560.o
 *(.init2)
 *(.init3)
 *(.init3)
 *(.init4)
 .init4         0x000006f0       0x1c c:/arduino/hardware/tools/avr/bin/../lib/gcc/avr/4.3.2/../../../../avr/lib/avr6/crtm2560.o
                0x000006f0                __do_copy_data
 .init4         0x0000070c       0x10 c:/arduino/hardware/tools/avr/bin/../lib/gcc/avr/4.3.2/avr6\libgcc.a(_clear_bss.o)
                0x0000070c                __do_clear_bss
 *(.init4)
 *(.init5)
 *(.init5)
 *(.init6)
 *(.init6)
 *(.init7)
 *(.init7)
 *(.init8)
 *(.init8)
 *(.init9)
 .init9         0x0000071c        0x8 c:/arduino/hardware/tools/avr/bin/../lib/gcc/avr/4.3.2/../../../../avr/lib/avr6/crtm2560.o
 *(.init9)
 *(.text)
 .text          0x00000724        0x4 c:/arduino/hardware/tools/avr/bin/../lib/gcc/avr/4.3.2/../../../../avr/lib/avr6/crtm2560.o
                0x00000724                __vector_38
                0x00000724                __vector_22
                0x00000724                __vector_28
                0x00000724                __vector_1
                0x00000724                __vector_34
                0x00000724                __vector_24
                0x00000724                __vector_12
                0x00000724                __bad_interrupt
                0x00000724                __vector_6
                0x00000724                __vector_31
                0x00000724                __vector_3
                0x00000724                __vector_30
                0x00000724                __vector_11
                0x00000724                __vector_13
                0x00000724                __vector_17
                0x00000724                __vector_19
                0x00000724                __vector_56
                0x00000724                __vector_7
                0x00000724                __vector_49
                0x00000724                __vector_43
                0x00000724                __vector_27
                0x00000724                __vector_5
                0x00000724                __vector_33
                0x00000724                __vector_47
                0x00000724                __vector_4
                0x00000724                __vector_44
                0x00000724                __vector_9
                0x00000724                __vector_2
                0x00000724                __vector_21
                0x00000724                __vector_15
                0x00000724                __vector_29
                0x00000724                __vector_40
                0x00000724                __vector_8
                0x00000724                __vector_48
                0x00000724                __vector_14
                0x00000724                __vector_53
                0x00000724                __vector_10
                0x00000724                __vector_16
                0x00000724                __vector_18
                0x00000724                __vector_20
                0x00000724                __vector_42
 .text          0x00000728        0x0 ./src/attached_mode.o
 .text          0x00000728        0x0 ./src/behaviour.o
 .text          0x00000728        0x0 ./src/custom_timer.o
 .text          0x00000728        0x0 ./src/lcd.o
 .text          0x00000728        0x0 ./src/led.o
 .text          0x00000728        0x0 ./src/main.o
 .text          0x00000728        0x0 ./src/motion.o
 .text          0x00000728        0x0 ./src/ping.o
 .text          0x00000728        0x0 ./src/servo.o
 .text          0x00000728        0x0 ./src/tempsensor.o
 .text          0x00000728        0x0 ./src/timer.o
 .text          0x00000728        0x0 ./src/usart_serial.o
 .text          0x00000728        0x0 ./src/wireless_interface.o
 .text          0x00000728        0x0 C:/Users/Nick/workspace/FreeRTOS801/Release/libFreeRTOS801.a(port.o)
 .text          0x00000728       0x38 C:/Users/Nick/workspace/FreeRTOS801/Release/libFreeRTOS801.a(system_tick.o)
                0x00000728                system_tick
 .text          0x00000760        0x0 C:/Users/Nick/workspace/FreeRTOS801/Release/libFreeRTOS801.a(system_time.o)
 .text          0x00000760        0x0 C:/Users/Nick/workspace/FreeRTOS801/Release/libFreeRTOS801.a(i2cMultiMaster.o)
 .text          0x00000760        0x0 C:/Users/Nick/workspace/FreeRTOS801/Release/libFreeRTOS801.a(heap_4.o)
 .text          0x00000760        0x0 C:/Users/Nick/workspace/FreeRTOS801/Release/libFreeRTOS801.a(queue.o)
 .text          0x00000760        0x0 C:/Users/Nick/workspace/FreeRTOS801/Release/libFreeRTOS801.a(tasks.o)
 .text          0x00000760        0x0 C:/Users/Nick/workspace/FreeRTOS801/Release/libFreeRTOS801.a(list.o)
 .text          0x00000760        0x0 C:/Users/Nick/workspace/FreeRTOS801/Release/libFreeRTOS801.a(runtTimeStatsTimer.o)
 .text          0x00000760        0x0 c:/arduino/hardware/tools/avr/bin/../lib/gcc/avr/4.3.2/../../../../avr/lib/avr6\libm.a(addsf3.o)
 .text          0x00000760        0x0 c:/arduino/hardware/tools/avr/bin/../lib/gcc/avr/4.3.2/../../../../avr/lib/avr6\libm.a(addsf3x.o)
 .text          0x00000760        0x0 c:/arduino/hardware/tools/avr/bin/../lib/gcc/avr/4.3.2/../../../../avr/lib/avr6\libm.a(cmpsf2.o)
 .text          0x00000760        0x0 c:/arduino/hardware/tools/avr/bin/../lib/gcc/avr/4.3.2/../../../../avr/lib/avr6\libm.a(divsf3.o)
 .text          0x00000760        0x0 c:/arduino/hardware/tools/avr/bin/../lib/gcc/avr/4.3.2/../../../../avr/lib/avr6\libm.a(divsf3x.o)
 .text          0x00000760        0x0 c:/arduino/hardware/tools/avr/bin/../lib/gcc/avr/4.3.2/../../../../avr/lib/avr6\libm.a(fixsfsi.o)
 .text          0x00000760        0x0 c:/arduino/hardware/tools/avr/bin/../lib/gcc/avr/4.3.2/../../../../avr/lib/avr6\libm.a(fixunssfsi.o)
 .text          0x00000760        0x0 c:/arduino/hardware/tools/avr/bin/../lib/gcc/avr/4.3.2/../../../../avr/lib/avr6\libm.a(floatsisf.o)
 .text          0x00000760        0x0 c:/arduino/hardware/tools/avr/bin/../lib/gcc/avr/4.3.2/../../../../avr/lib/avr6\libm.a(fp_cmp.o)
 .text          0x00000760        0x0 c:/arduino/hardware/tools/avr/bin/../lib/gcc/avr/4.3.2/../../../../avr/lib/avr6\libm.a(fp_inf.o)
 .text          0x00000760        0x0 c:/arduino/hardware/tools/avr/bin/../lib/gcc/avr/4.3.2/../../../../avr/lib/avr6\libm.a(fp_nan.o)
 .text          0x00000760        0x0 c:/arduino/hardware/tools/avr/bin/../lib/gcc/avr/4.3.2/../../../../avr/lib/avr6\libm.a(fp_pscA.o)
 .text          0x00000760        0x0 c:/arduino/hardware/tools/avr/bin/../lib/gcc/avr/4.3.2/../../../../avr/lib/avr6\libm.a(fp_pscB.o)
 .text          0x00000760        0x0 c:/arduino/hardware/tools/avr/bin/../lib/gcc/avr/4.3.2/../../../../avr/lib/avr6\libm.a(fp_round.o)
 .text          0x00000760        0x0 c:/arduino/hardware/tools/avr/bin/../lib/gcc/avr/4.3.2/../../../../avr/lib/avr6\libm.a(fp_split3.o)
 .text          0x00000760        0x0 c:/arduino/hardware/tools/avr/bin/../lib/gcc/avr/4.3.2/../../../../avr/lib/avr6\libm.a(fp_zero.o)
 .text          0x00000760        0x0 c:/arduino/hardware/tools/avr/bin/../lib/gcc/avr/4.3.2/../../../../avr/lib/avr6\libm.a(gesf2.o)
 .text          0x00000760        0x0 c:/arduino/hardware/tools/avr/bin/../lib/gcc/avr/4.3.2/../../../../avr/lib/avr6\libm.a(mulsf3.o)
 .text          0x00000760        0x0 c:/arduino/hardware/tools/avr/bin/../lib/gcc/avr/4.3.2/../../../../avr/lib/avr6\libm.a(mulsf3x.o)
 .text          0x00000760      0x712 c:/arduino/hardware/tools/avr/bin/../lib/gcc/avr/4.3.2/../../../../avr/lib/avr6\libprintf_flt.a(vfprintf_flt.o)
                0x00000760                vfprintf
 .text          0x00000e72        0x0 c:/arduino/hardware/tools/avr/bin/../lib/gcc/avr/4.3.2/avr6\libgcc.a(_mulsi3.o)
 .text          0x00000e72        0x0 c:/arduino/hardware/tools/avr/bin/../lib/gcc/avr/4.3.2/avr6\libgcc.a(_udivmodhi4.o)
 .text          0x00000e72        0x0 c:/arduino/hardware/tools/avr/bin/../lib/gcc/avr/4.3.2/avr6\libgcc.a(_divmodhi4.o)
 .text          0x00000e72        0x0 c:/arduino/hardware/tools/avr/bin/../lib/gcc/avr/4.3.2/avr6\libgcc.a(_udivmodsi4.o)
 .text          0x00000e72        0x0 c:/arduino/hardware/tools/avr/bin/../lib/gcc/avr/4.3.2/avr6\libgcc.a(_prologue.o)
 .text          0x00000e72        0x0 c:/arduino/hardware/tools/avr/bin/../lib/gcc/avr/4.3.2/avr6\libgcc.a(_epilogue.o)
 .text          0x00000e72        0x0 c:/arduino/hardware/tools/avr/bin/../lib/gcc/avr/4.3.2/avr6\libgcc.a(_exit.o)
 .text          0x00000e72        0x0 c:/arduino/hardware/tools/avr/bin/../lib/gcc/avr/4.3.2/avr6\libgcc.a(_tablejump.o)
 .text          0x00000e72        0x0 c:/arduino/hardware/tools/avr/bin/../lib/gcc/avr/4.3.2/avr6\libgcc.a(_clear_bss.o)
 .text          0x00000e72      0x1b0 c:/arduino/hardware/tools/avr/bin/../lib/gcc/avr/4.3.2/../../../../avr/lib/avr6\libc.a(ftoa_engine.o)
                0x00000e72                __ftoa_engine
 .text          0x00001022       0x16 c:/arduino/hardware/tools/avr/bin/../lib/gcc/avr/4.3.2/../../../../avr/lib/avr6\libc.a(strnlen_P.o)
                0x00001022                strnlen_P
 .text          0x00001038       0x12 c:/arduino/hardware/tools/avr/bin/../lib/gcc/avr/4.3.2/../../../../avr/lib/avr6\libc.a(memcpy.o)
                0x00001038                memcpy
 .text          0x0000104a        0xe c:/arduino/hardware/tools/avr/bin/../lib/gcc/avr/4.3.2/../../../../avr/lib/avr6\libc.a(memset.o)
                0x0000104a                memset
 .text          0x00001058       0x16 c:/arduino/hardware/tools/avr/bin/../lib/gcc/avr/4.3.2/../../../../avr/lib/avr6\libc.a(strcat.o)
                0x00001058                strcat
 .text          0x0000106e        0xe c:/arduino/hardware/tools/avr/bin/../lib/gcc/avr/4.3.2/../../../../avr/lib/avr6\libc.a(strcpy.o)
                0x0000106e                strcpy
 .text          0x0000107c       0x20 c:/arduino/hardware/tools/avr/bin/../lib/gcc/avr/4.3.2/../../../../avr/lib/avr6\libc.a(strncat.o)
                0x0000107c                strncat
 .text          0x0000109c       0x1c c:/arduino/hardware/tools/avr/bin/../lib/gcc/avr/4.3.2/../../../../avr/lib/avr6\libc.a(strncmp.o)
                0x0000109c                strncmp
 .text          0x000010b8       0x1e c:/arduino/hardware/tools/avr/bin/../lib/gcc/avr/4.3.2/../../../../avr/lib/avr6\libc.a(strncpy.o)
                0x000010b8                strncpy
 .text          0x000010d6       0x16 c:/arduino/hardware/tools/avr/bin/../lib/gcc/avr/4.3.2/../../../../avr/lib/avr6\libc.a(strnlen.o)
                0x000010d6                strnlen
 .text          0x000010ec       0x34 c:/arduino/hardware/tools/avr/bin/../lib/gcc/avr/4.3.2/../../../../avr/lib/avr6\libc.a(strstr.o)
                0x000010ec                strstr
 .text          0x00001120       0x58 c:/arduino/hardware/tools/avr/bin/../lib/gcc/avr/4.3.2/../../../../avr/lib/avr6\libc.a(fputc.o)
                0x00001120                fputc
 .text          0x00001178       0x48 c:/arduino/hardware/tools/avr/bin/../lib/gcc/avr/4.3.2/../../../../avr/lib/avr6\libc.a(sprintf.o)
                0x00001178                sprintf
 .text          0x000011c0       0x54 c:/arduino/hardware/tools/avr/bin/../lib/gcc/avr/4.3.2/../../../../avr/lib/avr6\libc.a(vsnprintf.o)
                0x000011c0                vsnprintf
 .text          0x00001214       0x54 c:/arduino/hardware/tools/avr/bin/../lib/gcc/avr/4.3.2/../../../../avr/lib/avr6\libc.a(vsnprintf_p.o)
                0x00001214                vsnprintf_P
 .text          0x00001268       0xbc c:/arduino/hardware/tools/avr/bin/../lib/gcc/avr/4.3.2/../../../../avr/lib/avr6\libc.a(ultoa_invert.o)
                0x00001268                __ultoa_invert
                0x00001324                . = ALIGN (0x2)
 *(.text.*)
 .text.initAttachedMode
                0x00001324       0x1a ./src/attached_mode.o
                0x00001324                initAttachedMode
 .text.updateWheelsAttachedMode
                0x0000133e       0x5c ./src/attached_mode.o
                0x0000133e                updateWheelsAttachedMode
 .text.trackHeat
                0x0000139a       0xb8 ./src/attached_mode.o
                0x0000139a                trackHeat
 .text.readHeat
                0x00001452       0x1c ./src/attached_mode.o
                0x00001452                readHeat
 .text.updateCenterServoAttachedMode
                0x0000146e       0x62 ./src/attached_mode.o
                0x0000146e                updateCenterServoAttachedMode
 .text.updateWheels
                0x000014d0        0x2 ./src/behaviour.o
                0x000014d0                updateWheels
 .text.updateCenterServo
                0x000014d2        0x2 ./src/behaviour.o
                0x000014d2                updateCenterServo
 .text.updateLED
                0x000014d4       0x48 ./src/behaviour.o
                0x000014d4                updateLED
 .text.updateLCD
                0x0000151c      0x122 ./src/behaviour.o
                0x0000151c                updateLCD
 .text.updateWheelSpeed
                0x0000163e       0x14 ./src/behaviour.o
                0x0000163e                updateWheelSpeed
 .text.TaskMoveAndScan
                0x00001652        0xe ./src/behaviour.o
                0x00001652                TaskMoveAndScan
 .text.updateState
                0x00001660       0x70 ./src/behaviour.o
                0x00001660                updateState
 .text.timerCallback
                0x000016d0        0x6 ./src/behaviour.o
                0x000016d0                timerCallback
 .text.initBehaviour
                0x000016d6       0x4e ./src/behaviour.o
                0x000016d6                initBehaviour
 .text.initialize_module_timer0
                0x00001724       0x3e ./src/custom_timer.o
                0x00001724                initialize_module_timer0
 .text.time_in_microseconds
                0x00001762       0x4e ./src/custom_timer.o
                0x00001762                time_in_microseconds
 .text.time_in_milliseconds
                0x000017b0       0x1c ./src/custom_timer.o
                0x000017b0                time_in_milliseconds
 .text.delay_milliseconds
                0x000017cc       0xd4 ./src/custom_timer.o
                0x000017cc                delay_milliseconds
 .text.__vector_23
                0x000018a0       0x90 ./src/custom_timer.o
                0x000018a0                __vector_23
 .text.sendLCDCommand
                0x00001930       0x1c ./src/lcd.o
                0x00001930                sendLCDCommand
 .text.LCDPrint
                0x0000194c       0x42 ./src/lcd.o
                0x0000194c                LCDPrint
 .text.LCDInit  0x0000198e       0x36 ./src/lcd.o
                0x0000198e                LCDInit
 .text.initLED  0x000019c4       0x1e ./src/led.o
                0x000019c4                initLED
 .text.setColor
                0x000019e2       0x34 ./src/led.o
                0x000019e2                setColor
 .text.vApplicationStackOverflowHook
                0x00001a16        0x2 ./src/main.o
                0x00001a16                vApplicationStackOverflowHook
 .text.TaskWheels
                0x00001a18       0x88 ./src/main.o
                0x00001a18                TaskWheels
 .text.TaskWIFI
                0x00001aa0       0x84 ./src/main.o
                0x00001aa0                TaskWIFI
 .text.TaskLED  0x00001b24       0x70 ./src/main.o
                0x00001b24                TaskLED
 .text.TaskLCD  0x00001b94      0x154 ./src/main.o
                0x00001b94                TaskLCD
 .text.TaskWheelSpeed
                0x00001ce8       0x12 ./src/main.o
                0x00001ce8                TaskWheelSpeed
 .text.TaskSonar
                0x00001cfa       0x1a ./src/main.o
                0x00001cfa                TaskSonar
 .text.TaskThermoSensor
                0x00001d14       0x12 ./src/main.o
                0x00001d14                TaskThermoSensor
 .text.TaskCenterServo
                0x00001d26       0x38 ./src/main.o
                0x00001d26                TaskCenterServo
 .text.initWifi
                0x00001d5e       0x38 ./src/main.o
                0x00001d5e                initWifi
 .text.initModules
                0x00001d96       0x22 ./src/main.o
                0x00001d96                initModules
 .text.createTasks
                0x00001db8       0xbe ./src/main.o
                0x00001db8                createTasks
 .text.main     0x00001e76       0x22 ./src/main.o
                0x00001e76                main
 .text.motion_servo_start
                0x00001e98       0xc4 ./src/motion.o
                0x00001e98                motion_servo_start
 .text.motion_servo_stop
                0x00001f5c       0x9e ./src/motion.o
                0x00001f5c                motion_servo_stop
 .text.motion_servo_set_pulse_width
                0x00001ffa       0x36 ./src/motion.o
                0x00001ffa                motion_servo_set_pulse_width
 .text.motion_servo_get_pulse_width
                0x00002030       0x2a ./src/motion.o
                0x00002030                motion_servo_get_pulse_width
 .text.motion_enc_read
                0x0000205a       0x5a ./src/motion.o
                0x0000205a                motion_enc_read
 .text.__vector_45
                0x000020b4       0x4a ./src/motion.o
                0x000020b4                __vector_45
 .text.__vector_50
                0x000020fe       0x4a ./src/motion.o
                0x000020fe                __vector_50
 .text.__vector_41
                0x00002148      0x116 ./src/motion.o
                0x00002148                __vector_41
 .text.__vector_46
                0x0000225e      0x11c ./src/motion.o
                0x0000225e                __vector_46
 .text.motion_init
                0x0000237a      0x13e ./src/motion.o
                0x0000237a                motion_init
 .text.initPing
                0x000024b8       0x1e ./src/ping.o
                0x000024b8                initPing
 .text.getDistance
                0x000024d6       0x16 ./src/ping.o
                0x000024d6                getDistance
 .text.pulse_out
                0x000024ec       0x12 ./src/ping.o
                0x000024ec                pulse_out
 .text.pulse_in
                0x000024fe       0x72 ./src/ping.o
                0x000024fe                pulse_in
 .text.ping     0x00002570       0x28 ./src/ping.o
                0x00002570                ping
 .text.readDistance
                0x00002598       0x2a ./src/ping.o
                0x00002598                readDistance
 .text.getPulseWidth
                0x000025c2       0x4c ./src/servo.o
                0x000025c2                getPulseWidth
 .text.getAverageSpeed
                0x0000260e       0x32 ./src/servo.o
                0x0000260e                getAverageSpeed
 .text.getTotalDistance
                0x00002640       0x32 ./src/servo.o
                0x00002640                getTotalDistance
 .text.getSpeedById
                0x00002672       0xb2 ./src/servo.o
                0x00002672                getSpeedById
 .text.getSpeed
                0x00002724       0x82 ./src/servo.o
                0x00002724                getSpeed
 .text.moveCenterServo
                0x000027a6       0xa2 ./src/servo.o
                0x000027a6                moveCenterServo
 .text.moveWheels
                0x00002848      0x228 ./src/servo.o
                0x00002848                moveWheels
 .text.servoInit
                0x00002a70       0x6e ./src/servo.o
                0x00002a70                servoInit
 .text.getAmbient
                0x00002ade        0x8 ./src/tempsensor.o
                0x00002ade                getAmbient
 .text.getAverageLeft
                0x00002ae6       0x22 ./src/tempsensor.o
                0x00002ae6                getAverageLeft
 .text.getAverageMiddle
                0x00002b08       0x16 ./src/tempsensor.o
                0x00002b08                getAverageMiddle
 .text.getAverageRight
                0x00002b1e       0x22 ./src/tempsensor.o
                0x00002b1e                getAverageRight
 .text.readTemperatureValues
                0x00002b40       0x64 ./src/tempsensor.o
                0x00002b40                readTemperatureValues
 .text.getTemperatureValues
                0x00002ba4       0x20 ./src/tempsensor.o
                0x00002ba4                getTemperatureValues
 .text.initTPA81
                0x00002bc4        0x8 ./src/tempsensor.o
                0x00002bc4                initTPA81
 .text.initTimer
                0x00002bcc       0x3e ./src/timer.o
                0x00002bcc                initTimer
 .text.getTime  0x00002c0a        0xa ./src/timer.o
                0x00002c0a                getTime
 .text.isTimerRepeatMultiple
                0x00002c14       0x24 ./src/timer.o
                0x00002c14                isTimerRepeatMultiple
 .text.__vector_35
                0x00002c38       0x74 ./src/timer.o
                0x00002c38                __vector_35
 .text.setDefaultUSART
                0x00002cac        0xa ./src/usart_serial.o
                0x00002cac                setDefaultUSART
 .text.usartWrite
                0x00002cb6       0x56 ./src/usart_serial.o
                0x00002cb6                usartWrite
 .text.usartRead
                0x00002d0c       0x60 ./src/usart_serial.o
                0x00002d0c                usartRead
 .text.usart_xflushRx
                0x00002d6c       0x9c ./src/usart_serial.o
                0x00002d6c                usart_xflushRx
 .text.usart_AvailableCharRx
                0x00002e08       0x32 ./src/usart_serial.o
                0x00002e08                usart_AvailableCharRx
 .text.usart_xgetChar
                0x00002e3a       0x9e ./src/usart_serial.o
                0x00002e3a                usart_xgetChar
 .text.usart_xputChar
                0x00002ed8      0x136 ./src/usart_serial.o
                0x00002ed8                usart_xputChar
 .text.usartCheckRxComplete
                0x0000300e       0x22 ./src/usart_serial.o
                0x0000300e                usartCheckRxComplete
 .text.usartCheckTxReady
                0x00003030       0x22 ./src/usart_serial.o
                0x00003030                usartCheckTxReady
 .text.xmitInterrupt_On
                0x00003052       0x2a ./src/usart_serial.o
                0x00003052                xmitInterrupt_On
 .text.xmitInterrupt_Off
                0x0000307c       0x2a ./src/usart_serial.o
                0x0000307c                xmitInterrupt_Off
 .text.usart_rx_isr
                0x000030a6       0xe6 ./src/usart_serial.o
                0x000030a6                usart_rx_isr
 .text.__vector_54
                0x0000318c       0x54 ./src/usart_serial.o
                0x0000318c                __vector_54
 .text.__vector_51
                0x000031e0       0x54 ./src/usart_serial.o
                0x000031e0                __vector_51
 .text.__vector_36
                0x00003234       0x54 ./src/usart_serial.o
                0x00003234                __vector_36
 .text.__vector_25
                0x00003288       0x54 ./src/usart_serial.o
                0x00003288                __vector_25
 .text.usart_tx_isr
                0x000032dc       0xd6 ./src/usart_serial.o
                0x000032dc                usart_tx_isr
 .text.__vector_55
                0x000033b2       0x54 ./src/usart_serial.o
                0x000033b2                __vector_55
 .text.__vector_52
                0x00003406       0x54 ./src/usart_serial.o
                0x00003406                __vector_52
 .text.__vector_37
                0x0000345a       0x54 ./src/usart_serial.o
                0x0000345a                __vector_37
 .text.__vector_26
                0x000034ae       0x54 ./src/usart_serial.o
                0x000034ae                __vector_26
 .text.usart_xfprint_P
                0x00003502       0x4a ./src/usart_serial.o
                0x00003502                usart_xfprint_P
 .text.usart_xprint_P
                0x0000354c       0x10 ./src/usart_serial.o
                0x0000354c                usart_xprint_P
 .text.usart_xfprint
                0x0000355c       0x4c ./src/usart_serial.o
                0x0000355c                usart_xfprint
 .text.usart_xfprintf_P_arg
                0x000035a8       0xa2 ./src/usart_serial.o
                0x000035a8                usart_xfprintf_P_arg
 .text.usart_xfprintf_arg
                0x0000364a       0xa2 ./src/usart_serial.o
                0x0000364a                usart_xfprintf_arg
 .text.usart_xprint
                0x000036ec       0x10 ./src/usart_serial.o
                0x000036ec                usart_xprint
 .text.usart_fprint_P
                0x000036fc       0x8e ./src/usart_serial.o
                0x000036fc                usart_fprint_P
 .text.usart_print_P
                0x0000378a       0x10 ./src/usart_serial.o
                0x0000378a                usart_print_P
 .text.usart_fprint
                0x0000379a       0x8e ./src/usart_serial.o
                0x0000379a                usart_fprint
 .text.usart_fprintf_P_arg
                0x00003828       0x72 ./src/usart_serial.o
                0x00003828                usart_fprintf_P_arg
 .text.usart_fprintf_arg
                0x0000389a       0x72 ./src/usart_serial.o
                0x0000389a                usart_fprintf_arg
 .text.usart_print
                0x0000390c       0x10 ./src/usart_serial.o
                0x0000390c                usart_print
 .text.usart_xfprintf_P
                0x0000391c       0x28 ./src/usart_serial.o
                0x0000391c                usart_xfprintf_P
 .text.usart_xfprintf
                0x00003944       0x28 ./src/usart_serial.o
                0x00003944                usart_xfprintf
 .text.usart_xprintf_P
                0x0000396c       0x2a ./src/usart_serial.o
                0x0000396c                usart_xprintf_P
 .text.usart_xprintf
                0x00003996       0x2a ./src/usart_serial.o
                0x00003996                usart_xprintf
 .text.usart_fprintf_P
                0x000039c0       0x28 ./src/usart_serial.o
                0x000039c0                usart_fprintf_P
 .text.usart_fprintf
                0x000039e8       0x28 ./src/usart_serial.o
                0x000039e8                usart_fprintf
 .text.usart_printf_P
                0x00003a10       0x2a ./src/usart_serial.o
                0x00003a10                usart_printf_P
 .text.usart_printf
                0x00003a3a       0x2a ./src/usart_serial.o
                0x00003a3a                usart_printf
 .text.usartClose
                0x00003a64       0x8a ./src/usart_serial.o
                0x00003a64                usartClose
 .text.usartOpen
                0x00003aee      0x1ac ./src/usart_serial.o
                0x00003aee                usartOpen
 .text.gs_set_usart
                0x00003c9a       0x42 ./src/wireless_interface.o
                0x00003c9a                gs_set_usart
 .text.gs_get_socket_status
                0x00003cdc       0x2c ./src/wireless_interface.o
                0x00003cdc                gs_get_socket_status
 .text.gs_activate_socket
                0x00003d08       0x42 ./src/wireless_interface.o
                0x00003d08                gs_activate_socket
 .text.gs_get_active_socket
                0x00003d4a        0x6 ./src/wireless_interface.o
                0x00003d4a                gs_get_active_socket
 .text.gs_get_socket_protocol
                0x00003d50       0x1e ./src/wireless_interface.o
                0x00003d50                gs_get_socket_protocol
 .text.gs_get_socket_port
                0x00003d6e       0x1e ./src/wireless_interface.o
                0x00003d6e                gs_get_socket_port
 .text.gs_get_data_on_socket_status
                0x00003d8c       0x18 ./src/wireless_interface.o
                0x00003d8c                gs_get_data_on_socket_status
 .text.gs_configure_socket
                0x00003da4       0x2e ./src/wireless_interface.o
                0x00003da4                gs_configure_socket
 .text.gs_get_socket_having_active_connection_and_data
                0x00003dd2       0x26 ./src/wireless_interface.o
                0x00003dd2                gs_get_socket_having_active_connection_and_data
 .text.gs_get_socket_connection_status
                0x00003df8       0x30 ./src/wireless_interface.o
                0x00003df8                gs_get_socket_connection_status
 .text.get_next_client_response
                0x00003e28       0x2c ./src/wireless_interface.o
                0x00003e28                get_next_client_response
 .text.hex_to_int
                0x00003e54       0x24 ./src/wireless_interface.o
                0x00003e54                hex_to_int
 .text.int_to_hex
                0x00003e78       0x1a ./src/wireless_interface.o
                0x00003e78                int_to_hex
 .text.initialize_web_server
                0x00003e92       0x20 ./src/wireless_interface.o
                0x00003e92                initialize_web_server
 .text.gs_send_activation_status_to_serial_terminal
                0x00003eb2      0x106 ./src/wireless_interface.o
                0x00003eb2                gs_send_activation_status_to_serial_terminal
 .text.gs_send_command_response_to_serial_terminal
                0x00003fb8      0x12c ./src/wireless_interface.o
                0x00003fb8                gs_send_command_response_to_serial_terminal
 .text.gs_reset_socket
                0x000040e4      0x162 ./src/wireless_interface.o
                0x000040e4                gs_reset_socket
 .text.gs_parse_command_response_tcp
                0x00004246      0x398 ./src/wireless_interface.o
                0x00004246                gs_parse_command_response_tcp
 .text.gs_parse_command_response
                0x000045de       0xd8 ./src/wireless_interface.o
                0x000045de                gs_parse_command_response
 .text.gs_flush
                0x000046b6       0x3e ./src/wireless_interface.o
                0x000046b6                gs_flush
 .text.gs_send_command
                0x000046f4      0x6fa ./src/wireless_interface.o
                0x000046f4                gs_send_command
 .text.gs_get_command_response
                0x00004dee       0xcc ./src/wireless_interface.o
                0x00004dee                gs_get_command_response
 .text.gs_read_data_from_socket
                0x00004eba      0x23c ./src/wireless_interface.o
                0x00004eba                gs_read_data_from_socket
 .text.gs_disconnect_deactivate_socket
                0x000050f6      0x17e ./src/wireless_interface.o
                0x000050f6                gs_disconnect_deactivate_socket
 .text.gs_enable_activate_socket
                0x00005274       0xaa ./src/wireless_interface.o
                0x00005274                gs_enable_activate_socket
 .text.start_web_server
                0x0000531e       0xc6 ./src/wireless_interface.o
                0x0000531e                start_web_server
 .text.gs_activate_wireless_connection
                0x000053e4      0x256 ./src/wireless_interface.o
                0x000053e4                gs_activate_wireless_connection
 .text.gs_initialize_gainspan
                0x0000563a      0x1c8 ./src/wireless_interface.o
                0x0000563a                gs_initialize_gainspan
 .text.gs_initialize_module
                0x00005802       0x6e ./src/wireless_interface.o
                0x00005802                gs_initialize_module
 .text.gs_set_webserver_authentication
                0x00005870       0x32 ./src/wireless_interface.o
                0x00005870                gs_set_webserver_authentication
 .text.gs_set_wireless_ssid
                0x000058a2       0x10 ./src/wireless_interface.o
                0x000058a2                gs_set_wireless_ssid
 .text.gs_set_wireless_configuration
                0x000058b2       0x8e ./src/wireless_interface.o
                0x000058b2                gs_set_wireless_configuration
 .text.gs_set_network_configuration
                0x00005940       0x54 ./src/wireless_interface.o
                0x00005940                gs_set_network_configuration
 .text.add_element_choice
                0x00005994      0x112 ./src/wireless_interface.o
                0x00005994                add_element_choice
 .text.configure_web_page
                0x00005aa6      0x1ae ./src/wireless_interface.o
                0x00005aa6                configure_web_page
 .text.gs_write_data_to_socket
                0x00005c54      0x1a8 ./src/wireless_interface.o
                0x00005c54                gs_write_data_to_socket
 .text.process_client_request
                0x00005dfc      0x446 ./src/wireless_interface.o
                0x00005dfc                process_client_request
 .text.hot      0x00006242      0x12a C:/Users/Nick/workspace/FreeRTOS801/Release/libFreeRTOS801.a(port.o)
                0x000062d8                xPortStartScheduler
                0x0000636a                vPortEndScheduler
                0x00006242                pxPortInitialiseStack
 .text.vPortYieldFromTick
                0x0000636c       0xf8 C:/Users/Nick/workspace/FreeRTOS801/Release/libFreeRTOS801.a(port.o)
                0x0000636c                vPortYieldFromTick
 .text.__vector_32
                0x00006464        0x6 C:/Users/Nick/workspace/FreeRTOS801/Release/libFreeRTOS801.a(port.o)
                0x00006464                __vector_32
 .text.vPortYield
                0x0000646a       0xc2 C:/Users/Nick/workspace/FreeRTOS801/Release/libFreeRTOS801.a(port.o)
                0x0000646a                vPortYield
 .text.I2C_Slave_Start_Transceiver
                0x0000652c       0x1a C:/Users/Nick/workspace/FreeRTOS801/Release/libFreeRTOS801.a(i2cMultiMaster.o)
                0x0000652c                I2C_Slave_Start_Transceiver
 .text.I2C_Master_Start_Transceiver
                0x00006546       0x1a C:/Users/Nick/workspace/FreeRTOS801/Release/libFreeRTOS801.a(i2cMultiMaster.o)
                0x00006546                I2C_Master_Start_Transceiver
 .text.I2C_Slave_Start_Transceiver_With_Data
                0x00006560       0x40 C:/Users/Nick/workspace/FreeRTOS801/Release/libFreeRTOS801.a(i2cMultiMaster.o)
                0x00006560                I2C_Slave_Start_Transceiver_With_Data
 .text.I2C_Master_Start_Transceiver_With_Data
                0x000065a0       0x4e C:/Users/Nick/workspace/FreeRTOS801/Release/libFreeRTOS801.a(i2cMultiMaster.o)
                0x000065a0                I2C_Master_Start_Transceiver_With_Data
 .text.I2C_Slave_Get_Data_From_Transceiver
                0x000065ee       0x48 C:/Users/Nick/workspace/FreeRTOS801/Release/libFreeRTOS801.a(i2cMultiMaster.o)
                0x000065ee                I2C_Slave_Get_Data_From_Transceiver
 .text.I2C_Master_Get_Data_From_Transceiver
                0x00006636       0x40 C:/Users/Nick/workspace/FreeRTOS801/Release/libFreeRTOS801.a(i2cMultiMaster.o)
                0x00006636                I2C_Master_Get_Data_From_Transceiver
 .text.I2C_Check_Free_After_Stop
                0x00006676       0x12 C:/Users/Nick/workspace/FreeRTOS801/Release/libFreeRTOS801.a(i2cMultiMaster.o)
                0x00006676                I2C_Check_Free_After_Stop
 .text.I2C_Get_State_Info
                0x00006688        0xe C:/Users/Nick/workspace/FreeRTOS801/Release/libFreeRTOS801.a(i2cMultiMaster.o)
                0x00006688                I2C_Get_State_Info
 .text.__vector_39
                0x00006696      0x1b2 C:/Users/Nick/workspace/FreeRTOS801/Release/libFreeRTOS801.a(i2cMultiMaster.o)
                0x00006696                __vector_39
 .text.I2C_Master_Initialise
                0x00006848       0x60 C:/Users/Nick/workspace/FreeRTOS801/Release/libFreeRTOS801.a(i2cMultiMaster.o)
                0x00006848                I2C_Master_Initialise
 .text.I2C_Slave_Initialise
                0x000068a8       0x50 C:/Users/Nick/workspace/FreeRTOS801/Release/libFreeRTOS801.a(i2cMultiMaster.o)
                0x000068a8                I2C_Slave_Initialise
 .text.hot      0x000068f8      0x2f8 C:/Users/Nick/workspace/FreeRTOS801/Release/libFreeRTOS801.a(heap_4.o)
                0x000068f8                xPortGetFreeHeapSize
                0x0000690e                vPortFree
                0x000069f4                pvPortMalloc
                0x0000690c                vPortInitialiseBlocks
                0x00006902                xPortGetMinimumEverFreeHeapSize
 .text.hot      0x00006bf0      0xc06 C:/Users/Nick/workspace/FreeRTOS801/Release/libFreeRTOS801.a(queue.o)
                0x000070e2                xQueueGenericSendFromISR
                0x00006c70                xQueuePeekFromISR
                0x00006c1a                uxQueueGetQueueNumber
                0x00006c52                vQueueDelete
                0x000071f4                xQueueGenericSend
                0x00006c26                ucQueueGetQueueType
                0x00006cca                xQueueReceiveFromISR
                0x0000771a                xQueueGenericCreate
                0x00006c20                vQueueSetQueueNumber
                0x00006c00                uxQueueSpacesAvailable
                0x00006c3c                xQueueIsQueueFullFromISR
                0x00006d5a                xQueueGenericReceive
                0x00006bf0                uxQueueMessagesWaiting
                0x0000768a                xQueueGenericReset
                0x00006c14                uxQueueMessagesWaitingFromISR
                0x00006c2c                xQueueIsQueueEmptyFromISR
                0x000075a8                xQueueCreateMutex
 .text.hot      0x000077f6     0x3098 C:/Users/Nick/workspace/FreeRTOS801/Release/libFreeRTOS801.a(tasks.o)
                0x00007f20                vTaskPlaceOnUnorderedEventList
                0x000084a4                vTaskGetRunTimeStats
                0x0000a4ac                vTaskEndScheduler
                0x00007ffe                vTaskPlaceOnEventList
                0x0000a4b8                xTaskGenericCreate
                0x00007a3c                uxTaskGetStackHighWaterMark
                0x00007e72                xTaskResumeFromISR
                0x00007802                xTaskGetTickCount
                0x00007c2a                xTaskRemoveFromEventList
                0x0000a3e2                vTaskDelete
                0x00007840                xTaskCheckForTimeOut
                0x000077f6                vTaskSuspendAll
                0x00007818                xTaskGetTickCountFromISR
                0x00007ab6                vTaskPriorityDisinherit
                0x00007b1a                vTaskPriorityInherit
                0x00009ae4                vTaskResume
                0x000080ce                vTaskSwitchContext
                0x000078d4                vTaskSetTaskNumber
                0x00009b70                vTaskSuspend
                0x00007824                uxTaskGetNumberOfTasks
                0x00008ff2                vTaskList
                0x000078c6                uxTaskGetTaskNumber
                0x0000a0a2                vTaskDelayUntil
                0x00007a7a                xTaskGetCurrentTaskHandle
                0x00007bba                xTaskRemoveFromUnorderedEventList
                0x0000822a                xTaskResumeAll
                0x0000a6c2                vTaskStartScheduler
                0x000078be                vTaskMissedYield
                0x00007cbc                xTaskIncrementTick
                0x00009d92                vTaskDelay
                0x0000782a                vTaskSetTimeOutState
                0x00007a86                uxTaskResetEventItemValue
 .text.uxTaskGetSystemState
                0x0000a88e      0x102 C:/Users/Nick/workspace/FreeRTOS801/Release/libFreeRTOS801.a(tasks.o)
                0x0000a88e                uxTaskGetSystemState
 .text.vListInitialise
                0x0000a990       0x20 C:/Users/Nick/workspace/FreeRTOS801/Release/libFreeRTOS801.a(list.o)
                0x0000a990                vListInitialise
 .text.vListInitialiseItem
                0x0000a9b0        0x8 C:/Users/Nick/workspace/FreeRTOS801/Release/libFreeRTOS801.a(list.o)
                0x0000a9b0                vListInitialiseItem
 .text.vListInsertEnd
                0x0000a9b8       0x3e C:/Users/Nick/workspace/FreeRTOS801/Release/libFreeRTOS801.a(list.o)
                0x0000a9b8                vListInsertEnd
 .text.vListInsert
                0x0000a9f6       0x64 C:/Users/Nick/workspace/FreeRTOS801/Release/libFreeRTOS801.a(list.o)
                0x0000a9f6                vListInsert
 .text.uxListRemove
                0x0000aa5a       0x56 C:/Users/Nick/workspace/FreeRTOS801/Release/libFreeRTOS801.a(list.o)
                0x0000aa5a                uxListRemove
 .text.xconfigTimerForRunTimeStats
                0x0000aab0       0x18 C:/Users/Nick/workspace/FreeRTOS801/Release/libFreeRTOS801.a(runtTimeStatsTimer.o)
                0x0000aab0                xconfigTimerForRunTimeStats
 .text.fplib    0x0000aac8        0xa c:/arduino/hardware/tools/avr/bin/../lib/gcc/avr/4.3.2/../../../../avr/lib/avr6\libm.a(addsf3.o)
                0x0000aac8                __subsf3
                0x0000aaca                __addsf3
 .text.fplib    0x0000aad2       0xc0 c:/arduino/hardware/tools/avr/bin/../lib/gcc/avr/4.3.2/../../../../avr/lib/avr6\libm.a(addsf3x.o)
                0x0000aaec                __addsf3x
 .text.fplib    0x0000ab92        0x8 c:/arduino/hardware/tools/avr/bin/../lib/gcc/avr/4.3.2/../../../../avr/lib/avr6\libm.a(cmpsf2.o)
                0x0000ab92                __lesf2
                0x0000ab92                __nesf2
                0x0000ab92                __eqsf2
                0x0000ab92                __cmpsf2
                0x0000ab92                __ltsf2
 .text.fplib    0x0000ab9a        0x4 c:/arduino/hardware/tools/avr/bin/../lib/gcc/avr/4.3.2/../../../../avr/lib/avr6\libm.a(divsf3.o)
                0x0000ab9a                __divsf3
 .text.fplib    0x0000ab9e       0xcc c:/arduino/hardware/tools/avr/bin/../lib/gcc/avr/4.3.2/../../../../avr/lib/avr6\libm.a(divsf3x.o)
                0x0000abb4                __divsf3x
                0x0000abb8                __divsf3_pse
 .text.fplib    0x0000ac6a        0xa c:/arduino/hardware/tools/avr/bin/../lib/gcc/avr/4.3.2/../../../../avr/lib/avr6\libm.a(fixsfsi.o)
                0x0000ac6a                __fixsfsi
 .text.fplib    0x0000ac74       0x58 c:/arduino/hardware/tools/avr/bin/../lib/gcc/avr/4.3.2/../../../../avr/lib/avr6\libm.a(fixunssfsi.o)
                0x0000ac74                __fixunssfsi
 .text.fplib    0x0000accc       0x7a c:/arduino/hardware/tools/avr/bin/../lib/gcc/avr/4.3.2/../../../../avr/lib/avr6\libm.a(floatsisf.o)
                0x0000acd0                __floatsisf
                0x0000accc                __floatunsisf
 .text.fplib    0x0000ad46       0x48 c:/arduino/hardware/tools/avr/bin/../lib/gcc/avr/4.3.2/../../../../avr/lib/avr6\libm.a(fp_cmp.o)
                0x0000ad46                __fp_cmp
 .text.fplib    0x0000ad8e        0xc c:/arduino/hardware/tools/avr/bin/../lib/gcc/avr/4.3.2/../../../../avr/lib/avr6\libm.a(fp_inf.o)
                0x0000ad8e                __fp_inf
 .text.fplib    0x0000ad9a        0x6 c:/arduino/hardware/tools/avr/bin/../lib/gcc/avr/4.3.2/../../../../avr/lib/avr6\libm.a(fp_nan.o)
                0x0000ad9a                __fp_nan
 .text.fplib    0x0000ada0        0xe c:/arduino/hardware/tools/avr/bin/../lib/gcc/avr/4.3.2/../../../../avr/lib/avr6\libm.a(fp_pscA.o)
                0x0000ada0                __fp_pscA
 .text.fplib    0x0000adae        0xe c:/arduino/hardware/tools/avr/bin/../lib/gcc/avr/4.3.2/../../../../avr/lib/avr6\libm.a(fp_pscB.o)
                0x0000adae                __fp_pscB
 .text.fplib    0x0000adbc       0x22 c:/arduino/hardware/tools/avr/bin/../lib/gcc/avr/4.3.2/../../../../avr/lib/avr6\libm.a(fp_round.o)
                0x0000adbc                __fp_round
 .text.fplib    0x0000adde       0x44 c:/arduino/hardware/tools/avr/bin/../lib/gcc/avr/4.3.2/../../../../avr/lib/avr6\libm.a(fp_split3.o)
                0x0000adde                __fp_split3
                0x0000adee                __fp_splitA
 .text.fplib    0x0000ae22        0xe c:/arduino/hardware/tools/avr/bin/../lib/gcc/avr/4.3.2/../../../../avr/lib/avr6\libm.a(fp_zero.o)
                0x0000ae22                __fp_zero
                0x0000ae24                __fp_szero
 .text.fplib    0x0000ae30        0x8 c:/arduino/hardware/tools/avr/bin/../lib/gcc/avr/4.3.2/../../../../avr/lib/avr6\libm.a(gesf2.o)
                0x0000ae30                __gtsf2
                0x0000ae30                __gesf2
 .text.fplib    0x0000ae38        0x4 c:/arduino/hardware/tools/avr/bin/../lib/gcc/avr/4.3.2/../../../../avr/lib/avr6\libm.a(mulsf3.o)
                0x0000ae38                __mulsf3
 .text.fplib    0x0000ae3c       0xc2 c:/arduino/hardware/tools/avr/bin/../lib/gcc/avr/4.3.2/../../../../avr/lib/avr6\libm.a(mulsf3x.o)
                0x0000ae54                __mulsf3_pse
                0x0000ae50                __mulsf3x
 .text.libgcc   0x0000aefe       0x3e c:/arduino/hardware/tools/avr/bin/../lib/gcc/avr/4.3.2/avr6\libgcc.a(_mulsi3.o)
                0x0000aefe                __mulsi3
 .text.libgcc   0x0000af3c       0x28 c:/arduino/hardware/tools/avr/bin/../lib/gcc/avr/4.3.2/avr6\libgcc.a(_udivmodhi4.o)
                0x0000af3c                __udivmodhi4
 .text.libgcc   0x0000af64       0x26 c:/arduino/hardware/tools/avr/bin/../lib/gcc/avr/4.3.2/avr6\libgcc.a(_divmodhi4.o)
                0x0000af64                __divmodhi4
                0x0000af64                _div
 .text.libgcc   0x0000af8a       0x44 c:/arduino/hardware/tools/avr/bin/../lib/gcc/avr/4.3.2/avr6\libgcc.a(_udivmodsi4.o)
                0x0000af8a                __udivmodsi4
 .text.libgcc   0x0000afce       0x38 c:/arduino/hardware/tools/avr/bin/../lib/gcc/avr/4.3.2/avr6\libgcc.a(_prologue.o)
                0x0000afce                __prologue_saves__
 .text.libgcc   0x0000b006       0x36 c:/arduino/hardware/tools/avr/bin/../lib/gcc/avr/4.3.2/avr6\libgcc.a(_epilogue.o)
                0x0000b006                __epilogue_restores__
 .text.libgcc   0x0000b03c        0x0 c:/arduino/hardware/tools/avr/bin/../lib/gcc/avr/4.3.2/avr6\libgcc.a(_exit.o)
 .text.libgcc   0x0000b03c        0xc c:/arduino/hardware/tools/avr/bin/../lib/gcc/avr/4.3.2/avr6\libgcc.a(_tablejump.o)
                0x0000b040                __tablejump__
                0x0000b03c                __tablejump2__
 .text.libgcc   0x0000b048        0x0 c:/arduino/hardware/tools/avr/bin/../lib/gcc/avr/4.3.2/avr6\libgcc.a(_clear_bss.o)
                0x0000b048                . = ALIGN (0x2)
 *(.fini9)
 .fini9         0x0000b048        0x0 c:/arduino/hardware/tools/avr/bin/../lib/gcc/avr/4.3.2/avr6\libgcc.a(_exit.o)
                0x0000b048                exit
                0x0000b048                _exit
 *(.fini9)
 *(.fini8)
 *(.fini8)
 *(.fini7)
 *(.fini7)
 *(.fini6)
 *(.fini6)
 *(.fini5)
 *(.fini5)
 *(.fini4)
 *(.fini4)
 *(.fini3)
 *(.fini3)
 *(.fini2)
 *(.fini2)
 *(.fini1)
 *(.fini1)
 *(.fini0)
 .fini0         0x0000b048        0x4 c:/arduino/hardware/tools/avr/bin/../lib/gcc/avr/4.3.2/avr6\libgcc.a(_exit.o)
 *(.fini0)
                0x0000b04c                _etext = .

.data           0x00800200      0x7d6 load address 0x0000b04c
                0x00800200                PROVIDE (__data_start, .)
 *(.data)
 .data          0x00800200        0x0 c:/arduino/hardware/tools/avr/bin/../lib/gcc/avr/4.3.2/../../../../avr/lib/avr6/crtm2560.o
 .data          0x00800200        0x0 ./src/attached_mode.o
 .data          0x00800200       0x1f ./src/behaviour.o
 .data          0x0080021f        0x0 ./src/custom_timer.o
 .data          0x0080021f        0x0 ./src/lcd.o
 .data          0x0080021f        0x0 ./src/led.o
 .data          0x0080021f       0x17 ./src/main.o
 .data          0x00800236        0x0 ./src/motion.o
 .data          0x00800236        0x0 ./src/ping.o
 .data          0x00800236        0x0 ./src/servo.o
 .data          0x00800236        0x0 ./src/tempsensor.o
 .data          0x00800236        0x0 ./src/timer.o
 .data          0x00800236        0x0 ./src/usart_serial.o
 .data          0x00800236      0x697 ./src/wireless_interface.o
 .data          0x008008cd        0x0 C:/Users/Nick/workspace/FreeRTOS801/Release/libFreeRTOS801.a(port.o)
 .data          0x008008cd        0x0 C:/Users/Nick/workspace/FreeRTOS801/Release/libFreeRTOS801.a(system_tick.o)
 .data          0x008008cd        0x0 C:/Users/Nick/workspace/FreeRTOS801/Release/libFreeRTOS801.a(system_time.o)
 .data          0x008008cd        0x0 C:/Users/Nick/workspace/FreeRTOS801/Release/libFreeRTOS801.a(i2cMultiMaster.o)
 .data          0x008008cd        0x0 C:/Users/Nick/workspace/FreeRTOS801/Release/libFreeRTOS801.a(heap_4.o)
 .data          0x008008cd        0x0 C:/Users/Nick/workspace/FreeRTOS801/Release/libFreeRTOS801.a(queue.o)
 .data          0x008008cd       0x35 C:/Users/Nick/workspace/FreeRTOS801/Release/libFreeRTOS801.a(tasks.o)
 .data          0x00800902        0x0 C:/Users/Nick/workspace/FreeRTOS801/Release/libFreeRTOS801.a(list.o)
 .data          0x00800902        0x0 C:/Users/Nick/workspace/FreeRTOS801/Release/libFreeRTOS801.a(runtTimeStatsTimer.o)
 .data          0x00800902        0x0 c:/arduino/hardware/tools/avr/bin/../lib/gcc/avr/4.3.2/../../../../avr/lib/avr6\libm.a(addsf3.o)
 .data          0x00800902        0x0 c:/arduino/hardware/tools/avr/bin/../lib/gcc/avr/4.3.2/../../../../avr/lib/avr6\libm.a(addsf3x.o)
 .data          0x00800902        0x0 c:/arduino/hardware/tools/avr/bin/../lib/gcc/avr/4.3.2/../../../../avr/lib/avr6\libm.a(cmpsf2.o)
 .data          0x00800902        0x0 c:/arduino/hardware/tools/avr/bin/../lib/gcc/avr/4.3.2/../../../../avr/lib/avr6\libm.a(divsf3.o)
 .data          0x00800902        0x0 c:/arduino/hardware/tools/avr/bin/../lib/gcc/avr/4.3.2/../../../../avr/lib/avr6\libm.a(divsf3x.o)
 .data          0x00800902        0x0 c:/arduino/hardware/tools/avr/bin/../lib/gcc/avr/4.3.2/../../../../avr/lib/avr6\libm.a(fixsfsi.o)
 .data          0x00800902        0x0 c:/arduino/hardware/tools/avr/bin/../lib/gcc/avr/4.3.2/../../../../avr/lib/avr6\libm.a(fixunssfsi.o)
 .data          0x00800902        0x0 c:/arduino/hardware/tools/avr/bin/../lib/gcc/avr/4.3.2/../../../../avr/lib/avr6\libm.a(floatsisf.o)
 .data          0x00800902        0x0 c:/arduino/hardware/tools/avr/bin/../lib/gcc/avr/4.3.2/../../../../avr/lib/avr6\libm.a(fp_cmp.o)
 .data          0x00800902        0x0 c:/arduino/hardware/tools/avr/bin/../lib/gcc/avr/4.3.2/../../../../avr/lib/avr6\libm.a(fp_inf.o)
 .data          0x00800902        0x0 c:/arduino/hardware/tools/avr/bin/../lib/gcc/avr/4.3.2/../../../../avr/lib/avr6\libm.a(fp_nan.o)
 .data          0x00800902        0x0 c:/arduino/hardware/tools/avr/bin/../lib/gcc/avr/4.3.2/../../../../avr/lib/avr6\libm.a(fp_pscA.o)
 .data          0x00800902        0x0 c:/arduino/hardware/tools/avr/bin/../lib/gcc/avr/4.3.2/../../../../avr/lib/avr6\libm.a(fp_pscB.o)
 .data          0x00800902        0x0 c:/arduino/hardware/tools/avr/bin/../lib/gcc/avr/4.3.2/../../../../avr/lib/avr6\libm.a(fp_round.o)
 .data          0x00800902        0x0 c:/arduino/hardware/tools/avr/bin/../lib/gcc/avr/4.3.2/../../../../avr/lib/avr6\libm.a(fp_split3.o)
 .data          0x00800902        0x0 c:/arduino/hardware/tools/avr/bin/../lib/gcc/avr/4.3.2/../../../../avr/lib/avr6\libm.a(fp_zero.o)
 .data          0x00800902        0x0 c:/arduino/hardware/tools/avr/bin/../lib/gcc/avr/4.3.2/../../../../avr/lib/avr6\libm.a(gesf2.o)
 .data          0x00800902        0x0 c:/arduino/hardware/tools/avr/bin/../lib/gcc/avr/4.3.2/../../../../avr/lib/avr6\libm.a(mulsf3.o)
 .data          0x00800902        0x0 c:/arduino/hardware/tools/avr/bin/../lib/gcc/avr/4.3.2/../../../../avr/lib/avr6\libm.a(mulsf3x.o)
 .data          0x00800902        0x0 c:/arduino/hardware/tools/avr/bin/../lib/gcc/avr/4.3.2/../../../../avr/lib/avr6\libprintf_flt.a(vfprintf_flt.o)
 .data          0x00800902        0x0 c:/arduino/hardware/tools/avr/bin/../lib/gcc/avr/4.3.2/avr6\libgcc.a(_mulsi3.o)
 .data          0x00800902        0x0 c:/arduino/hardware/tools/avr/bin/../lib/gcc/avr/4.3.2/avr6\libgcc.a(_udivmodhi4.o)
 .data          0x00800902        0x0 c:/arduino/hardware/tools/avr/bin/../lib/gcc/avr/4.3.2/avr6\libgcc.a(_divmodhi4.o)
 .data          0x00800902        0x0 c:/arduino/hardware/tools/avr/bin/../lib/gcc/avr/4.3.2/avr6\libgcc.a(_udivmodsi4.o)
 .data          0x00800902        0x0 c:/arduino/hardware/tools/avr/bin/../lib/gcc/avr/4.3.2/avr6\libgcc.a(_prologue.o)
 .data          0x00800902        0x0 c:/arduino/hardware/tools/avr/bin/../lib/gcc/avr/4.3.2/avr6\libgcc.a(_epilogue.o)
 .data          0x00800902        0x0 c:/arduino/hardware/tools/avr/bin/../lib/gcc/avr/4.3.2/avr6\libgcc.a(_exit.o)
 .data          0x00800902        0x0 c:/arduino/hardware/tools/avr/bin/../lib/gcc/avr/4.3.2/avr6\libgcc.a(_tablejump.o)
 .data          0x00800902        0x0 c:/arduino/hardware/tools/avr/bin/../lib/gcc/avr/4.3.2/avr6\libgcc.a(_clear_bss.o)
 .data          0x00800902        0x0 c:/arduino/hardware/tools/avr/bin/../lib/gcc/avr/4.3.2/../../../../avr/lib/avr6\libc.a(ftoa_engine.o)
 .data          0x00800902        0x0 c:/arduino/hardware/tools/avr/bin/../lib/gcc/avr/4.3.2/../../../../avr/lib/avr6\libc.a(strnlen_P.o)
 .data          0x00800902        0x0 c:/arduino/hardware/tools/avr/bin/../lib/gcc/avr/4.3.2/../../../../avr/lib/avr6\libc.a(memcpy.o)
 .data          0x00800902        0x0 c:/arduino/hardware/tools/avr/bin/../lib/gcc/avr/4.3.2/../../../../avr/lib/avr6\libc.a(memset.o)
 .data          0x00800902        0x0 c:/arduino/hardware/tools/avr/bin/../lib/gcc/avr/4.3.2/../../../../avr/lib/avr6\libc.a(strcat.o)
 .data          0x00800902        0x0 c:/arduino/hardware/tools/avr/bin/../lib/gcc/avr/4.3.2/../../../../avr/lib/avr6\libc.a(strcpy.o)
 .data          0x00800902        0x0 c:/arduino/hardware/tools/avr/bin/../lib/gcc/avr/4.3.2/../../../../avr/lib/avr6\libc.a(strncat.o)
 .data          0x00800902        0x0 c:/arduino/hardware/tools/avr/bin/../lib/gcc/avr/4.3.2/../../../../avr/lib/avr6\libc.a(strncmp.o)
 .data          0x00800902        0x0 c:/arduino/hardware/tools/avr/bin/../lib/gcc/avr/4.3.2/../../../../avr/lib/avr6\libc.a(strncpy.o)
 .data          0x00800902        0x0 c:/arduino/hardware/tools/avr/bin/../lib/gcc/avr/4.3.2/../../../../avr/lib/avr6\libc.a(strnlen.o)
 .data          0x00800902        0x0 c:/arduino/hardware/tools/avr/bin/../lib/gcc/avr/4.3.2/../../../../avr/lib/avr6\libc.a(strstr.o)
 .data          0x00800902        0x0 c:/arduino/hardware/tools/avr/bin/../lib/gcc/avr/4.3.2/../../../../avr/lib/avr6\libc.a(fputc.o)
 .data          0x00800902        0x0 c:/arduino/hardware/tools/avr/bin/../lib/gcc/avr/4.3.2/../../../../avr/lib/avr6\libc.a(sprintf.o)
 .data          0x00800902        0x0 c:/arduino/hardware/tools/avr/bin/../lib/gcc/avr/4.3.2/../../../../avr/lib/avr6\libc.a(vsnprintf.o)
 .data          0x00800902        0x0 c:/arduino/hardware/tools/avr/bin/../lib/gcc/avr/4.3.2/../../../../avr/lib/avr6\libc.a(vsnprintf_p.o)
 .data          0x00800902        0x0 c:/arduino/hardware/tools/avr/bin/../lib/gcc/avr/4.3.2/../../../../avr/lib/avr6\libc.a(ultoa_invert.o)
 *(.data*)
 .data.currentState
                0x00800902        0x2 ./src/main.o
                0x00800902                currentState
 .data.usartReg
                0x00800904       0x28 ./src/usart_serial.o
                0x00800904                usartReg
 .data.gs_at_commands
                0x0080092c       0x56 ./src/wireless_interface.o
                0x0080092c                gs_at_commands
 .data.I2C_state
                0x00800982        0x1 C:/Users/Nick/workspace/FreeRTOS801/Release/libFreeRTOS801.a(i2cMultiMaster.o)
 .data.xMinimumEverFreeBytesRemaining
                0x00800983        0x2 C:/Users/Nick/workspace/FreeRTOS801/Release/libFreeRTOS801.a(heap_4.o)
 .data.xFreeBytesRemaining
                0x00800985        0x2 C:/Users/Nick/workspace/FreeRTOS801/Release/libFreeRTOS801.a(heap_4.o)
 .data.xNextTaskUnblockTime
                0x00800987        0x2 C:/Users/Nick/workspace/FreeRTOS801/Release/libFreeRTOS801.a(tasks.o)
 *(.rodata)
 *(.rodata*)
 .rodata.encoders
                0x00800989        0xe ./src/motion.o
 .rodata.tc_module_s
                0x00800997       0x20 ./src/motion.o
 .rodata.motors
                0x008009b7       0x1e ./src/motion.o
 *(.gnu.linkonce.d*)
                0x008009d6                . = ALIGN (0x2)
 *fill*         0x008009d5        0x1 00
                0x008009d6                _edata = .
                0x008009d6                PROVIDE (__data_end, .)

.bss            0x008009d6     0x1404
                0x008009d6                PROVIDE (__bss_start, .)
 *(.bss)
 .bss           0x008009d6        0x0 c:/arduino/hardware/tools/avr/bin/../lib/gcc/avr/4.3.2/../../../../avr/lib/avr6/crtm2560.o
 .bss           0x008009d6        0x0 ./src/attached_mode.o
 .bss           0x008009d6        0x0 ./src/behaviour.o
 .bss           0x008009d6        0x0 ./src/custom_timer.o
 .bss           0x008009d6        0x0 ./src/lcd.o
 .bss           0x008009d6        0x0 ./src/led.o
 .bss           0x008009d6        0x0 ./src/main.o
 .bss           0x008009d6        0x0 ./src/motion.o
 .bss           0x008009d6        0x0 ./src/ping.o
 .bss           0x008009d6        0x0 ./src/servo.o
 .bss           0x008009d6        0x0 ./src/tempsensor.o
 .bss           0x008009d6        0x0 ./src/timer.o
 .bss           0x008009d6        0x0 ./src/usart_serial.o
 .bss           0x008009d6        0x0 ./src/wireless_interface.o
 .bss           0x008009d6        0x0 C:/Users/Nick/workspace/FreeRTOS801/Release/libFreeRTOS801.a(port.o)
 .bss           0x008009d6        0x0 C:/Users/Nick/workspace/FreeRTOS801/Release/libFreeRTOS801.a(system_tick.o)
 .bss           0x008009d6        0x0 C:/Users/Nick/workspace/FreeRTOS801/Release/libFreeRTOS801.a(system_time.o)
 .bss           0x008009d6        0x0 C:/Users/Nick/workspace/FreeRTOS801/Release/libFreeRTOS801.a(i2cMultiMaster.o)
 .bss           0x008009d6        0x0 C:/Users/Nick/workspace/FreeRTOS801/Release/libFreeRTOS801.a(heap_4.o)
 .bss           0x008009d6        0x0 C:/Users/Nick/workspace/FreeRTOS801/Release/libFreeRTOS801.a(queue.o)
 .bss           0x008009d6        0x0 C:/Users/Nick/workspace/FreeRTOS801/Release/libFreeRTOS801.a(tasks.o)
 .bss           0x008009d6        0x0 C:/Users/Nick/workspace/FreeRTOS801/Release/libFreeRTOS801.a(list.o)
 .bss           0x008009d6        0x0 C:/Users/Nick/workspace/FreeRTOS801/Release/libFreeRTOS801.a(runtTimeStatsTimer.o)
 .bss           0x008009d6        0x0 c:/arduino/hardware/tools/avr/bin/../lib/gcc/avr/4.3.2/../../../../avr/lib/avr6\libm.a(addsf3.o)
 .bss           0x008009d6        0x0 c:/arduino/hardware/tools/avr/bin/../lib/gcc/avr/4.3.2/../../../../avr/lib/avr6\libm.a(addsf3x.o)
 .bss           0x008009d6        0x0 c:/arduino/hardware/tools/avr/bin/../lib/gcc/avr/4.3.2/../../../../avr/lib/avr6\libm.a(cmpsf2.o)
 .bss           0x008009d6        0x0 c:/arduino/hardware/tools/avr/bin/../lib/gcc/avr/4.3.2/../../../../avr/lib/avr6\libm.a(divsf3.o)
 .bss           0x008009d6        0x0 c:/arduino/hardware/tools/avr/bin/../lib/gcc/avr/4.3.2/../../../../avr/lib/avr6\libm.a(divsf3x.o)
 .bss           0x008009d6        0x0 c:/arduino/hardware/tools/avr/bin/../lib/gcc/avr/4.3.2/../../../../avr/lib/avr6\libm.a(fixsfsi.o)
 .bss           0x008009d6        0x0 c:/arduino/hardware/tools/avr/bin/../lib/gcc/avr/4.3.2/../../../../avr/lib/avr6\libm.a(fixunssfsi.o)
 .bss           0x008009d6        0x0 c:/arduino/hardware/tools/avr/bin/../lib/gcc/avr/4.3.2/../../../../avr/lib/avr6\libm.a(floatsisf.o)
 .bss           0x008009d6        0x0 c:/arduino/hardware/tools/avr/bin/../lib/gcc/avr/4.3.2/../../../../avr/lib/avr6\libm.a(fp_cmp.o)
 .bss           0x008009d6        0x0 c:/arduino/hardware/tools/avr/bin/../lib/gcc/avr/4.3.2/../../../../avr/lib/avr6\libm.a(fp_inf.o)
 .bss           0x008009d6        0x0 c:/arduino/hardware/tools/avr/bin/../lib/gcc/avr/4.3.2/../../../../avr/lib/avr6\libm.a(fp_nan.o)
 .bss           0x008009d6        0x0 c:/arduino/hardware/tools/avr/bin/../lib/gcc/avr/4.3.2/../../../../avr/lib/avr6\libm.a(fp_pscA.o)
 .bss           0x008009d6        0x0 c:/arduino/hardware/tools/avr/bin/../lib/gcc/avr/4.3.2/../../../../avr/lib/avr6\libm.a(fp_pscB.o)
 .bss           0x008009d6        0x0 c:/arduino/hardware/tools/avr/bin/../lib/gcc/avr/4.3.2/../../../../avr/lib/avr6\libm.a(fp_round.o)
 .bss           0x008009d6        0x0 c:/arduino/hardware/tools/avr/bin/../lib/gcc/avr/4.3.2/../../../../avr/lib/avr6\libm.a(fp_split3.o)
 .bss           0x008009d6        0x0 c:/arduino/hardware/tools/avr/bin/../lib/gcc/avr/4.3.2/../../../../avr/lib/avr6\libm.a(fp_zero.o)
 .bss           0x008009d6        0x0 c:/arduino/hardware/tools/avr/bin/../lib/gcc/avr/4.3.2/../../../../avr/lib/avr6\libm.a(gesf2.o)
 .bss           0x008009d6        0x0 c:/arduino/hardware/tools/avr/bin/../lib/gcc/avr/4.3.2/../../../../avr/lib/avr6\libm.a(mulsf3.o)
 .bss           0x008009d6        0x0 c:/arduino/hardware/tools/avr/bin/../lib/gcc/avr/4.3.2/../../../../avr/lib/avr6\libm.a(mulsf3x.o)
 .bss           0x008009d6        0x0 c:/arduino/hardware/tools/avr/bin/../lib/gcc/avr/4.3.2/../../../../avr/lib/avr6\libprintf_flt.a(vfprintf_flt.o)
 .bss           0x008009d6        0x0 c:/arduino/hardware/tools/avr/bin/../lib/gcc/avr/4.3.2/avr6\libgcc.a(_mulsi3.o)
 .bss           0x008009d6        0x0 c:/arduino/hardware/tools/avr/bin/../lib/gcc/avr/4.3.2/avr6\libgcc.a(_udivmodhi4.o)
 .bss           0x008009d6        0x0 c:/arduino/hardware/tools/avr/bin/../lib/gcc/avr/4.3.2/avr6\libgcc.a(_divmodhi4.o)
 .bss           0x008009d6        0x0 c:/arduino/hardware/tools/avr/bin/../lib/gcc/avr/4.3.2/avr6\libgcc.a(_udivmodsi4.o)
 .bss           0x008009d6        0x0 c:/arduino/hardware/tools/avr/bin/../lib/gcc/avr/4.3.2/avr6\libgcc.a(_prologue.o)
 .bss           0x008009d6        0x0 c:/arduino/hardware/tools/avr/bin/../lib/gcc/avr/4.3.2/avr6\libgcc.a(_epilogue.o)
 .bss           0x008009d6        0x0 c:/arduino/hardware/tools/avr/bin/../lib/gcc/avr/4.3.2/avr6\libgcc.a(_exit.o)
 .bss           0x008009d6        0x0 c:/arduino/hardware/tools/avr/bin/../lib/gcc/avr/4.3.2/avr6\libgcc.a(_tablejump.o)
 .bss           0x008009d6        0x0 c:/arduino/hardware/tools/avr/bin/../lib/gcc/avr/4.3.2/avr6\libgcc.a(_clear_bss.o)
 .bss           0x008009d6        0x0 c:/arduino/hardware/tools/avr/bin/../lib/gcc/avr/4.3.2/../../../../avr/lib/avr6\libc.a(ftoa_engine.o)
 .bss           0x008009d6        0x0 c:/arduino/hardware/tools/avr/bin/../lib/gcc/avr/4.3.2/../../../../avr/lib/avr6\libc.a(strnlen_P.o)
 .bss           0x008009d6        0x0 c:/arduino/hardware/tools/avr/bin/../lib/gcc/avr/4.3.2/../../../../avr/lib/avr6\libc.a(memcpy.o)
 .bss           0x008009d6        0x0 c:/arduino/hardware/tools/avr/bin/../lib/gcc/avr/4.3.2/../../../../avr/lib/avr6\libc.a(memset.o)
 .bss           0x008009d6        0x0 c:/arduino/hardware/tools/avr/bin/../lib/gcc/avr/4.3.2/../../../../avr/lib/avr6\libc.a(strcat.o)
 .bss           0x008009d6        0x0 c:/arduino/hardware/tools/avr/bin/../lib/gcc/avr/4.3.2/../../../../avr/lib/avr6\libc.a(strcpy.o)
 .bss           0x008009d6        0x0 c:/arduino/hardware/tools/avr/bin/../lib/gcc/avr/4.3.2/../../../../avr/lib/avr6\libc.a(strncat.o)
 .bss           0x008009d6        0x0 c:/arduino/hardware/tools/avr/bin/../lib/gcc/avr/4.3.2/../../../../avr/lib/avr6\libc.a(strncmp.o)
 .bss           0x008009d6        0x0 c:/arduino/hardware/tools/avr/bin/../lib/gcc/avr/4.3.2/../../../../avr/lib/avr6\libc.a(strncpy.o)
 .bss           0x008009d6        0x0 c:/arduino/hardware/tools/avr/bin/../lib/gcc/avr/4.3.2/../../../../avr/lib/avr6\libc.a(strnlen.o)
 .bss           0x008009d6        0x0 c:/arduino/hardware/tools/avr/bin/../lib/gcc/avr/4.3.2/../../../../avr/lib/avr6\libc.a(strstr.o)
 .bss           0x008009d6        0x0 c:/arduino/hardware/tools/avr/bin/../lib/gcc/avr/4.3.2/../../../../avr/lib/avr6\libc.a(fputc.o)
 .bss           0x008009d6        0x0 c:/arduino/hardware/tools/avr/bin/../lib/gcc/avr/4.3.2/../../../../avr/lib/avr6\libc.a(sprintf.o)
 .bss           0x008009d6        0x0 c:/arduino/hardware/tools/avr/bin/../lib/gcc/avr/4.3.2/../../../../avr/lib/avr6\libc.a(vsnprintf.o)
 .bss           0x008009d6        0x0 c:/arduino/hardware/tools/avr/bin/../lib/gcc/avr/4.3.2/../../../../avr/lib/avr6\libc.a(vsnprintf_p.o)
 .bss           0x008009d6        0x0 c:/arduino/hardware/tools/avr/bin/../lib/gcc/avr/4.3.2/../../../../avr/lib/avr6\libc.a(ultoa_invert.o)
 *(.bss*)
 .bss.timer_counter_timer0
                0x008009d6        0x9 ./src/custom_timer.o
 .bss.tov_cntr  0x008009df        0x8 ./src/motion.o
 .bss.last_icr  0x008009e7        0x4 ./src/motion.o
 .bss.new_data  0x008009eb        0x8 ./src/motion.o
 .bss.new_data_available
                0x008009f3        0x4 ./src/motion.o
 .bss.tempValues.1587
                0x008009f7        0x8 ./src/tempsensor.o
 .bss.defaultUSART
                0x008009ff        0x2 ./src/usart_serial.o
                0x008009ff                defaultUSART
 .bss.client_response_buffer_write_pointer
                0x00800a01        0x1 ./src/wireless_interface.o
                0x00800a01                client_response_buffer_write_pointer
 .bss.client_response_buffer_read_pointer
                0x00800a02        0x1 ./src/wireless_interface.o
                0x00800a02                client_response_buffer_read_pointer
 .bss.web_server_status
                0x00800a03        0x2 ./src/wireless_interface.o
                0x00800a03                web_server_status
 .bss.portTickRateHz
                0x00800a05        0x2 C:/Users/Nick/workspace/FreeRTOS801/Release/libFreeRTOS801.a(port.o)
 .bss.ticksRemainingInSec
                0x00800a07        0x2 C:/Users/Nick/workspace/FreeRTOS801/Release/libFreeRTOS801.a(port.o)
 .bss.xI2CSemaphore
                0x00800a09        0x2 C:/Users/Nick/workspace/FreeRTOS801/Release/libFreeRTOS801.a(i2cMultiMaster.o)
                0x00800a09                xI2CSemaphore
 .bss.I2C_statusReg
                0x00800a0b        0x1 C:/Users/Nick/workspace/FreeRTOS801/Release/libFreeRTOS801.a(i2cMultiMaster.o)
                0x00800a0b                I2C_statusReg
 .bss.I2C_checkBusyAfterStop
                0x00800a0c        0x1 C:/Users/Nick/workspace/FreeRTOS801/Release/libFreeRTOS801.a(i2cMultiMaster.o)
 .bss.I2C_bufPtr.1873
                0x00800a0d        0x1 C:/Users/Nick/workspace/FreeRTOS801/Release/libFreeRTOS801.a(i2cMultiMaster.o)
 .bss.I2C_buf   0x00800a0e       0x18 C:/Users/Nick/workspace/FreeRTOS801/Release/libFreeRTOS801.a(i2cMultiMaster.o)
 .bss.I2C_msgSize
                0x00800a26        0x1 C:/Users/Nick/workspace/FreeRTOS801/Release/libFreeRTOS801.a(i2cMultiMaster.o)
 .bss.xBlockAllocatedBit
                0x00800a27        0x2 C:/Users/Nick/workspace/FreeRTOS801/Release/libFreeRTOS801.a(heap_4.o)
 .bss.pxEnd     0x00800a29        0x2 C:/Users/Nick/workspace/FreeRTOS801/Release/libFreeRTOS801.a(heap_4.o)
 .bss.ucHeap    0x00800a2b     0x1200 C:/Users/Nick/workspace/FreeRTOS801/Release/libFreeRTOS801.a(heap_4.o)
 .bss.xStart    0x00801c2b        0x4 C:/Users/Nick/workspace/FreeRTOS801/Release/libFreeRTOS801.a(heap_4.o)
 .bss.pxCurrentTCB
                0x00801c2f        0x2 C:/Users/Nick/workspace/FreeRTOS801/Release/libFreeRTOS801.a(tasks.o)
                0x00801c2f                pxCurrentTCB
 .bss.uxCurrentNumberOfTasks
                0x00801c31        0x1 C:/Users/Nick/workspace/FreeRTOS801/Release/libFreeRTOS801.a(tasks.o)
 .bss.uxTopReadyPriority
                0x00801c32        0x1 C:/Users/Nick/workspace/FreeRTOS801/Release/libFreeRTOS801.a(tasks.o)
 .bss.xYieldPending
                0x00801c33        0x1 C:/Users/Nick/workspace/FreeRTOS801/Release/libFreeRTOS801.a(tasks.o)
 .bss.xTickCount
                0x00801c34        0x2 C:/Users/Nick/workspace/FreeRTOS801/Release/libFreeRTOS801.a(tasks.o)
 .bss.xNumOfOverflows
                0x00801c36        0x1 C:/Users/Nick/workspace/FreeRTOS801/Release/libFreeRTOS801.a(tasks.o)
 .bss.uxSchedulerSuspended
                0x00801c37        0x1 C:/Users/Nick/workspace/FreeRTOS801/Release/libFreeRTOS801.a(tasks.o)
 .bss.ulTotalRunTime
                0x00801c38        0x4 C:/Users/Nick/workspace/FreeRTOS801/Release/libFreeRTOS801.a(tasks.o)
 .bss.ulTaskSwitchedInTime
                0x00801c3c        0x4 C:/Users/Nick/workspace/FreeRTOS801/Release/libFreeRTOS801.a(tasks.o)
 .bss.uxPendedTicks
                0x00801c40        0x1 C:/Users/Nick/workspace/FreeRTOS801/Release/libFreeRTOS801.a(tasks.o)
 .bss.xSchedulerRunning
                0x00801c41        0x1 C:/Users/Nick/workspace/FreeRTOS801/Release/libFreeRTOS801.a(tasks.o)
 .bss.uxTasksDeleted
                0x00801c42        0x1 C:/Users/Nick/workspace/FreeRTOS801/Release/libFreeRTOS801.a(tasks.o)
 .bss.uxTaskNumber
                0x00801c43        0x1 C:/Users/Nick/workspace/FreeRTOS801/Release/libFreeRTOS801.a(tasks.o)
 .bss.pxReadyTasksLists
                0x00801c44       0x24 C:/Users/Nick/workspace/FreeRTOS801/Release/libFreeRTOS801.a(tasks.o)
 .bss.xDelayedTaskList1
                0x00801c68        0x9 C:/Users/Nick/workspace/FreeRTOS801/Release/libFreeRTOS801.a(tasks.o)
 .bss.xDelayedTaskList2
                0x00801c71        0x9 C:/Users/Nick/workspace/FreeRTOS801/Release/libFreeRTOS801.a(tasks.o)
 .bss.pxDelayedTaskList
                0x00801c7a        0x2 C:/Users/Nick/workspace/FreeRTOS801/Release/libFreeRTOS801.a(tasks.o)
 .bss.pxOverflowDelayedTaskList
                0x00801c7c        0x2 C:/Users/Nick/workspace/FreeRTOS801/Release/libFreeRTOS801.a(tasks.o)
 .bss.xPendingReadyList
                0x00801c7e        0x9 C:/Users/Nick/workspace/FreeRTOS801/Release/libFreeRTOS801.a(tasks.o)
 .bss.xTasksWaitingTermination
                0x00801c87        0x9 C:/Users/Nick/workspace/FreeRTOS801/Release/libFreeRTOS801.a(tasks.o)
 .bss.xSuspendedTaskList
                0x00801c90        0x9 C:/Users/Nick/workspace/FreeRTOS801/Release/libFreeRTOS801.a(tasks.o)
 *(COMMON)
 COMMON         0x00801c99        0x7 ./src/attached_mode.o
                0x00801c99                lastTrackedDirection
                0x00801c9b                currentCenterServoDirection
                0x00801c9d                currentMode
                0x00801c9f                targetFound
 COMMON         0x00801ca0        0x8 ./src/behaviour.o
                0x00801ca0                state
                0x00801ca2                wheelsUpdated
                0x00801ca3                lcdUpdated
                0x00801ca4                centerServoDirection
                0x00801ca6                wheelSpeedUpdated
                0x00801ca7                centerServoUpdated
 COMMON         0x00801ca8        0x4 ./src/ping.o
                0x00801ca8                distance
 COMMON         0x00801cac       0x18 ./src/servo.o
                0x00801cac                totalDistance
                0x00801cb4                previousSpeedLeft
                0x00801cb8                previousSpeedRight
                0x00801cbc                wheelSpeedLeft
                0x00801cc0                wheelSpeedRight
 COMMON         0x00801cc4       0x14 ./src/tempsensor.o
                0x00801cc4                register_values
 COMMON         0x00801cd8        0x4 ./src/timer.o
                0x00801cd8                timerTickCount
                0x00801cda                isrCallback
 COMMON         0x00801cdc       0x78 ./src/usart_serial.o
                0x00801cdc                usartComBuf
 COMMON         0x00801d54       0x82 ./src/wireless_interface.o
                0x00801d54                client_web_page
                0x00801d79                wifi_client
                0x00801d7a                gainspan
                0x00801dd1                client_response_buffer
                0x00801dd3                wifi_server
 COMMON         0x00801dd6        0x4 C:/Users/Nick/workspace/FreeRTOS801/Release/libFreeRTOS801.a(system_time.o)
                0x00801dd6                __system_time
                0x00801dda                PROVIDE (__bss_end, .)
                0x0000b04c                __data_load_start = LOADADDR (.data)
                0x0000b822                __data_load_end = (__data_load_start + SIZEOF (.data))

.noinit         0x00801dda        0x0
                0x00801dda                PROVIDE (__noinit_start, .)
 *(.noinit*)
                0x00801dda                PROVIDE (__noinit_end, .)
                0x00801dda                _end = .
                0x00801dda                PROVIDE (__heap_start, .)

.eeprom         0x00810000        0x0
 *(.eeprom*)
                0x00810000                __eeprom_end = .

.fuse
 *(.fuse)
 *(.lfuse)
 *(.hfuse)
 *(.efuse)

.lock
 *(.lock*)

.signature
 *(.signature*)

.stab
 *(.stab)

.stabstr
 *(.stabstr)

.stab.excl
 *(.stab.excl)

.stab.exclstr
 *(.stab.exclstr)

.stab.index
 *(.stab.index)

.stab.indexstr
 *(.stab.indexstr)

.comment
 *(.comment)

.debug
 *(.debug)

.line
 *(.line)

.debug_srcinfo
 *(.debug_srcinfo)

.debug_sfnames
 *(.debug_sfnames)

.debug_aranges
 *(.debug_aranges)

.debug_pubnames
 *(.debug_pubnames)

.debug_info
 *(.debug_info)
 *(.gnu.linkonce.wi.*)

.debug_abbrev
 *(.debug_abbrev)

.debug_line
 *(.debug_line)

.debug_frame
 *(.debug_frame)

.debug_str
 *(.debug_str)

.debug_loc
 *(.debug_loc)

.debug_macinfo
 *(.debug_macinfo)
OUTPUT(EmptyProject.elf elf32-avr)
LOAD linker stubs
