Archive member included because of file (symbol)

C:/Users/Nick/workspace/FreeRTOS801/Release/libFreeRTOS801.a(i2cMultiMaster.o)
                              ./src/tempsensor.o (I2C_Master_Start_Transceiver_With_Data)
C:/Users/Nick/workspace/FreeRTOS801/Release/libFreeRTOS801.a(heap_4.o)
                              ./src/wireless_interface.o (pvPortMalloc)
C:/Users/Nick/workspace/FreeRTOS801/Release/libFreeRTOS801.a(queue.o)
                              C:/Users/Nick/workspace/FreeRTOS801/Release/libFreeRTOS801.a(i2cMultiMaster.o) (xQueueGenericSend)
C:/Users/Nick/workspace/FreeRTOS801/Release/libFreeRTOS801.a(tasks.o)
                              C:/Users/Nick/workspace/FreeRTOS801/Release/libFreeRTOS801.a(heap_4.o) (vTaskSuspendAll)
C:/Users/Nick/workspace/FreeRTOS801/Release/libFreeRTOS801.a(port.o)
                              C:/Users/Nick/workspace/FreeRTOS801/Release/libFreeRTOS801.a(tasks.o) (pxPortInitialiseStack)
C:/Users/Nick/workspace/FreeRTOS801/Release/libFreeRTOS801.a(system_tick.o)
                              C:/Users/Nick/workspace/FreeRTOS801/Release/libFreeRTOS801.a(port.o) (system_tick)
C:/Users/Nick/workspace/FreeRTOS801/Release/libFreeRTOS801.a(system_time.o)
                              C:/Users/Nick/workspace/FreeRTOS801/Release/libFreeRTOS801.a(system_tick.o) (__system_time)
C:/Users/Nick/workspace/FreeRTOS801/Release/libFreeRTOS801.a(list.o)
                              C:/Users/Nick/workspace/FreeRTOS801/Release/libFreeRTOS801.a(queue.o) (vListInitialise)
C:/Users/Nick/workspace/FreeRTOS801/Release/libFreeRTOS801.a(runtTimeStatsTimer.o)
                              C:/Users/Nick/workspace/FreeRTOS801/Release/libFreeRTOS801.a(tasks.o) (xconfigTimerForRunTimeStats)
c:/arduino/hardware/tools/avr/bin/../lib/gcc/avr/4.3.2/../../../../avr/lib/avr6\libm.a(addsf3.o)
                              ./src/servo.o (__addsf3)
c:/arduino/hardware/tools/avr/bin/../lib/gcc/avr/4.3.2/../../../../avr/lib/avr6\libm.a(addsf3x.o)
                              c:/arduino/hardware/tools/avr/bin/../lib/gcc/avr/4.3.2/../../../../avr/lib/avr6\libm.a(addsf3.o) (__addsf3x)
c:/arduino/hardware/tools/avr/bin/../lib/gcc/avr/4.3.2/../../../../avr/lib/avr6\libm.a(cmpsf2.o)
                              ./src/servo.o (__nesf2)
c:/arduino/hardware/tools/avr/bin/../lib/gcc/avr/4.3.2/../../../../avr/lib/avr6\libm.a(divsf3.o)
                              ./src/servo.o (__divsf3)
c:/arduino/hardware/tools/avr/bin/../lib/gcc/avr/4.3.2/../../../../avr/lib/avr6\libm.a(divsf3x.o)
                              c:/arduino/hardware/tools/avr/bin/../lib/gcc/avr/4.3.2/../../../../avr/lib/avr6\libm.a(divsf3.o) (__divsf3x)
c:/arduino/hardware/tools/avr/bin/../lib/gcc/avr/4.3.2/../../../../avr/lib/avr6\libm.a(fixsfsi.o)
                              ./src/servo.o (__fixsfsi)
c:/arduino/hardware/tools/avr/bin/../lib/gcc/avr/4.3.2/../../../../avr/lib/avr6\libm.a(fixunssfsi.o)
                              c:/arduino/hardware/tools/avr/bin/../lib/gcc/avr/4.3.2/../../../../avr/lib/avr6\libm.a(fixsfsi.o) (__fixunssfsi)
c:/arduino/hardware/tools/avr/bin/../lib/gcc/avr/4.3.2/../../../../avr/lib/avr6\libm.a(floatsisf.o)
                              ./src/servo.o (__floatunsisf)
c:/arduino/hardware/tools/avr/bin/../lib/gcc/avr/4.3.2/../../../../avr/lib/avr6\libm.a(fp_cmp.o)
                              c:/arduino/hardware/tools/avr/bin/../lib/gcc/avr/4.3.2/../../../../avr/lib/avr6\libm.a(cmpsf2.o) (__fp_cmp)
c:/arduino/hardware/tools/avr/bin/../lib/gcc/avr/4.3.2/../../../../avr/lib/avr6\libm.a(fp_inf.o)
                              c:/arduino/hardware/tools/avr/bin/../lib/gcc/avr/4.3.2/../../../../avr/lib/avr6\libm.a(addsf3x.o) (__fp_inf)
c:/arduino/hardware/tools/avr/bin/../lib/gcc/avr/4.3.2/../../../../avr/lib/avr6\libm.a(fp_nan.o)
                              c:/arduino/hardware/tools/avr/bin/../lib/gcc/avr/4.3.2/../../../../avr/lib/avr6\libm.a(addsf3x.o) (__fp_nan)
c:/arduino/hardware/tools/avr/bin/../lib/gcc/avr/4.3.2/../../../../avr/lib/avr6\libm.a(fp_pscA.o)
                              c:/arduino/hardware/tools/avr/bin/../lib/gcc/avr/4.3.2/../../../../avr/lib/avr6\libm.a(addsf3x.o) (__fp_pscA)
c:/arduino/hardware/tools/avr/bin/../lib/gcc/avr/4.3.2/../../../../avr/lib/avr6\libm.a(fp_pscB.o)
                              c:/arduino/hardware/tools/avr/bin/../lib/gcc/avr/4.3.2/../../../../avr/lib/avr6\libm.a(addsf3x.o) (__fp_pscB)
c:/arduino/hardware/tools/avr/bin/../lib/gcc/avr/4.3.2/../../../../avr/lib/avr6\libm.a(fp_round.o)
                              c:/arduino/hardware/tools/avr/bin/../lib/gcc/avr/4.3.2/../../../../avr/lib/avr6\libm.a(addsf3.o) (__fp_round)
c:/arduino/hardware/tools/avr/bin/../lib/gcc/avr/4.3.2/../../../../avr/lib/avr6\libm.a(fp_split3.o)
                              c:/arduino/hardware/tools/avr/bin/../lib/gcc/avr/4.3.2/../../../../avr/lib/avr6\libm.a(addsf3x.o) (__fp_split3)
c:/arduino/hardware/tools/avr/bin/../lib/gcc/avr/4.3.2/../../../../avr/lib/avr6\libm.a(fp_zero.o)
                              c:/arduino/hardware/tools/avr/bin/../lib/gcc/avr/4.3.2/../../../../avr/lib/avr6\libm.a(addsf3x.o) (__fp_zero)
c:/arduino/hardware/tools/avr/bin/../lib/gcc/avr/4.3.2/../../../../avr/lib/avr6\libm.a(gesf2.o)
                              ./src/servo.o (__gtsf2)
c:/arduino/hardware/tools/avr/bin/../lib/gcc/avr/4.3.2/../../../../avr/lib/avr6\libm.a(mulsf3.o)
                              ./src/servo.o (__mulsf3)
c:/arduino/hardware/tools/avr/bin/../lib/gcc/avr/4.3.2/../../../../avr/lib/avr6\libm.a(mulsf3x.o)
                              c:/arduino/hardware/tools/avr/bin/../lib/gcc/avr/4.3.2/../../../../avr/lib/avr6\libm.a(mulsf3.o) (__mulsf3x)
c:/arduino/hardware/tools/avr/bin/../lib/gcc/avr/4.3.2/../../../../avr/lib/avr6\libprintf_flt.a(vfprintf_flt.o)
                              (vfprintf)
C:\Users\Nick\workspace\CEG4166_RTS_Lib\Release\libCEG4166_RTS_Lib.a(usartSerial.o)
                              ./src/lcd.o (usartWrite)
c:/arduino/hardware/tools/avr/bin/../lib/gcc/avr/4.3.2/avr6\libgcc.a(_mulsi3.o)
                              ./src/motion.o (__mulsi3)
c:/arduino/hardware/tools/avr/bin/../lib/gcc/avr/4.3.2/avr6\libgcc.a(_udivmodhi4.o)
                              ./src/wireless_interface.o (__udivmodhi4)
c:/arduino/hardware/tools/avr/bin/../lib/gcc/avr/4.3.2/avr6\libgcc.a(_divmodhi4.o)
                              ./src/attached_mode.o (__divmodhi4)
c:/arduino/hardware/tools/avr/bin/../lib/gcc/avr/4.3.2/avr6\libgcc.a(_udivmodsi4.o)
                              C:/Users/Nick/workspace/FreeRTOS801/Release/libFreeRTOS801.a(tasks.o) (__udivmodsi4)
c:/arduino/hardware/tools/avr/bin/../lib/gcc/avr/4.3.2/avr6\libgcc.a(_prologue.o)
                              ./src/behaviour.o (__prologue_saves__)
c:/arduino/hardware/tools/avr/bin/../lib/gcc/avr/4.3.2/avr6\libgcc.a(_epilogue.o)
                              ./src/behaviour.o (__epilogue_restores__)
c:/arduino/hardware/tools/avr/bin/../lib/gcc/avr/4.3.2/avr6\libgcc.a(_exit.o)
                              c:/arduino/hardware/tools/avr/bin/../lib/gcc/avr/4.3.2/../../../../avr/lib/avr6/crtm2560.o (exit)
c:/arduino/hardware/tools/avr/bin/../lib/gcc/avr/4.3.2/avr6\libgcc.a(_tablejump.o)
                              ./src/wireless_interface.o (__tablejump2__)
c:/arduino/hardware/tools/avr/bin/../lib/gcc/avr/4.3.2/avr6\libgcc.a(_clear_bss.o)
                              ./src/attached_mode.o (__do_clear_bss)
c:/arduino/hardware/tools/avr/bin/../lib/gcc/avr/4.3.2/../../../../avr/lib/avr6\libc.a(ftoa_engine.o)
                              c:/arduino/hardware/tools/avr/bin/../lib/gcc/avr/4.3.2/../../../../avr/lib/avr6\libprintf_flt.a(vfprintf_flt.o) (__ftoa_engine)
c:/arduino/hardware/tools/avr/bin/../lib/gcc/avr/4.3.2/../../../../avr/lib/avr6\libc.a(strlen_P.o)
                              C:\Users\Nick\workspace\CEG4166_RTS_Lib\Release\libCEG4166_RTS_Lib.a(usartSerial.o) (strlen_P)
c:/arduino/hardware/tools/avr/bin/../lib/gcc/avr/4.3.2/../../../../avr/lib/avr6\libc.a(strnlen_P.o)
                              c:/arduino/hardware/tools/avr/bin/../lib/gcc/avr/4.3.2/../../../../avr/lib/avr6\libprintf_flt.a(vfprintf_flt.o) (strnlen_P)
c:/arduino/hardware/tools/avr/bin/../lib/gcc/avr/4.3.2/../../../../avr/lib/avr6\libc.a(memcpy.o)
                              C:/Users/Nick/workspace/FreeRTOS801/Release/libFreeRTOS801.a(queue.o) (memcpy)
c:/arduino/hardware/tools/avr/bin/../lib/gcc/avr/4.3.2/../../../../avr/lib/avr6\libc.a(memset.o)
                              ./src/wireless_interface.o (memset)
c:/arduino/hardware/tools/avr/bin/../lib/gcc/avr/4.3.2/../../../../avr/lib/avr6\libc.a(strcat.o)
                              ./src/wireless_interface.o (strcat)
c:/arduino/hardware/tools/avr/bin/../lib/gcc/avr/4.3.2/../../../../avr/lib/avr6\libc.a(strcpy.o)
                              ./src/wireless_interface.o (strcpy)
c:/arduino/hardware/tools/avr/bin/../lib/gcc/avr/4.3.2/../../../../avr/lib/avr6\libc.a(strncat.o)
                              ./src/wireless_interface.o (strncat)
c:/arduino/hardware/tools/avr/bin/../lib/gcc/avr/4.3.2/../../../../avr/lib/avr6\libc.a(strncmp.o)
                              ./src/wireless_interface.o (strncmp)
c:/arduino/hardware/tools/avr/bin/../lib/gcc/avr/4.3.2/../../../../avr/lib/avr6\libc.a(strncpy.o)
                              ./src/wireless_interface.o (strncpy)
c:/arduino/hardware/tools/avr/bin/../lib/gcc/avr/4.3.2/../../../../avr/lib/avr6\libc.a(strnlen.o)
                              c:/arduino/hardware/tools/avr/bin/../lib/gcc/avr/4.3.2/../../../../avr/lib/avr6\libprintf_flt.a(vfprintf_flt.o) (strnlen)
c:/arduino/hardware/tools/avr/bin/../lib/gcc/avr/4.3.2/../../../../avr/lib/avr6\libc.a(strstr.o)
                              ./src/wireless_interface.o (strstr)
c:/arduino/hardware/tools/avr/bin/../lib/gcc/avr/4.3.2/../../../../avr/lib/avr6\libc.a(fputc.o)
                              c:/arduino/hardware/tools/avr/bin/../lib/gcc/avr/4.3.2/../../../../avr/lib/avr6\libprintf_flt.a(vfprintf_flt.o) (fputc)
c:/arduino/hardware/tools/avr/bin/../lib/gcc/avr/4.3.2/../../../../avr/lib/avr6\libc.a(sprintf.o)
                              ./src/behaviour.o (sprintf)
c:/arduino/hardware/tools/avr/bin/../lib/gcc/avr/4.3.2/../../../../avr/lib/avr6\libc.a(vsnprintf.o)
                              C:\Users\Nick\workspace\CEG4166_RTS_Lib\Release\libCEG4166_RTS_Lib.a(usartSerial.o) (vsnprintf)
c:/arduino/hardware/tools/avr/bin/../lib/gcc/avr/4.3.2/../../../../avr/lib/avr6\libc.a(vsnprintf_p.o)
                              C:\Users\Nick\workspace\CEG4166_RTS_Lib\Release\libCEG4166_RTS_Lib.a(usartSerial.o) (vsnprintf_P)
c:/arduino/hardware/tools/avr/bin/../lib/gcc/avr/4.3.2/../../../../avr/lib/avr6\libc.a(ultoa_invert.o)
                              c:/arduino/hardware/tools/avr/bin/../lib/gcc/avr/4.3.2/../../../../avr/lib/avr6\libprintf_flt.a(vfprintf_flt.o) (__ultoa_invert)

Allocating common symbols
Common symbol       size              file

totalDistance       0x8               ./src/servo.o
client_web_page     0x25              ./src/wireless_interface.o
lastTrackedDirection
                    0x2               ./src/attached_mode.o
pixel_values        0x10              ./src/tempsensor.o
timerTickCount      0x2               ./src/timer.o
previousSpeedLeft   0x4               ./src/servo.o
averageRightTemp    0x2               ./src/tempsensor.o
state               0x2               ./src/behaviour.o
wheelsUpdated       0x1               ./src/behaviour.o
wifi_client         0x1               ./src/wireless_interface.o
lcdUpdated          0x1               ./src/behaviour.o
usartComBuf         0x74              C:\Users\Nick\workspace\CEG4166_RTS_Lib\Release\libCEG4166_RTS_Lib.a(usartSerial.o)
averageLeftTemp     0x2               ./src/tempsensor.o
centerServoDirection
                    0x2               ./src/behaviour.o
wheelSpeedUpdated   0x1               ./src/behaviour.o
previousSpeedRight  0x4               ./src/servo.o
wheelSpeedLeft      0x4               ./src/servo.o
currentCenterServoDirection
                    0x2               ./src/attached_mode.o
isrCallback         0x2               ./src/timer.o
gainspan            0x57              ./src/wireless_interface.o
currentMode         0x2               ./src/attached_mode.o
targetFound         0x1               ./src/attached_mode.o
averageTemp         0x2               ./src/tempsensor.o
client_response_buffer
                    0x2               ./src/wireless_interface.o
usartfd             0x2               ./src/main.o
wheelSpeedRight     0x4               ./src/servo.o
__system_time       0x4               C:/Users/Nick/workspace/FreeRTOS801/Release/libFreeRTOS801.a(system_time.o)
wifi_server         0x3               ./src/wireless_interface.o
centerServoUpdated  0x1               ./src/behaviour.o

Memory Configuration

Name             Origin             Length             Attributes
text             0x00000000         0x00100000         xr
data             0x00800200         0x0000fe00         rw !x
eeprom           0x00810000         0x00010000         rw !x
fuse             0x00820000         0x00000400         rw !x
lock             0x00830000         0x00000400         rw !x
signature        0x00840000         0x00000400         rw !x
*default*        0x00000000         0xffffffff

Linker script and memory map

Address of section .data set to 0x800200
LOAD c:/arduino/hardware/tools/avr/bin/../lib/gcc/avr/4.3.2/../../../../avr/lib/avr6/crtm2560.o
LOAD ./src/attached_mode.o
LOAD ./src/behaviour.o
LOAD ./src/lcd.o
LOAD ./src/led.o
LOAD ./src/main.o
LOAD ./src/motion.o
LOAD ./src/servo.o
LOAD ./src/tempsensor.o
LOAD ./src/timer.o
LOAD ./src/web_page.o
LOAD ./src/wireless_interface.o
LOAD C:/Users/Nick/workspace/FreeRTOS801/Release/libFreeRTOS801.a
LOAD c:/arduino/hardware/tools/avr/bin/../lib/gcc/avr/4.3.2/../../../../avr/lib/avr6\libm.a
LOAD c:/arduino/hardware/tools/avr/bin/../lib/gcc/avr/4.3.2/../../../../avr/lib/avr6\libprintf_flt.a
LOAD C:\Users\Nick\workspace\FreeRTOS801\Release\libFreeRTOS801.a
LOAD C:\Users\Nick\workspace\CEG4166_RTS_Lib\Release\libCEG4166_RTS_Lib.a
LOAD c:/arduino/hardware/tools/avr/bin/../lib/gcc/avr/4.3.2/avr6\libgcc.a
LOAD c:/arduino/hardware/tools/avr/bin/../lib/gcc/avr/4.3.2/../../../../avr/lib/avr6\libc.a
LOAD c:/arduino/hardware/tools/avr/bin/../lib/gcc/avr/4.3.2/avr6\libgcc.a

.hash
 *(.hash)

.dynsym
 *(.dynsym)

.dynstr
 *(.dynstr)

.gnu.version
 *(.gnu.version)

.gnu.version_d
 *(.gnu.version_d)

.gnu.version_r
 *(.gnu.version_r)

.rel.init
 *(.rel.init)

.rela.init
 *(.rela.init)

.rel.text
 *(.rel.text)
 *(.rel.text.*)
 *(.rel.gnu.linkonce.t*)

.rela.text
 *(.rela.text)
 *(.rela.text.*)
 *(.rela.gnu.linkonce.t*)

.rel.fini
 *(.rel.fini)

.rela.fini
 *(.rela.fini)

.rel.rodata
 *(.rel.rodata)
 *(.rel.rodata.*)
 *(.rel.gnu.linkonce.r*)

.rela.rodata
 *(.rela.rodata)
 *(.rela.rodata.*)
 *(.rela.gnu.linkonce.r*)

.rel.data
 *(.rel.data)
 *(.rel.data.*)
 *(.rel.gnu.linkonce.d*)

.rela.data
 *(.rela.data)
 *(.rela.data.*)
 *(.rela.gnu.linkonce.d*)

.rel.ctors
 *(.rel.ctors)

.rela.ctors
 *(.rela.ctors)

.rel.dtors
 *(.rel.dtors)

.rela.dtors
 *(.rela.dtors)

.rel.got
 *(.rel.got)

.rela.got
 *(.rela.got)

.rel.bss
 *(.rel.bss)

.rela.bss
 *(.rela.bss)

.rel.plt
 *(.rel.plt)

.rela.plt
 *(.rela.plt)

.text           0x00000000     0xa804
 *(.vectors)
 .vectors       0x00000000       0xe4 c:/arduino/hardware/tools/avr/bin/../lib/gcc/avr/4.3.2/../../../../avr/lib/avr6/crtm2560.o
                0x00000000                __vectors
                0x00000000                __vector_default
 *(.vectors)
 *(.progmem.gcc*)
 .progmem.gcc_sw_table
                0x000000e4       0x54 ./src/wireless_interface.o
 .progmem.gcc_sw_table
                0x00000138      0x182 C:/Users/Nick/workspace/FreeRTOS801/Release/libFreeRTOS801.a(i2cMultiMaster.o)
 *(.progmem*)
 .progmem.data  0x000002ba       0x3c ./src/main.o
 .progmem.data  0x000002f6        0x8 c:/arduino/hardware/tools/avr/bin/../lib/gcc/avr/4.3.2/../../../../avr/lib/avr6\libprintf_flt.a(vfprintf_flt.o)
 .progmem.data  0x000002fe       0xfa c:/arduino/hardware/tools/avr/bin/../lib/gcc/avr/4.3.2/../../../../avr/lib/avr6\libc.a(ftoa_engine.o)
                0x000003f8                . = ALIGN (0x2)
                0x000003f8                __trampolines_start = .
 *(.trampolines)
 .trampolines   0x000003f8        0x0 linker stubs
 *(.trampolines*)
                0x000003f8                __trampolines_end = .
 *(.jumptables)
 *(.jumptables*)
 *(.lowtext)
 .lowtext       0x000003f8      0x2e8 C:/Users/Nick/workspace/FreeRTOS801/Release/libFreeRTOS801.a(tasks.o)
 *(.lowtext*)
                0x000006e0                __ctors_start = .
 *(.ctors)
                0x000006e0                __ctors_end = .
                0x000006e0                __dtors_start = .
 *(.dtors)
                0x000006e0                __dtors_end = .
 SORT(*)(.ctors)
 SORT(*)(.dtors)
 *(.init0)
 .init0         0x000006e0        0x0 c:/arduino/hardware/tools/avr/bin/../lib/gcc/avr/4.3.2/../../../../avr/lib/avr6/crtm2560.o
                0x000006e0                __init
 *(.init0)
 *(.init1)
 *(.init1)
 *(.init2)
 .init2         0x000006e0       0x10 c:/arduino/hardware/tools/avr/bin/../lib/gcc/avr/4.3.2/../../../../avr/lib/avr6/crtm2560.o
 *(.init2)
 *(.init3)
 *(.init3)
 *(.init4)
 .init4         0x000006f0       0x1c c:/arduino/hardware/tools/avr/bin/../lib/gcc/avr/4.3.2/../../../../avr/lib/avr6/crtm2560.o
                0x000006f0                __do_copy_data
 .init4         0x0000070c       0x10 c:/arduino/hardware/tools/avr/bin/../lib/gcc/avr/4.3.2/avr6\libgcc.a(_clear_bss.o)
                0x0000070c                __do_clear_bss
 *(.init4)
 *(.init5)
 *(.init5)
 *(.init6)
 *(.init6)
 *(.init7)
 *(.init7)
 *(.init8)
 *(.init8)
 *(.init9)
 .init9         0x0000071c        0x8 c:/arduino/hardware/tools/avr/bin/../lib/gcc/avr/4.3.2/../../../../avr/lib/avr6/crtm2560.o
 *(.init9)
 *(.text)
 .text          0x00000724        0x4 c:/arduino/hardware/tools/avr/bin/../lib/gcc/avr/4.3.2/../../../../avr/lib/avr6/crtm2560.o
                0x00000724                __vector_38
                0x00000724                __vector_22
                0x00000724                __vector_28
                0x00000724                __vector_1
                0x00000724                __vector_34
                0x00000724                __vector_24
                0x00000724                __vector_12
                0x00000724                __bad_interrupt
                0x00000724                __vector_6
                0x00000724                __vector_31
                0x00000724                __vector_3
                0x00000724                __vector_23
                0x00000724                __vector_30
                0x00000724                __vector_11
                0x00000724                __vector_13
                0x00000724                __vector_17
                0x00000724                __vector_19
                0x00000724                __vector_56
                0x00000724                __vector_7
                0x00000724                __vector_49
                0x00000724                __vector_43
                0x00000724                __vector_27
                0x00000724                __vector_5
                0x00000724                __vector_33
                0x00000724                __vector_47
                0x00000724                __vector_4
                0x00000724                __vector_44
                0x00000724                __vector_9
                0x00000724                __vector_2
                0x00000724                __vector_21
                0x00000724                __vector_15
                0x00000724                __vector_29
                0x00000724                __vector_40
                0x00000724                __vector_8
                0x00000724                __vector_48
                0x00000724                __vector_14
                0x00000724                __vector_53
                0x00000724                __vector_10
                0x00000724                __vector_16
                0x00000724                __vector_18
                0x00000724                __vector_20
                0x00000724                __vector_42
 .text          0x00000728        0x0 ./src/attached_mode.o
 .text          0x00000728        0x0 ./src/behaviour.o
 .text          0x00000728        0x0 ./src/lcd.o
 .text          0x00000728        0x0 ./src/led.o
 .text          0x00000728        0x0 ./src/main.o
 .text          0x00000728        0x0 ./src/motion.o
 .text          0x00000728        0x0 ./src/servo.o
 .text          0x00000728        0x0 ./src/tempsensor.o
 .text          0x00000728        0x0 ./src/timer.o
 .text          0x00000728        0x0 ./src/web_page.o
 .text          0x00000728        0x0 ./src/wireless_interface.o
 .text          0x00000728        0x0 C:/Users/Nick/workspace/FreeRTOS801/Release/libFreeRTOS801.a(i2cMultiMaster.o)
 .text          0x00000728        0x0 C:/Users/Nick/workspace/FreeRTOS801/Release/libFreeRTOS801.a(heap_4.o)
 .text          0x00000728        0x0 C:/Users/Nick/workspace/FreeRTOS801/Release/libFreeRTOS801.a(queue.o)
 .text          0x00000728        0x0 C:/Users/Nick/workspace/FreeRTOS801/Release/libFreeRTOS801.a(tasks.o)
 .text          0x00000728        0x0 C:/Users/Nick/workspace/FreeRTOS801/Release/libFreeRTOS801.a(port.o)
 .text          0x00000728       0x38 C:/Users/Nick/workspace/FreeRTOS801/Release/libFreeRTOS801.a(system_tick.o)
                0x00000728                system_tick
 .text          0x00000760        0x0 C:/Users/Nick/workspace/FreeRTOS801/Release/libFreeRTOS801.a(system_time.o)
 .text          0x00000760        0x0 C:/Users/Nick/workspace/FreeRTOS801/Release/libFreeRTOS801.a(list.o)
 .text          0x00000760        0x0 C:/Users/Nick/workspace/FreeRTOS801/Release/libFreeRTOS801.a(runtTimeStatsTimer.o)
 .text          0x00000760        0x0 c:/arduino/hardware/tools/avr/bin/../lib/gcc/avr/4.3.2/../../../../avr/lib/avr6\libm.a(addsf3.o)
 .text          0x00000760        0x0 c:/arduino/hardware/tools/avr/bin/../lib/gcc/avr/4.3.2/../../../../avr/lib/avr6\libm.a(addsf3x.o)
 .text          0x00000760        0x0 c:/arduino/hardware/tools/avr/bin/../lib/gcc/avr/4.3.2/../../../../avr/lib/avr6\libm.a(cmpsf2.o)
 .text          0x00000760        0x0 c:/arduino/hardware/tools/avr/bin/../lib/gcc/avr/4.3.2/../../../../avr/lib/avr6\libm.a(divsf3.o)
 .text          0x00000760        0x0 c:/arduino/hardware/tools/avr/bin/../lib/gcc/avr/4.3.2/../../../../avr/lib/avr6\libm.a(divsf3x.o)
 .text          0x00000760        0x0 c:/arduino/hardware/tools/avr/bin/../lib/gcc/avr/4.3.2/../../../../avr/lib/avr6\libm.a(fixsfsi.o)
 .text          0x00000760        0x0 c:/arduino/hardware/tools/avr/bin/../lib/gcc/avr/4.3.2/../../../../avr/lib/avr6\libm.a(fixunssfsi.o)
 .text          0x00000760        0x0 c:/arduino/hardware/tools/avr/bin/../lib/gcc/avr/4.3.2/../../../../avr/lib/avr6\libm.a(floatsisf.o)
 .text          0x00000760        0x0 c:/arduino/hardware/tools/avr/bin/../lib/gcc/avr/4.3.2/../../../../avr/lib/avr6\libm.a(fp_cmp.o)
 .text          0x00000760        0x0 c:/arduino/hardware/tools/avr/bin/../lib/gcc/avr/4.3.2/../../../../avr/lib/avr6\libm.a(fp_inf.o)
 .text          0x00000760        0x0 c:/arduino/hardware/tools/avr/bin/../lib/gcc/avr/4.3.2/../../../../avr/lib/avr6\libm.a(fp_nan.o)
 .text          0x00000760        0x0 c:/arduino/hardware/tools/avr/bin/../lib/gcc/avr/4.3.2/../../../../avr/lib/avr6\libm.a(fp_pscA.o)
 .text          0x00000760        0x0 c:/arduino/hardware/tools/avr/bin/../lib/gcc/avr/4.3.2/../../../../avr/lib/avr6\libm.a(fp_pscB.o)
 .text          0x00000760        0x0 c:/arduino/hardware/tools/avr/bin/../lib/gcc/avr/4.3.2/../../../../avr/lib/avr6\libm.a(fp_round.o)
 .text          0x00000760        0x0 c:/arduino/hardware/tools/avr/bin/../lib/gcc/avr/4.3.2/../../../../avr/lib/avr6\libm.a(fp_split3.o)
 .text          0x00000760        0x0 c:/arduino/hardware/tools/avr/bin/../lib/gcc/avr/4.3.2/../../../../avr/lib/avr6\libm.a(fp_zero.o)
 .text          0x00000760        0x0 c:/arduino/hardware/tools/avr/bin/../lib/gcc/avr/4.3.2/../../../../avr/lib/avr6\libm.a(gesf2.o)
 .text          0x00000760        0x0 c:/arduino/hardware/tools/avr/bin/../lib/gcc/avr/4.3.2/../../../../avr/lib/avr6\libm.a(mulsf3.o)
 .text          0x00000760        0x0 c:/arduino/hardware/tools/avr/bin/../lib/gcc/avr/4.3.2/../../../../avr/lib/avr6\libm.a(mulsf3x.o)
 .text          0x00000760      0x712 c:/arduino/hardware/tools/avr/bin/../lib/gcc/avr/4.3.2/../../../../avr/lib/avr6\libprintf_flt.a(vfprintf_flt.o)
                0x00000760                vfprintf
 .text          0x00000e72        0x0 C:\Users\Nick\workspace\CEG4166_RTS_Lib\Release\libCEG4166_RTS_Lib.a(usartSerial.o)
 .text          0x00000e72        0x0 c:/arduino/hardware/tools/avr/bin/../lib/gcc/avr/4.3.2/avr6\libgcc.a(_mulsi3.o)
 .text          0x00000e72        0x0 c:/arduino/hardware/tools/avr/bin/../lib/gcc/avr/4.3.2/avr6\libgcc.a(_udivmodhi4.o)
 .text          0x00000e72        0x0 c:/arduino/hardware/tools/avr/bin/../lib/gcc/avr/4.3.2/avr6\libgcc.a(_divmodhi4.o)
 .text          0x00000e72        0x0 c:/arduino/hardware/tools/avr/bin/../lib/gcc/avr/4.3.2/avr6\libgcc.a(_udivmodsi4.o)
 .text          0x00000e72        0x0 c:/arduino/hardware/tools/avr/bin/../lib/gcc/avr/4.3.2/avr6\libgcc.a(_prologue.o)
 .text          0x00000e72        0x0 c:/arduino/hardware/tools/avr/bin/../lib/gcc/avr/4.3.2/avr6\libgcc.a(_epilogue.o)
 .text          0x00000e72        0x0 c:/arduino/hardware/tools/avr/bin/../lib/gcc/avr/4.3.2/avr6\libgcc.a(_exit.o)
 .text          0x00000e72        0x0 c:/arduino/hardware/tools/avr/bin/../lib/gcc/avr/4.3.2/avr6\libgcc.a(_tablejump.o)
 .text          0x00000e72        0x0 c:/arduino/hardware/tools/avr/bin/../lib/gcc/avr/4.3.2/avr6\libgcc.a(_clear_bss.o)
 .text          0x00000e72      0x1b0 c:/arduino/hardware/tools/avr/bin/../lib/gcc/avr/4.3.2/../../../../avr/lib/avr6\libc.a(ftoa_engine.o)
                0x00000e72                __ftoa_engine
 .text          0x00001022       0x12 c:/arduino/hardware/tools/avr/bin/../lib/gcc/avr/4.3.2/../../../../avr/lib/avr6\libc.a(strlen_P.o)
                0x00001022                strlen_P
 .text          0x00001034       0x16 c:/arduino/hardware/tools/avr/bin/../lib/gcc/avr/4.3.2/../../../../avr/lib/avr6\libc.a(strnlen_P.o)
                0x00001034                strnlen_P
 .text          0x0000104a       0x12 c:/arduino/hardware/tools/avr/bin/../lib/gcc/avr/4.3.2/../../../../avr/lib/avr6\libc.a(memcpy.o)
                0x0000104a                memcpy
 .text          0x0000105c        0xe c:/arduino/hardware/tools/avr/bin/../lib/gcc/avr/4.3.2/../../../../avr/lib/avr6\libc.a(memset.o)
                0x0000105c                memset
 .text          0x0000106a       0x16 c:/arduino/hardware/tools/avr/bin/../lib/gcc/avr/4.3.2/../../../../avr/lib/avr6\libc.a(strcat.o)
                0x0000106a                strcat
 .text          0x00001080        0xe c:/arduino/hardware/tools/avr/bin/../lib/gcc/avr/4.3.2/../../../../avr/lib/avr6\libc.a(strcpy.o)
                0x00001080                strcpy
 .text          0x0000108e       0x20 c:/arduino/hardware/tools/avr/bin/../lib/gcc/avr/4.3.2/../../../../avr/lib/avr6\libc.a(strncat.o)
                0x0000108e                strncat
 .text          0x000010ae       0x1c c:/arduino/hardware/tools/avr/bin/../lib/gcc/avr/4.3.2/../../../../avr/lib/avr6\libc.a(strncmp.o)
                0x000010ae                strncmp
 .text          0x000010ca       0x1e c:/arduino/hardware/tools/avr/bin/../lib/gcc/avr/4.3.2/../../../../avr/lib/avr6\libc.a(strncpy.o)
                0x000010ca                strncpy
 .text          0x000010e8       0x16 c:/arduino/hardware/tools/avr/bin/../lib/gcc/avr/4.3.2/../../../../avr/lib/avr6\libc.a(strnlen.o)
                0x000010e8                strnlen
 .text          0x000010fe       0x34 c:/arduino/hardware/tools/avr/bin/../lib/gcc/avr/4.3.2/../../../../avr/lib/avr6\libc.a(strstr.o)
                0x000010fe                strstr
 .text          0x00001132       0x58 c:/arduino/hardware/tools/avr/bin/../lib/gcc/avr/4.3.2/../../../../avr/lib/avr6\libc.a(fputc.o)
                0x00001132                fputc
 .text          0x0000118a       0x48 c:/arduino/hardware/tools/avr/bin/../lib/gcc/avr/4.3.2/../../../../avr/lib/avr6\libc.a(sprintf.o)
                0x0000118a                sprintf
 .text          0x000011d2       0x54 c:/arduino/hardware/tools/avr/bin/../lib/gcc/avr/4.3.2/../../../../avr/lib/avr6\libc.a(vsnprintf.o)
                0x000011d2                vsnprintf
 .text          0x00001226       0x54 c:/arduino/hardware/tools/avr/bin/../lib/gcc/avr/4.3.2/../../../../avr/lib/avr6\libc.a(vsnprintf_p.o)
                0x00001226                vsnprintf_P
 .text          0x0000127a       0xbc c:/arduino/hardware/tools/avr/bin/../lib/gcc/avr/4.3.2/../../../../avr/lib/avr6\libc.a(ultoa_invert.o)
                0x0000127a                __ultoa_invert
                0x00001336                . = ALIGN (0x2)
 *(.text.*)
 .text.initAttachedMode
                0x00001336       0x1a ./src/attached_mode.o
                0x00001336                initAttachedMode
 .text.updateWheelsAttachedMode
                0x00001350       0x4a ./src/attached_mode.o
                0x00001350                updateWheelsAttachedMode
 .text.trackHeat
                0x0000139a       0xae ./src/attached_mode.o
                0x0000139a                trackHeat
 .text.readHeat
                0x00001448       0x1c ./src/attached_mode.o
                0x00001448                readHeat
 .text.updateCenterServoAttachedMode
                0x00001464       0x7c ./src/attached_mode.o
                0x00001464                updateCenterServoAttachedMode
 .text.updateLED
                0x000014e0       0x48 ./src/behaviour.o
                0x000014e0                updateLED
 .text.updateLCD
                0x00001528      0x122 ./src/behaviour.o
                0x00001528                updateLCD
 .text.updateCenterServo
                0x0000164a       0x38 ./src/behaviour.o
                0x0000164a                updateCenterServo
 .text.updateWheelSpeed
                0x00001682       0x14 ./src/behaviour.o
                0x00001682                updateWheelSpeed
 .text.updateWheels
                0x00001696       0x3c ./src/behaviour.o
                0x00001696                updateWheels
 .text.TaskMoveAndScan
                0x000016d2       0x16 ./src/behaviour.o
                0x000016d2                TaskMoveAndScan
 .text.updateState
                0x000016e8       0x66 ./src/behaviour.o
                0x000016e8                updateState
 .text.timerCallback
                0x0000174e        0x6 ./src/behaviour.o
                0x0000174e                timerCallback
 .text.initBehaviour
                0x00001754       0x56 ./src/behaviour.o
                0x00001754                initBehaviour
 .text.sendLCDCommand
                0x000017aa       0x1c ./src/lcd.o
                0x000017aa                sendLCDCommand
 .text.LCDPrint
                0x000017c6       0x42 ./src/lcd.o
                0x000017c6                LCDPrint
 .text.LCDInit  0x00001808       0x36 ./src/lcd.o
                0x00001808                LCDInit
 .text.initLED  0x0000183e       0x1e ./src/led.o
                0x0000183e                initLED
 .text.setColor
                0x0000185c       0x34 ./src/led.o
                0x0000185c                setColor
 .text.vApplicationStackOverflowHook
                0x00001890        0x2 ./src/main.o
                0x00001890                vApplicationStackOverflowHook
 .text.main     0x00001892       0x46 ./src/main.o
                0x00001892                main
 .text.motion_servo_start
                0x000018d8       0xc4 ./src/motion.o
                0x000018d8                motion_servo_start
 .text.motion_servo_stop
                0x0000199c       0x9e ./src/motion.o
                0x0000199c                motion_servo_stop
 .text.motion_servo_set_pulse_width
                0x00001a3a       0x36 ./src/motion.o
                0x00001a3a                motion_servo_set_pulse_width
 .text.motion_servo_get_pulse_width
                0x00001a70       0x2a ./src/motion.o
                0x00001a70                motion_servo_get_pulse_width
 .text.motion_enc_read
                0x00001a9a       0x5a ./src/motion.o
                0x00001a9a                motion_enc_read
 .text.__vector_45
                0x00001af4       0x4a ./src/motion.o
                0x00001af4                __vector_45
 .text.__vector_50
                0x00001b3e       0x4a ./src/motion.o
                0x00001b3e                __vector_50
 .text.__vector_41
                0x00001b88      0x116 ./src/motion.o
                0x00001b88                __vector_41
 .text.__vector_46
                0x00001c9e      0x11c ./src/motion.o
                0x00001c9e                __vector_46
 .text.motion_init
                0x00001dba      0x13e ./src/motion.o
                0x00001dba                motion_init
 .text.getPulseWidth
                0x00001ef8       0x4c ./src/servo.o
                0x00001ef8                getPulseWidth
 .text.getAverageSpeed
                0x00001f44       0x32 ./src/servo.o
                0x00001f44                getAverageSpeed
 .text.getTotalDistance
                0x00001f76       0x32 ./src/servo.o
                0x00001f76                getTotalDistance
 .text.getSpeedById
                0x00001fa8       0xb2 ./src/servo.o
                0x00001fa8                getSpeedById
 .text.getSpeed
                0x0000205a       0x82 ./src/servo.o
                0x0000205a                getSpeed
 .text.moveCenterServo
                0x000020dc       0xa2 ./src/servo.o
                0x000020dc                moveCenterServo
 .text.moveWheels
                0x0000217e      0x228 ./src/servo.o
                0x0000217e                moveWheels
 .text.servoInit
                0x000023a6       0x6e ./src/servo.o
                0x000023a6                servoInit
 .text.getAmbient
                0x00002414        0xa ./src/tempsensor.o
                0x00002414                getAmbient
 .text.getAverageLeft
                0x0000241e        0xa ./src/tempsensor.o
                0x0000241e                getAverageLeft
 .text.getAverageRight
                0x00002428        0xa ./src/tempsensor.o
                0x00002428                getAverageRight
 .text.readTemperatureValues
                0x00002432       0xd0 ./src/tempsensor.o
                0x00002432                readTemperatureValues
 .text.getTemperatureValues
                0x00002502       0x20 ./src/tempsensor.o
                0x00002502                getTemperatureValues
 .text.initTPA81
                0x00002522        0x8 ./src/tempsensor.o
                0x00002522                initTPA81
 .text.initTimer
                0x0000252a       0x3e ./src/timer.o
                0x0000252a                initTimer
 .text.getTime  0x00002568        0xa ./src/timer.o
                0x00002568                getTime
 .text.isTimerRepeatMultiple
                0x00002572       0x24 ./src/timer.o
                0x00002572                isTimerRepeatMultiple
 .text.__vector_35
                0x00002596       0x74 ./src/timer.o
                0x00002596                __vector_35
 .text.getClientResponse
                0x0000260a        0xa ./src/web_page.o
                0x0000260a                getClientResponse
 .text.createWebPage
                0x00002614       0x7a ./src/web_page.o
                0x00002614                createWebPage
 .text.gs_set_usart
                0x0000268e       0x42 ./src/wireless_interface.o
                0x0000268e                gs_set_usart
 .text.gs_get_socket_status
                0x000026d0       0x2c ./src/wireless_interface.o
                0x000026d0                gs_get_socket_status
 .text.gs_activate_socket
                0x000026fc       0x42 ./src/wireless_interface.o
                0x000026fc                gs_activate_socket
 .text.gs_get_active_socket
                0x0000273e        0x6 ./src/wireless_interface.o
                0x0000273e                gs_get_active_socket
 .text.gs_get_socket_protocol
                0x00002744       0x1e ./src/wireless_interface.o
                0x00002744                gs_get_socket_protocol
 .text.gs_get_socket_port
                0x00002762       0x1e ./src/wireless_interface.o
                0x00002762                gs_get_socket_port
 .text.gs_get_data_on_socket_status
                0x00002780       0x18 ./src/wireless_interface.o
                0x00002780                gs_get_data_on_socket_status
 .text.gs_configure_socket
                0x00002798       0x2e ./src/wireless_interface.o
                0x00002798                gs_configure_socket
 .text.gs_get_socket_having_active_connection_and_data
                0x000027c6       0x26 ./src/wireless_interface.o
                0x000027c6                gs_get_socket_having_active_connection_and_data
 .text.gs_get_socket_connection_status
                0x000027ec       0x30 ./src/wireless_interface.o
                0x000027ec                gs_get_socket_connection_status
 .text.get_next_client_response
                0x0000281c       0x2c ./src/wireless_interface.o
                0x0000281c                get_next_client_response
 .text.hex_to_int
                0x00002848       0x24 ./src/wireless_interface.o
                0x00002848                hex_to_int
 .text.int_to_hex
                0x0000286c       0x1a ./src/wireless_interface.o
                0x0000286c                int_to_hex
 .text.initialize_web_server
                0x00002886       0x20 ./src/wireless_interface.o
                0x00002886                initialize_web_server
 .text.gs_send_activation_status_to_serial_terminal
                0x000028a6      0x106 ./src/wireless_interface.o
                0x000028a6                gs_send_activation_status_to_serial_terminal
 .text.gs_send_command_response_to_serial_terminal
                0x000029ac      0x12c ./src/wireless_interface.o
                0x000029ac                gs_send_command_response_to_serial_terminal
 .text.gs_reset_socket
                0x00002ad8      0x162 ./src/wireless_interface.o
                0x00002ad8                gs_reset_socket
 .text.gs_parse_command_response_tcp
                0x00002c3a      0x398 ./src/wireless_interface.o
                0x00002c3a                gs_parse_command_response_tcp
 .text.gs_parse_command_response
                0x00002fd2       0xd8 ./src/wireless_interface.o
                0x00002fd2                gs_parse_command_response
 .text.gs_flush
                0x000030aa       0x3e ./src/wireless_interface.o
                0x000030aa                gs_flush
 .text.gs_send_command
                0x000030e8      0x6fa ./src/wireless_interface.o
                0x000030e8                gs_send_command
 .text.gs_get_command_response
                0x000037e2       0xcc ./src/wireless_interface.o
                0x000037e2                gs_get_command_response
 .text.gs_read_data_from_socket
                0x000038ae      0x23c ./src/wireless_interface.o
                0x000038ae                gs_read_data_from_socket
 .text.gs_disconnect_deactivate_socket
                0x00003aea      0x17e ./src/wireless_interface.o
                0x00003aea                gs_disconnect_deactivate_socket
 .text.gs_enable_activate_socket
                0x00003c68       0xaa ./src/wireless_interface.o
                0x00003c68                gs_enable_activate_socket
 .text.start_web_server
                0x00003d12       0xc6 ./src/wireless_interface.o
                0x00003d12                start_web_server
 .text.gs_activate_wireless_connection
                0x00003dd8      0x256 ./src/wireless_interface.o
                0x00003dd8                gs_activate_wireless_connection
 .text.gs_initialize_gainspan
                0x0000402e      0x1c8 ./src/wireless_interface.o
                0x0000402e                gs_initialize_gainspan
 .text.gs_initialize_module
                0x000041f6       0x6e ./src/wireless_interface.o
                0x000041f6                gs_initialize_module
 .text.gs_set_webserver_authentication
                0x00004264       0x32 ./src/wireless_interface.o
                0x00004264                gs_set_webserver_authentication
 .text.gs_set_wireless_ssid
                0x00004296       0x10 ./src/wireless_interface.o
                0x00004296                gs_set_wireless_ssid
 .text.gs_set_wireless_configuration
                0x000042a6       0x8e ./src/wireless_interface.o
                0x000042a6                gs_set_wireless_configuration
 .text.gs_set_network_configuration
                0x00004334       0x54 ./src/wireless_interface.o
                0x00004334                gs_set_network_configuration
 .text.add_element_choice
                0x00004388      0x112 ./src/wireless_interface.o
                0x00004388                add_element_choice
 .text.configure_web_page
                0x0000449a      0x1ae ./src/wireless_interface.o
                0x0000449a                configure_web_page
 .text.gs_write_data_to_socket
                0x00004648      0x1a8 ./src/wireless_interface.o
                0x00004648                gs_write_data_to_socket
 .text.process_client_request
                0x000047f0      0x446 ./src/wireless_interface.o
                0x000047f0                process_client_request
 .text.I2C_Slave_Start_Transceiver
                0x00004c36       0x1a C:/Users/Nick/workspace/FreeRTOS801/Release/libFreeRTOS801.a(i2cMultiMaster.o)
                0x00004c36                I2C_Slave_Start_Transceiver
 .text.I2C_Master_Start_Transceiver
                0x00004c50       0x1a C:/Users/Nick/workspace/FreeRTOS801/Release/libFreeRTOS801.a(i2cMultiMaster.o)
                0x00004c50                I2C_Master_Start_Transceiver
 .text.I2C_Slave_Start_Transceiver_With_Data
                0x00004c6a       0x40 C:/Users/Nick/workspace/FreeRTOS801/Release/libFreeRTOS801.a(i2cMultiMaster.o)
                0x00004c6a                I2C_Slave_Start_Transceiver_With_Data
 .text.I2C_Master_Start_Transceiver_With_Data
                0x00004caa       0x4e C:/Users/Nick/workspace/FreeRTOS801/Release/libFreeRTOS801.a(i2cMultiMaster.o)
                0x00004caa                I2C_Master_Start_Transceiver_With_Data
 .text.I2C_Slave_Get_Data_From_Transceiver
                0x00004cf8       0x48 C:/Users/Nick/workspace/FreeRTOS801/Release/libFreeRTOS801.a(i2cMultiMaster.o)
                0x00004cf8                I2C_Slave_Get_Data_From_Transceiver
 .text.I2C_Master_Get_Data_From_Transceiver
                0x00004d40       0x40 C:/Users/Nick/workspace/FreeRTOS801/Release/libFreeRTOS801.a(i2cMultiMaster.o)
                0x00004d40                I2C_Master_Get_Data_From_Transceiver
 .text.I2C_Check_Free_After_Stop
                0x00004d80       0x12 C:/Users/Nick/workspace/FreeRTOS801/Release/libFreeRTOS801.a(i2cMultiMaster.o)
                0x00004d80                I2C_Check_Free_After_Stop
 .text.I2C_Get_State_Info
                0x00004d92        0xe C:/Users/Nick/workspace/FreeRTOS801/Release/libFreeRTOS801.a(i2cMultiMaster.o)
                0x00004d92                I2C_Get_State_Info
 .text.__vector_39
                0x00004da0      0x1b2 C:/Users/Nick/workspace/FreeRTOS801/Release/libFreeRTOS801.a(i2cMultiMaster.o)
                0x00004da0                __vector_39
 .text.I2C_Master_Initialise
                0x00004f52       0x60 C:/Users/Nick/workspace/FreeRTOS801/Release/libFreeRTOS801.a(i2cMultiMaster.o)
                0x00004f52                I2C_Master_Initialise
 .text.I2C_Slave_Initialise
                0x00004fb2       0x50 C:/Users/Nick/workspace/FreeRTOS801/Release/libFreeRTOS801.a(i2cMultiMaster.o)
                0x00004fb2                I2C_Slave_Initialise
 .text.hot      0x00005002      0x2f8 C:/Users/Nick/workspace/FreeRTOS801/Release/libFreeRTOS801.a(heap_4.o)
                0x00005002                xPortGetFreeHeapSize
                0x00005018                vPortFree
                0x000050fe                pvPortMalloc
                0x00005016                vPortInitialiseBlocks
                0x0000500c                xPortGetMinimumEverFreeHeapSize
 .text.hot      0x000052fa      0xc06 C:/Users/Nick/workspace/FreeRTOS801/Release/libFreeRTOS801.a(queue.o)
                0x000057ec                xQueueGenericSendFromISR
                0x0000537a                xQueuePeekFromISR
                0x00005324                uxQueueGetQueueNumber
                0x0000535c                vQueueDelete
                0x000058fe                xQueueGenericSend
                0x00005330                ucQueueGetQueueType
                0x000053d4                xQueueReceiveFromISR
                0x00005e24                xQueueGenericCreate
                0x0000532a                vQueueSetQueueNumber
                0x0000530a                uxQueueSpacesAvailable
                0x00005346                xQueueIsQueueFullFromISR
                0x00005464                xQueueGenericReceive
                0x000052fa                uxQueueMessagesWaiting
                0x00005d94                xQueueGenericReset
                0x0000531e                uxQueueMessagesWaitingFromISR
                0x00005336                xQueueIsQueueEmptyFromISR
                0x00005cb2                xQueueCreateMutex
 .text.hot      0x00005f00     0x3098 C:/Users/Nick/workspace/FreeRTOS801/Release/libFreeRTOS801.a(tasks.o)
                0x0000662a                vTaskPlaceOnUnorderedEventList
                0x00006bae                vTaskGetRunTimeStats
                0x00008bb6                vTaskEndScheduler
                0x00006708                vTaskPlaceOnEventList
                0x00008bc2                xTaskGenericCreate
                0x00006146                uxTaskGetStackHighWaterMark
                0x0000657c                xTaskResumeFromISR
                0x00005f0c                xTaskGetTickCount
                0x00006334                xTaskRemoveFromEventList
                0x00008aec                vTaskDelete
                0x00005f4a                xTaskCheckForTimeOut
                0x00005f00                vTaskSuspendAll
                0x00005f22                xTaskGetTickCountFromISR
                0x000061c0                vTaskPriorityDisinherit
                0x00006224                vTaskPriorityInherit
                0x000081ee                vTaskResume
                0x000067d8                vTaskSwitchContext
                0x00005fde                vTaskSetTaskNumber
                0x0000827a                vTaskSuspend
                0x00005f2e                uxTaskGetNumberOfTasks
                0x000076fc                vTaskList
                0x00005fd0                uxTaskGetTaskNumber
                0x000087ac                vTaskDelayUntil
                0x00006184                xTaskGetCurrentTaskHandle
                0x000062c4                xTaskRemoveFromUnorderedEventList
                0x00006934                xTaskResumeAll
                0x00008dcc                vTaskStartScheduler
                0x00005fc8                vTaskMissedYield
                0x000063c6                xTaskIncrementTick
                0x0000849c                vTaskDelay
                0x00005f34                vTaskSetTimeOutState
                0x00006190                uxTaskResetEventItemValue
 .text.uxTaskGetSystemState
                0x00008f98      0x102 C:/Users/Nick/workspace/FreeRTOS801/Release/libFreeRTOS801.a(tasks.o)
                0x00008f98                uxTaskGetSystemState
 .text.hot      0x0000909a      0x12a C:/Users/Nick/workspace/FreeRTOS801/Release/libFreeRTOS801.a(port.o)
                0x00009130                xPortStartScheduler
                0x000091c2                vPortEndScheduler
                0x0000909a                pxPortInitialiseStack
 .text.vPortYieldFromTick
                0x000091c4       0xf8 C:/Users/Nick/workspace/FreeRTOS801/Release/libFreeRTOS801.a(port.o)
                0x000091c4                vPortYieldFromTick
 .text.__vector_32
                0x000092bc        0x6 C:/Users/Nick/workspace/FreeRTOS801/Release/libFreeRTOS801.a(port.o)
                0x000092bc                __vector_32
 .text.vPortYield
                0x000092c2       0xc2 C:/Users/Nick/workspace/FreeRTOS801/Release/libFreeRTOS801.a(port.o)
                0x000092c2                vPortYield
 .text.vListInitialise
                0x00009384       0x20 C:/Users/Nick/workspace/FreeRTOS801/Release/libFreeRTOS801.a(list.o)
                0x00009384                vListInitialise
 .text.vListInitialiseItem
                0x000093a4        0x8 C:/Users/Nick/workspace/FreeRTOS801/Release/libFreeRTOS801.a(list.o)
                0x000093a4                vListInitialiseItem
 .text.vListInsertEnd
                0x000093ac       0x3e C:/Users/Nick/workspace/FreeRTOS801/Release/libFreeRTOS801.a(list.o)
                0x000093ac                vListInsertEnd
 .text.vListInsert
                0x000093ea       0x64 C:/Users/Nick/workspace/FreeRTOS801/Release/libFreeRTOS801.a(list.o)
                0x000093ea                vListInsert
 .text.uxListRemove
                0x0000944e       0x56 C:/Users/Nick/workspace/FreeRTOS801/Release/libFreeRTOS801.a(list.o)
                0x0000944e                uxListRemove
 .text.xconfigTimerForRunTimeStats
                0x000094a4       0x18 C:/Users/Nick/workspace/FreeRTOS801/Release/libFreeRTOS801.a(runtTimeStatsTimer.o)
                0x000094a4                xconfigTimerForRunTimeStats
 .text.fplib    0x000094bc        0xa c:/arduino/hardware/tools/avr/bin/../lib/gcc/avr/4.3.2/../../../../avr/lib/avr6\libm.a(addsf3.o)
                0x000094bc                __subsf3
                0x000094be                __addsf3
 .text.fplib    0x000094c6       0xc0 c:/arduino/hardware/tools/avr/bin/../lib/gcc/avr/4.3.2/../../../../avr/lib/avr6\libm.a(addsf3x.o)
                0x000094e0                __addsf3x
 .text.fplib    0x00009586        0x8 c:/arduino/hardware/tools/avr/bin/../lib/gcc/avr/4.3.2/../../../../avr/lib/avr6\libm.a(cmpsf2.o)
                0x00009586                __lesf2
                0x00009586                __nesf2
                0x00009586                __eqsf2
                0x00009586                __cmpsf2
                0x00009586                __ltsf2
 .text.fplib    0x0000958e        0x4 c:/arduino/hardware/tools/avr/bin/../lib/gcc/avr/4.3.2/../../../../avr/lib/avr6\libm.a(divsf3.o)
                0x0000958e                __divsf3
 .text.fplib    0x00009592       0xcc c:/arduino/hardware/tools/avr/bin/../lib/gcc/avr/4.3.2/../../../../avr/lib/avr6\libm.a(divsf3x.o)
                0x000095a8                __divsf3x
                0x000095ac                __divsf3_pse
 .text.fplib    0x0000965e        0xa c:/arduino/hardware/tools/avr/bin/../lib/gcc/avr/4.3.2/../../../../avr/lib/avr6\libm.a(fixsfsi.o)
                0x0000965e                __fixsfsi
 .text.fplib    0x00009668       0x58 c:/arduino/hardware/tools/avr/bin/../lib/gcc/avr/4.3.2/../../../../avr/lib/avr6\libm.a(fixunssfsi.o)
                0x00009668                __fixunssfsi
 .text.fplib    0x000096c0       0x7a c:/arduino/hardware/tools/avr/bin/../lib/gcc/avr/4.3.2/../../../../avr/lib/avr6\libm.a(floatsisf.o)
                0x000096c4                __floatsisf
                0x000096c0                __floatunsisf
 .text.fplib    0x0000973a       0x48 c:/arduino/hardware/tools/avr/bin/../lib/gcc/avr/4.3.2/../../../../avr/lib/avr6\libm.a(fp_cmp.o)
                0x0000973a                __fp_cmp
 .text.fplib    0x00009782        0xc c:/arduino/hardware/tools/avr/bin/../lib/gcc/avr/4.3.2/../../../../avr/lib/avr6\libm.a(fp_inf.o)
                0x00009782                __fp_inf
 .text.fplib    0x0000978e        0x6 c:/arduino/hardware/tools/avr/bin/../lib/gcc/avr/4.3.2/../../../../avr/lib/avr6\libm.a(fp_nan.o)
                0x0000978e                __fp_nan
 .text.fplib    0x00009794        0xe c:/arduino/hardware/tools/avr/bin/../lib/gcc/avr/4.3.2/../../../../avr/lib/avr6\libm.a(fp_pscA.o)
                0x00009794                __fp_pscA
 .text.fplib    0x000097a2        0xe c:/arduino/hardware/tools/avr/bin/../lib/gcc/avr/4.3.2/../../../../avr/lib/avr6\libm.a(fp_pscB.o)
                0x000097a2                __fp_pscB
 .text.fplib    0x000097b0       0x22 c:/arduino/hardware/tools/avr/bin/../lib/gcc/avr/4.3.2/../../../../avr/lib/avr6\libm.a(fp_round.o)
                0x000097b0                __fp_round
 .text.fplib    0x000097d2       0x44 c:/arduino/hardware/tools/avr/bin/../lib/gcc/avr/4.3.2/../../../../avr/lib/avr6\libm.a(fp_split3.o)
                0x000097d2                __fp_split3
                0x000097e2                __fp_splitA
 .text.fplib    0x00009816        0xe c:/arduino/hardware/tools/avr/bin/../lib/gcc/avr/4.3.2/../../../../avr/lib/avr6\libm.a(fp_zero.o)
                0x00009816                __fp_zero
                0x00009818                __fp_szero
 .text.fplib    0x00009824        0x8 c:/arduino/hardware/tools/avr/bin/../lib/gcc/avr/4.3.2/../../../../avr/lib/avr6\libm.a(gesf2.o)
                0x00009824                __gtsf2
                0x00009824                __gesf2
 .text.fplib    0x0000982c        0x4 c:/arduino/hardware/tools/avr/bin/../lib/gcc/avr/4.3.2/../../../../avr/lib/avr6\libm.a(mulsf3.o)
                0x0000982c                __mulsf3
 .text.fplib    0x00009830       0xc2 c:/arduino/hardware/tools/avr/bin/../lib/gcc/avr/4.3.2/../../../../avr/lib/avr6\libm.a(mulsf3x.o)
                0x00009848                __mulsf3_pse
                0x00009844                __mulsf3x
 .text.setDefaultUSART
                0x000098f2        0x6 C:\Users\Nick\workspace\CEG4166_RTS_Lib\Release\libCEG4166_RTS_Lib.a(usartSerial.o)
                0x000098f2                setDefaultUSART
 .text.usartWrite
                0x000098f8       0x52 C:\Users\Nick\workspace\CEG4166_RTS_Lib\Release\libCEG4166_RTS_Lib.a(usartSerial.o)
                0x000098f8                usartWrite
 .text.usartRead
                0x0000994a       0x5c C:\Users\Nick\workspace\CEG4166_RTS_Lib\Release\libCEG4166_RTS_Lib.a(usartSerial.o)
                0x0000994a                usartRead
 .text.usart_xflushRx
                0x000099a6       0x82 C:\Users\Nick\workspace\CEG4166_RTS_Lib\Release\libCEG4166_RTS_Lib.a(usartSerial.o)
                0x000099a6                usart_xflushRx
 .text.usart_AvailableCharRx
                0x00009a28       0x2a C:\Users\Nick\workspace\CEG4166_RTS_Lib\Release\libCEG4166_RTS_Lib.a(usartSerial.o)
                0x00009a28                usart_AvailableCharRx
 .text.usart_xgetChar
                0x00009a52       0x8a C:\Users\Nick\workspace\CEG4166_RTS_Lib\Release\libCEG4166_RTS_Lib.a(usartSerial.o)
                0x00009a52                usart_xgetChar
 .text.usart_xputChar
                0x00009adc      0x116 C:\Users\Nick\workspace\CEG4166_RTS_Lib\Release\libCEG4166_RTS_Lib.a(usartSerial.o)
                0x00009adc                usart_xputChar
 .text.usartCheckRxComplete
                0x00009bf2       0x24 C:\Users\Nick\workspace\CEG4166_RTS_Lib\Release\libCEG4166_RTS_Lib.a(usartSerial.o)
                0x00009bf2                usartCheckRxComplete
 .text.usart_rx_isr
                0x00009c16       0xd0 C:\Users\Nick\workspace\CEG4166_RTS_Lib\Release\libCEG4166_RTS_Lib.a(usartSerial.o)
                0x00009c16                usart_rx_isr
 .text.__vector_54
                0x00009ce6       0x52 C:\Users\Nick\workspace\CEG4166_RTS_Lib\Release\libCEG4166_RTS_Lib.a(usartSerial.o)
                0x00009ce6                __vector_54
 .text.__vector_51
                0x00009d38       0x52 C:\Users\Nick\workspace\CEG4166_RTS_Lib\Release\libCEG4166_RTS_Lib.a(usartSerial.o)
                0x00009d38                __vector_51
 .text.__vector_36
                0x00009d8a       0x52 C:\Users\Nick\workspace\CEG4166_RTS_Lib\Release\libCEG4166_RTS_Lib.a(usartSerial.o)
                0x00009d8a                __vector_36
 .text.__vector_25
                0x00009ddc       0x52 C:\Users\Nick\workspace\CEG4166_RTS_Lib\Release\libCEG4166_RTS_Lib.a(usartSerial.o)
                0x00009ddc                __vector_25
 .text.usart_tx_isr
                0x00009e2e       0xb6 C:\Users\Nick\workspace\CEG4166_RTS_Lib\Release\libCEG4166_RTS_Lib.a(usartSerial.o)
                0x00009e2e                usart_tx_isr
 .text.__vector_55
                0x00009ee4       0x52 C:\Users\Nick\workspace\CEG4166_RTS_Lib\Release\libCEG4166_RTS_Lib.a(usartSerial.o)
                0x00009ee4                __vector_55
 .text.__vector_52
                0x00009f36       0x52 C:\Users\Nick\workspace\CEG4166_RTS_Lib\Release\libCEG4166_RTS_Lib.a(usartSerial.o)
                0x00009f36                __vector_52
 .text.__vector_37
                0x00009f88       0x52 C:\Users\Nick\workspace\CEG4166_RTS_Lib\Release\libCEG4166_RTS_Lib.a(usartSerial.o)
                0x00009f88                __vector_37
 .text.__vector_26
                0x00009fda       0x52 C:\Users\Nick\workspace\CEG4166_RTS_Lib\Release\libCEG4166_RTS_Lib.a(usartSerial.o)
                0x00009fda                __vector_26
 .text.usart_xfprint_P
                0x0000a02c       0x48 C:\Users\Nick\workspace\CEG4166_RTS_Lib\Release\libCEG4166_RTS_Lib.a(usartSerial.o)
                0x0000a02c                usart_xfprint_P
 .text.usart_xprint_P
                0x0000a074        0xc C:\Users\Nick\workspace\CEG4166_RTS_Lib\Release\libCEG4166_RTS_Lib.a(usartSerial.o)
                0x0000a074                usart_xprint_P
 .text.usart_fprint_P
                0x0000a080       0x8a C:\Users\Nick\workspace\CEG4166_RTS_Lib\Release\libCEG4166_RTS_Lib.a(usartSerial.o)
                0x0000a080                usart_fprint_P
 .text.usart_print_P
                0x0000a10a        0xc C:\Users\Nick\workspace\CEG4166_RTS_Lib\Release\libCEG4166_RTS_Lib.a(usartSerial.o)
                0x0000a10a                usart_print_P
 .text.usart_xfprint
                0x0000a116       0x50 C:\Users\Nick\workspace\CEG4166_RTS_Lib\Release\libCEG4166_RTS_Lib.a(usartSerial.o)
                0x0000a116                usart_xfprint
 .text.usart_xfprintf_P_arg
                0x0000a166       0x7a C:\Users\Nick\workspace\CEG4166_RTS_Lib\Release\libCEG4166_RTS_Lib.a(usartSerial.o)
                0x0000a166                usart_xfprintf_P_arg
 .text.usart_xfprintf_arg
                0x0000a1e0       0x7a C:\Users\Nick\workspace\CEG4166_RTS_Lib\Release\libCEG4166_RTS_Lib.a(usartSerial.o)
                0x0000a1e0                usart_xfprintf_arg
 .text.usart_xprint
                0x0000a25a        0xc C:\Users\Nick\workspace\CEG4166_RTS_Lib\Release\libCEG4166_RTS_Lib.a(usartSerial.o)
                0x0000a25a                usart_xprint
 .text.usart_fprint
                0x0000a266       0x84 C:\Users\Nick\workspace\CEG4166_RTS_Lib\Release\libCEG4166_RTS_Lib.a(usartSerial.o)
                0x0000a266                usart_fprint
 .text.usart_fprintf_P_arg
                0x0000a2ea       0x5c C:\Users\Nick\workspace\CEG4166_RTS_Lib\Release\libCEG4166_RTS_Lib.a(usartSerial.o)
                0x0000a2ea                usart_fprintf_P_arg
 .text.usart_fprintf_arg
                0x0000a346       0x58 C:\Users\Nick\workspace\CEG4166_RTS_Lib\Release\libCEG4166_RTS_Lib.a(usartSerial.o)
                0x0000a346                usart_fprintf_arg
 .text.usart_print
                0x0000a39e        0xc C:\Users\Nick\workspace\CEG4166_RTS_Lib\Release\libCEG4166_RTS_Lib.a(usartSerial.o)
                0x0000a39e                usart_print
 .text.usart_xfprintf_P
                0x0000a3aa       0x20 C:\Users\Nick\workspace\CEG4166_RTS_Lib\Release\libCEG4166_RTS_Lib.a(usartSerial.o)
                0x0000a3aa                usart_xfprintf_P
 .text.usart_xfprintf
                0x0000a3ca       0x20 C:\Users\Nick\workspace\CEG4166_RTS_Lib\Release\libCEG4166_RTS_Lib.a(usartSerial.o)
                0x0000a3ca                usart_xfprintf
 .text.usart_xprintf_P
                0x0000a3ea       0x20 C:\Users\Nick\workspace\CEG4166_RTS_Lib\Release\libCEG4166_RTS_Lib.a(usartSerial.o)
                0x0000a3ea                usart_xprintf_P
 .text.usart_xprintf
                0x0000a40a       0x20 C:\Users\Nick\workspace\CEG4166_RTS_Lib\Release\libCEG4166_RTS_Lib.a(usartSerial.o)
                0x0000a40a                usart_xprintf
 .text.usart_fprintf_P
                0x0000a42a       0x20 C:\Users\Nick\workspace\CEG4166_RTS_Lib\Release\libCEG4166_RTS_Lib.a(usartSerial.o)
                0x0000a42a                usart_fprintf_P
 .text.usart_fprintf
                0x0000a44a       0x20 C:\Users\Nick\workspace\CEG4166_RTS_Lib\Release\libCEG4166_RTS_Lib.a(usartSerial.o)
                0x0000a44a                usart_fprintf
 .text.usart_printf_P
                0x0000a46a       0x20 C:\Users\Nick\workspace\CEG4166_RTS_Lib\Release\libCEG4166_RTS_Lib.a(usartSerial.o)
                0x0000a46a                usart_printf_P
 .text.usart_printf
                0x0000a48a       0x20 C:\Users\Nick\workspace\CEG4166_RTS_Lib\Release\libCEG4166_RTS_Lib.a(usartSerial.o)
                0x0000a48a                usart_printf
 .text.usartClose
                0x0000a4aa       0x82 C:\Users\Nick\workspace\CEG4166_RTS_Lib\Release\libCEG4166_RTS_Lib.a(usartSerial.o)
                0x0000a4aa                usartClose
 .text.usartOpen
                0x0000a52c      0x18a C:\Users\Nick\workspace\CEG4166_RTS_Lib\Release\libCEG4166_RTS_Lib.a(usartSerial.o)
                0x0000a52c                usartOpen
 .text.libgcc   0x0000a6b6       0x3e c:/arduino/hardware/tools/avr/bin/../lib/gcc/avr/4.3.2/avr6\libgcc.a(_mulsi3.o)
                0x0000a6b6                __mulsi3
 .text.libgcc   0x0000a6f4       0x28 c:/arduino/hardware/tools/avr/bin/../lib/gcc/avr/4.3.2/avr6\libgcc.a(_udivmodhi4.o)
                0x0000a6f4                __udivmodhi4
 .text.libgcc   0x0000a71c       0x26 c:/arduino/hardware/tools/avr/bin/../lib/gcc/avr/4.3.2/avr6\libgcc.a(_divmodhi4.o)
                0x0000a71c                __divmodhi4
                0x0000a71c                _div
 .text.libgcc   0x0000a742       0x44 c:/arduino/hardware/tools/avr/bin/../lib/gcc/avr/4.3.2/avr6\libgcc.a(_udivmodsi4.o)
                0x0000a742                __udivmodsi4
 .text.libgcc   0x0000a786       0x38 c:/arduino/hardware/tools/avr/bin/../lib/gcc/avr/4.3.2/avr6\libgcc.a(_prologue.o)
                0x0000a786                __prologue_saves__
 .text.libgcc   0x0000a7be       0x36 c:/arduino/hardware/tools/avr/bin/../lib/gcc/avr/4.3.2/avr6\libgcc.a(_epilogue.o)
                0x0000a7be                __epilogue_restores__
 .text.libgcc   0x0000a7f4        0x0 c:/arduino/hardware/tools/avr/bin/../lib/gcc/avr/4.3.2/avr6\libgcc.a(_exit.o)
 .text.libgcc   0x0000a7f4        0xc c:/arduino/hardware/tools/avr/bin/../lib/gcc/avr/4.3.2/avr6\libgcc.a(_tablejump.o)
                0x0000a7f8                __tablejump__
                0x0000a7f4                __tablejump2__
 .text.libgcc   0x0000a800        0x0 c:/arduino/hardware/tools/avr/bin/../lib/gcc/avr/4.3.2/avr6\libgcc.a(_clear_bss.o)
                0x0000a800                . = ALIGN (0x2)
 *(.fini9)
 .fini9         0x0000a800        0x0 c:/arduino/hardware/tools/avr/bin/../lib/gcc/avr/4.3.2/avr6\libgcc.a(_exit.o)
                0x0000a800                exit
                0x0000a800                _exit
 *(.fini9)
 *(.fini8)
 *(.fini8)
 *(.fini7)
 *(.fini7)
 *(.fini6)
 *(.fini6)
 *(.fini5)
 *(.fini5)
 *(.fini4)
 *(.fini4)
 *(.fini3)
 *(.fini3)
 *(.fini2)
 *(.fini2)
 *(.fini1)
 *(.fini1)
 *(.fini0)
 .fini0         0x0000a800        0x4 c:/arduino/hardware/tools/avr/bin/../lib/gcc/avr/4.3.2/avr6\libgcc.a(_exit.o)
 *(.fini0)
                0x0000a804                _etext = .

.data           0x00800200      0x822 load address 0x0000a804
                0x00800200                PROVIDE (__data_start, .)
 *(.data)
 .data          0x00800200        0x0 c:/arduino/hardware/tools/avr/bin/../lib/gcc/avr/4.3.2/../../../../avr/lib/avr6/crtm2560.o
 .data          0x00800200        0x0 ./src/attached_mode.o
 .data          0x00800200       0x1f ./src/behaviour.o
 .data          0x0080021f        0x0 ./src/lcd.o
 .data          0x0080021f        0x0 ./src/led.o
 .data          0x0080021f        0x0 ./src/main.o
 .data          0x0080021f        0x0 ./src/motion.o
 .data          0x0080021f        0x0 ./src/servo.o
 .data          0x0080021f        0x0 ./src/tempsensor.o
 .data          0x0080021f        0x0 ./src/timer.o
 .data          0x0080021f       0x66 ./src/web_page.o
 .data          0x00800285      0x697 ./src/wireless_interface.o
 .data          0x0080091c        0x0 C:/Users/Nick/workspace/FreeRTOS801/Release/libFreeRTOS801.a(i2cMultiMaster.o)
 .data          0x0080091c        0x0 C:/Users/Nick/workspace/FreeRTOS801/Release/libFreeRTOS801.a(heap_4.o)
 .data          0x0080091c        0x0 C:/Users/Nick/workspace/FreeRTOS801/Release/libFreeRTOS801.a(queue.o)
 .data          0x0080091c       0x35 C:/Users/Nick/workspace/FreeRTOS801/Release/libFreeRTOS801.a(tasks.o)
 .data          0x00800951        0x0 C:/Users/Nick/workspace/FreeRTOS801/Release/libFreeRTOS801.a(port.o)
 .data          0x00800951        0x0 C:/Users/Nick/workspace/FreeRTOS801/Release/libFreeRTOS801.a(system_tick.o)
 .data          0x00800951        0x0 C:/Users/Nick/workspace/FreeRTOS801/Release/libFreeRTOS801.a(system_time.o)
 .data          0x00800951        0x0 C:/Users/Nick/workspace/FreeRTOS801/Release/libFreeRTOS801.a(list.o)
 .data          0x00800951        0x0 C:/Users/Nick/workspace/FreeRTOS801/Release/libFreeRTOS801.a(runtTimeStatsTimer.o)
 .data          0x00800951        0x0 c:/arduino/hardware/tools/avr/bin/../lib/gcc/avr/4.3.2/../../../../avr/lib/avr6\libm.a(addsf3.o)
 .data          0x00800951        0x0 c:/arduino/hardware/tools/avr/bin/../lib/gcc/avr/4.3.2/../../../../avr/lib/avr6\libm.a(addsf3x.o)
 .data          0x00800951        0x0 c:/arduino/hardware/tools/avr/bin/../lib/gcc/avr/4.3.2/../../../../avr/lib/avr6\libm.a(cmpsf2.o)
 .data          0x00800951        0x0 c:/arduino/hardware/tools/avr/bin/../lib/gcc/avr/4.3.2/../../../../avr/lib/avr6\libm.a(divsf3.o)
 .data          0x00800951        0x0 c:/arduino/hardware/tools/avr/bin/../lib/gcc/avr/4.3.2/../../../../avr/lib/avr6\libm.a(divsf3x.o)
 .data          0x00800951        0x0 c:/arduino/hardware/tools/avr/bin/../lib/gcc/avr/4.3.2/../../../../avr/lib/avr6\libm.a(fixsfsi.o)
 .data          0x00800951        0x0 c:/arduino/hardware/tools/avr/bin/../lib/gcc/avr/4.3.2/../../../../avr/lib/avr6\libm.a(fixunssfsi.o)
 .data          0x00800951        0x0 c:/arduino/hardware/tools/avr/bin/../lib/gcc/avr/4.3.2/../../../../avr/lib/avr6\libm.a(floatsisf.o)
 .data          0x00800951        0x0 c:/arduino/hardware/tools/avr/bin/../lib/gcc/avr/4.3.2/../../../../avr/lib/avr6\libm.a(fp_cmp.o)
 .data          0x00800951        0x0 c:/arduino/hardware/tools/avr/bin/../lib/gcc/avr/4.3.2/../../../../avr/lib/avr6\libm.a(fp_inf.o)
 .data          0x00800951        0x0 c:/arduino/hardware/tools/avr/bin/../lib/gcc/avr/4.3.2/../../../../avr/lib/avr6\libm.a(fp_nan.o)
 .data          0x00800951        0x0 c:/arduino/hardware/tools/avr/bin/../lib/gcc/avr/4.3.2/../../../../avr/lib/avr6\libm.a(fp_pscA.o)
 .data          0x00800951        0x0 c:/arduino/hardware/tools/avr/bin/../lib/gcc/avr/4.3.2/../../../../avr/lib/avr6\libm.a(fp_pscB.o)
 .data          0x00800951        0x0 c:/arduino/hardware/tools/avr/bin/../lib/gcc/avr/4.3.2/../../../../avr/lib/avr6\libm.a(fp_round.o)
 .data          0x00800951        0x0 c:/arduino/hardware/tools/avr/bin/../lib/gcc/avr/4.3.2/../../../../avr/lib/avr6\libm.a(fp_split3.o)
 .data          0x00800951        0x0 c:/arduino/hardware/tools/avr/bin/../lib/gcc/avr/4.3.2/../../../../avr/lib/avr6\libm.a(fp_zero.o)
 .data          0x00800951        0x0 c:/arduino/hardware/tools/avr/bin/../lib/gcc/avr/4.3.2/../../../../avr/lib/avr6\libm.a(gesf2.o)
 .data          0x00800951        0x0 c:/arduino/hardware/tools/avr/bin/../lib/gcc/avr/4.3.2/../../../../avr/lib/avr6\libm.a(mulsf3.o)
 .data          0x00800951        0x0 c:/arduino/hardware/tools/avr/bin/../lib/gcc/avr/4.3.2/../../../../avr/lib/avr6\libm.a(mulsf3x.o)
 .data          0x00800951        0x0 c:/arduino/hardware/tools/avr/bin/../lib/gcc/avr/4.3.2/../../../../avr/lib/avr6\libprintf_flt.a(vfprintf_flt.o)
 .data          0x00800951        0x0 C:\Users\Nick\workspace\CEG4166_RTS_Lib\Release\libCEG4166_RTS_Lib.a(usartSerial.o)
 .data          0x00800951        0x0 c:/arduino/hardware/tools/avr/bin/../lib/gcc/avr/4.3.2/avr6\libgcc.a(_mulsi3.o)
 .data          0x00800951        0x0 c:/arduino/hardware/tools/avr/bin/../lib/gcc/avr/4.3.2/avr6\libgcc.a(_udivmodhi4.o)
 .data          0x00800951        0x0 c:/arduino/hardware/tools/avr/bin/../lib/gcc/avr/4.3.2/avr6\libgcc.a(_divmodhi4.o)
 .data          0x00800951        0x0 c:/arduino/hardware/tools/avr/bin/../lib/gcc/avr/4.3.2/avr6\libgcc.a(_udivmodsi4.o)
 .data          0x00800951        0x0 c:/arduino/hardware/tools/avr/bin/../lib/gcc/avr/4.3.2/avr6\libgcc.a(_prologue.o)
 .data          0x00800951        0x0 c:/arduino/hardware/tools/avr/bin/../lib/gcc/avr/4.3.2/avr6\libgcc.a(_epilogue.o)
 .data          0x00800951        0x0 c:/arduino/hardware/tools/avr/bin/../lib/gcc/avr/4.3.2/avr6\libgcc.a(_exit.o)
 .data          0x00800951        0x0 c:/arduino/hardware/tools/avr/bin/../lib/gcc/avr/4.3.2/avr6\libgcc.a(_tablejump.o)
 .data          0x00800951        0x0 c:/arduino/hardware/tools/avr/bin/../lib/gcc/avr/4.3.2/avr6\libgcc.a(_clear_bss.o)
 .data          0x00800951        0x0 c:/arduino/hardware/tools/avr/bin/../lib/gcc/avr/4.3.2/../../../../avr/lib/avr6\libc.a(ftoa_engine.o)
 .data          0x00800951        0x0 c:/arduino/hardware/tools/avr/bin/../lib/gcc/avr/4.3.2/../../../../avr/lib/avr6\libc.a(strlen_P.o)
 .data          0x00800951        0x0 c:/arduino/hardware/tools/avr/bin/../lib/gcc/avr/4.3.2/../../../../avr/lib/avr6\libc.a(strnlen_P.o)
 .data          0x00800951        0x0 c:/arduino/hardware/tools/avr/bin/../lib/gcc/avr/4.3.2/../../../../avr/lib/avr6\libc.a(memcpy.o)
 .data          0x00800951        0x0 c:/arduino/hardware/tools/avr/bin/../lib/gcc/avr/4.3.2/../../../../avr/lib/avr6\libc.a(memset.o)
 .data          0x00800951        0x0 c:/arduino/hardware/tools/avr/bin/../lib/gcc/avr/4.3.2/../../../../avr/lib/avr6\libc.a(strcat.o)
 .data          0x00800951        0x0 c:/arduino/hardware/tools/avr/bin/../lib/gcc/avr/4.3.2/../../../../avr/lib/avr6\libc.a(strcpy.o)
 .data          0x00800951        0x0 c:/arduino/hardware/tools/avr/bin/../lib/gcc/avr/4.3.2/../../../../avr/lib/avr6\libc.a(strncat.o)
 .data          0x00800951        0x0 c:/arduino/hardware/tools/avr/bin/../lib/gcc/avr/4.3.2/../../../../avr/lib/avr6\libc.a(strncmp.o)
 .data          0x00800951        0x0 c:/arduino/hardware/tools/avr/bin/../lib/gcc/avr/4.3.2/../../../../avr/lib/avr6\libc.a(strncpy.o)
 .data          0x00800951        0x0 c:/arduino/hardware/tools/avr/bin/../lib/gcc/avr/4.3.2/../../../../avr/lib/avr6\libc.a(strnlen.o)
 .data          0x00800951        0x0 c:/arduino/hardware/tools/avr/bin/../lib/gcc/avr/4.3.2/../../../../avr/lib/avr6\libc.a(strstr.o)
 .data          0x00800951        0x0 c:/arduino/hardware/tools/avr/bin/../lib/gcc/avr/4.3.2/../../../../avr/lib/avr6\libc.a(fputc.o)
 .data          0x00800951        0x0 c:/arduino/hardware/tools/avr/bin/../lib/gcc/avr/4.3.2/../../../../avr/lib/avr6\libc.a(sprintf.o)
 .data          0x00800951        0x0 c:/arduino/hardware/tools/avr/bin/../lib/gcc/avr/4.3.2/../../../../avr/lib/avr6\libc.a(vsnprintf.o)
 .data          0x00800951        0x0 c:/arduino/hardware/tools/avr/bin/../lib/gcc/avr/4.3.2/../../../../avr/lib/avr6\libc.a(vsnprintf_p.o)
 .data          0x00800951        0x0 c:/arduino/hardware/tools/avr/bin/../lib/gcc/avr/4.3.2/../../../../avr/lib/avr6\libc.a(ultoa_invert.o)
 *(.data*)
 .data.gs_at_commands
                0x00800951       0x56 ./src/wireless_interface.o
                0x00800951                gs_at_commands
 .data.I2C_state
                0x008009a7        0x1 C:/Users/Nick/workspace/FreeRTOS801/Release/libFreeRTOS801.a(i2cMultiMaster.o)
 .data.xMinimumEverFreeBytesRemaining
                0x008009a8        0x2 C:/Users/Nick/workspace/FreeRTOS801/Release/libFreeRTOS801.a(heap_4.o)
 .data.xFreeBytesRemaining
                0x008009aa        0x2 C:/Users/Nick/workspace/FreeRTOS801/Release/libFreeRTOS801.a(heap_4.o)
 .data.xNextTaskUnblockTime
                0x008009ac        0x2 C:/Users/Nick/workspace/FreeRTOS801/Release/libFreeRTOS801.a(tasks.o)
 .data.usartReg
                0x008009ae       0x28 C:\Users\Nick\workspace\CEG4166_RTS_Lib\Release\libCEG4166_RTS_Lib.a(usartSerial.o)
                0x008009ae                usartReg
 *(.rodata)
 *(.rodata*)
 .rodata.encoders
                0x008009d6        0xe ./src/motion.o
 .rodata.tc_module_s
                0x008009e4       0x20 ./src/motion.o
 .rodata.motors
                0x00800a04       0x1e ./src/motion.o
 *(.gnu.linkonce.d*)
                0x00800a22                . = ALIGN (0x2)
                0x00800a22                _edata = .
                0x00800a22                PROVIDE (__data_end, .)

.bss            0x00800a22     0x13f6
                0x00800a22                PROVIDE (__bss_start, .)
 *(.bss)
 .bss           0x00800a22        0x0 c:/arduino/hardware/tools/avr/bin/../lib/gcc/avr/4.3.2/../../../../avr/lib/avr6/crtm2560.o
 .bss           0x00800a22        0x0 ./src/attached_mode.o
 .bss           0x00800a22        0x0 ./src/behaviour.o
 .bss           0x00800a22        0x0 ./src/lcd.o
 .bss           0x00800a22        0x0 ./src/led.o
 .bss           0x00800a22        0x0 ./src/main.o
 .bss           0x00800a22        0x0 ./src/motion.o
 .bss           0x00800a22        0x0 ./src/servo.o
 .bss           0x00800a22        0x0 ./src/tempsensor.o
 .bss           0x00800a22        0x0 ./src/timer.o
 .bss           0x00800a22        0x0 ./src/web_page.o
 .bss           0x00800a22        0x0 ./src/wireless_interface.o
 .bss           0x00800a22        0x0 C:/Users/Nick/workspace/FreeRTOS801/Release/libFreeRTOS801.a(i2cMultiMaster.o)
 .bss           0x00800a22        0x0 C:/Users/Nick/workspace/FreeRTOS801/Release/libFreeRTOS801.a(heap_4.o)
 .bss           0x00800a22        0x0 C:/Users/Nick/workspace/FreeRTOS801/Release/libFreeRTOS801.a(queue.o)
 .bss           0x00800a22        0x0 C:/Users/Nick/workspace/FreeRTOS801/Release/libFreeRTOS801.a(tasks.o)
 .bss           0x00800a22        0x0 C:/Users/Nick/workspace/FreeRTOS801/Release/libFreeRTOS801.a(port.o)
 .bss           0x00800a22        0x0 C:/Users/Nick/workspace/FreeRTOS801/Release/libFreeRTOS801.a(system_tick.o)
 .bss           0x00800a22        0x0 C:/Users/Nick/workspace/FreeRTOS801/Release/libFreeRTOS801.a(system_time.o)
 .bss           0x00800a22        0x0 C:/Users/Nick/workspace/FreeRTOS801/Release/libFreeRTOS801.a(list.o)
 .bss           0x00800a22        0x0 C:/Users/Nick/workspace/FreeRTOS801/Release/libFreeRTOS801.a(runtTimeStatsTimer.o)
 .bss           0x00800a22        0x0 c:/arduino/hardware/tools/avr/bin/../lib/gcc/avr/4.3.2/../../../../avr/lib/avr6\libm.a(addsf3.o)
 .bss           0x00800a22        0x0 c:/arduino/hardware/tools/avr/bin/../lib/gcc/avr/4.3.2/../../../../avr/lib/avr6\libm.a(addsf3x.o)
 .bss           0x00800a22        0x0 c:/arduino/hardware/tools/avr/bin/../lib/gcc/avr/4.3.2/../../../../avr/lib/avr6\libm.a(cmpsf2.o)
 .bss           0x00800a22        0x0 c:/arduino/hardware/tools/avr/bin/../lib/gcc/avr/4.3.2/../../../../avr/lib/avr6\libm.a(divsf3.o)
 .bss           0x00800a22        0x0 c:/arduino/hardware/tools/avr/bin/../lib/gcc/avr/4.3.2/../../../../avr/lib/avr6\libm.a(divsf3x.o)
 .bss           0x00800a22        0x0 c:/arduino/hardware/tools/avr/bin/../lib/gcc/avr/4.3.2/../../../../avr/lib/avr6\libm.a(fixsfsi.o)
 .bss           0x00800a22        0x0 c:/arduino/hardware/tools/avr/bin/../lib/gcc/avr/4.3.2/../../../../avr/lib/avr6\libm.a(fixunssfsi.o)
 .bss           0x00800a22        0x0 c:/arduino/hardware/tools/avr/bin/../lib/gcc/avr/4.3.2/../../../../avr/lib/avr6\libm.a(floatsisf.o)
 .bss           0x00800a22        0x0 c:/arduino/hardware/tools/avr/bin/../lib/gcc/avr/4.3.2/../../../../avr/lib/avr6\libm.a(fp_cmp.o)
 .bss           0x00800a22        0x0 c:/arduino/hardware/tools/avr/bin/../lib/gcc/avr/4.3.2/../../../../avr/lib/avr6\libm.a(fp_inf.o)
 .bss           0x00800a22        0x0 c:/arduino/hardware/tools/avr/bin/../lib/gcc/avr/4.3.2/../../../../avr/lib/avr6\libm.a(fp_nan.o)
 .bss           0x00800a22        0x0 c:/arduino/hardware/tools/avr/bin/../lib/gcc/avr/4.3.2/../../../../avr/lib/avr6\libm.a(fp_pscA.o)
 .bss           0x00800a22        0x0 c:/arduino/hardware/tools/avr/bin/../lib/gcc/avr/4.3.2/../../../../avr/lib/avr6\libm.a(fp_pscB.o)
 .bss           0x00800a22        0x0 c:/arduino/hardware/tools/avr/bin/../lib/gcc/avr/4.3.2/../../../../avr/lib/avr6\libm.a(fp_round.o)
 .bss           0x00800a22        0x0 c:/arduino/hardware/tools/avr/bin/../lib/gcc/avr/4.3.2/../../../../avr/lib/avr6\libm.a(fp_split3.o)
 .bss           0x00800a22        0x0 c:/arduino/hardware/tools/avr/bin/../lib/gcc/avr/4.3.2/../../../../avr/lib/avr6\libm.a(fp_zero.o)
 .bss           0x00800a22        0x0 c:/arduino/hardware/tools/avr/bin/../lib/gcc/avr/4.3.2/../../../../avr/lib/avr6\libm.a(gesf2.o)
 .bss           0x00800a22        0x0 c:/arduino/hardware/tools/avr/bin/../lib/gcc/avr/4.3.2/../../../../avr/lib/avr6\libm.a(mulsf3.o)
 .bss           0x00800a22        0x0 c:/arduino/hardware/tools/avr/bin/../lib/gcc/avr/4.3.2/../../../../avr/lib/avr6\libm.a(mulsf3x.o)
 .bss           0x00800a22        0x0 c:/arduino/hardware/tools/avr/bin/../lib/gcc/avr/4.3.2/../../../../avr/lib/avr6\libprintf_flt.a(vfprintf_flt.o)
 .bss           0x00800a22        0x0 C:\Users\Nick\workspace\CEG4166_RTS_Lib\Release\libCEG4166_RTS_Lib.a(usartSerial.o)
 .bss           0x00800a22        0x0 c:/arduino/hardware/tools/avr/bin/../lib/gcc/avr/4.3.2/avr6\libgcc.a(_mulsi3.o)
 .bss           0x00800a22        0x0 c:/arduino/hardware/tools/avr/bin/../lib/gcc/avr/4.3.2/avr6\libgcc.a(_udivmodhi4.o)
 .bss           0x00800a22        0x0 c:/arduino/hardware/tools/avr/bin/../lib/gcc/avr/4.3.2/avr6\libgcc.a(_divmodhi4.o)
 .bss           0x00800a22        0x0 c:/arduino/hardware/tools/avr/bin/../lib/gcc/avr/4.3.2/avr6\libgcc.a(_udivmodsi4.o)
 .bss           0x00800a22        0x0 c:/arduino/hardware/tools/avr/bin/../lib/gcc/avr/4.3.2/avr6\libgcc.a(_prologue.o)
 .bss           0x00800a22        0x0 c:/arduino/hardware/tools/avr/bin/../lib/gcc/avr/4.3.2/avr6\libgcc.a(_epilogue.o)
 .bss           0x00800a22        0x0 c:/arduino/hardware/tools/avr/bin/../lib/gcc/avr/4.3.2/avr6\libgcc.a(_exit.o)
 .bss           0x00800a22        0x0 c:/arduino/hardware/tools/avr/bin/../lib/gcc/avr/4.3.2/avr6\libgcc.a(_tablejump.o)
 .bss           0x00800a22        0x0 c:/arduino/hardware/tools/avr/bin/../lib/gcc/avr/4.3.2/avr6\libgcc.a(_clear_bss.o)
 .bss           0x00800a22        0x0 c:/arduino/hardware/tools/avr/bin/../lib/gcc/avr/4.3.2/../../../../avr/lib/avr6\libc.a(ftoa_engine.o)
 .bss           0x00800a22        0x0 c:/arduino/hardware/tools/avr/bin/../lib/gcc/avr/4.3.2/../../../../avr/lib/avr6\libc.a(strlen_P.o)
 .bss           0x00800a22        0x0 c:/arduino/hardware/tools/avr/bin/../lib/gcc/avr/4.3.2/../../../../avr/lib/avr6\libc.a(strnlen_P.o)
 .bss           0x00800a22        0x0 c:/arduino/hardware/tools/avr/bin/../lib/gcc/avr/4.3.2/../../../../avr/lib/avr6\libc.a(memcpy.o)
 .bss           0x00800a22        0x0 c:/arduino/hardware/tools/avr/bin/../lib/gcc/avr/4.3.2/../../../../avr/lib/avr6\libc.a(memset.o)
 .bss           0x00800a22        0x0 c:/arduino/hardware/tools/avr/bin/../lib/gcc/avr/4.3.2/../../../../avr/lib/avr6\libc.a(strcat.o)
 .bss           0x00800a22        0x0 c:/arduino/hardware/tools/avr/bin/../lib/gcc/avr/4.3.2/../../../../avr/lib/avr6\libc.a(strcpy.o)
 .bss           0x00800a22        0x0 c:/arduino/hardware/tools/avr/bin/../lib/gcc/avr/4.3.2/../../../../avr/lib/avr6\libc.a(strncat.o)
 .bss           0x00800a22        0x0 c:/arduino/hardware/tools/avr/bin/../lib/gcc/avr/4.3.2/../../../../avr/lib/avr6\libc.a(strncmp.o)
 .bss           0x00800a22        0x0 c:/arduino/hardware/tools/avr/bin/../lib/gcc/avr/4.3.2/../../../../avr/lib/avr6\libc.a(strncpy.o)
 .bss           0x00800a22        0x0 c:/arduino/hardware/tools/avr/bin/../lib/gcc/avr/4.3.2/../../../../avr/lib/avr6\libc.a(strnlen.o)
 .bss           0x00800a22        0x0 c:/arduino/hardware/tools/avr/bin/../lib/gcc/avr/4.3.2/../../../../avr/lib/avr6\libc.a(strstr.o)
 .bss           0x00800a22        0x0 c:/arduino/hardware/tools/avr/bin/../lib/gcc/avr/4.3.2/../../../../avr/lib/avr6\libc.a(fputc.o)
 .bss           0x00800a22        0x0 c:/arduino/hardware/tools/avr/bin/../lib/gcc/avr/4.3.2/../../../../avr/lib/avr6\libc.a(sprintf.o)
 .bss           0x00800a22        0x0 c:/arduino/hardware/tools/avr/bin/../lib/gcc/avr/4.3.2/../../../../avr/lib/avr6\libc.a(vsnprintf.o)
 .bss           0x00800a22        0x0 c:/arduino/hardware/tools/avr/bin/../lib/gcc/avr/4.3.2/../../../../avr/lib/avr6\libc.a(vsnprintf_p.o)
 .bss           0x00800a22        0x0 c:/arduino/hardware/tools/avr/bin/../lib/gcc/avr/4.3.2/../../../../avr/lib/avr6\libc.a(ultoa_invert.o)
 *(.bss*)
 .bss.tov_cntr  0x00800a22        0x8 ./src/motion.o
 .bss.last_icr  0x00800a2a        0x4 ./src/motion.o
 .bss.new_data  0x00800a2e        0x8 ./src/motion.o
 .bss.new_data_available
                0x00800a36        0x4 ./src/motion.o
 .bss.tempValues.1600
                0x00800a3a        0x8 ./src/tempsensor.o
 .bss.client_response_buffer_write_pointer
                0x00800a42        0x1 ./src/wireless_interface.o
                0x00800a42                client_response_buffer_write_pointer
 .bss.client_response_buffer_read_pointer
                0x00800a43        0x1 ./src/wireless_interface.o
                0x00800a43                client_response_buffer_read_pointer
 .bss.web_server_status
                0x00800a44        0x2 ./src/wireless_interface.o
                0x00800a44                web_server_status
 .bss.xI2CSemaphore
                0x00800a46        0x2 C:/Users/Nick/workspace/FreeRTOS801/Release/libFreeRTOS801.a(i2cMultiMaster.o)
                0x00800a46                xI2CSemaphore
 .bss.I2C_statusReg
                0x00800a48        0x1 C:/Users/Nick/workspace/FreeRTOS801/Release/libFreeRTOS801.a(i2cMultiMaster.o)
                0x00800a48                I2C_statusReg
 .bss.I2C_checkBusyAfterStop
                0x00800a49        0x1 C:/Users/Nick/workspace/FreeRTOS801/Release/libFreeRTOS801.a(i2cMultiMaster.o)
 .bss.I2C_bufPtr.1873
                0x00800a4a        0x1 C:/Users/Nick/workspace/FreeRTOS801/Release/libFreeRTOS801.a(i2cMultiMaster.o)
 .bss.I2C_buf   0x00800a4b       0x18 C:/Users/Nick/workspace/FreeRTOS801/Release/libFreeRTOS801.a(i2cMultiMaster.o)
 .bss.I2C_msgSize
                0x00800a63        0x1 C:/Users/Nick/workspace/FreeRTOS801/Release/libFreeRTOS801.a(i2cMultiMaster.o)
 .bss.xBlockAllocatedBit
                0x00800a64        0x2 C:/Users/Nick/workspace/FreeRTOS801/Release/libFreeRTOS801.a(heap_4.o)
 .bss.pxEnd     0x00800a66        0x2 C:/Users/Nick/workspace/FreeRTOS801/Release/libFreeRTOS801.a(heap_4.o)
 .bss.ucHeap    0x00800a68     0x1200 C:/Users/Nick/workspace/FreeRTOS801/Release/libFreeRTOS801.a(heap_4.o)
 .bss.xStart    0x00801c68        0x4 C:/Users/Nick/workspace/FreeRTOS801/Release/libFreeRTOS801.a(heap_4.o)
 .bss.pxCurrentTCB
                0x00801c6c        0x2 C:/Users/Nick/workspace/FreeRTOS801/Release/libFreeRTOS801.a(tasks.o)
                0x00801c6c                pxCurrentTCB
 .bss.uxCurrentNumberOfTasks
                0x00801c6e        0x1 C:/Users/Nick/workspace/FreeRTOS801/Release/libFreeRTOS801.a(tasks.o)
 .bss.uxTopReadyPriority
                0x00801c6f        0x1 C:/Users/Nick/workspace/FreeRTOS801/Release/libFreeRTOS801.a(tasks.o)
 .bss.xYieldPending
                0x00801c70        0x1 C:/Users/Nick/workspace/FreeRTOS801/Release/libFreeRTOS801.a(tasks.o)
 .bss.xTickCount
                0x00801c71        0x2 C:/Users/Nick/workspace/FreeRTOS801/Release/libFreeRTOS801.a(tasks.o)
 .bss.xNumOfOverflows
                0x00801c73        0x1 C:/Users/Nick/workspace/FreeRTOS801/Release/libFreeRTOS801.a(tasks.o)
 .bss.uxSchedulerSuspended
                0x00801c74        0x1 C:/Users/Nick/workspace/FreeRTOS801/Release/libFreeRTOS801.a(tasks.o)
 .bss.ulTotalRunTime
                0x00801c75        0x4 C:/Users/Nick/workspace/FreeRTOS801/Release/libFreeRTOS801.a(tasks.o)
 .bss.ulTaskSwitchedInTime
                0x00801c79        0x4 C:/Users/Nick/workspace/FreeRTOS801/Release/libFreeRTOS801.a(tasks.o)
 .bss.uxPendedTicks
                0x00801c7d        0x1 C:/Users/Nick/workspace/FreeRTOS801/Release/libFreeRTOS801.a(tasks.o)
 .bss.xSchedulerRunning
                0x00801c7e        0x1 C:/Users/Nick/workspace/FreeRTOS801/Release/libFreeRTOS801.a(tasks.o)
 .bss.uxTasksDeleted
                0x00801c7f        0x1 C:/Users/Nick/workspace/FreeRTOS801/Release/libFreeRTOS801.a(tasks.o)
 .bss.uxTaskNumber
                0x00801c80        0x1 C:/Users/Nick/workspace/FreeRTOS801/Release/libFreeRTOS801.a(tasks.o)
 .bss.pxReadyTasksLists
                0x00801c81       0x24 C:/Users/Nick/workspace/FreeRTOS801/Release/libFreeRTOS801.a(tasks.o)
 .bss.xDelayedTaskList1
                0x00801ca5        0x9 C:/Users/Nick/workspace/FreeRTOS801/Release/libFreeRTOS801.a(tasks.o)
 .bss.xDelayedTaskList2
                0x00801cae        0x9 C:/Users/Nick/workspace/FreeRTOS801/Release/libFreeRTOS801.a(tasks.o)
 .bss.pxDelayedTaskList
                0x00801cb7        0x2 C:/Users/Nick/workspace/FreeRTOS801/Release/libFreeRTOS801.a(tasks.o)
 .bss.pxOverflowDelayedTaskList
                0x00801cb9        0x2 C:/Users/Nick/workspace/FreeRTOS801/Release/libFreeRTOS801.a(tasks.o)
 .bss.xPendingReadyList
                0x00801cbb        0x9 C:/Users/Nick/workspace/FreeRTOS801/Release/libFreeRTOS801.a(tasks.o)
 .bss.xTasksWaitingTermination
                0x00801cc4        0x9 C:/Users/Nick/workspace/FreeRTOS801/Release/libFreeRTOS801.a(tasks.o)
 .bss.xSuspendedTaskList
                0x00801ccd        0x9 C:/Users/Nick/workspace/FreeRTOS801/Release/libFreeRTOS801.a(tasks.o)
 .bss.portTickRateHz
                0x00801cd6        0x2 C:/Users/Nick/workspace/FreeRTOS801/Release/libFreeRTOS801.a(port.o)
 .bss.ticksRemainingInSec
                0x00801cd8        0x2 C:/Users/Nick/workspace/FreeRTOS801/Release/libFreeRTOS801.a(port.o)
 .bss.defaultUSART
                0x00801cda        0x1 C:\Users\Nick\workspace\CEG4166_RTS_Lib\Release\libCEG4166_RTS_Lib.a(usartSerial.o)
                0x00801cda                defaultUSART
 *(COMMON)
 COMMON         0x00801cdb        0x7 ./src/attached_mode.o
                0x00801cdb                lastTrackedDirection
                0x00801cdd                currentCenterServoDirection
                0x00801cdf                currentMode
                0x00801ce1                targetFound
 COMMON         0x00801ce2        0x8 ./src/behaviour.o
                0x00801ce2                state
                0x00801ce4                wheelsUpdated
                0x00801ce5                lcdUpdated
                0x00801ce6                centerServoDirection
                0x00801ce8                wheelSpeedUpdated
                0x00801ce9                centerServoUpdated
 COMMON         0x00801cea        0x2 ./src/main.o
                0x00801cea                usartfd
 COMMON         0x00801cec       0x18 ./src/servo.o
                0x00801cec                totalDistance
                0x00801cf4                previousSpeedLeft
                0x00801cf8                previousSpeedRight
                0x00801cfc                wheelSpeedLeft
                0x00801d00                wheelSpeedRight
 COMMON         0x00801d04       0x16 ./src/tempsensor.o
                0x00801d04                pixel_values
                0x00801d14                averageRightTemp
                0x00801d16                averageLeftTemp
                0x00801d18                averageTemp
 COMMON         0x00801d1a        0x4 ./src/timer.o
                0x00801d1a                timerTickCount
                0x00801d1c                isrCallback
 COMMON         0x00801d1e       0x82 ./src/wireless_interface.o
                0x00801d1e                client_web_page
                0x00801d43                wifi_client
                0x00801d44                gainspan
                0x00801d9b                client_response_buffer
                0x00801d9d                wifi_server
 COMMON         0x00801da0        0x4 C:/Users/Nick/workspace/FreeRTOS801/Release/libFreeRTOS801.a(system_time.o)
                0x00801da0                __system_time
 COMMON         0x00801da4       0x74 C:\Users\Nick\workspace\CEG4166_RTS_Lib\Release\libCEG4166_RTS_Lib.a(usartSerial.o)
                0x00801da4                usartComBuf
                0x00801e18                PROVIDE (__bss_end, .)
                0x0000a804                __data_load_start = LOADADDR (.data)
                0x0000b026                __data_load_end = (__data_load_start + SIZEOF (.data))

.noinit         0x00801e18        0x0
                0x00801e18                PROVIDE (__noinit_start, .)
 *(.noinit*)
                0x00801e18                PROVIDE (__noinit_end, .)
                0x00801e18                _end = .
                0x00801e18                PROVIDE (__heap_start, .)

.eeprom         0x00810000        0x0
 *(.eeprom*)
                0x00810000                __eeprom_end = .

.fuse
 *(.fuse)
 *(.lfuse)
 *(.hfuse)
 *(.efuse)

.lock
 *(.lock*)

.signature
 *(.signature*)

.stab
 *(.stab)

.stabstr
 *(.stabstr)

.stab.excl
 *(.stab.excl)

.stab.exclstr
 *(.stab.exclstr)

.stab.index
 *(.stab.index)

.stab.indexstr
 *(.stab.indexstr)

.comment
 *(.comment)

.debug
 *(.debug)

.line
 *(.line)

.debug_srcinfo
 *(.debug_srcinfo)

.debug_sfnames
 *(.debug_sfnames)

.debug_aranges
 *(.debug_aranges)

.debug_pubnames
 *(.debug_pubnames)

.debug_info
 *(.debug_info)
 *(.gnu.linkonce.wi.*)

.debug_abbrev
 *(.debug_abbrev)

.debug_line
 *(.debug_line)

.debug_frame
 *(.debug_frame)

.debug_str
 *(.debug_str)

.debug_loc
 *(.debug_loc)

.debug_macinfo
 *(.debug_macinfo)
OUTPUT(EmptyProject.elf elf32-avr)
LOAD linker stubs
