Archive member included because of file (symbol)

C:/Users/Nick/workspace/FreeRTOS801/Release/libFreeRTOS801.a(port.o)
                              ./src/usart_serial.o (vPortYield)
C:/Users/Nick/workspace/FreeRTOS801/Release/libFreeRTOS801.a(system_tick.o)
                              C:/Users/Nick/workspace/FreeRTOS801/Release/libFreeRTOS801.a(port.o) (system_tick)
C:/Users/Nick/workspace/FreeRTOS801/Release/libFreeRTOS801.a(system_time.o)
                              C:/Users/Nick/workspace/FreeRTOS801/Release/libFreeRTOS801.a(system_tick.o) (__system_time)
C:/Users/Nick/workspace/FreeRTOS801/Release/libFreeRTOS801.a(i2cMultiMaster.o)
                              ./src/tempsensor.o (I2C_Master_Start_Transceiver_With_Data)
C:/Users/Nick/workspace/FreeRTOS801/Release/libFreeRTOS801.a(heap_4.o)
                              ./src/usart_serial.o (vPortFree)
C:/Users/Nick/workspace/FreeRTOS801/Release/libFreeRTOS801.a(queue.o)
                              C:/Users/Nick/workspace/FreeRTOS801/Release/libFreeRTOS801.a(i2cMultiMaster.o) (xQueueGenericSend)
C:/Users/Nick/workspace/FreeRTOS801/Release/libFreeRTOS801.a(tasks.o)
                              C:/Users/Nick/workspace/FreeRTOS801/Release/libFreeRTOS801.a(heap_4.o) (vTaskSuspendAll)
C:/Users/Nick/workspace/FreeRTOS801/Release/libFreeRTOS801.a(list.o)
                              C:/Users/Nick/workspace/FreeRTOS801/Release/libFreeRTOS801.a(queue.o) (vListInitialise)
C:/Users/Nick/workspace/FreeRTOS801/Release/libFreeRTOS801.a(runtTimeStatsTimer.o)
                              C:/Users/Nick/workspace/FreeRTOS801/Release/libFreeRTOS801.a(tasks.o) (xconfigTimerForRunTimeStats)
c:/arduino/hardware/tools/avr/bin/../lib/gcc/avr/4.3.2/../../../../avr/lib/avr6\libm.a(addsf3.o)
                              ./src/servo.o (__addsf3)
c:/arduino/hardware/tools/avr/bin/../lib/gcc/avr/4.3.2/../../../../avr/lib/avr6\libm.a(addsf3x.o)
                              c:/arduino/hardware/tools/avr/bin/../lib/gcc/avr/4.3.2/../../../../avr/lib/avr6\libm.a(addsf3.o) (__addsf3x)
c:/arduino/hardware/tools/avr/bin/../lib/gcc/avr/4.3.2/../../../../avr/lib/avr6\libm.a(cmpsf2.o)
                              ./src/servo.o (__nesf2)
c:/arduino/hardware/tools/avr/bin/../lib/gcc/avr/4.3.2/../../../../avr/lib/avr6\libm.a(divsf3.o)
                              ./src/servo.o (__divsf3)
c:/arduino/hardware/tools/avr/bin/../lib/gcc/avr/4.3.2/../../../../avr/lib/avr6\libm.a(divsf3x.o)
                              c:/arduino/hardware/tools/avr/bin/../lib/gcc/avr/4.3.2/../../../../avr/lib/avr6\libm.a(divsf3.o) (__divsf3x)
c:/arduino/hardware/tools/avr/bin/../lib/gcc/avr/4.3.2/../../../../avr/lib/avr6\libm.a(fixsfsi.o)
                              ./src/ping.o (__fixsfsi)
c:/arduino/hardware/tools/avr/bin/../lib/gcc/avr/4.3.2/../../../../avr/lib/avr6\libm.a(fixunssfsi.o)
                              c:/arduino/hardware/tools/avr/bin/../lib/gcc/avr/4.3.2/../../../../avr/lib/avr6\libm.a(fixsfsi.o) (__fixunssfsi)
c:/arduino/hardware/tools/avr/bin/../lib/gcc/avr/4.3.2/../../../../avr/lib/avr6\libm.a(floatsisf.o)
                              ./src/ping.o (__floatunsisf)
c:/arduino/hardware/tools/avr/bin/../lib/gcc/avr/4.3.2/../../../../avr/lib/avr6\libm.a(fp_cmp.o)
                              c:/arduino/hardware/tools/avr/bin/../lib/gcc/avr/4.3.2/../../../../avr/lib/avr6\libm.a(cmpsf2.o) (__fp_cmp)
c:/arduino/hardware/tools/avr/bin/../lib/gcc/avr/4.3.2/../../../../avr/lib/avr6\libm.a(fp_inf.o)
                              c:/arduino/hardware/tools/avr/bin/../lib/gcc/avr/4.3.2/../../../../avr/lib/avr6\libm.a(addsf3x.o) (__fp_inf)
c:/arduino/hardware/tools/avr/bin/../lib/gcc/avr/4.3.2/../../../../avr/lib/avr6\libm.a(fp_nan.o)
                              c:/arduino/hardware/tools/avr/bin/../lib/gcc/avr/4.3.2/../../../../avr/lib/avr6\libm.a(addsf3x.o) (__fp_nan)
c:/arduino/hardware/tools/avr/bin/../lib/gcc/avr/4.3.2/../../../../avr/lib/avr6\libm.a(fp_pscA.o)
                              c:/arduino/hardware/tools/avr/bin/../lib/gcc/avr/4.3.2/../../../../avr/lib/avr6\libm.a(addsf3x.o) (__fp_pscA)
c:/arduino/hardware/tools/avr/bin/../lib/gcc/avr/4.3.2/../../../../avr/lib/avr6\libm.a(fp_pscB.o)
                              c:/arduino/hardware/tools/avr/bin/../lib/gcc/avr/4.3.2/../../../../avr/lib/avr6\libm.a(addsf3x.o) (__fp_pscB)
c:/arduino/hardware/tools/avr/bin/../lib/gcc/avr/4.3.2/../../../../avr/lib/avr6\libm.a(fp_round.o)
                              c:/arduino/hardware/tools/avr/bin/../lib/gcc/avr/4.3.2/../../../../avr/lib/avr6\libm.a(addsf3.o) (__fp_round)
c:/arduino/hardware/tools/avr/bin/../lib/gcc/avr/4.3.2/../../../../avr/lib/avr6\libm.a(fp_split3.o)
                              c:/arduino/hardware/tools/avr/bin/../lib/gcc/avr/4.3.2/../../../../avr/lib/avr6\libm.a(addsf3x.o) (__fp_split3)
c:/arduino/hardware/tools/avr/bin/../lib/gcc/avr/4.3.2/../../../../avr/lib/avr6\libm.a(fp_zero.o)
                              c:/arduino/hardware/tools/avr/bin/../lib/gcc/avr/4.3.2/../../../../avr/lib/avr6\libm.a(addsf3x.o) (__fp_zero)
c:/arduino/hardware/tools/avr/bin/../lib/gcc/avr/4.3.2/../../../../avr/lib/avr6\libm.a(gesf2.o)
                              ./src/attached_mode.o (__gtsf2)
c:/arduino/hardware/tools/avr/bin/../lib/gcc/avr/4.3.2/../../../../avr/lib/avr6\libm.a(mulsf3.o)
                              ./src/ping.o (__mulsf3)
c:/arduino/hardware/tools/avr/bin/../lib/gcc/avr/4.3.2/../../../../avr/lib/avr6\libm.a(mulsf3x.o)
                              c:/arduino/hardware/tools/avr/bin/../lib/gcc/avr/4.3.2/../../../../avr/lib/avr6\libm.a(mulsf3.o) (__mulsf3x)
c:/arduino/hardware/tools/avr/bin/../lib/gcc/avr/4.3.2/../../../../avr/lib/avr6\libprintf_flt.a(vfprintf_flt.o)
                              (vfprintf)
c:/arduino/hardware/tools/avr/bin/../lib/gcc/avr/4.3.2/avr6\libgcc.a(_mulsi3.o)
                              ./src/motion.o (__mulsi3)
c:/arduino/hardware/tools/avr/bin/../lib/gcc/avr/4.3.2/avr6\libgcc.a(_udivmodhi4.o)
                              ./src/wireless_interface.o (__udivmodhi4)
c:/arduino/hardware/tools/avr/bin/../lib/gcc/avr/4.3.2/avr6\libgcc.a(_divmodhi4.o)
                              ./src/tempsensor.o (__divmodhi4)
c:/arduino/hardware/tools/avr/bin/../lib/gcc/avr/4.3.2/avr6\libgcc.a(_udivmodsi4.o)
                              ./src/usart_serial.o (__udivmodsi4)
c:/arduino/hardware/tools/avr/bin/../lib/gcc/avr/4.3.2/avr6\libgcc.a(_prologue.o)
                              ./src/main.o (__prologue_saves__)
c:/arduino/hardware/tools/avr/bin/../lib/gcc/avr/4.3.2/avr6\libgcc.a(_epilogue.o)
                              ./src/servo.o (__epilogue_restores__)
c:/arduino/hardware/tools/avr/bin/../lib/gcc/avr/4.3.2/avr6\libgcc.a(_exit.o)
                              c:/arduino/hardware/tools/avr/bin/../lib/gcc/avr/4.3.2/../../../../avr/lib/avr6/crtm2560.o (exit)
c:/arduino/hardware/tools/avr/bin/../lib/gcc/avr/4.3.2/avr6\libgcc.a(_tablejump.o)
                              ./src/wireless_interface.o (__tablejump2__)
c:/arduino/hardware/tools/avr/bin/../lib/gcc/avr/4.3.2/avr6\libgcc.a(_clear_bss.o)
                              ./src/attached_mode.o (__do_clear_bss)
c:/arduino/hardware/tools/avr/bin/../lib/gcc/avr/4.3.2/../../../../avr/lib/avr6\libc.a(ftoa_engine.o)
                              c:/arduino/hardware/tools/avr/bin/../lib/gcc/avr/4.3.2/../../../../avr/lib/avr6\libprintf_flt.a(vfprintf_flt.o) (__ftoa_engine)
c:/arduino/hardware/tools/avr/bin/../lib/gcc/avr/4.3.2/../../../../avr/lib/avr6\libc.a(strnlen_P.o)
                              c:/arduino/hardware/tools/avr/bin/../lib/gcc/avr/4.3.2/../../../../avr/lib/avr6\libprintf_flt.a(vfprintf_flt.o) (strnlen_P)
c:/arduino/hardware/tools/avr/bin/../lib/gcc/avr/4.3.2/../../../../avr/lib/avr6\libc.a(memcpy.o)
                              C:/Users/Nick/workspace/FreeRTOS801/Release/libFreeRTOS801.a(queue.o) (memcpy)
c:/arduino/hardware/tools/avr/bin/../lib/gcc/avr/4.3.2/../../../../avr/lib/avr6\libc.a(memset.o)
                              ./src/wireless_interface.o (memset)
c:/arduino/hardware/tools/avr/bin/../lib/gcc/avr/4.3.2/../../../../avr/lib/avr6\libc.a(strcat.o)
                              ./src/wireless_interface.o (strcat)
c:/arduino/hardware/tools/avr/bin/../lib/gcc/avr/4.3.2/../../../../avr/lib/avr6\libc.a(strcpy.o)
                              ./src/wireless_interface.o (strcpy)
c:/arduino/hardware/tools/avr/bin/../lib/gcc/avr/4.3.2/../../../../avr/lib/avr6\libc.a(strncat.o)
                              ./src/wireless_interface.o (strncat)
c:/arduino/hardware/tools/avr/bin/../lib/gcc/avr/4.3.2/../../../../avr/lib/avr6\libc.a(strncmp.o)
                              ./src/wireless_interface.o (strncmp)
c:/arduino/hardware/tools/avr/bin/../lib/gcc/avr/4.3.2/../../../../avr/lib/avr6\libc.a(strncpy.o)
                              ./src/wireless_interface.o (strncpy)
c:/arduino/hardware/tools/avr/bin/../lib/gcc/avr/4.3.2/../../../../avr/lib/avr6\libc.a(strnlen.o)
                              c:/arduino/hardware/tools/avr/bin/../lib/gcc/avr/4.3.2/../../../../avr/lib/avr6\libprintf_flt.a(vfprintf_flt.o) (strnlen)
c:/arduino/hardware/tools/avr/bin/../lib/gcc/avr/4.3.2/../../../../avr/lib/avr6\libc.a(strstr.o)
                              ./src/wireless_interface.o (strstr)
c:/arduino/hardware/tools/avr/bin/../lib/gcc/avr/4.3.2/../../../../avr/lib/avr6\libc.a(fputc.o)
                              c:/arduino/hardware/tools/avr/bin/../lib/gcc/avr/4.3.2/../../../../avr/lib/avr6\libprintf_flt.a(vfprintf_flt.o) (fputc)
c:/arduino/hardware/tools/avr/bin/../lib/gcc/avr/4.3.2/../../../../avr/lib/avr6\libc.a(sprintf.o)
                              ./src/main.o (sprintf)
c:/arduino/hardware/tools/avr/bin/../lib/gcc/avr/4.3.2/../../../../avr/lib/avr6\libc.a(vsnprintf.o)
                              ./src/usart_serial.o (vsnprintf)
c:/arduino/hardware/tools/avr/bin/../lib/gcc/avr/4.3.2/../../../../avr/lib/avr6\libc.a(vsnprintf_p.o)
                              ./src/usart_serial.o (vsnprintf_P)
c:/arduino/hardware/tools/avr/bin/../lib/gcc/avr/4.3.2/../../../../avr/lib/avr6\libc.a(ultoa_invert.o)
                              c:/arduino/hardware/tools/avr/bin/../lib/gcc/avr/4.3.2/../../../../avr/lib/avr6\libprintf_flt.a(vfprintf_flt.o) (__ultoa_invert)

Allocating common symbols
Common symbol       size              file

totalDistance       0x8               ./src/servo.o
initialAttachTime   0x4               ./src/attached_mode.o
client_web_page     0x25              ./src/wireless_interface.o
lastTrackedDirection
                    0x2               ./src/attached_mode.o
currentState        0x2               ./src/attached_mode.o
timerTickCount      0x2               ./src/timer.o
register_values     0x14              ./src/tempsensor.o
previousSpeedLeft   0x4               ./src/servo.o
distance            0x4               ./src/ping.o
wifi_client         0x1               ./src/wireless_interface.o
usartComBuf         0x78              ./src/usart_serial.o
previousSpeedRight  0x4               ./src/servo.o
wheelSpeedLeft      0x4               ./src/servo.o
currentCenterServoDirection
                    0x2               ./src/attached_mode.o
isrCallback         0x2               ./src/timer.o
gainspan            0x57              ./src/wireless_interface.o
client_response_buffer
                    0x2               ./src/wireless_interface.o
wheelSpeedRight     0x4               ./src/servo.o
currentTime         0x4               ./src/attached_mode.o
__system_time       0x4               C:/Users/Nick/workspace/FreeRTOS801/Release/libFreeRTOS801.a(system_time.o)
wifi_server         0x3               ./src/wireless_interface.o

Memory Configuration

Name             Origin             Length             Attributes
text             0x00000000         0x00100000         xr
data             0x00800200         0x0000fe00         rw !x
eeprom           0x00810000         0x00010000         rw !x
fuse             0x00820000         0x00000400         rw !x
lock             0x00830000         0x00000400         rw !x
signature        0x00840000         0x00000400         rw !x
*default*        0x00000000         0xffffffff

Linker script and memory map

Address of section .data set to 0x800200
LOAD c:/arduino/hardware/tools/avr/bin/../lib/gcc/avr/4.3.2/../../../../avr/lib/avr6/crtm2560.o
LOAD ./src/attached_mode.o
LOAD ./src/behaviour.o
LOAD ./src/custom_timer.o
LOAD ./src/lcd.o
LOAD ./src/led.o
LOAD ./src/main.o
LOAD ./src/motion.o
LOAD ./src/ping.o
LOAD ./src/servo.o
LOAD ./src/tempsensor.o
LOAD ./src/timer.o
LOAD ./src/usart_serial.o
LOAD ./src/wireless_interface.o
LOAD C:/Users/Nick/workspace/FreeRTOS801/Release/libFreeRTOS801.a
LOAD c:/arduino/hardware/tools/avr/bin/../lib/gcc/avr/4.3.2/../../../../avr/lib/avr6\libm.a
LOAD c:/arduino/hardware/tools/avr/bin/../lib/gcc/avr/4.3.2/../../../../avr/lib/avr6\libprintf_flt.a
LOAD C:\Users\Nick\workspace\FreeRTOS801\Release\libFreeRTOS801.a
LOAD C:\Users\Nick\workspace\CEG4166_RTS_Lib\Release\libCEG4166_RTS_Lib.a
LOAD c:/arduino/hardware/tools/avr/bin/../lib/gcc/avr/4.3.2/avr6\libgcc.a
LOAD c:/arduino/hardware/tools/avr/bin/../lib/gcc/avr/4.3.2/../../../../avr/lib/avr6\libc.a
LOAD c:/arduino/hardware/tools/avr/bin/../lib/gcc/avr/4.3.2/avr6\libgcc.a

.hash
 *(.hash)

.dynsym
 *(.dynsym)

.dynstr
 *(.dynstr)

.gnu.version
 *(.gnu.version)

.gnu.version_d
 *(.gnu.version_d)

.gnu.version_r
 *(.gnu.version_r)

.rel.init
 *(.rel.init)

.rela.init
 *(.rela.init)

.rel.text
 *(.rel.text)
 *(.rel.text.*)
 *(.rel.gnu.linkonce.t*)

.rela.text
 *(.rela.text)
 *(.rela.text.*)
 *(.rela.gnu.linkonce.t*)

.rel.fini
 *(.rel.fini)

.rela.fini
 *(.rela.fini)

.rel.rodata
 *(.rel.rodata)
 *(.rel.rodata.*)
 *(.rel.gnu.linkonce.r*)

.rela.rodata
 *(.rela.rodata)
 *(.rela.rodata.*)
 *(.rela.gnu.linkonce.r*)

.rel.data
 *(.rel.data)
 *(.rel.data.*)
 *(.rel.gnu.linkonce.d*)

.rela.data
 *(.rela.data)
 *(.rela.data.*)
 *(.rela.gnu.linkonce.d*)

.rel.ctors
 *(.rel.ctors)

.rela.ctors
 *(.rela.ctors)

.rel.dtors
 *(.rel.dtors)

.rela.dtors
 *(.rela.dtors)

.rel.got
 *(.rel.got)

.rela.got
 *(.rela.got)

.rel.bss
 *(.rel.bss)

.rela.bss
 *(.rela.bss)

.rel.plt
 *(.rel.plt)

.rela.plt
 *(.rela.plt)

.text           0x00000000     0xafc4
 *(.vectors)
 .vectors       0x00000000       0xe4 c:/arduino/hardware/tools/avr/bin/../lib/gcc/avr/4.3.2/../../../../avr/lib/avr6/crtm2560.o
                0x00000000                __vectors
                0x00000000                __vector_default
 *(.vectors)
 *(.progmem.gcc*)
 .progmem.gcc_sw_table
                0x000000e4       0x54 ./src/wireless_interface.o
 .progmem.gcc_sw_table
                0x00000138      0x182 C:/Users/Nick/workspace/FreeRTOS801/Release/libFreeRTOS801.a(i2cMultiMaster.o)
 *(.progmem*)
 .progmem.data  0x000002ba       0x3c ./src/main.o
 .progmem.data  0x000002f6        0x8 c:/arduino/hardware/tools/avr/bin/../lib/gcc/avr/4.3.2/../../../../avr/lib/avr6\libprintf_flt.a(vfprintf_flt.o)
 .progmem.data  0x000002fe       0xfa c:/arduino/hardware/tools/avr/bin/../lib/gcc/avr/4.3.2/../../../../avr/lib/avr6\libc.a(ftoa_engine.o)
                0x000003f8                . = ALIGN (0x2)
                0x000003f8                __trampolines_start = .
 *(.trampolines)
 .trampolines   0x000003f8        0x0 linker stubs
 *(.trampolines*)
                0x000003f8                __trampolines_end = .
 *(.jumptables)
 *(.jumptables*)
 *(.lowtext)
 .lowtext       0x000003f8      0x2e8 C:/Users/Nick/workspace/FreeRTOS801/Release/libFreeRTOS801.a(tasks.o)
 *(.lowtext*)
                0x000006e0                __ctors_start = .
 *(.ctors)
                0x000006e0                __ctors_end = .
                0x000006e0                __dtors_start = .
 *(.dtors)
                0x000006e0                __dtors_end = .
 SORT(*)(.ctors)
 SORT(*)(.dtors)
 *(.init0)
 .init0         0x000006e0        0x0 c:/arduino/hardware/tools/avr/bin/../lib/gcc/avr/4.3.2/../../../../avr/lib/avr6/crtm2560.o
                0x000006e0                __init
 *(.init0)
 *(.init1)
 *(.init1)
 *(.init2)
 .init2         0x000006e0       0x10 c:/arduino/hardware/tools/avr/bin/../lib/gcc/avr/4.3.2/../../../../avr/lib/avr6/crtm2560.o
 *(.init2)
 *(.init3)
 *(.init3)
 *(.init4)
 .init4         0x000006f0       0x1c c:/arduino/hardware/tools/avr/bin/../lib/gcc/avr/4.3.2/../../../../avr/lib/avr6/crtm2560.o
                0x000006f0                __do_copy_data
 .init4         0x0000070c       0x10 c:/arduino/hardware/tools/avr/bin/../lib/gcc/avr/4.3.2/avr6\libgcc.a(_clear_bss.o)
                0x0000070c                __do_clear_bss
 *(.init4)
 *(.init5)
 *(.init5)
 *(.init6)
 *(.init6)
 *(.init7)
 *(.init7)
 *(.init8)
 *(.init8)
 *(.init9)
 .init9         0x0000071c        0x8 c:/arduino/hardware/tools/avr/bin/../lib/gcc/avr/4.3.2/../../../../avr/lib/avr6/crtm2560.o
 *(.init9)
 *(.text)
 .text          0x00000724        0x4 c:/arduino/hardware/tools/avr/bin/../lib/gcc/avr/4.3.2/../../../../avr/lib/avr6/crtm2560.o
                0x00000724                __vector_38
                0x00000724                __vector_22
                0x00000724                __vector_28
                0x00000724                __vector_1
                0x00000724                __vector_34
                0x00000724                __vector_24
                0x00000724                __vector_12
                0x00000724                __bad_interrupt
                0x00000724                __vector_6
                0x00000724                __vector_31
                0x00000724                __vector_3
                0x00000724                __vector_30
                0x00000724                __vector_11
                0x00000724                __vector_13
                0x00000724                __vector_17
                0x00000724                __vector_19
                0x00000724                __vector_56
                0x00000724                __vector_7
                0x00000724                __vector_49
                0x00000724                __vector_43
                0x00000724                __vector_27
                0x00000724                __vector_5
                0x00000724                __vector_33
                0x00000724                __vector_47
                0x00000724                __vector_4
                0x00000724                __vector_44
                0x00000724                __vector_9
                0x00000724                __vector_2
                0x00000724                __vector_21
                0x00000724                __vector_15
                0x00000724                __vector_29
                0x00000724                __vector_40
                0x00000724                __vector_8
                0x00000724                __vector_48
                0x00000724                __vector_14
                0x00000724                __vector_53
                0x00000724                __vector_10
                0x00000724                __vector_16
                0x00000724                __vector_18
                0x00000724                __vector_20
                0x00000724                __vector_42
 .text          0x00000728        0x0 ./src/attached_mode.o
 .text          0x00000728        0x0 ./src/behaviour.o
 .text          0x00000728        0x0 ./src/custom_timer.o
 .text          0x00000728        0x0 ./src/lcd.o
 .text          0x00000728        0x0 ./src/led.o
 .text          0x00000728        0x0 ./src/main.o
 .text          0x00000728        0x0 ./src/motion.o
 .text          0x00000728        0x0 ./src/ping.o
 .text          0x00000728        0x0 ./src/servo.o
 .text          0x00000728        0x0 ./src/tempsensor.o
 .text          0x00000728        0x0 ./src/timer.o
 .text          0x00000728        0x0 ./src/usart_serial.o
 .text          0x00000728        0x0 ./src/wireless_interface.o
 .text          0x00000728        0x0 C:/Users/Nick/workspace/FreeRTOS801/Release/libFreeRTOS801.a(port.o)
 .text          0x00000728       0x38 C:/Users/Nick/workspace/FreeRTOS801/Release/libFreeRTOS801.a(system_tick.o)
                0x00000728                system_tick
 .text          0x00000760        0x0 C:/Users/Nick/workspace/FreeRTOS801/Release/libFreeRTOS801.a(system_time.o)
 .text          0x00000760        0x0 C:/Users/Nick/workspace/FreeRTOS801/Release/libFreeRTOS801.a(i2cMultiMaster.o)
 .text          0x00000760        0x0 C:/Users/Nick/workspace/FreeRTOS801/Release/libFreeRTOS801.a(heap_4.o)
 .text          0x00000760        0x0 C:/Users/Nick/workspace/FreeRTOS801/Release/libFreeRTOS801.a(queue.o)
 .text          0x00000760        0x0 C:/Users/Nick/workspace/FreeRTOS801/Release/libFreeRTOS801.a(tasks.o)
 .text          0x00000760        0x0 C:/Users/Nick/workspace/FreeRTOS801/Release/libFreeRTOS801.a(list.o)
 .text          0x00000760        0x0 C:/Users/Nick/workspace/FreeRTOS801/Release/libFreeRTOS801.a(runtTimeStatsTimer.o)
 .text          0x00000760        0x0 c:/arduino/hardware/tools/avr/bin/../lib/gcc/avr/4.3.2/../../../../avr/lib/avr6\libm.a(addsf3.o)
 .text          0x00000760        0x0 c:/arduino/hardware/tools/avr/bin/../lib/gcc/avr/4.3.2/../../../../avr/lib/avr6\libm.a(addsf3x.o)
 .text          0x00000760        0x0 c:/arduino/hardware/tools/avr/bin/../lib/gcc/avr/4.3.2/../../../../avr/lib/avr6\libm.a(cmpsf2.o)
 .text          0x00000760        0x0 c:/arduino/hardware/tools/avr/bin/../lib/gcc/avr/4.3.2/../../../../avr/lib/avr6\libm.a(divsf3.o)
 .text          0x00000760        0x0 c:/arduino/hardware/tools/avr/bin/../lib/gcc/avr/4.3.2/../../../../avr/lib/avr6\libm.a(divsf3x.o)
 .text          0x00000760        0x0 c:/arduino/hardware/tools/avr/bin/../lib/gcc/avr/4.3.2/../../../../avr/lib/avr6\libm.a(fixsfsi.o)
 .text          0x00000760        0x0 c:/arduino/hardware/tools/avr/bin/../lib/gcc/avr/4.3.2/../../../../avr/lib/avr6\libm.a(fixunssfsi.o)
 .text          0x00000760        0x0 c:/arduino/hardware/tools/avr/bin/../lib/gcc/avr/4.3.2/../../../../avr/lib/avr6\libm.a(floatsisf.o)
 .text          0x00000760        0x0 c:/arduino/hardware/tools/avr/bin/../lib/gcc/avr/4.3.2/../../../../avr/lib/avr6\libm.a(fp_cmp.o)
 .text          0x00000760        0x0 c:/arduino/hardware/tools/avr/bin/../lib/gcc/avr/4.3.2/../../../../avr/lib/avr6\libm.a(fp_inf.o)
 .text          0x00000760        0x0 c:/arduino/hardware/tools/avr/bin/../lib/gcc/avr/4.3.2/../../../../avr/lib/avr6\libm.a(fp_nan.o)
 .text          0x00000760        0x0 c:/arduino/hardware/tools/avr/bin/../lib/gcc/avr/4.3.2/../../../../avr/lib/avr6\libm.a(fp_pscA.o)
 .text          0x00000760        0x0 c:/arduino/hardware/tools/avr/bin/../lib/gcc/avr/4.3.2/../../../../avr/lib/avr6\libm.a(fp_pscB.o)
 .text          0x00000760        0x0 c:/arduino/hardware/tools/avr/bin/../lib/gcc/avr/4.3.2/../../../../avr/lib/avr6\libm.a(fp_round.o)
 .text          0x00000760        0x0 c:/arduino/hardware/tools/avr/bin/../lib/gcc/avr/4.3.2/../../../../avr/lib/avr6\libm.a(fp_split3.o)
 .text          0x00000760        0x0 c:/arduino/hardware/tools/avr/bin/../lib/gcc/avr/4.3.2/../../../../avr/lib/avr6\libm.a(fp_zero.o)
 .text          0x00000760        0x0 c:/arduino/hardware/tools/avr/bin/../lib/gcc/avr/4.3.2/../../../../avr/lib/avr6\libm.a(gesf2.o)
 .text          0x00000760        0x0 c:/arduino/hardware/tools/avr/bin/../lib/gcc/avr/4.3.2/../../../../avr/lib/avr6\libm.a(mulsf3.o)
 .text          0x00000760        0x0 c:/arduino/hardware/tools/avr/bin/../lib/gcc/avr/4.3.2/../../../../avr/lib/avr6\libm.a(mulsf3x.o)
 .text          0x00000760      0x712 c:/arduino/hardware/tools/avr/bin/../lib/gcc/avr/4.3.2/../../../../avr/lib/avr6\libprintf_flt.a(vfprintf_flt.o)
                0x00000760                vfprintf
 .text          0x00000e72        0x0 c:/arduino/hardware/tools/avr/bin/../lib/gcc/avr/4.3.2/avr6\libgcc.a(_mulsi3.o)
 .text          0x00000e72        0x0 c:/arduino/hardware/tools/avr/bin/../lib/gcc/avr/4.3.2/avr6\libgcc.a(_udivmodhi4.o)
 .text          0x00000e72        0x0 c:/arduino/hardware/tools/avr/bin/../lib/gcc/avr/4.3.2/avr6\libgcc.a(_divmodhi4.o)
 .text          0x00000e72        0x0 c:/arduino/hardware/tools/avr/bin/../lib/gcc/avr/4.3.2/avr6\libgcc.a(_udivmodsi4.o)
 .text          0x00000e72        0x0 c:/arduino/hardware/tools/avr/bin/../lib/gcc/avr/4.3.2/avr6\libgcc.a(_prologue.o)
 .text          0x00000e72        0x0 c:/arduino/hardware/tools/avr/bin/../lib/gcc/avr/4.3.2/avr6\libgcc.a(_epilogue.o)
 .text          0x00000e72        0x0 c:/arduino/hardware/tools/avr/bin/../lib/gcc/avr/4.3.2/avr6\libgcc.a(_exit.o)
 .text          0x00000e72        0x0 c:/arduino/hardware/tools/avr/bin/../lib/gcc/avr/4.3.2/avr6\libgcc.a(_tablejump.o)
 .text          0x00000e72        0x0 c:/arduino/hardware/tools/avr/bin/../lib/gcc/avr/4.3.2/avr6\libgcc.a(_clear_bss.o)
 .text          0x00000e72      0x1b0 c:/arduino/hardware/tools/avr/bin/../lib/gcc/avr/4.3.2/../../../../avr/lib/avr6\libc.a(ftoa_engine.o)
                0x00000e72                __ftoa_engine
 .text          0x00001022       0x16 c:/arduino/hardware/tools/avr/bin/../lib/gcc/avr/4.3.2/../../../../avr/lib/avr6\libc.a(strnlen_P.o)
                0x00001022                strnlen_P
 .text          0x00001038       0x12 c:/arduino/hardware/tools/avr/bin/../lib/gcc/avr/4.3.2/../../../../avr/lib/avr6\libc.a(memcpy.o)
                0x00001038                memcpy
 .text          0x0000104a        0xe c:/arduino/hardware/tools/avr/bin/../lib/gcc/avr/4.3.2/../../../../avr/lib/avr6\libc.a(memset.o)
                0x0000104a                memset
 .text          0x00001058       0x16 c:/arduino/hardware/tools/avr/bin/../lib/gcc/avr/4.3.2/../../../../avr/lib/avr6\libc.a(strcat.o)
                0x00001058                strcat
 .text          0x0000106e        0xe c:/arduino/hardware/tools/avr/bin/../lib/gcc/avr/4.3.2/../../../../avr/lib/avr6\libc.a(strcpy.o)
                0x0000106e                strcpy
 .text          0x0000107c       0x20 c:/arduino/hardware/tools/avr/bin/../lib/gcc/avr/4.3.2/../../../../avr/lib/avr6\libc.a(strncat.o)
                0x0000107c                strncat
 .text          0x0000109c       0x1c c:/arduino/hardware/tools/avr/bin/../lib/gcc/avr/4.3.2/../../../../avr/lib/avr6\libc.a(strncmp.o)
                0x0000109c                strncmp
 .text          0x000010b8       0x1e c:/arduino/hardware/tools/avr/bin/../lib/gcc/avr/4.3.2/../../../../avr/lib/avr6\libc.a(strncpy.o)
                0x000010b8                strncpy
 .text          0x000010d6       0x16 c:/arduino/hardware/tools/avr/bin/../lib/gcc/avr/4.3.2/../../../../avr/lib/avr6\libc.a(strnlen.o)
                0x000010d6                strnlen
 .text          0x000010ec       0x34 c:/arduino/hardware/tools/avr/bin/../lib/gcc/avr/4.3.2/../../../../avr/lib/avr6\libc.a(strstr.o)
                0x000010ec                strstr
 .text          0x00001120       0x58 c:/arduino/hardware/tools/avr/bin/../lib/gcc/avr/4.3.2/../../../../avr/lib/avr6\libc.a(fputc.o)
                0x00001120                fputc
 .text          0x00001178       0x48 c:/arduino/hardware/tools/avr/bin/../lib/gcc/avr/4.3.2/../../../../avr/lib/avr6\libc.a(sprintf.o)
                0x00001178                sprintf
 .text          0x000011c0       0x54 c:/arduino/hardware/tools/avr/bin/../lib/gcc/avr/4.3.2/../../../../avr/lib/avr6\libc.a(vsnprintf.o)
                0x000011c0                vsnprintf
 .text          0x00001214       0x54 c:/arduino/hardware/tools/avr/bin/../lib/gcc/avr/4.3.2/../../../../avr/lib/avr6\libc.a(vsnprintf_p.o)
                0x00001214                vsnprintf_P
 .text          0x00001268       0xbc c:/arduino/hardware/tools/avr/bin/../lib/gcc/avr/4.3.2/../../../../avr/lib/avr6\libc.a(ultoa_invert.o)
                0x00001268                __ultoa_invert
                0x00001324                . = ALIGN (0x2)
 *(.text.*)
 .text.initAttachedMode
                0x00001324       0x36 ./src/attached_mode.o
                0x00001324                initAttachedMode
 .text.updateWheelsAttachedMode
                0x0000135a       0xe6 ./src/attached_mode.o
                0x0000135a                updateWheelsAttachedMode
 .text.readHeat
                0x00001440       0x1c ./src/attached_mode.o
                0x00001440                readHeat
 .text.updateCenterServoAttachedMode
                0x0000145c      0x11a ./src/attached_mode.o
                0x0000145c                updateCenterServoAttachedMode
 .text.initialize_module_timer0
                0x00001576       0x3e ./src/custom_timer.o
                0x00001576                initialize_module_timer0
 .text.time_in_microseconds
                0x000015b4       0x4e ./src/custom_timer.o
                0x000015b4                time_in_microseconds
 .text.time_in_milliseconds
                0x00001602       0x1c ./src/custom_timer.o
                0x00001602                time_in_milliseconds
 .text.delay_milliseconds
                0x0000161e       0xd4 ./src/custom_timer.o
                0x0000161e                delay_milliseconds
 .text.__vector_23
                0x000016f2       0x90 ./src/custom_timer.o
                0x000016f2                __vector_23
 .text.sendLCDCommand
                0x00001782       0x1c ./src/lcd.o
                0x00001782                sendLCDCommand
 .text.LCDPrint
                0x0000179e       0x42 ./src/lcd.o
                0x0000179e                LCDPrint
 .text.LCDInit  0x000017e0       0x36 ./src/lcd.o
                0x000017e0                LCDInit
 .text.initLED  0x00001816       0x1e ./src/led.o
                0x00001816                initLED
 .text.setColor
                0x00001834       0x34 ./src/led.o
                0x00001834                setColor
 .text.vApplicationStackOverflowHook
                0x00001868        0x2 ./src/main.o
                0x00001868                vApplicationStackOverflowHook
 .text.TaskWheels
                0x0000186a       0xa6 ./src/main.o
                0x0000186a                TaskWheels
 .text.TaskWIFI
                0x00001910       0xd2 ./src/main.o
                0x00001910                TaskWIFI
 .text.TaskLCD  0x000019e2      0x1ee ./src/main.o
                0x000019e2                TaskLCD
 .text.TaskCenterServo
                0x00001bd0       0x42 ./src/main.o
                0x00001bd0                TaskCenterServo
 .text.initWifi
                0x00001c12       0xbc ./src/main.o
                0x00001c12                initWifi
 .text.initModules
                0x00001cce       0x22 ./src/main.o
                0x00001cce                initModules
 .text.createTasks
                0x00001cf0       0x8a ./src/main.o
                0x00001cf0                createTasks
 .text.main     0x00001d7a       0x2c ./src/main.o
                0x00001d7a                main
 .text.motion_servo_start
                0x00001da6       0xc4 ./src/motion.o
                0x00001da6                motion_servo_start
 .text.motion_servo_stop
                0x00001e6a       0x9e ./src/motion.o
                0x00001e6a                motion_servo_stop
 .text.motion_servo_set_pulse_width
                0x00001f08       0x36 ./src/motion.o
                0x00001f08                motion_servo_set_pulse_width
 .text.motion_servo_get_pulse_width
                0x00001f3e       0x2a ./src/motion.o
                0x00001f3e                motion_servo_get_pulse_width
 .text.motion_enc_read
                0x00001f68       0x5a ./src/motion.o
                0x00001f68                motion_enc_read
 .text.__vector_45
                0x00001fc2       0x4a ./src/motion.o
                0x00001fc2                __vector_45
 .text.__vector_50
                0x0000200c       0x4a ./src/motion.o
                0x0000200c                __vector_50
 .text.__vector_41
                0x00002056      0x116 ./src/motion.o
                0x00002056                __vector_41
 .text.__vector_46
                0x0000216c      0x11c ./src/motion.o
                0x0000216c                __vector_46
 .text.motion_init
                0x00002288      0x13e ./src/motion.o
                0x00002288                motion_init
 .text.initPing
                0x000023c6       0x1e ./src/ping.o
                0x000023c6                initPing
 .text.getDistance
                0x000023e4       0x16 ./src/ping.o
                0x000023e4                getDistance
 .text.pulse_out
                0x000023fa       0x16 ./src/ping.o
                0x000023fa                pulse_out
 .text.pulse_in
                0x00002410       0x70 ./src/ping.o
                0x00002410                pulse_in
 .text.ping     0x00002480       0x28 ./src/ping.o
                0x00002480                ping
 .text.readDistance
                0x000024a8       0x3e ./src/ping.o
                0x000024a8                readDistance
 .text.getPulseWidth
                0x000024e6       0x4c ./src/servo.o
                0x000024e6                getPulseWidth
 .text.getAverageSpeed
                0x00002532       0x32 ./src/servo.o
                0x00002532                getAverageSpeed
 .text.getTotalDistance
                0x00002564       0x32 ./src/servo.o
                0x00002564                getTotalDistance
 .text.getSpeedById
                0x00002596       0xb2 ./src/servo.o
                0x00002596                getSpeedById
 .text.getSpeed
                0x00002648       0x82 ./src/servo.o
                0x00002648                getSpeed
 .text.moveCenterServo
                0x000026ca       0xdc ./src/servo.o
                0x000026ca                moveCenterServo
 .text.moveWheels
                0x000027a6      0x228 ./src/servo.o
                0x000027a6                moveWheels
 .text.servoInit
                0x000029ce       0x7a ./src/servo.o
                0x000029ce                servoInit
 .text.getAmbient
                0x00002a48        0x8 ./src/tempsensor.o
                0x00002a48                getAmbient
 .text.getAverageLeft
                0x00002a50       0x22 ./src/tempsensor.o
                0x00002a50                getAverageLeft
 .text.getAverageMiddle
                0x00002a72       0x16 ./src/tempsensor.o
                0x00002a72                getAverageMiddle
 .text.getAverageRight
                0x00002a88       0x22 ./src/tempsensor.o
                0x00002a88                getAverageRight
 .text.readTemperatureValues
                0x00002aaa       0x64 ./src/tempsensor.o
                0x00002aaa                readTemperatureValues
 .text.getTemperatureValues
                0x00002b0e       0x20 ./src/tempsensor.o
                0x00002b0e                getTemperatureValues
 .text.initTPA81
                0x00002b2e        0x8 ./src/tempsensor.o
                0x00002b2e                initTPA81
 .text.initTimer
                0x00002b36       0x3e ./src/timer.o
                0x00002b36                initTimer
 .text.getTime  0x00002b74        0xa ./src/timer.o
                0x00002b74                getTime
 .text.isTimerRepeatMultiple
                0x00002b7e       0x24 ./src/timer.o
                0x00002b7e                isTimerRepeatMultiple
 .text.__vector_35
                0x00002ba2       0x74 ./src/timer.o
                0x00002ba2                __vector_35
 .text.setDefaultUSART
                0x00002c16        0xa ./src/usart_serial.o
                0x00002c16                setDefaultUSART
 .text.usartWrite
                0x00002c20       0x56 ./src/usart_serial.o
                0x00002c20                usartWrite
 .text.usartRead
                0x00002c76       0x60 ./src/usart_serial.o
                0x00002c76                usartRead
 .text.usart_xflushRx
                0x00002cd6       0x9c ./src/usart_serial.o
                0x00002cd6                usart_xflushRx
 .text.usart_AvailableCharRx
                0x00002d72       0x32 ./src/usart_serial.o
                0x00002d72                usart_AvailableCharRx
 .text.usart_xgetChar
                0x00002da4       0x9e ./src/usart_serial.o
                0x00002da4                usart_xgetChar
 .text.usart_xputChar
                0x00002e42      0x136 ./src/usart_serial.o
                0x00002e42                usart_xputChar
 .text.usartCheckRxComplete
                0x00002f78       0x22 ./src/usart_serial.o
                0x00002f78                usartCheckRxComplete
 .text.usartCheckTxReady
                0x00002f9a       0x22 ./src/usart_serial.o
                0x00002f9a                usartCheckTxReady
 .text.xmitInterrupt_On
                0x00002fbc       0x2a ./src/usart_serial.o
                0x00002fbc                xmitInterrupt_On
 .text.xmitInterrupt_Off
                0x00002fe6       0x2a ./src/usart_serial.o
                0x00002fe6                xmitInterrupt_Off
 .text.usart_rx_isr
                0x00003010       0xe6 ./src/usart_serial.o
                0x00003010                usart_rx_isr
 .text.__vector_54
                0x000030f6       0x54 ./src/usart_serial.o
                0x000030f6                __vector_54
 .text.__vector_51
                0x0000314a       0x54 ./src/usart_serial.o
                0x0000314a                __vector_51
 .text.__vector_36
                0x0000319e       0x54 ./src/usart_serial.o
                0x0000319e                __vector_36
 .text.__vector_25
                0x000031f2       0x54 ./src/usart_serial.o
                0x000031f2                __vector_25
 .text.usart_tx_isr
                0x00003246       0xd6 ./src/usart_serial.o
                0x00003246                usart_tx_isr
 .text.__vector_55
                0x0000331c       0x54 ./src/usart_serial.o
                0x0000331c                __vector_55
 .text.__vector_52
                0x00003370       0x54 ./src/usart_serial.o
                0x00003370                __vector_52
 .text.__vector_37
                0x000033c4       0x54 ./src/usart_serial.o
                0x000033c4                __vector_37
 .text.__vector_26
                0x00003418       0x54 ./src/usart_serial.o
                0x00003418                __vector_26
 .text.usart_xfprint_P
                0x0000346c       0x4a ./src/usart_serial.o
                0x0000346c                usart_xfprint_P
 .text.usart_xprint_P
                0x000034b6       0x10 ./src/usart_serial.o
                0x000034b6                usart_xprint_P
 .text.usart_xfprint
                0x000034c6       0x4c ./src/usart_serial.o
                0x000034c6                usart_xfprint
 .text.usart_xfprintf_P_arg
                0x00003512       0xa2 ./src/usart_serial.o
                0x00003512                usart_xfprintf_P_arg
 .text.usart_xfprintf_arg
                0x000035b4       0xa2 ./src/usart_serial.o
                0x000035b4                usart_xfprintf_arg
 .text.usart_xprint
                0x00003656       0x10 ./src/usart_serial.o
                0x00003656                usart_xprint
 .text.usart_fprint_P
                0x00003666       0x8e ./src/usart_serial.o
                0x00003666                usart_fprint_P
 .text.usart_print_P
                0x000036f4       0x10 ./src/usart_serial.o
                0x000036f4                usart_print_P
 .text.usart_fprint
                0x00003704       0x8e ./src/usart_serial.o
                0x00003704                usart_fprint
 .text.usart_fprintf_P_arg
                0x00003792       0x72 ./src/usart_serial.o
                0x00003792                usart_fprintf_P_arg
 .text.usart_fprintf_arg
                0x00003804       0x72 ./src/usart_serial.o
                0x00003804                usart_fprintf_arg
 .text.usart_print
                0x00003876       0x10 ./src/usart_serial.o
                0x00003876                usart_print
 .text.usart_xfprintf_P
                0x00003886       0x28 ./src/usart_serial.o
                0x00003886                usart_xfprintf_P
 .text.usart_xfprintf
                0x000038ae       0x28 ./src/usart_serial.o
                0x000038ae                usart_xfprintf
 .text.usart_xprintf_P
                0x000038d6       0x2a ./src/usart_serial.o
                0x000038d6                usart_xprintf_P
 .text.usart_xprintf
                0x00003900       0x2a ./src/usart_serial.o
                0x00003900                usart_xprintf
 .text.usart_fprintf_P
                0x0000392a       0x28 ./src/usart_serial.o
                0x0000392a                usart_fprintf_P
 .text.usart_fprintf
                0x00003952       0x28 ./src/usart_serial.o
                0x00003952                usart_fprintf
 .text.usart_printf_P
                0x0000397a       0x2a ./src/usart_serial.o
                0x0000397a                usart_printf_P
 .text.usart_printf
                0x000039a4       0x2a ./src/usart_serial.o
                0x000039a4                usart_printf
 .text.usartClose
                0x000039ce       0x8a ./src/usart_serial.o
                0x000039ce                usartClose
 .text.usartOpen
                0x00003a58      0x1ac ./src/usart_serial.o
                0x00003a58                usartOpen
 .text.gs_set_usart
                0x00003c04       0x42 ./src/wireless_interface.o
                0x00003c04                gs_set_usart
 .text.gs_get_socket_status
                0x00003c46       0x2c ./src/wireless_interface.o
                0x00003c46                gs_get_socket_status
 .text.gs_activate_socket
                0x00003c72       0x42 ./src/wireless_interface.o
                0x00003c72                gs_activate_socket
 .text.gs_get_active_socket
                0x00003cb4        0x6 ./src/wireless_interface.o
                0x00003cb4                gs_get_active_socket
 .text.gs_get_socket_protocol
                0x00003cba       0x1e ./src/wireless_interface.o
                0x00003cba                gs_get_socket_protocol
 .text.gs_get_socket_port
                0x00003cd8       0x1e ./src/wireless_interface.o
                0x00003cd8                gs_get_socket_port
 .text.gs_get_data_on_socket_status
                0x00003cf6       0x18 ./src/wireless_interface.o
                0x00003cf6                gs_get_data_on_socket_status
 .text.gs_configure_socket
                0x00003d0e       0x2e ./src/wireless_interface.o
                0x00003d0e                gs_configure_socket
 .text.gs_get_socket_having_active_connection_and_data
                0x00003d3c       0x26 ./src/wireless_interface.o
                0x00003d3c                gs_get_socket_having_active_connection_and_data
 .text.gs_get_socket_connection_status
                0x00003d62       0x30 ./src/wireless_interface.o
                0x00003d62                gs_get_socket_connection_status
 .text.get_next_client_response
                0x00003d92       0x2c ./src/wireless_interface.o
                0x00003d92                get_next_client_response
 .text.hex_to_int
                0x00003dbe       0x24 ./src/wireless_interface.o
                0x00003dbe                hex_to_int
 .text.int_to_hex
                0x00003de2       0x1a ./src/wireless_interface.o
                0x00003de2                int_to_hex
 .text.initialize_web_server
                0x00003dfc       0x20 ./src/wireless_interface.o
                0x00003dfc                initialize_web_server
 .text.gs_send_activation_status_to_serial_terminal
                0x00003e1c      0x106 ./src/wireless_interface.o
                0x00003e1c                gs_send_activation_status_to_serial_terminal
 .text.gs_send_command_response_to_serial_terminal
                0x00003f22      0x12c ./src/wireless_interface.o
                0x00003f22                gs_send_command_response_to_serial_terminal
 .text.gs_reset_socket
                0x0000404e      0x162 ./src/wireless_interface.o
                0x0000404e                gs_reset_socket
 .text.gs_parse_command_response_tcp
                0x000041b0      0x398 ./src/wireless_interface.o
                0x000041b0                gs_parse_command_response_tcp
 .text.gs_parse_command_response
                0x00004548       0xd8 ./src/wireless_interface.o
                0x00004548                gs_parse_command_response
 .text.gs_flush
                0x00004620       0x3e ./src/wireless_interface.o
                0x00004620                gs_flush
 .text.gs_send_command
                0x0000465e      0x6fa ./src/wireless_interface.o
                0x0000465e                gs_send_command
 .text.gs_get_command_response
                0x00004d58       0xcc ./src/wireless_interface.o
                0x00004d58                gs_get_command_response
 .text.gs_read_data_from_socket
                0x00004e24      0x23c ./src/wireless_interface.o
                0x00004e24                gs_read_data_from_socket
 .text.gs_disconnect_deactivate_socket
                0x00005060      0x17e ./src/wireless_interface.o
                0x00005060                gs_disconnect_deactivate_socket
 .text.gs_enable_activate_socket
                0x000051de       0xaa ./src/wireless_interface.o
                0x000051de                gs_enable_activate_socket
 .text.start_web_server
                0x00005288       0xc6 ./src/wireless_interface.o
                0x00005288                start_web_server
 .text.gs_activate_wireless_connection
                0x0000534e      0x256 ./src/wireless_interface.o
                0x0000534e                gs_activate_wireless_connection
 .text.gs_initialize_gainspan
                0x000055a4      0x1c8 ./src/wireless_interface.o
                0x000055a4                gs_initialize_gainspan
 .text.gs_initialize_module
                0x0000576c       0x6e ./src/wireless_interface.o
                0x0000576c                gs_initialize_module
 .text.gs_set_webserver_authentication
                0x000057da       0x32 ./src/wireless_interface.o
                0x000057da                gs_set_webserver_authentication
 .text.gs_set_wireless_ssid
                0x0000580c       0x10 ./src/wireless_interface.o
                0x0000580c                gs_set_wireless_ssid
 .text.gs_set_wireless_configuration
                0x0000581c       0x8e ./src/wireless_interface.o
                0x0000581c                gs_set_wireless_configuration
 .text.gs_set_network_configuration
                0x000058aa       0x54 ./src/wireless_interface.o
                0x000058aa                gs_set_network_configuration
 .text.add_element_choice
                0x000058fe      0x112 ./src/wireless_interface.o
                0x000058fe                add_element_choice
 .text.configure_web_page
                0x00005a10      0x1ae ./src/wireless_interface.o
                0x00005a10                configure_web_page
 .text.gs_write_data_to_socket
                0x00005bbe      0x1a8 ./src/wireless_interface.o
                0x00005bbe                gs_write_data_to_socket
 .text.process_client_request
                0x00005d66      0x454 ./src/wireless_interface.o
                0x00005d66                process_client_request
 .text.hot      0x000061ba      0x12a C:/Users/Nick/workspace/FreeRTOS801/Release/libFreeRTOS801.a(port.o)
                0x00006250                xPortStartScheduler
                0x000062e2                vPortEndScheduler
                0x000061ba                pxPortInitialiseStack
 .text.vPortYieldFromTick
                0x000062e4       0xf8 C:/Users/Nick/workspace/FreeRTOS801/Release/libFreeRTOS801.a(port.o)
                0x000062e4                vPortYieldFromTick
 .text.__vector_32
                0x000063dc        0x6 C:/Users/Nick/workspace/FreeRTOS801/Release/libFreeRTOS801.a(port.o)
                0x000063dc                __vector_32
 .text.vPortYield
                0x000063e2       0xc2 C:/Users/Nick/workspace/FreeRTOS801/Release/libFreeRTOS801.a(port.o)
                0x000063e2                vPortYield
 .text.I2C_Slave_Start_Transceiver
                0x000064a4       0x1a C:/Users/Nick/workspace/FreeRTOS801/Release/libFreeRTOS801.a(i2cMultiMaster.o)
                0x000064a4                I2C_Slave_Start_Transceiver
 .text.I2C_Master_Start_Transceiver
                0x000064be       0x1a C:/Users/Nick/workspace/FreeRTOS801/Release/libFreeRTOS801.a(i2cMultiMaster.o)
                0x000064be                I2C_Master_Start_Transceiver
 .text.I2C_Slave_Start_Transceiver_With_Data
                0x000064d8       0x40 C:/Users/Nick/workspace/FreeRTOS801/Release/libFreeRTOS801.a(i2cMultiMaster.o)
                0x000064d8                I2C_Slave_Start_Transceiver_With_Data
 .text.I2C_Master_Start_Transceiver_With_Data
                0x00006518       0x4e C:/Users/Nick/workspace/FreeRTOS801/Release/libFreeRTOS801.a(i2cMultiMaster.o)
                0x00006518                I2C_Master_Start_Transceiver_With_Data
 .text.I2C_Slave_Get_Data_From_Transceiver
                0x00006566       0x48 C:/Users/Nick/workspace/FreeRTOS801/Release/libFreeRTOS801.a(i2cMultiMaster.o)
                0x00006566                I2C_Slave_Get_Data_From_Transceiver
 .text.I2C_Master_Get_Data_From_Transceiver
                0x000065ae       0x40 C:/Users/Nick/workspace/FreeRTOS801/Release/libFreeRTOS801.a(i2cMultiMaster.o)
                0x000065ae                I2C_Master_Get_Data_From_Transceiver
 .text.I2C_Check_Free_After_Stop
                0x000065ee       0x12 C:/Users/Nick/workspace/FreeRTOS801/Release/libFreeRTOS801.a(i2cMultiMaster.o)
                0x000065ee                I2C_Check_Free_After_Stop
 .text.I2C_Get_State_Info
                0x00006600        0xe C:/Users/Nick/workspace/FreeRTOS801/Release/libFreeRTOS801.a(i2cMultiMaster.o)
                0x00006600                I2C_Get_State_Info
 .text.__vector_39
                0x0000660e      0x1b2 C:/Users/Nick/workspace/FreeRTOS801/Release/libFreeRTOS801.a(i2cMultiMaster.o)
                0x0000660e                __vector_39
 .text.I2C_Master_Initialise
                0x000067c0       0x60 C:/Users/Nick/workspace/FreeRTOS801/Release/libFreeRTOS801.a(i2cMultiMaster.o)
                0x000067c0                I2C_Master_Initialise
 .text.I2C_Slave_Initialise
                0x00006820       0x50 C:/Users/Nick/workspace/FreeRTOS801/Release/libFreeRTOS801.a(i2cMultiMaster.o)
                0x00006820                I2C_Slave_Initialise
 .text.hot      0x00006870      0x2f8 C:/Users/Nick/workspace/FreeRTOS801/Release/libFreeRTOS801.a(heap_4.o)
                0x00006870                xPortGetFreeHeapSize
                0x00006886                vPortFree
                0x0000696c                pvPortMalloc
                0x00006884                vPortInitialiseBlocks
                0x0000687a                xPortGetMinimumEverFreeHeapSize
 .text.hot      0x00006b68      0xc06 C:/Users/Nick/workspace/FreeRTOS801/Release/libFreeRTOS801.a(queue.o)
                0x0000705a                xQueueGenericSendFromISR
                0x00006be8                xQueuePeekFromISR
                0x00006b92                uxQueueGetQueueNumber
                0x00006bca                vQueueDelete
                0x0000716c                xQueueGenericSend
                0x00006b9e                ucQueueGetQueueType
                0x00006c42                xQueueReceiveFromISR
                0x00007692                xQueueGenericCreate
                0x00006b98                vQueueSetQueueNumber
                0x00006b78                uxQueueSpacesAvailable
                0x00006bb4                xQueueIsQueueFullFromISR
                0x00006cd2                xQueueGenericReceive
                0x00006b68                uxQueueMessagesWaiting
                0x00007602                xQueueGenericReset
                0x00006b8c                uxQueueMessagesWaitingFromISR
                0x00006ba4                xQueueIsQueueEmptyFromISR
                0x00007520                xQueueCreateMutex
 .text.hot      0x0000776e     0x3098 C:/Users/Nick/workspace/FreeRTOS801/Release/libFreeRTOS801.a(tasks.o)
                0x00007e98                vTaskPlaceOnUnorderedEventList
                0x0000841c                vTaskGetRunTimeStats
                0x0000a424                vTaskEndScheduler
                0x00007f76                vTaskPlaceOnEventList
                0x0000a430                xTaskGenericCreate
                0x000079b4                uxTaskGetStackHighWaterMark
                0x00007dea                xTaskResumeFromISR
                0x0000777a                xTaskGetTickCount
                0x00007ba2                xTaskRemoveFromEventList
                0x0000a35a                vTaskDelete
                0x000077b8                xTaskCheckForTimeOut
                0x0000776e                vTaskSuspendAll
                0x00007790                xTaskGetTickCountFromISR
                0x00007a2e                vTaskPriorityDisinherit
                0x00007a92                vTaskPriorityInherit
                0x00009a5c                vTaskResume
                0x00008046                vTaskSwitchContext
                0x0000784c                vTaskSetTaskNumber
                0x00009ae8                vTaskSuspend
                0x0000779c                uxTaskGetNumberOfTasks
                0x00008f6a                vTaskList
                0x0000783e                uxTaskGetTaskNumber
                0x0000a01a                vTaskDelayUntil
                0x000079f2                xTaskGetCurrentTaskHandle
                0x00007b32                xTaskRemoveFromUnorderedEventList
                0x000081a2                xTaskResumeAll
                0x0000a63a                vTaskStartScheduler
                0x00007836                vTaskMissedYield
                0x00007c34                xTaskIncrementTick
                0x00009d0a                vTaskDelay
                0x000077a2                vTaskSetTimeOutState
                0x000079fe                uxTaskResetEventItemValue
 .text.uxTaskGetSystemState
                0x0000a806      0x102 C:/Users/Nick/workspace/FreeRTOS801/Release/libFreeRTOS801.a(tasks.o)
                0x0000a806                uxTaskGetSystemState
 .text.vListInitialise
                0x0000a908       0x20 C:/Users/Nick/workspace/FreeRTOS801/Release/libFreeRTOS801.a(list.o)
                0x0000a908                vListInitialise
 .text.vListInitialiseItem
                0x0000a928        0x8 C:/Users/Nick/workspace/FreeRTOS801/Release/libFreeRTOS801.a(list.o)
                0x0000a928                vListInitialiseItem
 .text.vListInsertEnd
                0x0000a930       0x3e C:/Users/Nick/workspace/FreeRTOS801/Release/libFreeRTOS801.a(list.o)
                0x0000a930                vListInsertEnd
 .text.vListInsert
                0x0000a96e       0x64 C:/Users/Nick/workspace/FreeRTOS801/Release/libFreeRTOS801.a(list.o)
                0x0000a96e                vListInsert
 .text.uxListRemove
                0x0000a9d2       0x56 C:/Users/Nick/workspace/FreeRTOS801/Release/libFreeRTOS801.a(list.o)
                0x0000a9d2                uxListRemove
 .text.xconfigTimerForRunTimeStats
                0x0000aa28       0x18 C:/Users/Nick/workspace/FreeRTOS801/Release/libFreeRTOS801.a(runtTimeStatsTimer.o)
                0x0000aa28                xconfigTimerForRunTimeStats
 .text.fplib    0x0000aa40        0xa c:/arduino/hardware/tools/avr/bin/../lib/gcc/avr/4.3.2/../../../../avr/lib/avr6\libm.a(addsf3.o)
                0x0000aa40                __subsf3
                0x0000aa42                __addsf3
 .text.fplib    0x0000aa4a       0xc0 c:/arduino/hardware/tools/avr/bin/../lib/gcc/avr/4.3.2/../../../../avr/lib/avr6\libm.a(addsf3x.o)
                0x0000aa64                __addsf3x
 .text.fplib    0x0000ab0a        0x8 c:/arduino/hardware/tools/avr/bin/../lib/gcc/avr/4.3.2/../../../../avr/lib/avr6\libm.a(cmpsf2.o)
                0x0000ab0a                __lesf2
                0x0000ab0a                __nesf2
                0x0000ab0a                __eqsf2
                0x0000ab0a                __cmpsf2
                0x0000ab0a                __ltsf2
 .text.fplib    0x0000ab12        0x4 c:/arduino/hardware/tools/avr/bin/../lib/gcc/avr/4.3.2/../../../../avr/lib/avr6\libm.a(divsf3.o)
                0x0000ab12                __divsf3
 .text.fplib    0x0000ab16       0xcc c:/arduino/hardware/tools/avr/bin/../lib/gcc/avr/4.3.2/../../../../avr/lib/avr6\libm.a(divsf3x.o)
                0x0000ab2c                __divsf3x
                0x0000ab30                __divsf3_pse
 .text.fplib    0x0000abe2        0xa c:/arduino/hardware/tools/avr/bin/../lib/gcc/avr/4.3.2/../../../../avr/lib/avr6\libm.a(fixsfsi.o)
                0x0000abe2                __fixsfsi
 .text.fplib    0x0000abec       0x58 c:/arduino/hardware/tools/avr/bin/../lib/gcc/avr/4.3.2/../../../../avr/lib/avr6\libm.a(fixunssfsi.o)
                0x0000abec                __fixunssfsi
 .text.fplib    0x0000ac44       0x7a c:/arduino/hardware/tools/avr/bin/../lib/gcc/avr/4.3.2/../../../../avr/lib/avr6\libm.a(floatsisf.o)
                0x0000ac48                __floatsisf
                0x0000ac44                __floatunsisf
 .text.fplib    0x0000acbe       0x48 c:/arduino/hardware/tools/avr/bin/../lib/gcc/avr/4.3.2/../../../../avr/lib/avr6\libm.a(fp_cmp.o)
                0x0000acbe                __fp_cmp
 .text.fplib    0x0000ad06        0xc c:/arduino/hardware/tools/avr/bin/../lib/gcc/avr/4.3.2/../../../../avr/lib/avr6\libm.a(fp_inf.o)
                0x0000ad06                __fp_inf
 .text.fplib    0x0000ad12        0x6 c:/arduino/hardware/tools/avr/bin/../lib/gcc/avr/4.3.2/../../../../avr/lib/avr6\libm.a(fp_nan.o)
                0x0000ad12                __fp_nan
 .text.fplib    0x0000ad18        0xe c:/arduino/hardware/tools/avr/bin/../lib/gcc/avr/4.3.2/../../../../avr/lib/avr6\libm.a(fp_pscA.o)
                0x0000ad18                __fp_pscA
 .text.fplib    0x0000ad26        0xe c:/arduino/hardware/tools/avr/bin/../lib/gcc/avr/4.3.2/../../../../avr/lib/avr6\libm.a(fp_pscB.o)
                0x0000ad26                __fp_pscB
 .text.fplib    0x0000ad34       0x22 c:/arduino/hardware/tools/avr/bin/../lib/gcc/avr/4.3.2/../../../../avr/lib/avr6\libm.a(fp_round.o)
                0x0000ad34                __fp_round
 .text.fplib    0x0000ad56       0x44 c:/arduino/hardware/tools/avr/bin/../lib/gcc/avr/4.3.2/../../../../avr/lib/avr6\libm.a(fp_split3.o)
                0x0000ad56                __fp_split3
                0x0000ad66                __fp_splitA
 .text.fplib    0x0000ad9a        0xe c:/arduino/hardware/tools/avr/bin/../lib/gcc/avr/4.3.2/../../../../avr/lib/avr6\libm.a(fp_zero.o)
                0x0000ad9a                __fp_zero
                0x0000ad9c                __fp_szero
 .text.fplib    0x0000ada8        0x8 c:/arduino/hardware/tools/avr/bin/../lib/gcc/avr/4.3.2/../../../../avr/lib/avr6\libm.a(gesf2.o)
                0x0000ada8                __gtsf2
                0x0000ada8                __gesf2
 .text.fplib    0x0000adb0        0x4 c:/arduino/hardware/tools/avr/bin/../lib/gcc/avr/4.3.2/../../../../avr/lib/avr6\libm.a(mulsf3.o)
                0x0000adb0                __mulsf3
 .text.fplib    0x0000adb4       0xc2 c:/arduino/hardware/tools/avr/bin/../lib/gcc/avr/4.3.2/../../../../avr/lib/avr6\libm.a(mulsf3x.o)
                0x0000adcc                __mulsf3_pse
                0x0000adc8                __mulsf3x
 .text.libgcc   0x0000ae76       0x3e c:/arduino/hardware/tools/avr/bin/../lib/gcc/avr/4.3.2/avr6\libgcc.a(_mulsi3.o)
                0x0000ae76                __mulsi3
 .text.libgcc   0x0000aeb4       0x28 c:/arduino/hardware/tools/avr/bin/../lib/gcc/avr/4.3.2/avr6\libgcc.a(_udivmodhi4.o)
                0x0000aeb4                __udivmodhi4
 .text.libgcc   0x0000aedc       0x26 c:/arduino/hardware/tools/avr/bin/../lib/gcc/avr/4.3.2/avr6\libgcc.a(_divmodhi4.o)
                0x0000aedc                __divmodhi4
                0x0000aedc                _div
 .text.libgcc   0x0000af02       0x44 c:/arduino/hardware/tools/avr/bin/../lib/gcc/avr/4.3.2/avr6\libgcc.a(_udivmodsi4.o)
                0x0000af02                __udivmodsi4
 .text.libgcc   0x0000af46       0x38 c:/arduino/hardware/tools/avr/bin/../lib/gcc/avr/4.3.2/avr6\libgcc.a(_prologue.o)
                0x0000af46                __prologue_saves__
 .text.libgcc   0x0000af7e       0x36 c:/arduino/hardware/tools/avr/bin/../lib/gcc/avr/4.3.2/avr6\libgcc.a(_epilogue.o)
                0x0000af7e                __epilogue_restores__
 .text.libgcc   0x0000afb4        0x0 c:/arduino/hardware/tools/avr/bin/../lib/gcc/avr/4.3.2/avr6\libgcc.a(_exit.o)
 .text.libgcc   0x0000afb4        0xc c:/arduino/hardware/tools/avr/bin/../lib/gcc/avr/4.3.2/avr6\libgcc.a(_tablejump.o)
                0x0000afb8                __tablejump__
                0x0000afb4                __tablejump2__
 .text.libgcc   0x0000afc0        0x0 c:/arduino/hardware/tools/avr/bin/../lib/gcc/avr/4.3.2/avr6\libgcc.a(_clear_bss.o)
                0x0000afc0                . = ALIGN (0x2)
 *(.fini9)
 .fini9         0x0000afc0        0x0 c:/arduino/hardware/tools/avr/bin/../lib/gcc/avr/4.3.2/avr6\libgcc.a(_exit.o)
                0x0000afc0                exit
                0x0000afc0                _exit
 *(.fini9)
 *(.fini8)
 *(.fini8)
 *(.fini7)
 *(.fini7)
 *(.fini6)
 *(.fini6)
 *(.fini5)
 *(.fini5)
 *(.fini4)
 *(.fini4)
 *(.fini3)
 *(.fini3)
 *(.fini2)
 *(.fini2)
 *(.fini1)
 *(.fini1)
 *(.fini0)
 .fini0         0x0000afc0        0x4 c:/arduino/hardware/tools/avr/bin/../lib/gcc/avr/4.3.2/avr6\libgcc.a(_exit.o)
 *(.fini0)
                0x0000afc4                _etext = .

.data           0x00800200      0x828 load address 0x0000afc4
                0x00800200                PROVIDE (__data_start, .)
 *(.data)
 .data          0x00800200        0x0 c:/arduino/hardware/tools/avr/bin/../lib/gcc/avr/4.3.2/../../../../avr/lib/avr6/crtm2560.o
 .data          0x00800200        0x0 ./src/attached_mode.o
 .data          0x00800200        0x0 ./src/behaviour.o
 .data          0x00800200        0x0 ./src/custom_timer.o
 .data          0x00800200        0x0 ./src/lcd.o
 .data          0x00800200        0x0 ./src/led.o
 .data          0x00800200       0x8a ./src/main.o
 .data          0x0080028a        0x0 ./src/motion.o
 .data          0x0080028a        0x0 ./src/ping.o
 .data          0x0080028a        0x0 ./src/servo.o
 .data          0x0080028a        0x0 ./src/tempsensor.o
 .data          0x0080028a        0x0 ./src/timer.o
 .data          0x0080028a        0x0 ./src/usart_serial.o
 .data          0x0080028a      0x697 ./src/wireless_interface.o
 .data          0x00800921        0x0 C:/Users/Nick/workspace/FreeRTOS801/Release/libFreeRTOS801.a(port.o)
 .data          0x00800921        0x0 C:/Users/Nick/workspace/FreeRTOS801/Release/libFreeRTOS801.a(system_tick.o)
 .data          0x00800921        0x0 C:/Users/Nick/workspace/FreeRTOS801/Release/libFreeRTOS801.a(system_time.o)
 .data          0x00800921        0x0 C:/Users/Nick/workspace/FreeRTOS801/Release/libFreeRTOS801.a(i2cMultiMaster.o)
 .data          0x00800921        0x0 C:/Users/Nick/workspace/FreeRTOS801/Release/libFreeRTOS801.a(heap_4.o)
 .data          0x00800921        0x0 C:/Users/Nick/workspace/FreeRTOS801/Release/libFreeRTOS801.a(queue.o)
 .data          0x00800921       0x35 C:/Users/Nick/workspace/FreeRTOS801/Release/libFreeRTOS801.a(tasks.o)
 .data          0x00800956        0x0 C:/Users/Nick/workspace/FreeRTOS801/Release/libFreeRTOS801.a(list.o)
 .data          0x00800956        0x0 C:/Users/Nick/workspace/FreeRTOS801/Release/libFreeRTOS801.a(runtTimeStatsTimer.o)
 .data          0x00800956        0x0 c:/arduino/hardware/tools/avr/bin/../lib/gcc/avr/4.3.2/../../../../avr/lib/avr6\libm.a(addsf3.o)
 .data          0x00800956        0x0 c:/arduino/hardware/tools/avr/bin/../lib/gcc/avr/4.3.2/../../../../avr/lib/avr6\libm.a(addsf3x.o)
 .data          0x00800956        0x0 c:/arduino/hardware/tools/avr/bin/../lib/gcc/avr/4.3.2/../../../../avr/lib/avr6\libm.a(cmpsf2.o)
 .data          0x00800956        0x0 c:/arduino/hardware/tools/avr/bin/../lib/gcc/avr/4.3.2/../../../../avr/lib/avr6\libm.a(divsf3.o)
 .data          0x00800956        0x0 c:/arduino/hardware/tools/avr/bin/../lib/gcc/avr/4.3.2/../../../../avr/lib/avr6\libm.a(divsf3x.o)
 .data          0x00800956        0x0 c:/arduino/hardware/tools/avr/bin/../lib/gcc/avr/4.3.2/../../../../avr/lib/avr6\libm.a(fixsfsi.o)
 .data          0x00800956        0x0 c:/arduino/hardware/tools/avr/bin/../lib/gcc/avr/4.3.2/../../../../avr/lib/avr6\libm.a(fixunssfsi.o)
 .data          0x00800956        0x0 c:/arduino/hardware/tools/avr/bin/../lib/gcc/avr/4.3.2/../../../../avr/lib/avr6\libm.a(floatsisf.o)
 .data          0x00800956        0x0 c:/arduino/hardware/tools/avr/bin/../lib/gcc/avr/4.3.2/../../../../avr/lib/avr6\libm.a(fp_cmp.o)
 .data          0x00800956        0x0 c:/arduino/hardware/tools/avr/bin/../lib/gcc/avr/4.3.2/../../../../avr/lib/avr6\libm.a(fp_inf.o)
 .data          0x00800956        0x0 c:/arduino/hardware/tools/avr/bin/../lib/gcc/avr/4.3.2/../../../../avr/lib/avr6\libm.a(fp_nan.o)
 .data          0x00800956        0x0 c:/arduino/hardware/tools/avr/bin/../lib/gcc/avr/4.3.2/../../../../avr/lib/avr6\libm.a(fp_pscA.o)
 .data          0x00800956        0x0 c:/arduino/hardware/tools/avr/bin/../lib/gcc/avr/4.3.2/../../../../avr/lib/avr6\libm.a(fp_pscB.o)
 .data          0x00800956        0x0 c:/arduino/hardware/tools/avr/bin/../lib/gcc/avr/4.3.2/../../../../avr/lib/avr6\libm.a(fp_round.o)
 .data          0x00800956        0x0 c:/arduino/hardware/tools/avr/bin/../lib/gcc/avr/4.3.2/../../../../avr/lib/avr6\libm.a(fp_split3.o)
 .data          0x00800956        0x0 c:/arduino/hardware/tools/avr/bin/../lib/gcc/avr/4.3.2/../../../../avr/lib/avr6\libm.a(fp_zero.o)
 .data          0x00800956        0x0 c:/arduino/hardware/tools/avr/bin/../lib/gcc/avr/4.3.2/../../../../avr/lib/avr6\libm.a(gesf2.o)
 .data          0x00800956        0x0 c:/arduino/hardware/tools/avr/bin/../lib/gcc/avr/4.3.2/../../../../avr/lib/avr6\libm.a(mulsf3.o)
 .data          0x00800956        0x0 c:/arduino/hardware/tools/avr/bin/../lib/gcc/avr/4.3.2/../../../../avr/lib/avr6\libm.a(mulsf3x.o)
 .data          0x00800956        0x0 c:/arduino/hardware/tools/avr/bin/../lib/gcc/avr/4.3.2/../../../../avr/lib/avr6\libprintf_flt.a(vfprintf_flt.o)
 .data          0x00800956        0x0 c:/arduino/hardware/tools/avr/bin/../lib/gcc/avr/4.3.2/avr6\libgcc.a(_mulsi3.o)
 .data          0x00800956        0x0 c:/arduino/hardware/tools/avr/bin/../lib/gcc/avr/4.3.2/avr6\libgcc.a(_udivmodhi4.o)
 .data          0x00800956        0x0 c:/arduino/hardware/tools/avr/bin/../lib/gcc/avr/4.3.2/avr6\libgcc.a(_divmodhi4.o)
 .data          0x00800956        0x0 c:/arduino/hardware/tools/avr/bin/../lib/gcc/avr/4.3.2/avr6\libgcc.a(_udivmodsi4.o)
 .data          0x00800956        0x0 c:/arduino/hardware/tools/avr/bin/../lib/gcc/avr/4.3.2/avr6\libgcc.a(_prologue.o)
 .data          0x00800956        0x0 c:/arduino/hardware/tools/avr/bin/../lib/gcc/avr/4.3.2/avr6\libgcc.a(_epilogue.o)
 .data          0x00800956        0x0 c:/arduino/hardware/tools/avr/bin/../lib/gcc/avr/4.3.2/avr6\libgcc.a(_exit.o)
 .data          0x00800956        0x0 c:/arduino/hardware/tools/avr/bin/../lib/gcc/avr/4.3.2/avr6\libgcc.a(_tablejump.o)
 .data          0x00800956        0x0 c:/arduino/hardware/tools/avr/bin/../lib/gcc/avr/4.3.2/avr6\libgcc.a(_clear_bss.o)
 .data          0x00800956        0x0 c:/arduino/hardware/tools/avr/bin/../lib/gcc/avr/4.3.2/../../../../avr/lib/avr6\libc.a(ftoa_engine.o)
 .data          0x00800956        0x0 c:/arduino/hardware/tools/avr/bin/../lib/gcc/avr/4.3.2/../../../../avr/lib/avr6\libc.a(strnlen_P.o)
 .data          0x00800956        0x0 c:/arduino/hardware/tools/avr/bin/../lib/gcc/avr/4.3.2/../../../../avr/lib/avr6\libc.a(memcpy.o)
 .data          0x00800956        0x0 c:/arduino/hardware/tools/avr/bin/../lib/gcc/avr/4.3.2/../../../../avr/lib/avr6\libc.a(memset.o)
 .data          0x00800956        0x0 c:/arduino/hardware/tools/avr/bin/../lib/gcc/avr/4.3.2/../../../../avr/lib/avr6\libc.a(strcat.o)
 .data          0x00800956        0x0 c:/arduino/hardware/tools/avr/bin/../lib/gcc/avr/4.3.2/../../../../avr/lib/avr6\libc.a(strcpy.o)
 .data          0x00800956        0x0 c:/arduino/hardware/tools/avr/bin/../lib/gcc/avr/4.3.2/../../../../avr/lib/avr6\libc.a(strncat.o)
 .data          0x00800956        0x0 c:/arduino/hardware/tools/avr/bin/../lib/gcc/avr/4.3.2/../../../../avr/lib/avr6\libc.a(strncmp.o)
 .data          0x00800956        0x0 c:/arduino/hardware/tools/avr/bin/../lib/gcc/avr/4.3.2/../../../../avr/lib/avr6\libc.a(strncpy.o)
 .data          0x00800956        0x0 c:/arduino/hardware/tools/avr/bin/../lib/gcc/avr/4.3.2/../../../../avr/lib/avr6\libc.a(strnlen.o)
 .data          0x00800956        0x0 c:/arduino/hardware/tools/avr/bin/../lib/gcc/avr/4.3.2/../../../../avr/lib/avr6\libc.a(strstr.o)
 .data          0x00800956        0x0 c:/arduino/hardware/tools/avr/bin/../lib/gcc/avr/4.3.2/../../../../avr/lib/avr6\libc.a(fputc.o)
 .data          0x00800956        0x0 c:/arduino/hardware/tools/avr/bin/../lib/gcc/avr/4.3.2/../../../../avr/lib/avr6\libc.a(sprintf.o)
 .data          0x00800956        0x0 c:/arduino/hardware/tools/avr/bin/../lib/gcc/avr/4.3.2/../../../../avr/lib/avr6\libc.a(vsnprintf.o)
 .data          0x00800956        0x0 c:/arduino/hardware/tools/avr/bin/../lib/gcc/avr/4.3.2/../../../../avr/lib/avr6\libc.a(vsnprintf_p.o)
 .data          0x00800956        0x0 c:/arduino/hardware/tools/avr/bin/../lib/gcc/avr/4.3.2/../../../../avr/lib/avr6\libc.a(ultoa_invert.o)
 *(.data*)
 .data.clientRequest
                0x00800956        0x1 ./src/main.o
                0x00800956                clientRequest
 .data.usartReg
                0x00800957       0x28 ./src/usart_serial.o
                0x00800957                usartReg
 .data.gs_at_commands
                0x0080097f       0x56 ./src/wireless_interface.o
                0x0080097f                gs_at_commands
 .data.I2C_state
                0x008009d5        0x1 C:/Users/Nick/workspace/FreeRTOS801/Release/libFreeRTOS801.a(i2cMultiMaster.o)
 .data.xMinimumEverFreeBytesRemaining
                0x008009d6        0x2 C:/Users/Nick/workspace/FreeRTOS801/Release/libFreeRTOS801.a(heap_4.o)
 .data.xFreeBytesRemaining
                0x008009d8        0x2 C:/Users/Nick/workspace/FreeRTOS801/Release/libFreeRTOS801.a(heap_4.o)
 .data.xNextTaskUnblockTime
                0x008009da        0x2 C:/Users/Nick/workspace/FreeRTOS801/Release/libFreeRTOS801.a(tasks.o)
 *(.rodata)
 *(.rodata*)
 .rodata.encoders
                0x008009dc        0xe ./src/motion.o
 .rodata.tc_module_s
                0x008009ea       0x20 ./src/motion.o
 .rodata.motors
                0x00800a0a       0x1e ./src/motion.o
 *(.gnu.linkonce.d*)
                0x00800a28                . = ALIGN (0x2)
                0x00800a28                _edata = .
                0x00800a28                PROVIDE (__data_end, .)

.bss            0x00800a28     0x1403
                0x00800a28                PROVIDE (__bss_start, .)
 *(.bss)
 .bss           0x00800a28        0x0 c:/arduino/hardware/tools/avr/bin/../lib/gcc/avr/4.3.2/../../../../avr/lib/avr6/crtm2560.o
 .bss           0x00800a28        0x0 ./src/attached_mode.o
 .bss           0x00800a28        0x0 ./src/behaviour.o
 .bss           0x00800a28        0x0 ./src/custom_timer.o
 .bss           0x00800a28        0x0 ./src/lcd.o
 .bss           0x00800a28        0x0 ./src/led.o
 .bss           0x00800a28        0x0 ./src/main.o
 .bss           0x00800a28        0x0 ./src/motion.o
 .bss           0x00800a28        0x0 ./src/ping.o
 .bss           0x00800a28        0x0 ./src/servo.o
 .bss           0x00800a28        0x0 ./src/tempsensor.o
 .bss           0x00800a28        0x0 ./src/timer.o
 .bss           0x00800a28        0x0 ./src/usart_serial.o
 .bss           0x00800a28        0x0 ./src/wireless_interface.o
 .bss           0x00800a28        0x0 C:/Users/Nick/workspace/FreeRTOS801/Release/libFreeRTOS801.a(port.o)
 .bss           0x00800a28        0x0 C:/Users/Nick/workspace/FreeRTOS801/Release/libFreeRTOS801.a(system_tick.o)
 .bss           0x00800a28        0x0 C:/Users/Nick/workspace/FreeRTOS801/Release/libFreeRTOS801.a(system_time.o)
 .bss           0x00800a28        0x0 C:/Users/Nick/workspace/FreeRTOS801/Release/libFreeRTOS801.a(i2cMultiMaster.o)
 .bss           0x00800a28        0x0 C:/Users/Nick/workspace/FreeRTOS801/Release/libFreeRTOS801.a(heap_4.o)
 .bss           0x00800a28        0x0 C:/Users/Nick/workspace/FreeRTOS801/Release/libFreeRTOS801.a(queue.o)
 .bss           0x00800a28        0x0 C:/Users/Nick/workspace/FreeRTOS801/Release/libFreeRTOS801.a(tasks.o)
 .bss           0x00800a28        0x0 C:/Users/Nick/workspace/FreeRTOS801/Release/libFreeRTOS801.a(list.o)
 .bss           0x00800a28        0x0 C:/Users/Nick/workspace/FreeRTOS801/Release/libFreeRTOS801.a(runtTimeStatsTimer.o)
 .bss           0x00800a28        0x0 c:/arduino/hardware/tools/avr/bin/../lib/gcc/avr/4.3.2/../../../../avr/lib/avr6\libm.a(addsf3.o)
 .bss           0x00800a28        0x0 c:/arduino/hardware/tools/avr/bin/../lib/gcc/avr/4.3.2/../../../../avr/lib/avr6\libm.a(addsf3x.o)
 .bss           0x00800a28        0x0 c:/arduino/hardware/tools/avr/bin/../lib/gcc/avr/4.3.2/../../../../avr/lib/avr6\libm.a(cmpsf2.o)
 .bss           0x00800a28        0x0 c:/arduino/hardware/tools/avr/bin/../lib/gcc/avr/4.3.2/../../../../avr/lib/avr6\libm.a(divsf3.o)
 .bss           0x00800a28        0x0 c:/arduino/hardware/tools/avr/bin/../lib/gcc/avr/4.3.2/../../../../avr/lib/avr6\libm.a(divsf3x.o)
 .bss           0x00800a28        0x0 c:/arduino/hardware/tools/avr/bin/../lib/gcc/avr/4.3.2/../../../../avr/lib/avr6\libm.a(fixsfsi.o)
 .bss           0x00800a28        0x0 c:/arduino/hardware/tools/avr/bin/../lib/gcc/avr/4.3.2/../../../../avr/lib/avr6\libm.a(fixunssfsi.o)
 .bss           0x00800a28        0x0 c:/arduino/hardware/tools/avr/bin/../lib/gcc/avr/4.3.2/../../../../avr/lib/avr6\libm.a(floatsisf.o)
 .bss           0x00800a28        0x0 c:/arduino/hardware/tools/avr/bin/../lib/gcc/avr/4.3.2/../../../../avr/lib/avr6\libm.a(fp_cmp.o)
 .bss           0x00800a28        0x0 c:/arduino/hardware/tools/avr/bin/../lib/gcc/avr/4.3.2/../../../../avr/lib/avr6\libm.a(fp_inf.o)
 .bss           0x00800a28        0x0 c:/arduino/hardware/tools/avr/bin/../lib/gcc/avr/4.3.2/../../../../avr/lib/avr6\libm.a(fp_nan.o)
 .bss           0x00800a28        0x0 c:/arduino/hardware/tools/avr/bin/../lib/gcc/avr/4.3.2/../../../../avr/lib/avr6\libm.a(fp_pscA.o)
 .bss           0x00800a28        0x0 c:/arduino/hardware/tools/avr/bin/../lib/gcc/avr/4.3.2/../../../../avr/lib/avr6\libm.a(fp_pscB.o)
 .bss           0x00800a28        0x0 c:/arduino/hardware/tools/avr/bin/../lib/gcc/avr/4.3.2/../../../../avr/lib/avr6\libm.a(fp_round.o)
 .bss           0x00800a28        0x0 c:/arduino/hardware/tools/avr/bin/../lib/gcc/avr/4.3.2/../../../../avr/lib/avr6\libm.a(fp_split3.o)
 .bss           0x00800a28        0x0 c:/arduino/hardware/tools/avr/bin/../lib/gcc/avr/4.3.2/../../../../avr/lib/avr6\libm.a(fp_zero.o)
 .bss           0x00800a28        0x0 c:/arduino/hardware/tools/avr/bin/../lib/gcc/avr/4.3.2/../../../../avr/lib/avr6\libm.a(gesf2.o)
 .bss           0x00800a28        0x0 c:/arduino/hardware/tools/avr/bin/../lib/gcc/avr/4.3.2/../../../../avr/lib/avr6\libm.a(mulsf3.o)
 .bss           0x00800a28        0x0 c:/arduino/hardware/tools/avr/bin/../lib/gcc/avr/4.3.2/../../../../avr/lib/avr6\libm.a(mulsf3x.o)
 .bss           0x00800a28        0x0 c:/arduino/hardware/tools/avr/bin/../lib/gcc/avr/4.3.2/../../../../avr/lib/avr6\libprintf_flt.a(vfprintf_flt.o)
 .bss           0x00800a28        0x0 c:/arduino/hardware/tools/avr/bin/../lib/gcc/avr/4.3.2/avr6\libgcc.a(_mulsi3.o)
 .bss           0x00800a28        0x0 c:/arduino/hardware/tools/avr/bin/../lib/gcc/avr/4.3.2/avr6\libgcc.a(_udivmodhi4.o)
 .bss           0x00800a28        0x0 c:/arduino/hardware/tools/avr/bin/../lib/gcc/avr/4.3.2/avr6\libgcc.a(_divmodhi4.o)
 .bss           0x00800a28        0x0 c:/arduino/hardware/tools/avr/bin/../lib/gcc/avr/4.3.2/avr6\libgcc.a(_udivmodsi4.o)
 .bss           0x00800a28        0x0 c:/arduino/hardware/tools/avr/bin/../lib/gcc/avr/4.3.2/avr6\libgcc.a(_prologue.o)
 .bss           0x00800a28        0x0 c:/arduino/hardware/tools/avr/bin/../lib/gcc/avr/4.3.2/avr6\libgcc.a(_epilogue.o)
 .bss           0x00800a28        0x0 c:/arduino/hardware/tools/avr/bin/../lib/gcc/avr/4.3.2/avr6\libgcc.a(_exit.o)
 .bss           0x00800a28        0x0 c:/arduino/hardware/tools/avr/bin/../lib/gcc/avr/4.3.2/avr6\libgcc.a(_tablejump.o)
 .bss           0x00800a28        0x0 c:/arduino/hardware/tools/avr/bin/../lib/gcc/avr/4.3.2/avr6\libgcc.a(_clear_bss.o)
 .bss           0x00800a28        0x0 c:/arduino/hardware/tools/avr/bin/../lib/gcc/avr/4.3.2/../../../../avr/lib/avr6\libc.a(ftoa_engine.o)
 .bss           0x00800a28        0x0 c:/arduino/hardware/tools/avr/bin/../lib/gcc/avr/4.3.2/../../../../avr/lib/avr6\libc.a(strnlen_P.o)
 .bss           0x00800a28        0x0 c:/arduino/hardware/tools/avr/bin/../lib/gcc/avr/4.3.2/../../../../avr/lib/avr6\libc.a(memcpy.o)
 .bss           0x00800a28        0x0 c:/arduino/hardware/tools/avr/bin/../lib/gcc/avr/4.3.2/../../../../avr/lib/avr6\libc.a(memset.o)
 .bss           0x00800a28        0x0 c:/arduino/hardware/tools/avr/bin/../lib/gcc/avr/4.3.2/../../../../avr/lib/avr6\libc.a(strcat.o)
 .bss           0x00800a28        0x0 c:/arduino/hardware/tools/avr/bin/../lib/gcc/avr/4.3.2/../../../../avr/lib/avr6\libc.a(strcpy.o)
 .bss           0x00800a28        0x0 c:/arduino/hardware/tools/avr/bin/../lib/gcc/avr/4.3.2/../../../../avr/lib/avr6\libc.a(strncat.o)
 .bss           0x00800a28        0x0 c:/arduino/hardware/tools/avr/bin/../lib/gcc/avr/4.3.2/../../../../avr/lib/avr6\libc.a(strncmp.o)
 .bss           0x00800a28        0x0 c:/arduino/hardware/tools/avr/bin/../lib/gcc/avr/4.3.2/../../../../avr/lib/avr6\libc.a(strncpy.o)
 .bss           0x00800a28        0x0 c:/arduino/hardware/tools/avr/bin/../lib/gcc/avr/4.3.2/../../../../avr/lib/avr6\libc.a(strnlen.o)
 .bss           0x00800a28        0x0 c:/arduino/hardware/tools/avr/bin/../lib/gcc/avr/4.3.2/../../../../avr/lib/avr6\libc.a(strstr.o)
 .bss           0x00800a28        0x0 c:/arduino/hardware/tools/avr/bin/../lib/gcc/avr/4.3.2/../../../../avr/lib/avr6\libc.a(fputc.o)
 .bss           0x00800a28        0x0 c:/arduino/hardware/tools/avr/bin/../lib/gcc/avr/4.3.2/../../../../avr/lib/avr6\libc.a(sprintf.o)
 .bss           0x00800a28        0x0 c:/arduino/hardware/tools/avr/bin/../lib/gcc/avr/4.3.2/../../../../avr/lib/avr6\libc.a(vsnprintf.o)
 .bss           0x00800a28        0x0 c:/arduino/hardware/tools/avr/bin/../lib/gcc/avr/4.3.2/../../../../avr/lib/avr6\libc.a(vsnprintf_p.o)
 .bss           0x00800a28        0x0 c:/arduino/hardware/tools/avr/bin/../lib/gcc/avr/4.3.2/../../../../avr/lib/avr6\libc.a(ultoa_invert.o)
 *(.bss*)
 .bss.timer_counter_timer0
                0x00800a28        0x9 ./src/custom_timer.o
 .bss.tov_cntr  0x00800a31        0x8 ./src/motion.o
 .bss.last_icr  0x00800a39        0x4 ./src/motion.o
 .bss.new_data  0x00800a3d        0x8 ./src/motion.o
 .bss.new_data_available
                0x00800a45        0x4 ./src/motion.o
 .bss.tempValues.1587
                0x00800a49        0x8 ./src/tempsensor.o
 .bss.defaultUSART
                0x00800a51        0x2 ./src/usart_serial.o
                0x00800a51                defaultUSART
 .bss.client_response_buffer_write_pointer
                0x00800a53        0x1 ./src/wireless_interface.o
                0x00800a53                client_response_buffer_write_pointer
 .bss.client_response_buffer_read_pointer
                0x00800a54        0x1 ./src/wireless_interface.o
                0x00800a54                client_response_buffer_read_pointer
 .bss.web_server_status
                0x00800a55        0x2 ./src/wireless_interface.o
                0x00800a55                web_server_status
 .bss.portTickRateHz
                0x00800a57        0x2 C:/Users/Nick/workspace/FreeRTOS801/Release/libFreeRTOS801.a(port.o)
 .bss.ticksRemainingInSec
                0x00800a59        0x2 C:/Users/Nick/workspace/FreeRTOS801/Release/libFreeRTOS801.a(port.o)
 .bss.xI2CSemaphore
                0x00800a5b        0x2 C:/Users/Nick/workspace/FreeRTOS801/Release/libFreeRTOS801.a(i2cMultiMaster.o)
                0x00800a5b                xI2CSemaphore
 .bss.I2C_statusReg
                0x00800a5d        0x1 C:/Users/Nick/workspace/FreeRTOS801/Release/libFreeRTOS801.a(i2cMultiMaster.o)
                0x00800a5d                I2C_statusReg
 .bss.I2C_checkBusyAfterStop
                0x00800a5e        0x1 C:/Users/Nick/workspace/FreeRTOS801/Release/libFreeRTOS801.a(i2cMultiMaster.o)
 .bss.I2C_bufPtr.1873
                0x00800a5f        0x1 C:/Users/Nick/workspace/FreeRTOS801/Release/libFreeRTOS801.a(i2cMultiMaster.o)
 .bss.I2C_buf   0x00800a60       0x18 C:/Users/Nick/workspace/FreeRTOS801/Release/libFreeRTOS801.a(i2cMultiMaster.o)
 .bss.I2C_msgSize
                0x00800a78        0x1 C:/Users/Nick/workspace/FreeRTOS801/Release/libFreeRTOS801.a(i2cMultiMaster.o)
 .bss.xBlockAllocatedBit
                0x00800a79        0x2 C:/Users/Nick/workspace/FreeRTOS801/Release/libFreeRTOS801.a(heap_4.o)
 .bss.pxEnd     0x00800a7b        0x2 C:/Users/Nick/workspace/FreeRTOS801/Release/libFreeRTOS801.a(heap_4.o)
 .bss.ucHeap    0x00800a7d     0x1200 C:/Users/Nick/workspace/FreeRTOS801/Release/libFreeRTOS801.a(heap_4.o)
 .bss.xStart    0x00801c7d        0x4 C:/Users/Nick/workspace/FreeRTOS801/Release/libFreeRTOS801.a(heap_4.o)
 .bss.pxCurrentTCB
                0x00801c81        0x2 C:/Users/Nick/workspace/FreeRTOS801/Release/libFreeRTOS801.a(tasks.o)
                0x00801c81                pxCurrentTCB
 .bss.uxCurrentNumberOfTasks
                0x00801c83        0x1 C:/Users/Nick/workspace/FreeRTOS801/Release/libFreeRTOS801.a(tasks.o)
 .bss.uxTopReadyPriority
                0x00801c84        0x1 C:/Users/Nick/workspace/FreeRTOS801/Release/libFreeRTOS801.a(tasks.o)
 .bss.xYieldPending
                0x00801c85        0x1 C:/Users/Nick/workspace/FreeRTOS801/Release/libFreeRTOS801.a(tasks.o)
 .bss.xTickCount
                0x00801c86        0x2 C:/Users/Nick/workspace/FreeRTOS801/Release/libFreeRTOS801.a(tasks.o)
 .bss.xNumOfOverflows
                0x00801c88        0x1 C:/Users/Nick/workspace/FreeRTOS801/Release/libFreeRTOS801.a(tasks.o)
 .bss.uxSchedulerSuspended
                0x00801c89        0x1 C:/Users/Nick/workspace/FreeRTOS801/Release/libFreeRTOS801.a(tasks.o)
 .bss.ulTotalRunTime
                0x00801c8a        0x4 C:/Users/Nick/workspace/FreeRTOS801/Release/libFreeRTOS801.a(tasks.o)
 .bss.ulTaskSwitchedInTime
                0x00801c8e        0x4 C:/Users/Nick/workspace/FreeRTOS801/Release/libFreeRTOS801.a(tasks.o)
 .bss.uxPendedTicks
                0x00801c92        0x1 C:/Users/Nick/workspace/FreeRTOS801/Release/libFreeRTOS801.a(tasks.o)
 .bss.xSchedulerRunning
                0x00801c93        0x1 C:/Users/Nick/workspace/FreeRTOS801/Release/libFreeRTOS801.a(tasks.o)
 .bss.uxTasksDeleted
                0x00801c94        0x1 C:/Users/Nick/workspace/FreeRTOS801/Release/libFreeRTOS801.a(tasks.o)
 .bss.uxTaskNumber
                0x00801c95        0x1 C:/Users/Nick/workspace/FreeRTOS801/Release/libFreeRTOS801.a(tasks.o)
 .bss.pxReadyTasksLists
                0x00801c96       0x24 C:/Users/Nick/workspace/FreeRTOS801/Release/libFreeRTOS801.a(tasks.o)
 .bss.xDelayedTaskList1
                0x00801cba        0x9 C:/Users/Nick/workspace/FreeRTOS801/Release/libFreeRTOS801.a(tasks.o)
 .bss.xDelayedTaskList2
                0x00801cc3        0x9 C:/Users/Nick/workspace/FreeRTOS801/Release/libFreeRTOS801.a(tasks.o)
 .bss.pxDelayedTaskList
                0x00801ccc        0x2 C:/Users/Nick/workspace/FreeRTOS801/Release/libFreeRTOS801.a(tasks.o)
 .bss.pxOverflowDelayedTaskList
                0x00801cce        0x2 C:/Users/Nick/workspace/FreeRTOS801/Release/libFreeRTOS801.a(tasks.o)
 .bss.xPendingReadyList
                0x00801cd0        0x9 C:/Users/Nick/workspace/FreeRTOS801/Release/libFreeRTOS801.a(tasks.o)
 .bss.xTasksWaitingTermination
                0x00801cd9        0x9 C:/Users/Nick/workspace/FreeRTOS801/Release/libFreeRTOS801.a(tasks.o)
 .bss.xSuspendedTaskList
                0x00801ce2        0x9 C:/Users/Nick/workspace/FreeRTOS801/Release/libFreeRTOS801.a(tasks.o)
 *(COMMON)
 COMMON         0x00801ceb        0xe ./src/attached_mode.o
                0x00801ceb                initialAttachTime
                0x00801cef                lastTrackedDirection
                0x00801cf1                currentState
                0x00801cf3                currentCenterServoDirection
                0x00801cf5                currentTime
 COMMON         0x00801cf9        0x4 ./src/ping.o
                0x00801cf9                distance
 COMMON         0x00801cfd       0x18 ./src/servo.o
                0x00801cfd                totalDistance
                0x00801d05                previousSpeedLeft
                0x00801d09                previousSpeedRight
                0x00801d0d                wheelSpeedLeft
                0x00801d11                wheelSpeedRight
 COMMON         0x00801d15       0x14 ./src/tempsensor.o
                0x00801d15                register_values
 COMMON         0x00801d29        0x4 ./src/timer.o
                0x00801d29                timerTickCount
                0x00801d2b                isrCallback
 COMMON         0x00801d2d       0x78 ./src/usart_serial.o
                0x00801d2d                usartComBuf
 COMMON         0x00801da5       0x82 ./src/wireless_interface.o
                0x00801da5                client_web_page
                0x00801dca                wifi_client
                0x00801dcb                gainspan
                0x00801e22                client_response_buffer
                0x00801e24                wifi_server
 COMMON         0x00801e27        0x4 C:/Users/Nick/workspace/FreeRTOS801/Release/libFreeRTOS801.a(system_time.o)
                0x00801e27                __system_time
                0x00801e2b                PROVIDE (__bss_end, .)
                0x0000afc4                __data_load_start = LOADADDR (.data)
                0x0000b7ec                __data_load_end = (__data_load_start + SIZEOF (.data))

.noinit         0x00801e2b        0x0
                0x00801e2b                PROVIDE (__noinit_start, .)
 *(.noinit*)
                0x00801e2b                PROVIDE (__noinit_end, .)
                0x00801e2b                _end = .
                0x00801e2b                PROVIDE (__heap_start, .)

.eeprom         0x00810000        0x0
 *(.eeprom*)
                0x00810000                __eeprom_end = .

.fuse
 *(.fuse)
 *(.lfuse)
 *(.hfuse)
 *(.efuse)

.lock
 *(.lock*)

.signature
 *(.signature*)

.stab
 *(.stab)

.stabstr
 *(.stabstr)

.stab.excl
 *(.stab.excl)

.stab.exclstr
 *(.stab.exclstr)

.stab.index
 *(.stab.index)

.stab.indexstr
 *(.stab.indexstr)

.comment
 *(.comment)

.debug
 *(.debug)

.line
 *(.line)

.debug_srcinfo
 *(.debug_srcinfo)

.debug_sfnames
 *(.debug_sfnames)

.debug_aranges
 *(.debug_aranges)

.debug_pubnames
 *(.debug_pubnames)

.debug_info
 *(.debug_info)
 *(.gnu.linkonce.wi.*)

.debug_abbrev
 *(.debug_abbrev)

.debug_line
 *(.debug_line)

.debug_frame
 *(.debug_frame)

.debug_str
 *(.debug_str)

.debug_loc
 *(.debug_loc)

.debug_macinfo
 *(.debug_macinfo)
OUTPUT(EmptyProject.elf elf32-avr)
LOAD linker stubs
